Run tasks : [:app:assembleDebug]
The client will now receive all logging from the daemon (pid: 13837). The daemon log file: /data/user/0/com.itsaky.androidide/files/home/.gradle/daemon/8.6/daemon-13837.out.log
Starting 11th build in daemon [uptime: 4 hrs 43 mins 30.869 secs, performance: 99%, GC rate: 0.00/s, heap usage: 3% of 2 GiB]
Closing daemon's stdin at end of input.
The daemon will no longer process any standard input.
Using 8 worker leases.
Watching the file system is configured to be enabled if available
File system watching is inactive
Transforming gradle-plugin-2.7.1-beta.jar (com.itsaky.androidide:gradle-plugin:2.7.1-beta) with ExternalDependencyInstrumentingArtifactTransform
Transforming gradle-plugin-config-2.7.1-beta.jar (com.itsaky.androidide:gradle-plugin-config:2.7.1-beta) with ExternalDependencyInstrumentingArtifactTransform
Transforming build-info-2.7.1-beta.jar (com.itsaky.androidide:build-info:2.7.1-beta) with ExternalDependencyInstrumentingArtifactTransform
Transforming kotlin-stdlib-1.9.21.jar (org.jetbrains.kotlin:kotlin-stdlib:1.9.21) with ExternalDependencyInstrumentingArtifactTransform
Transforming annotations-13.0.jar (org.jetbrains:annotations:13.0) with ExternalDependencyInstrumentingArtifactTransform
Starting Build
Settings evaluated using settings file '/storage/emulated/0/AndroidIDEProjects/Mydownloader/settings.gradle.kts'.
Projects loaded. Root project using build file '/storage/emulated/0/AndroidIDEProjects/Mydownloader/build.gradle.kts'.
Included projects: [root project 'MyDownloader', project ':app']

> Configure project :
Evaluating root project 'MyDownloader' using build file '/storage/emulated/0/AndroidIDEProjects/Mydownloader/build.gradle.kts'.
Transforming gradle-plugin-2.7.1-beta.jar (com.itsaky.androidide:gradle-plugin:2.7.1-beta) with ExternalDependencyInstrumentingArtifactTransform
Transforming annotations-13.0.jar (org.jetbrains:annotations:13.0) with ExternalDependencyInstrumentingArtifactTransform
Transforming gradle-plugin-config-2.7.1-beta.jar (com.itsaky.androidide:gradle-plugin-config:2.7.1-beta) with ExternalDependencyInstrumentingArtifactTransform
Transforming build-info-2.7.1-beta.jar (com.itsaky.androidide:build-info:2.7.1-beta) with ExternalDependencyInstrumentingArtifactTransform
Transforming gradle-8.4.1.jar (com.android.tools.build:gradle:8.4.1) with ExternalDependencyInstrumentingArtifactTransform
Transforming sdk-common-31.4.1.jar (com.android.tools:sdk-common:31.4.1) with ExternalDependencyInstrumentingArtifactTransform
Transforming sdklib-31.4.1.jar (com.android.tools:sdklib:31.4.1) with ExternalDependencyInstrumentingArtifactTransform
Transforming builder-8.4.1.jar (com.android.tools.build:builder:8.4.1) with ExternalDependencyInstrumentingArtifactTransform
Transforming manifest-merger-31.4.1.jar (com.android.tools.build:manifest-merger:31.4.1) with ExternalDependencyInstrumentingArtifactTransform
Transforming databinding-compiler-common-8.4.1.jar (androidx.databinding:databinding-compiler-common:8.4.1) with ExternalDependencyInstrumentingArtifactTransform
Transforming repository-31.4.1.jar (com.android.tools:repository:31.4.1) with ExternalDependencyInstrumentingArtifactTransform
Transforming tracker-31.4.1.jar (com.android.tools.analytics-library:tracker:31.4.1) with ExternalDependencyInstrumentingArtifactTransform
Transforming android-test-plugin-host-emulator-control-proto-31.4.1.jar (com.android.tools.utp:android-test-plugin-host-emulator-control-proto:31.4.1) with ExternalDependencyInstrumentingArtifactTransform
Transforming aaptcompiler-8.4.1.jar (com.android.tools.build:aaptcompiler:8.4.1) with ExternalDependencyInstrumentingArtifactTransform
Transforming lint-model-31.4.1.jar (com.android.tools.lint:lint-model:31.4.1) with ExternalDependencyInstrumentingArtifactTransform
Transforming shared-31.4.1.jar (com.android.tools.analytics-library:shared:31.4.1) with ExternalDependencyInstrumentingArtifactTransform
Transforming android-test-plugin-host-retention-proto-31.4.1.jar (com.android.tools.utp:android-test-plugin-host-retention-proto:31.4.1) with ExternalDependencyInstrumentingArtifactTransform
Transforming jetifier-processor-1.0.0-beta10.jar (com.android.tools.build.jetifier:jetifier-processor:1.0.0-beta10) with ExternalDependencyInstrumentingArtifactTransform
Transforming builder-test-api-8.4.1.jar (com.android.tools.build:builder-test-api:8.4.1) with ExternalDependencyInstrumentingArtifactTransform
Transforming jetifier-core-1.0.0-beta10.jar (com.android.tools.build.jetifier:jetifier-core:1.0.0-beta10) with ExternalDependencyInstrumentingArtifactTransform
Transforming ddmlib-31.4.1.jar (com.android.tools.ddms:ddmlib:31.4.1) with ExternalDependencyInstrumentingArtifactTransform
Transforming gradle-settings-api-8.4.1.jar (com.android.tools.build:gradle-settings-api:8.4.1) with ExternalDependencyInstrumentingArtifactTransform
Transforming layoutlib-api-31.4.1.jar (com.android.tools.layoutlib:layoutlib-api:31.4.1) with ExternalDependencyInstrumentingArtifactTransform
Transforming common-31.4.1.jar (com.android.tools:common:31.4.1) with ExternalDependencyInstrumentingArtifactTransform
Transforming kotlin-stdlib-jdk8-1.9.20.jar (org.jetbrains.kotlin:kotlin-stdlib-jdk8:1.9.20) with ExternalDependencyInstrumentingArtifactTransform
Transforming kotlin-stdlib-jdk7-1.9.20.jar (org.jetbrains.kotlin:kotlin-stdlib-jdk7:1.9.20) with ExternalDependencyInstrumentingArtifactTransform
Transforming kotlin-stdlib-1.9.20.jar (org.jetbrains.kotlin:kotlin-stdlib:1.9.20) with ExternalDependencyInstrumentingArtifactTransform
Transforming builder-model-8.4.1.jar (com.android.tools.build:builder-model:8.4.1) with ExternalDependencyInstrumentingArtifactTransform
Transforming bundletool-1.15.6.jar (com.android.tools.build:bundletool:1.15.6) with ExternalDependencyInstrumentingArtifactTransform
Transforming aapt2-proto-8.4.1-11315950.jar (com.android.tools.build:aapt2-proto:8.4.1-11315950) with ExternalDependencyInstrumentingArtifactTransform
Transforming crash-31.4.1.jar (com.android.tools.analytics-library:crash:31.4.1) with ExternalDependencyInstrumentingArtifactTransform
Transforming databinding-common-8.4.1.jar (androidx.databinding:databinding-common:8.4.1) with ExternalDependencyInstrumentingArtifactTransform
Transforming lint-typedef-remover-31.4.1.jar (com.android.tools.lint:lint-typedef-remover:31.4.1) with ExternalDependencyInstrumentingArtifactTransform
Transforming kotlin-gradle-plugin-model-1.9.23.jar (org.jetbrains.kotlin:kotlin-gradle-plugin-model:1.9.23) with ExternalDependencyInstrumentingArtifactTransform
Transforming baseLibrary-8.4.1.jar (com.android.databinding:baseLibrary:8.4.1) with ExternalDependencyInstrumentingArtifactTransform
Transforming android-device-provider-ddmlib-proto-31.4.1.jar (com.android.tools.utp:android-device-provider-ddmlib-proto:31.4.1) with ExternalDependencyInstrumentingArtifactTransform
Transforming android-test-plugin-host-coverage-proto-31.4.1.jar (com.android.tools.utp:android-test-plugin-host-coverage-proto:31.4.1) with ExternalDependencyInstrumentingArtifactTransform
Transforming android-test-plugin-host-logcat-proto-31.4.1.jar (com.android.tools.utp:android-test-plugin-host-logcat-proto:31.4.1) with ExternalDependencyInstrumentingArtifactTransform
Transforming android-test-plugin-host-apk-installer-proto-31.4.1.jar (com.android.tools.utp:android-test-plugin-host-apk-installer-proto:31.4.1) with ExternalDependencyInstrumentingArtifactTransform
Transforming android-device-provider-gradle-proto-31.4.1.jar (com.android.tools.utp:android-device-provider-gradle-proto:31.4.1) with ExternalDependencyInstrumentingArtifactTransform
Transforming android-test-plugin-host-additional-test-output-proto-31.4.1.jar (com.android.tools.utp:android-test-plugin-host-additional-test-output-proto:31.4.1) with ExternalDependencyInstrumentingArtifactTransform
Transforming dvlib-31.4.1.jar (com.android.tools:dvlib:31.4.1) with ExternalDependencyInstrumentingArtifactTransform
Transforming httpmime-4.5.6.jar (org.apache.httpcomponents:httpmime:4.5.6) with ExternalDependencyInstrumentingArtifactTransform
Transforming commons-io-2.13.0.jar (commons-io:commons-io:2.13.0) with ExternalDependencyInstrumentingArtifactTransform
Transforming kotlin-gradle-plugin-1.9.23-gradle82.jar (org.jetbrains.kotlin:kotlin-gradle-plugin:1.9.23) with ExternalDependencyInstrumentingArtifactTransform
Transforming transform-api-2.0.0-deprecated-use-gradle-api.jar (com.android.tools.build:transform-api:2.0.0-deprecated-use-gradle-api) with ExternalDependencyInstrumentingArtifactTransform
Transforming kotlin-gradle-plugin-api-1.9.23.jar (org.jetbrains.kotlin:kotlin-gradle-plugin-api:1.9.23) with ExternalDependencyInstrumentingArtifactTransform
Transforming asm-analysis-9.6.jar (org.ow2.asm:asm-analysis:9.6) with ExternalDependencyInstrumentingArtifactTransform
Transforming asm-9.6.jar (org.ow2.asm:asm:9.6) with ExternalDependencyInstrumentingArtifactTransform
Transforming kotlin-reflect-1.9.20.jar (org.jetbrains.kotlin:kotlin-reflect:1.9.20) with ExternalDependencyInstrumentingArtifactTransform
Transforming bcpkix-jdk18on-1.77.jar (org.bouncycastle:bcpkix-jdk18on:1.77) with ExternalDependencyInstrumentingArtifactTransform
Transforming jaxb-runtime-2.3.2.jar (org.glassfish.jaxb:jaxb-runtime:2.3.2) with ExternalDependencyInstrumentingArtifactTransform
Transforming jopt-simple-4.9.jar (net.sf.jopt-simple:jopt-simple:4.9) with ExternalDependencyInstrumentingArtifactTransform
Transforming javapoet-1.10.0.jar (com.squareup:javapoet:1.10.0) with ExternalDependencyInstrumentingArtifactTransform
Transforming protobuf-java-util-3.22.3.jar (com.google.protobuf:protobuf-java-util:3.22.3) with ExternalDependencyInstrumentingArtifactTransform
Transforming grpc-protobuf-1.57.0.jar (io.grpc:grpc-protobuf:1.57.0) with ExternalDependencyInstrumentingArtifactTransform
Transforming tink-1.7.0.jar (com.google.crypto.tink:tink:1.7.0) with ExternalDependencyInstrumentingArtifactTransform
Transforming protos-31.4.1.jar (com.android.tools.analytics-library:protos:31.4.1) with ExternalDependencyInstrumentingArtifactTransform
Transforming proto-google-common-protos-2.17.0.jar (com.google.api.grpc:proto-google-common-protos:2.17.0) with ExternalDependencyInstrumentingArtifactTransform
Transforming protobuf-java-3.22.3.jar (com.google.protobuf:protobuf-java:3.22.3) with ExternalDependencyInstrumentingArtifactTransform
Transforming grpc-netty-1.57.0.jar (io.grpc:grpc-netty:1.57.0) with ExternalDependencyInstrumentingArtifactTransform
Transforming grpc-core-1.57.0.jar (io.grpc:grpc-core:1.57.0) with ExternalDependencyInstrumentingArtifactTransform
Transforming gson-2.10.1.jar (com.google.code.gson:gson:2.10.1) with ExternalDependencyInstrumentingArtifactTransform
Transforming grpc-stub-1.57.0.jar (io.grpc:grpc-stub:1.57.0) with ExternalDependencyInstrumentingArtifactTransform
Transforming core-proto-0.0.9-alpha02.jar (com.google.testing.platform:core-proto:0.0.9-alpha02) with ExternalDependencyInstrumentingArtifactTransform
Transforming kxml2-2.3.0.jar (net.sf.kxml:kxml2:2.3.0) with ExternalDependencyInstrumentingArtifactTransform
Transforming flatbuffers-java-1.12.0.jar (com.google.flatbuffers:flatbuffers-java:1.12.0) with ExternalDependencyInstrumentingArtifactTransform
Transforming kotlin-gradle-plugin-idea-proto-1.9.23.jar (org.jetbrains.kotlin:kotlin-gradle-plugin-idea-proto:1.9.23) with ExternalDependencyInstrumentingArtifactTransform
Transforming kotlin-gradle-plugin-idea-1.9.23.jar (org.jetbrains.kotlin:kotlin-gradle-plugin-idea:1.9.23) with ExternalDependencyInstrumentingArtifactTransform
Transforming kotlin-klib-commonizer-api-1.9.23.jar (org.jetbrains.kotlin:kotlin-klib-commonizer-api:1.9.23) with ExternalDependencyInstrumentingArtifactTransform
Transforming kotlin-native-utils-1.9.23.jar (org.jetbrains.kotlin:kotlin-native-utils:1.9.23) with ExternalDependencyInstrumentingArtifactTransform
Transforming kotlin-util-klib-1.9.23.jar (org.jetbrains.kotlin:kotlin-util-klib:1.9.23) with ExternalDependencyInstrumentingArtifactTransform
Transforming kotlin-build-tools-api-1.9.23.jar (org.jetbrains.kotlin:kotlin-build-tools-api:1.9.23) with ExternalDependencyInstrumentingArtifactTransform
Transforming kotlin-android-extensions-1.9.23.jar (org.jetbrains.kotlin:kotlin-android-extensions:1.9.23) with ExternalDependencyInstrumentingArtifactTransform
Transforming asm-util-9.6.jar (org.ow2.asm:asm-util:9.6) with ExternalDependencyInstrumentingArtifactTransform
Transforming kotlin-compiler-runner-1.9.23.jar (org.jetbrains.kotlin:kotlin-compiler-runner:1.9.23) with ExternalDependencyInstrumentingArtifactTransform
Transforming kotlin-compiler-embeddable-1.9.23.jar (org.jetbrains.kotlin:kotlin-compiler-embeddable:1.9.23) with ExternalDependencyInstrumentingArtifactTransform
Transforming android-test-plugin-result-listener-gradle-proto-31.4.1.jar (com.android.tools.utp:android-test-plugin-result-listener-gradle-proto:31.4.1) with ExternalDependencyInstrumentingArtifactTransform
Transforming tensorflow-lite-metadata-0.1.0-rc2.jar (org.tensorflow:tensorflow-lite-metadata:0.1.0-rc2) with ExternalDependencyInstrumentingArtifactTransform
Transforming kotlin-scripting-compiler-embeddable-1.9.23.jar (org.jetbrains.kotlin:kotlin-scripting-compiler-embeddable:1.9.23) with ExternalDependencyInstrumentingArtifactTransform
Transforming kotlin-scripting-compiler-impl-embeddable-1.9.23.jar (org.jetbrains.kotlin:kotlin-scripting-compiler-impl-embeddable:1.9.23) with ExternalDependencyInstrumentingArtifactTransform
Transforming asm-commons-9.6.jar (org.ow2.asm:asm-commons:9.6) with ExternalDependencyInstrumentingArtifactTransform
Transforming grpc-protobuf-lite-1.57.0.jar (io.grpc:grpc-protobuf-lite:1.57.0) with ExternalDependencyInstrumentingArtifactTransform
Transforming grpc-context-1.57.0.jar (io.grpc:grpc-context:1.57.0) with ExternalDependencyInstrumentingArtifactTransform
Transforming guava-32.0.1-jre.jar (com.google.guava:guava:32.0.1-jre) with ExternalDependencyInstrumentingArtifactTransform
Transforming dagger-2.28.3.jar (com.google.dagger:dagger:2.28.3) with ExternalDependencyInstrumentingArtifactTransform
Transforming asm-tree-9.6.jar (org.ow2.asm:asm-tree:9.6) with ExternalDependencyInstrumentingArtifactTransform
Transforming gradle-api-8.4.1.jar (com.android.tools.build:gradle-api:8.4.1) with ExternalDependencyInstrumentingArtifactTransform
Transforming javax.inject-1.jar (javax.inject:javax.inject:1) with ExternalDependencyInstrumentingArtifactTransform
Transforming grpc-api-1.57.0.jar (io.grpc:grpc-api:1.57.0) with ExternalDependencyInstrumentingArtifactTransform
Transforming bcutil-jdk18on-1.77.jar (org.bouncycastle:bcutil-jdk18on:1.77) with ExternalDependencyInstrumentingArtifactTransform
Transforming apkzlib-8.4.1.jar (com.android.tools.build:apkzlib:8.4.1) with ExternalDependencyInstrumentingArtifactTransform
Transforming commons-compress-1.21.jar (org.apache.commons:commons-compress:1.21) with ExternalDependencyInstrumentingArtifactTransform
Transforming httpclient-4.5.14.jar (org.apache.httpcomponents:httpclient:4.5.14) with ExternalDependencyInstrumentingArtifactTransform
Transforming javax.activation-1.2.0.jar (com.sun.activation:javax.activation:1.2.0) with ExternalDependencyInstrumentingArtifactTransform
Transforming signflinger-8.4.1.jar (com.android:signflinger:8.4.1) with ExternalDependencyInstrumentingArtifactTransform
Transforming zipflinger-8.4.1.jar (com.android:zipflinger:8.4.1) with ExternalDependencyInstrumentingArtifactTransform
Transforming httpcore-4.4.16.jar (org.apache.httpcomponents:httpcore:4.4.16) with ExternalDependencyInstrumentingArtifactTransform
Transforming juniversalchardet-1.0.3.jar (com.googlecode.juniversalchardet:juniversalchardet:1.0.3) with ExternalDependencyInstrumentingArtifactTransform
Transforming annotations-31.4.1.jar (com.android.tools:annotations:31.4.1) with ExternalDependencyInstrumentingArtifactTransform
Transforming bcprov-jdk18on-1.77.jar (org.bouncycastle:bcprov-jdk18on:1.77) with ExternalDependencyInstrumentingArtifactTransform
Transforming javax.annotation-api-1.3.2.jar (javax.annotation:javax.annotation-api:1.3.2) with ExternalDependencyInstrumentingArtifactTransform
Transforming jimfs-1.1.jar (com.google.jimfs:jimfs:1.1) with ExternalDependencyInstrumentingArtifactTransform
Transforming jna-platform-5.6.0.jar (net.java.dev.jna:jna-platform:5.6.0) with ExternalDependencyInstrumentingArtifactTransform
Transforming jakarta.xml.bind-api-2.3.2.jar (jakarta.xml.bind:jakarta.xml.bind-api:2.3.2) with ExternalDependencyInstrumentingArtifactTransform
Transforming txw2-2.3.2.jar (org.glassfish.jaxb:txw2:2.3.2) with ExternalDependencyInstrumentingArtifactTransform
Transforming istack-commons-runtime-3.0.8.jar (com.sun.istack:istack-commons-runtime:3.0.8) with ExternalDependencyInstrumentingArtifactTransform
Transforming trove4j-1.0.20200330.jar (org.jetbrains.intellij.deps:trove4j:1.0.20200330) with ExternalDependencyInstrumentingArtifactTransform
Transforming FastInfoset-1.2.16.jar (com.sun.xml.fastinfoset:FastInfoset:1.2.16) with ExternalDependencyInstrumentingArtifactTransform
Transforming jdom2-2.0.6.jar (org.jdom:jdom2:2.0.6) with ExternalDependencyInstrumentingArtifactTransform
Transforming j2objc-annotations-2.8.jar (com.google.j2objc:j2objc-annotations:2.8) with ExternalDependencyInstrumentingArtifactTransform
Transforming auto-value-annotations-1.6.2.jar (com.google.auto.value:auto-value-annotations:1.6.2) with ExternalDependencyInstrumentingArtifactTransform
Transforming annotations-4.1.1.4.jar (com.google.android:annotations:4.1.1.4) with ExternalDependencyInstrumentingArtifactTransform
Transforming animal-sniffer-annotations-1.23.jar (org.codehaus.mojo:animal-sniffer-annotations:1.23) with ExternalDependencyInstrumentingArtifactTransform
Transforming perfmark-api-0.26.0.jar (io.perfmark:perfmark-api:0.26.0) with ExternalDependencyInstrumentingArtifactTransform
Transforming netty-codec-http2-4.1.93.Final.jar (io.netty:netty-codec-http2:4.1.93.Final) with ExternalDependencyInstrumentingArtifactTransform
Transforming netty-handler-proxy-4.1.93.Final.jar (io.netty:netty-handler-proxy:4.1.93.Final) with ExternalDependencyInstrumentingArtifactTransform
Transforming netty-codec-http-4.1.93.Final.jar (io.netty:netty-codec-http:4.1.93.Final) with ExternalDependencyInstrumentingArtifactTransform
Transforming jose4j-0.7.0.jar (org.bitbucket.b_c:jose4j:0.7.0) with ExternalDependencyInstrumentingArtifactTransform
Transforming jakarta.activation-api-1.2.1.jar (jakarta.activation:jakarta.activation-api:1.2.1) with ExternalDependencyInstrumentingArtifactTransform
Transforming netty-handler-4.1.93.Final.jar (io.netty:netty-handler:4.1.93.Final) with ExternalDependencyInstrumentingArtifactTransform
Transforming slf4j-api-1.7.30.jar (org.slf4j:slf4j-api:1.7.30) with ExternalDependencyInstrumentingArtifactTransform
Transforming jsr305-3.0.2.jar (com.google.code.findbugs:jsr305:3.0.2) with ExternalDependencyInstrumentingArtifactTransform
Transforming commons-codec-1.11.jar (commons-codec:commons-codec:1.11) with ExternalDependencyInstrumentingArtifactTransform
Transforming error_prone_annotations-2.18.0.jar (com.google.errorprone:error_prone_annotations:2.18.0) with ExternalDependencyInstrumentingArtifactTransform
Transforming netty-transport-native-unix-common-4.1.93.Final.jar (io.netty:netty-transport-native-unix-common:4.1.93.Final) with ExternalDependencyInstrumentingArtifactTransform
Transforming checker-qual-3.33.0.jar (org.checkerframework:checker-qual:3.33.0) with ExternalDependencyInstrumentingArtifactTransform
Transforming javawriter-2.5.0.jar (com.squareup:javawriter:2.5.0) with ExternalDependencyInstrumentingArtifactTransform
Transforming kotlin-gradle-plugin-annotations-1.9.23.jar (org.jetbrains.kotlin:kotlin-gradle-plugin-annotations:1.9.23) with ExternalDependencyInstrumentingArtifactTransform
Transforming kotlin-project-model-1.9.23.jar (org.jetbrains.kotlin:kotlin-project-model:1.9.23) with ExternalDependencyInstrumentingArtifactTransform
Transforming kotlin-tooling-core-1.9.23.jar (org.jetbrains.kotlin:kotlin-tooling-core:1.9.23) with ExternalDependencyInstrumentingArtifactTransform
Transforming kotlin-util-io-1.9.23.jar (org.jetbrains.kotlin:kotlin-util-io:1.9.23) with ExternalDependencyInstrumentingArtifactTransform
Transforming kotlin-daemon-client-1.9.23.jar (org.jetbrains.kotlin:kotlin-daemon-client:1.9.23) with ExternalDependencyInstrumentingArtifactTransform
Transforming kotlin-daemon-embeddable-1.9.23.jar (org.jetbrains.kotlin:kotlin-daemon-embeddable:1.9.23) with ExternalDependencyInstrumentingArtifactTransform
Transforming kotlin-scripting-jvm-1.9.23.jar (org.jetbrains.kotlin:kotlin-scripting-jvm:1.9.23) with ExternalDependencyInstrumentingArtifactTransform
Transforming kotlin-scripting-common-1.9.23.jar (org.jetbrains.kotlin:kotlin-scripting-common:1.9.23) with ExternalDependencyInstrumentingArtifactTransform
Transforming failureaccess-1.0.1.jar (com.google.guava:failureaccess:1.0.1) with ExternalDependencyInstrumentingArtifactTransform
Transforming listenablefuture-9999.0-empty-to-avoid-conflict-with-guava.jar (com.google.guava:listenablefuture:9999.0-empty-to-avoid-conflict-with-guava) with ExternalDependencyInstrumentingArtifactTransform
Transforming apksig-8.4.1.jar (com.android.tools.build:apksig:8.4.1) with ExternalDependencyInstrumentingArtifactTransform
Transforming stax-ex-1.8.1.jar (org.jvnet.staxex:stax-ex:1.8.1) with ExternalDependencyInstrumentingArtifactTransform
Transforming kotlinx-coroutines-core-jvm-1.5.0.jar (org.jetbrains.kotlinx:kotlinx-coroutines-core-jvm:1.5.0) with ExternalDependencyInstrumentingArtifactTransform
Transforming netty-buffer-4.1.93.Final.jar (io.netty:netty-buffer:4.1.93.Final) with ExternalDependencyInstrumentingArtifactTransform
Transforming netty-codec-4.1.93.Final.jar (io.netty:netty-codec:4.1.93.Final) with ExternalDependencyInstrumentingArtifactTransform
Transforming jna-5.6.0.jar (net.java.dev.jna:jna:5.6.0) with ExternalDependencyInstrumentingArtifactTransform
Transforming netty-common-4.1.93.Final.jar (io.netty:netty-common:4.1.93.Final) with ExternalDependencyInstrumentingArtifactTransform
Transforming netty-codec-socks-4.1.93.Final.jar (io.netty:netty-codec-socks:4.1.93.Final) with ExternalDependencyInstrumentingArtifactTransform
Transforming netty-resolver-4.1.93.Final.jar (io.netty:netty-resolver:4.1.93.Final) with ExternalDependencyInstrumentingArtifactTransform
Transforming commons-logging-1.2.jar (commons-logging:commons-logging:1.2) with ExternalDependencyInstrumentingArtifactTransform
Transforming netty-transport-4.1.93.Final.jar (io.netty:netty-transport:4.1.93.Final) with ExternalDependencyInstrumentingArtifactTransform

> Configure project :app
Evaluating project ':app' using build file '/storage/emulated/0/AndroidIDEProjects/Mydownloader/app/build.gradle.kts'.
WARNING: The option setting 'android.aapt2FromMavenOverride=/data/user/0/com.itsaky.androidide/files/home/.androidide/aapt2' is experimental.
Using default execution profile
Using Kotlin Gradle Plugin gradle82 variant
Trying to apply plugin 'com.itsaky.androidide' to project ':app'
LogSender is disabled. Dependency will not be added to project ':app'.
All projects evaluated.
Task path ':app:assembleDebug' matched project ':app'
Task name matched 'assembleDebug'
Selected primary task 'assembleDebug' from project :app
Tasks to be executed: [task ':app:preBuild', task ':app:preDebugBuild', task ':app:mergeDebugNativeDebugMetadata', task ':app:checkKotlinGradlePluginConfigurationErrors', task ':app:dataBindingMergeDependencyArtifactsDebug', task ':app:generateDebugResValues', task ':app:generateDebugResources', task ':app:mergeDebugResources', task ':app:packageDebugResources', task ':app:parseDebugLocalResources', task ':app:dataBindingGenBaseClassesDebug', task ':app:checkDebugAarMetadata', task ':app:mapDebugSourceSetPaths', task ':app:createDebugCompatibleScreenManifests', task ':app:extractDeepLinksDebug', task ':app:processDebugMainManifest', task ':app:processDebugManifest', task ':app:processDebugManifestForPackage', task ':app:processDebugResources', task ':app:kaptGenerateStubsDebugKotlin', task ':app:kaptDebugKotlin', task ':app:compileDebugKotlin', task ':app:javaPreCompileDebug', task ':app:compileDebugJavaWithJavac', task ':app:mergeDebugShaders', task ':app:compileDebugShaders', task ':app:generateDebugAssets', task ':app:mergeDebugAssets', task ':app:compressDebugAssets', task ':app:desugarDebugFileDependencies', task ':app:dexBuilderDebug', task ':app:mergeDebugGlobalSynthetics', task ':app:processDebugJavaRes', task ':app:mergeDebugJavaResource', task ':app:checkDebugDuplicateClasses', task ':app:mergeDebugStartupProfile', task ':app:mergeExtDexDebug', task ':app:mergeLibDexDebug', task ':app:mergeProjectDexDebug', task ':app:mergeDebugJniLibFolders', task ':app:mergeDebugNativeLibs', task ':app:stripDebugDebugSymbols', task ':app:validateSigningDebug', task ':app:writeDebugAppMetadata', task ':app:writeDebugSigningConfigVersions', task ':app:packageDebug', task ':app:createDebugApkListingFileRedirect', task ':app:assembleDebug']
Tasks that were excluded: []
Resolve mutations for :app:preBuild (Thread[Execution worker,5,main]) started.
:app:preBuild (Thread[Execution worker Thread 2,5,main]) started.

> Task :app:preBuild UP-TO-DATE
Skipping task ':app:preBuild' as it has no actions.
Resolve mutations for :app:preDebugBuild (Thread[included builds,5,main]) started.
:app:preDebugBuild (Thread[included builds,5,main]) started.

> Task :app:preDebugBuild UP-TO-DATE
Skipping task ':app:preDebugBuild' as it has no actions.
Resolve mutations for :app:mergeDebugNativeDebugMetadata (Thread[included builds,5,main]) started.
:app:mergeDebugNativeDebugMetadata (Thread[included builds,5,main]) started.

> Task :app:mergeDebugNativeDebugMetadata NO-SOURCE
Skipping task ':app:mergeDebugNativeDebugMetadata' as it has no source files and no previous output files.
Resolve mutations for :app:checkKotlinGradlePluginConfigurationErrors (Thread[included builds,5,main]) started.
:app:checkKotlinGradlePluginConfigurationErrors (Thread[included builds,5,main]) started.

> Task :app:checkKotlinGradlePluginConfigurationErrors
Caching disabled for task ':app:checkKotlinGradlePluginConfigurationErrors' because:
  Build cache is disabled
Task ':app:checkKotlinGradlePluginConfigurationErrors' is not up-to-date because:
  Task has not declared any outputs despite executing actions.
Resolve mutations for :app:dataBindingMergeDependencyArtifactsDebug (Thread[included builds,5,main]) started.
:app:dataBindingMergeDependencyArtifactsDebug (Thread[included builds,5,main]) started.

> Task :app:dataBindingMergeDependencyArtifactsDebug UP-TO-DATE
Transforming viewbinding-8.4.1.aar (androidx.databinding:viewbinding:8.4.1) with JetifyTransform
Transforming viewbinding-8.4.1.aar (androidx.databinding:viewbinding:8.4.1) with ExtractAarTransform
Transforming viewbinding-8.4.1.aar (androidx.databinding:viewbinding:8.4.1) with AarTransform
Transforming material-1.12.0.aar (com.google.android.material:material:1.12.0) with JetifyTransform
Transforming material-1.12.0.aar (com.google.android.material:material:1.12.0) with ExtractAarTransform
Transforming material-1.12.0.aar (com.google.android.material:material:1.12.0) with AarTransform
Transforming appcompat-1.6.1.aar (androidx.appcompat:appcompat:1.6.1) with JetifyTransform
Transforming appcompat-1.6.1.aar (androidx.appcompat:appcompat:1.6.1) with ExtractAarTransform
Transforming appcompat-1.6.1.aar (androidx.appcompat:appcompat:1.6.1) with AarTransform
Transforming glide-4.16.0.aar (com.github.bumptech.glide:glide:4.16.0) with JetifyTransform
Transforming glide-4.16.0.aar (com.github.bumptech.glide:glide:4.16.0) with ExtractAarTransform
Transforming glide-4.16.0.aar (com.github.bumptech.glide:glide:4.16.0) with AarTransform
Transforming viewpager2-1.1.0-beta02.aar (androidx.viewpager2:viewpager2:1.1.0-beta02) with JetifyTransform
Transforming viewpager2-1.1.0-beta02.aar (androidx.viewpager2:viewpager2:1.1.0-beta02) with ExtractAarTransform
Transforming viewpager2-1.1.0-beta02.aar (androidx.viewpager2:viewpager2:1.1.0-beta02) with AarTransform
Transforming media3-datasource-cronet-1.3.1.aar (androidx.media3:media3-datasource-cronet:1.3.1) with JetifyTransform
Transforming media3-datasource-cronet-1.3.1.aar (androidx.media3:media3-datasource-cronet:1.3.1) with ExtractAarTransform
Transforming play-services-cronet-18.0.1.aar (com.google.android.gms:play-services-cronet:18.0.1) with JetifyTransform
Transforming play-services-cronet-18.0.1.aar (com.google.android.gms:play-services-cronet:18.0.1) with ExtractAarTransform
Transforming media3-datasource-cronet-1.3.1.aar (androidx.media3:media3-datasource-cronet:1.3.1) with AarTransform
Transforming play-services-cronet-18.0.1.aar (com.google.android.gms:play-services-cronet:18.0.1) with AarTransform
Transforming play-services-base-18.0.1.aar (com.google.android.gms:play-services-base:18.0.1) with JetifyTransform
Transforming play-services-base-18.0.1.aar (com.google.android.gms:play-services-base:18.0.1) with ExtractAarTransform
Transforming play-services-tasks-18.0.1.aar (com.google.android.gms:play-services-tasks:18.0.1) with JetifyTransform
Transforming play-services-tasks-18.0.1.aar (com.google.android.gms:play-services-tasks:18.0.1) with JetifyTransform
Transforming play-services-base-18.0.1.aar (com.google.android.gms:play-services-base:18.0.1) with AarTransform
Transforming play-services-basement-18.0.0.aar (com.google.android.gms:play-services-basement:18.0.0) with JetifyTransform
Transforming play-services-basement-18.0.0.aar (com.google.android.gms:play-services-basement:18.0.0) with JetifyTransform
Transforming play-services-basement-18.0.0.aar (com.google.android.gms:play-services-basement:18.0.0) with JetifyTransform
Transforming play-services-tasks-18.0.1.aar (com.google.android.gms:play-services-tasks:18.0.1) with ExtractAarTransform
Transforming play-services-tasks-18.0.1.aar (com.google.android.gms:play-services-tasks:18.0.1) with ExtractAarTransform
Transforming play-services-tasks-18.0.1.aar (com.google.android.gms:play-services-tasks:18.0.1) with AarTransform
Transforming play-services-tasks-18.0.1.aar (com.google.android.gms:play-services-tasks:18.0.1) with AarTransform
Transforming fragment-1.3.6.aar (androidx.fragment:fragment:1.3.6) with JetifyTransform
Transforming fragment-1.3.6.aar (androidx.fragment:fragment:1.3.6) with JetifyTransform
Transforming fragment-1.3.6.aar (androidx.fragment:fragment:1.3.6) with ExtractAarTransform
Transforming fragment-1.3.6.aar (androidx.fragment:fragment:1.3.6) with ExtractAarTransform
Transforming fragment-1.3.6.aar (androidx.fragment:fragment:1.3.6) with AarTransform
Transforming fragment-1.3.6.aar (androidx.fragment:fragment:1.3.6) with AarTransform
Transforming fragment-1.3.6.aar (androidx.fragment:fragment:1.3.6) with JetifyTransform
Transforming fragment-1.3.6.aar (androidx.fragment:fragment:1.3.6) with ExtractAarTransform
Transforming fragment-1.3.6.aar (androidx.fragment:fragment:1.3.6) with AarTransform
Transforming activity-1.8.0.aar (androidx.activity:activity:1.8.0) with JetifyTransform
Transforming activity-1.8.0.aar (androidx.activity:activity:1.8.0) with ExtractAarTransform
Transforming activity-1.8.0.aar (androidx.activity:activity:1.8.0) with AarTransform
Transforming browser-1.8.0.aar (androidx.browser:browser:1.8.0) with JetifyTransform
Transforming browser-1.8.0.aar (androidx.browser:browser:1.8.0) with ExtractAarTransform
Transforming browser-1.8.0.aar (androidx.browser:browser:1.8.0) with AarTransform
Transforming webkit-1.11.0.aar (androidx.webkit:webkit:1.11.0) with JetifyTransform
Transforming webkit-1.11.0.aar (androidx.webkit:webkit:1.11.0) with ExtractAarTransform
Transforming webkit-1.11.0.aar (androidx.webkit:webkit:1.11.0) with AarTransform
Transforming media-1.7.0.aar (androidx.media:media:1.7.0) with JetifyTransform
Transforming media-1.7.0.aar (androidx.media:media:1.7.0) with ExtractAarTransform
Transforming media-1.7.0.aar (androidx.media:media:1.7.0) with AarTransform
Transforming recyclerview-1.3.2.aar (androidx.recyclerview:recyclerview:1.3.2) with JetifyTransform
Transforming recyclerview-1.3.2.aar (androidx.recyclerview:recyclerview:1.3.2) with ExtractAarTransform
Transforming recyclerview-1.3.2.aar (androidx.recyclerview:recyclerview:1.3.2) with AarTransform
Transforming appcompat-resources-1.6.1.aar (androidx.appcompat:appcompat-resources:1.6.1) with JetifyTransform
Transforming appcompat-resources-1.6.1.aar (androidx.appcompat:appcompat-resources:1.6.1) with ExtractAarTransform
Transforming appcompat-resources-1.6.1.aar (androidx.appcompat:appcompat-resources:1.6.1) with AarTransform
Transforming play-services-basement-18.0.0.aar (com.google.android.gms:play-services-basement:18.0.0) with ExtractAarTransform
Transforming play-services-basement-18.0.0.aar (com.google.android.gms:play-services-basement:18.0.0) with ExtractAarTransform
Transforming play-services-basement-18.0.0.aar (com.google.android.gms:play-services-basement:18.0.0) with ExtractAarTransform
Transforming play-services-basement-18.0.0.aar (com.google.android.gms:play-services-basement:18.0.0) with AarTransform
Transforming play-services-basement-18.0.0.aar (com.google.android.gms:play-services-basement:18.0.0) with AarTransform
Transforming play-services-basement-18.0.0.aar (com.google.android.gms:play-services-basement:18.0.0) with AarTransform
Transforming drawerlayout-1.1.1.aar (androidx.drawerlayout:drawerlayout:1.1.1) with JetifyTransform
Transforming drawerlayout-1.1.1.aar (androidx.drawerlayout:drawerlayout:1.1.1) with ExtractAarTransform
Transforming drawerlayout-1.1.1.aar (androidx.drawerlayout:drawerlayout:1.1.1) with AarTransform
Transforming coordinatorlayout-1.1.0.aar (androidx.coordinatorlayout:coordinatorlayout:1.1.0) with JetifyTransform
Transforming coordinatorlayout-1.1.0.aar (androidx.coordinatorlayout:coordinatorlayout:1.1.0) with ExtractAarTransform
Transforming coordinatorlayout-1.1.0.aar (androidx.coordinatorlayout:coordinatorlayout:1.1.0) with AarTransform
Transforming dynamicanimation-1.0.0.aar (androidx.dynamicanimation:dynamicanimation:1.0.0) with JetifyTransform
Transforming dynamicanimation-1.0.0.aar (androidx.dynamicanimation:dynamicanimation:1.0.0) with ExtractAarTransform
Transforming dynamicanimation-1.0.0.aar (androidx.dynamicanimation:dynamicanimation:1.0.0) with AarTransform
Transforming transition-1.5.0.aar (androidx.transition:transition:1.5.0) with JetifyTransform
Transforming transition-1.5.0.aar (androidx.transition:transition:1.5.0) with ExtractAarTransform
Transforming transition-1.5.0.aar (androidx.transition:transition:1.5.0) with AarTransform
Transforming vectordrawable-animated-1.1.0.aar (androidx.vectordrawable:vectordrawable-animated:1.1.0) with JetifyTransform
Transforming vectordrawable-1.1.0.aar (androidx.vectordrawable:vectordrawable:1.1.0) with JetifyTransform
Transforming vectordrawable-1.1.0.aar (androidx.vectordrawable:vectordrawable:1.1.0) with JetifyTransform
Transforming vectordrawable-1.1.0.aar (androidx.vectordrawable:vectordrawable:1.1.0) with ExtractAarTransform
Transforming vectordrawable-1.1.0.aar (androidx.vectordrawable:vectordrawable:1.1.0) with AarTransform
Transforming vectordrawable-1.1.0.aar (androidx.vectordrawable:vectordrawable:1.1.0) with ExtractAarTransform
Transforming vectordrawable-animated-1.1.0.aar (androidx.vectordrawable:vectordrawable-animated:1.1.0) with ExtractAarTransform
Transforming vectordrawable-1.1.0.aar (androidx.vectordrawable:vectordrawable:1.1.0) with AarTransform
Transforming vectordrawable-animated-1.1.0.aar (androidx.vectordrawable:vectordrawable-animated:1.1.0) with AarTransform
Transforming viewpager-1.0.0.aar (androidx.viewpager:viewpager:1.0.0) with JetifyTransform
Transforming viewpager-1.0.0.aar (androidx.viewpager:viewpager:1.0.0) with ExtractAarTransform
Transforming viewpager-1.0.0.aar (androidx.viewpager:viewpager:1.0.0) with AarTransform
Transforming customview-1.1.0.aar (androidx.customview:customview:1.1.0) with JetifyTransform
Transforming customview-1.1.0.aar (androidx.customview:customview:1.1.0) with ExtractAarTransform
Transforming customview-1.1.0.aar (androidx.customview:customview:1.1.0) with AarTransform
Transforming customview-1.1.0.aar (androidx.customview:customview:1.1.0) with JetifyTransform
Transforming customview-1.1.0.aar (androidx.customview:customview:1.1.0) with JetifyTransform
Transforming customview-1.1.0.aar (androidx.customview:customview:1.1.0) with ExtractAarTransform
Transforming customview-1.1.0.aar (androidx.customview:customview:1.1.0) with AarTransform
Transforming customview-1.1.0.aar (androidx.customview:customview:1.1.0) with ExtractAarTransform
Transforming customview-1.1.0.aar (androidx.customview:customview:1.1.0) with AarTransform
Transforming customview-1.1.0.aar (androidx.customview:customview:1.1.0) with JetifyTransform
Transforming customview-1.1.0.aar (androidx.customview:customview:1.1.0) with ExtractAarTransform
Transforming customview-1.1.0.aar (androidx.customview:customview:1.1.0) with AarTransform
Transforming legacy-support-core-utils-1.0.0.aar (androidx.legacy:legacy-support-core-utils:1.0.0) with JetifyTransform
Transforming legacy-support-core-utils-1.0.0.aar (androidx.legacy:legacy-support-core-utils:1.0.0) with ExtractAarTransform
Transforming legacy-support-core-utils-1.0.0.aar (androidx.legacy:legacy-support-core-utils:1.0.0) with AarTransform
Transforming loader-1.0.0.aar (androidx.loader:loader:1.0.0) with JetifyTransform
Transforming loader-1.0.0.aar (androidx.loader:loader:1.0.0) with ExtractAarTransform
Transforming loader-1.0.0.aar (androidx.loader:loader:1.0.0) with AarTransform
Transforming loader-1.0.0.aar (androidx.loader:loader:1.0.0) with JetifyTransform
Transforming loader-1.0.0.aar (androidx.loader:loader:1.0.0) with ExtractAarTransform
Transforming loader-1.0.0.aar (androidx.loader:loader:1.0.0) with AarTransform
Transforming core-1.13.1.aar (androidx.core:core:1.13.1) with JetifyTransform
Transforming core-1.13.1.aar (androidx.core:core:1.13.1) with ExtractAarTransform
Transforming core-1.13.1.aar (androidx.core:core:1.13.1) with AarTransform
Transforming core-1.13.1.aar (androidx.core:core:1.13.1) with JetifyTransform
Transforming core-1.13.1.aar (androidx.core:core:1.13.1) with JetifyTransform
Transforming core-1.13.1.aar (androidx.core:core:1.13.1) with JetifyTransform
Transforming core-1.13.1.aar (androidx.core:core:1.13.1) with ExtractAarTransform
Transforming core-1.13.1.aar (androidx.core:core:1.13.1) with ExtractAarTransform
Transforming core-1.13.1.aar (androidx.core:core:1.13.1) with ExtractAarTransform
Transforming core-1.13.1.aar (androidx.core:core:1.13.1) with AarTransform
Transforming core-1.13.1.aar (androidx.core:core:1.13.1) with AarTransform
Transforming core-1.13.1.aar (androidx.core:core:1.13.1) with AarTransform
Transforming core-1.13.1.aar (androidx.core:core:1.13.1) with JetifyTransform
Transforming core-1.13.1.aar (androidx.core:core:1.13.1) with JetifyTransform
Transforming core-1.13.1.aar (androidx.core:core:1.13.1) with JetifyTransform
Transforming core-1.13.1.aar (androidx.core:core:1.13.1) with ExtractAarTransform
Transforming core-1.13.1.aar (androidx.core:core:1.13.1) with ExtractAarTransform
Transforming core-1.13.1.aar (androidx.core:core:1.13.1) with JetifyTransform
Transforming core-1.13.1.aar (androidx.core:core:1.13.1) with ExtractAarTransform
Transforming core-1.13.1.aar (androidx.core:core:1.13.1) with ExtractAarTransform
Transforming core-1.13.1.aar (androidx.core:core:1.13.1) with AarTransform
Transforming core-1.13.1.aar (androidx.core:core:1.13.1) with AarTransform
Transforming core-1.13.1.aar (androidx.core:core:1.13.1) with AarTransform
Transforming core-1.13.1.aar (androidx.core:core:1.13.1) with AarTransform
Transforming core-1.13.1.aar (androidx.core:core:1.13.1) with JetifyTransform
Transforming core-1.13.1.aar (androidx.core:core:1.13.1) with ExtractAarTransform
Transforming core-1.13.1.aar (androidx.core:core:1.13.1) with AarTransform
Transforming lifecycle-livedata-core-ktx-2.8.2.aar (androidx.lifecycle:lifecycle-livedata-core-ktx:2.8.2) with JetifyTransform
Transforming lifecycle-livedata-core-ktx-2.8.2.aar (androidx.lifecycle:lifecycle-livedata-core-ktx:2.8.2) with ExtractAarTransform
Transforming lifecycle-livedata-core-ktx-2.8.2.aar (androidx.lifecycle:lifecycle-livedata-core-ktx:2.8.2) with AarTransform
Transforming lifecycle-livedata-2.8.2.aar (androidx.lifecycle:lifecycle-livedata:2.8.2) with JetifyTransform
Transforming lifecycle-livedata-2.8.2.aar (androidx.lifecycle:lifecycle-livedata:2.8.2) with ExtractAarTransform
Transforming lifecycle-livedata-2.8.2.aar (androidx.lifecycle:lifecycle-livedata:2.8.2) with AarTransform
Transforming core-ktx-1.13.1.aar (androidx.core:core-ktx:1.13.1) with JetifyTransform
Transforming core-ktx-1.13.1.aar (androidx.core:core-ktx:1.13.1) with ExtractAarTransform
Transforming lifecycle-viewmodel-2.8.2.aar (androidx.lifecycle:lifecycle-viewmodel:2.8.2) with JetifyTransform
Transforming lifecycle-viewmodel-2.8.2.aar (androidx.lifecycle:lifecycle-viewmodel:2.8.2) with ExtractAarTransform
Transforming lifecycle-viewmodel-2.8.2.aar (androidx.lifecycle:lifecycle-viewmodel:2.8.2) with AarTransform
Transforming core-ktx-1.13.1.aar (androidx.core:core-ktx:1.13.1) with AarTransform
Transforming lifecycle-viewmodel-release.aar (androidx.lifecycle:lifecycle-viewmodel-android:2.8.2) with JetifyTransform
Transforming lifecycle-viewmodel-release.aar (androidx.lifecycle:lifecycle-viewmodel-android:2.8.2) with ExtractAarTransform
Transforming lifecycle-runtime-release.aar (androidx.lifecycle:lifecycle-runtime-android:2.8.2) with JetifyTransform
Transforming lifecycle-runtime-release.aar (androidx.lifecycle:lifecycle-runtime-android:2.8.2) with ExtractAarTransform
Transforming lifecycle-viewmodel-release.aar (androidx.lifecycle:lifecycle-viewmodel-android:2.8.2) with AarTransform
Transforming lifecycle-runtime-release.aar (androidx.lifecycle:lifecycle-runtime-android:2.8.2) with AarTransform
Transforming lifecycle-livedata-core-2.8.2.aar (androidx.lifecycle:lifecycle-livedata-core:2.8.2) with JetifyTransform
Transforming lifecycle-livedata-core-2.8.2.aar (androidx.lifecycle:lifecycle-livedata-core:2.8.2) with ExtractAarTransform
Transforming lifecycle-livedata-core-2.8.2.aar (androidx.lifecycle:lifecycle-livedata-core:2.8.2) with AarTransform
Transforming media3-session-1.3.1.aar (androidx.media3:media3-session:1.3.1) with JetifyTransform
Transforming media3-session-1.3.1.aar (androidx.media3:media3-session:1.3.1) with ExtractAarTransform
Transforming lifecycle-runtime-ktx-release.aar (androidx.lifecycle:lifecycle-runtime-ktx-android:2.8.2) with JetifyTransform
Transforming lifecycle-runtime-ktx-release.aar (androidx.lifecycle:lifecycle-runtime-ktx-android:2.8.2) with ExtractAarTransform
Transforming lifecycle-runtime-ktx-release.aar (androidx.lifecycle:lifecycle-runtime-ktx-android:2.8.2) with AarTransform
Transforming media3-session-1.3.1.aar (androidx.media3:media3-session:1.3.1) with AarTransform
Transforming room-runtime-2.6.1.aar (androidx.room:room-runtime:2.6.1) with JetifyTransform
Transforming room-ktx-2.6.1.aar (androidx.room:room-ktx:2.6.1) with JetifyTransform
Transforming room-ktx-2.6.1.aar (androidx.room:room-ktx:2.6.1) with ExtractAarTransform
Transforming room-runtime-2.6.1.aar (androidx.room:room-runtime:2.6.1) with ExtractAarTransform
Transforming room-runtime-2.6.1.aar (androidx.room:room-runtime:2.6.1) with AarTransform
Transforming room-ktx-2.6.1.aar (androidx.room:room-ktx:2.6.1) with AarTransform
Transforming savedstate-1.2.1.aar (androidx.savedstate:savedstate:1.2.1) with JetifyTransform
Transforming savedstate-1.2.1.aar (androidx.savedstate:savedstate:1.2.1) with ExtractAarTransform
Transforming savedstate-1.2.1.aar (androidx.savedstate:savedstate:1.2.1) with AarTransform
Transforming media3-exoplayer-1.3.1.aar (androidx.media3:media3-exoplayer:1.3.1) with JetifyTransform
Transforming lifecycle-viewmodel-savedstate-2.8.2.aar (androidx.lifecycle:lifecycle-viewmodel-savedstate:2.8.2) with JetifyTransform
Transforming media3-common-1.3.1.aar (androidx.media3:media3-common:1.3.1) with JetifyTransform
Transforming lifecycle-viewmodel-savedstate-2.8.2.aar (androidx.lifecycle:lifecycle-viewmodel-savedstate:2.8.2) with ExtractAarTransform
Transforming media3-common-1.3.1.aar (androidx.media3:media3-common:1.3.1) with ExtractAarTransform
Transforming lifecycle-viewmodel-savedstate-2.8.2.aar (androidx.lifecycle:lifecycle-viewmodel-savedstate:2.8.2) with AarTransform
Transforming annotation-experimental-1.4.0.aar (androidx.annotation:annotation-experimental:1.4.0) with JetifyTransform
Transforming annotation-experimental-1.4.0.aar (androidx.annotation:annotation-experimental:1.4.0) with ExtractAarTransform
Transforming media3-common-1.3.1.aar (androidx.media3:media3-common:1.3.1) with AarTransform
Transforming localbroadcastmanager-1.1.0.aar (androidx.localbroadcastmanager:localbroadcastmanager:1.1.0) with JetifyTransform
Transforming localbroadcastmanager-1.1.0.aar (androidx.localbroadcastmanager:localbroadcastmanager:1.1.0) with ExtractAarTransform
Transforming localbroadcastmanager-1.1.0.aar (androidx.localbroadcastmanager:localbroadcastmanager:1.1.0) with AarTransform
Transforming localbroadcastmanager-1.1.0.aar (androidx.localbroadcastmanager:localbroadcastmanager:1.1.0) with JetifyTransform
Transforming localbroadcastmanager-1.1.0.aar (androidx.localbroadcastmanager:localbroadcastmanager:1.1.0) with ExtractAarTransform
Transforming localbroadcastmanager-1.1.0.aar (androidx.localbroadcastmanager:localbroadcastmanager:1.1.0) with AarTransform
Transforming annotation-experimental-1.4.0.aar (androidx.annotation:annotation-experimental:1.4.0) with AarTransform
Transforming cursoradapter-1.0.0.aar (androidx.cursoradapter:cursoradapter:1.0.0) with JetifyTransform
Transforming cardview-1.0.0.aar (androidx.cardview:cardview:1.0.0) with JetifyTransform
Transforming cardview-1.0.0.aar (androidx.cardview:cardview:1.0.0) with ExtractAarTransform
Transforming cardview-1.0.0.aar (androidx.cardview:cardview:1.0.0) with AarTransform
Transforming sqlite-framework-2.4.0.aar (androidx.sqlite:sqlite-framework:2.4.0) with JetifyTransform
Transforming sqlite-framework-2.4.0.aar (androidx.sqlite:sqlite-framework:2.4.0) with ExtractAarTransform
Transforming sqlite-framework-2.4.0.aar (androidx.sqlite:sqlite-framework:2.4.0) with AarTransform
Transforming cursoradapter-1.0.0.aar (androidx.cursoradapter:cursoradapter:1.0.0) with ExtractAarTransform
Transforming cursoradapter-1.0.0.aar (androidx.cursoradapter:cursoradapter:1.0.0) with AarTransform
Transforming sqlite-2.4.0.aar (androidx.sqlite:sqlite:2.4.0) with JetifyTransform
Transforming sqlite-2.4.0.aar (androidx.sqlite:sqlite:2.4.0) with ExtractAarTransform
Transforming sqlite-2.4.0.aar (androidx.sqlite:sqlite:2.4.0) with AarTransform
Transforming gifdecoder-4.16.0.aar (com.github.bumptech.glide:gifdecoder:4.16.0) with JetifyTransform
Transforming gifdecoder-4.16.0.aar (com.github.bumptech.glide:gifdecoder:4.16.0) with ExtractAarTransform
Transforming gifdecoder-4.16.0.aar (com.github.bumptech.glide:gifdecoder:4.16.0) with AarTransform
Transforming versionedparcelable-1.1.1.aar (androidx.versionedparcelable:versionedparcelable:1.1.1) with JetifyTransform
Transforming versionedparcelable-1.1.1.aar (androidx.versionedparcelable:versionedparcelable:1.1.1) with ExtractAarTransform
Transforming versionedparcelable-1.1.1.aar (androidx.versionedparcelable:versionedparcelable:1.1.1) with AarTransform
Transforming interpolator-1.0.0.aar (androidx.interpolator:interpolator:1.0.0) with JetifyTransform
Transforming interpolator-1.0.0.aar (androidx.interpolator:interpolator:1.0.0) with ExtractAarTransform
Transforming interpolator-1.0.0.aar (androidx.interpolator:interpolator:1.0.0) with AarTransform
Transforming documentfile-1.0.0.aar (androidx.documentfile:documentfile:1.0.0) with JetifyTransform
Transforming documentfile-1.0.0.aar (androidx.documentfile:documentfile:1.0.0) with ExtractAarTransform
Transforming documentfile-1.0.0.aar (androidx.documentfile:documentfile:1.0.0) with AarTransform
Transforming print-1.0.0.aar (androidx.print:print:1.0.0) with JetifyTransform
Transforming print-1.0.0.aar (androidx.print:print:1.0.0) with ExtractAarTransform
Transforming print-1.0.0.aar (androidx.print:print:1.0.0) with AarTransform
Transforming tracing-1.0.0.aar (androidx.tracing:tracing:1.0.0) with JetifyTransform
Transforming tracing-1.0.0.aar (androidx.tracing:tracing:1.0.0) with ExtractAarTransform
Transforming tracing-1.0.0.aar (androidx.tracing:tracing:1.0.0) with AarTransform
Transforming core-runtime-2.2.0.aar (androidx.arch.core:core-runtime:2.2.0) with JetifyTransform
Transforming core-runtime-2.2.0.aar (androidx.arch.core:core-runtime:2.2.0) with ExtractAarTransform
Transforming core-runtime-2.2.0.aar (androidx.arch.core:core-runtime:2.2.0) with AarTransform
Transforming media3-ui-1.3.1.aar (androidx.media3:media3-ui:1.3.1) with JetifyTransform
Transforming media3-ui-1.3.1.aar (androidx.media3:media3-ui:1.3.1) with ExtractAarTransform
Transforming exifinterface-1.3.6.aar (androidx.exifinterface:exifinterface:1.3.6) with JetifyTransform
Transforming exifinterface-1.3.6.aar (androidx.exifinterface:exifinterface:1.3.6) with ExtractAarTransform
Transforming exifinterface-1.3.6.aar (androidx.exifinterface:exifinterface:1.3.6) with AarTransform
Transforming constraintlayout-2.1.4.aar (androidx.constraintlayout:constraintlayout:2.1.4) with JetifyTransform
Transforming constraintlayout-2.1.4.aar (androidx.constraintlayout:constraintlayout:2.1.4) with ExtractAarTransform
Transforming constraintlayout-2.1.4.aar (androidx.constraintlayout:constraintlayout:2.1.4) with AarTransform
Transforming media3-exoplayer-hls-1.3.1.aar (androidx.media3:media3-exoplayer-hls:1.3.1) with JetifyTransform
Transforming media3-exoplayer-hls-1.3.1.aar (androidx.media3:media3-exoplayer-hls:1.3.1) with ExtractAarTransform
Transforming media3-exoplayer-hls-1.3.1.aar (androidx.media3:media3-exoplayer-hls:1.3.1) with AarTransform
Transforming media3-container-1.3.1.aar (androidx.media3:media3-container:1.3.1) with JetifyTransform
Transforming media3-container-1.3.1.aar (androidx.media3:media3-container:1.3.1) with ExtractAarTransform
Transforming media3-container-1.3.1.aar (androidx.media3:media3-container:1.3.1) with AarTransform
Transforming media3-database-1.3.1.aar (androidx.media3:media3-database:1.3.1) with JetifyTransform
Transforming media3-database-1.3.1.aar (androidx.media3:media3-database:1.3.1) with ExtractAarTransform
Transforming media3-database-1.3.1.aar (androidx.media3:media3-database:1.3.1) with AarTransform
Transforming media3-datasource-1.3.1.aar (androidx.media3:media3-datasource:1.3.1) with JetifyTransform
Transforming media3-datasource-1.3.1.aar (androidx.media3:media3-datasource:1.3.1) with ExtractAarTransform
Transforming cronet-api-72.3626.96.aar (org.chromium.net:cronet-api:72.3626.96) with JetifyTransform
Transforming media3-datasource-1.3.1.aar (androidx.media3:media3-datasource:1.3.1) with AarTransform
Transforming cronet-api-72.3626.96.aar (org.chromium.net:cronet-api:72.3626.96) with ExtractAarTransform
Transforming media3-decoder-1.3.1.aar (androidx.media3:media3-decoder:1.3.1) with JetifyTransform
Transforming cronet-api-72.3626.96.aar (org.chromium.net:cronet-api:72.3626.96) with AarTransform
Transforming media3-decoder-1.3.1.aar (androidx.media3:media3-decoder:1.3.1) with ExtractAarTransform
Transforming media3-decoder-1.3.1.aar (androidx.media3:media3-decoder:1.3.1) with AarTransform
Transforming media3-extractor-1.3.1.aar (androidx.media3:media3-extractor:1.3.1) with JetifyTransform
Transforming media3-extractor-1.3.1.aar (androidx.media3:media3-extractor:1.3.1) with ExtractAarTransform
Transforming media3-extractor-1.3.1.aar (androidx.media3:media3-extractor:1.3.1) with AarTransform
Transforming media3-exoplayer-1.3.1.aar (androidx.media3:media3-exoplayer:1.3.1) with ExtractAarTransform
Transforming media3-ui-1.3.1.aar (androidx.media3:media3-ui:1.3.1) with AarTransform
Transforming media3-exoplayer-1.3.1.aar (androidx.media3:media3-exoplayer:1.3.1) with AarTransform
Transforming viewbinding-8.4.1.aar (androidx.databinding:viewbinding:8.4.1) with JetifyTransform
Transforming viewbinding-8.4.1.aar (androidx.databinding:viewbinding:8.4.1) with ExtractAarTransform
Transforming viewbinding-8.4.1.aar (androidx.databinding:viewbinding:8.4.1) with AarTransform
Transforming material-1.12.0.aar (com.google.android.material:material:1.12.0) with JetifyTransform
Transforming material-1.12.0.aar (com.google.android.material:material:1.12.0) with ExtractAarTransform
Transforming material-1.12.0.aar (com.google.android.material:material:1.12.0) with AarTransform
Transforming constraintlayout-2.1.4.aar (androidx.constraintlayout:constraintlayout:2.1.4) with JetifyTransform
Transforming constraintlayout-2.1.4.aar (androidx.constraintlayout:constraintlayout:2.1.4) with ExtractAarTransform
Transforming constraintlayout-2.1.4.aar (androidx.constraintlayout:constraintlayout:2.1.4) with AarTransform
Transforming appcompat-resources-1.6.1.aar (androidx.appcompat:appcompat-resources:1.6.1) with JetifyTransform
Transforming appcompat-resources-1.6.1.aar (androidx.appcompat:appcompat-resources:1.6.1) with ExtractAarTransform
Transforming appcompat-resources-1.6.1.aar (androidx.appcompat:appcompat-resources:1.6.1) with AarTransform
Transforming appcompat-1.6.1.aar (androidx.appcompat:appcompat:1.6.1) with JetifyTransform
Transforming appcompat-1.6.1.aar (androidx.appcompat:appcompat:1.6.1) with ExtractAarTransform
Transforming appcompat-1.6.1.aar (androidx.appcompat:appcompat:1.6.1) with AarTransform
Transforming browser-1.8.0.aar (androidx.browser:browser:1.8.0) with JetifyTransform
Transforming browser-1.8.0.aar (androidx.browser:browser:1.8.0) with ExtractAarTransform
Transforming browser-1.8.0.aar (androidx.browser:browser:1.8.0) with AarTransform
Transforming webkit-1.11.0.aar (androidx.webkit:webkit:1.11.0) with JetifyTransform
Transforming webkit-1.11.0.aar (androidx.webkit:webkit:1.11.0) with ExtractAarTransform
Transforming webkit-1.11.0.aar (androidx.webkit:webkit:1.11.0) with AarTransform
Transforming media3-exoplayer-hls-1.3.1.aar (androidx.media3:media3-exoplayer-hls:1.3.1) with JetifyTransform
Transforming media3-exoplayer-hls-1.3.1.aar (androidx.media3:media3-exoplayer-hls:1.3.1) with ExtractAarTransform
Transforming media3-exoplayer-hls-1.3.1.aar (androidx.media3:media3-exoplayer-hls:1.3.1) with AarTransform
Transforming media3-exoplayer-1.3.1.aar (androidx.media3:media3-exoplayer:1.3.1) with JetifyTransform
Transforming media3-exoplayer-1.3.1.aar (androidx.media3:media3-exoplayer:1.3.1) with ExtractAarTransform
Transforming media3-exoplayer-1.3.1.aar (androidx.media3:media3-exoplayer:1.3.1) with AarTransform
Transforming media3-datasource-cronet-1.3.1.aar (androidx.media3:media3-datasource-cronet:1.3.1) with JetifyTransform
Transforming media3-datasource-cronet-1.3.1.aar (androidx.media3:media3-datasource-cronet:1.3.1) with ExtractAarTransform
Transforming media3-datasource-cronet-1.3.1.aar (androidx.media3:media3-datasource-cronet:1.3.1) with AarTransform
Transforming media3-session-1.3.1.aar (androidx.media3:media3-session:1.3.1) with JetifyTransform
Transforming media3-session-1.3.1.aar (androidx.media3:media3-session:1.3.1) with ExtractAarTransform
Transforming media3-session-1.3.1.aar (androidx.media3:media3-session:1.3.1) with AarTransform
Transforming media3-extractor-1.3.1.aar (androidx.media3:media3-extractor:1.3.1) with JetifyTransform
Transforming media3-extractor-1.3.1.aar (androidx.media3:media3-extractor:1.3.1) with ExtractAarTransform
Transforming media3-extractor-1.3.1.aar (androidx.media3:media3-extractor:1.3.1) with AarTransform
Transforming media3-container-1.3.1.aar (androidx.media3:media3-container:1.3.1) with JetifyTransform
Transforming media3-container-1.3.1.aar (androidx.media3:media3-container:1.3.1) with ExtractAarTransform
Transforming media3-container-1.3.1.aar (androidx.media3:media3-container:1.3.1) with AarTransform
Transforming media3-datasource-1.3.1.aar (androidx.media3:media3-datasource:1.3.1) with JetifyTransform
Transforming media3-datasource-1.3.1.aar (androidx.media3:media3-datasource:1.3.1) with ExtractAarTransform
Transforming media3-datasource-1.3.1.aar (androidx.media3:media3-datasource:1.3.1) with AarTransform
Transforming media3-decoder-1.3.1.aar (androidx.media3:media3-decoder:1.3.1) with JetifyTransform
Transforming media3-decoder-1.3.1.aar (androidx.media3:media3-decoder:1.3.1) with ExtractAarTransform
Transforming media3-decoder-1.3.1.aar (androidx.media3:media3-decoder:1.3.1) with AarTransform
Transforming media3-database-1.3.1.aar (androidx.media3:media3-database:1.3.1) with JetifyTransform
Transforming media3-database-1.3.1.aar (androidx.media3:media3-database:1.3.1) with ExtractAarTransform
Transforming media3-database-1.3.1.aar (androidx.media3:media3-database:1.3.1) with AarTransform
Transforming media3-common-1.3.1.aar (androidx.media3:media3-common:1.3.1) with JetifyTransform
Transforming media3-common-1.3.1.aar (androidx.media3:media3-common:1.3.1) with ExtractAarTransform
Transforming media3-common-1.3.1.aar (androidx.media3:media3-common:1.3.1) with AarTransform
Transforming media3-ui-1.3.1.aar (androidx.media3:media3-ui:1.3.1) with JetifyTransform
Transforming media3-ui-1.3.1.aar (androidx.media3:media3-ui:1.3.1) with ExtractAarTransform
Transforming media3-ui-1.3.1.aar (androidx.media3:media3-ui:1.3.1) with AarTransform
Transforming media-1.7.0.aar (androidx.media:media:1.7.0) with JetifyTransform
Transforming media-1.7.0.aar (androidx.media:media:1.7.0) with ExtractAarTransform
Transforming media-1.7.0.aar (androidx.media:media:1.7.0) with AarTransform
Transforming viewpager2-1.1.0-beta02.aar (androidx.viewpager2:viewpager2:1.1.0-beta02) with JetifyTransform
Transforming viewpager2-1.1.0-beta02.aar (androidx.viewpager2:viewpager2:1.1.0-beta02) with ExtractAarTransform
Transforming viewpager2-1.1.0-beta02.aar (androidx.viewpager2:viewpager2:1.1.0-beta02) with AarTransform
Transforming recyclerview-1.3.2.aar (androidx.recyclerview:recyclerview:1.3.2) with JetifyTransform
Transforming recyclerview-1.3.2.aar (androidx.recyclerview:recyclerview:1.3.2) with ExtractAarTransform
Transforming recyclerview-1.3.2.aar (androidx.recyclerview:recyclerview:1.3.2) with AarTransform
Transforming glide-4.16.0.aar (com.github.bumptech.glide:glide:4.16.0) with JetifyTransform
Transforming glide-4.16.0.aar (com.github.bumptech.glide:glide:4.16.0) with ExtractAarTransform
Transforming glide-4.16.0.aar (com.github.bumptech.glide:glide:4.16.0) with AarTransform
Transforming play-services-cronet-18.0.1.aar (com.google.android.gms:play-services-cronet:18.0.1) with JetifyTransform
Transforming play-services-cronet-18.0.1.aar (com.google.android.gms:play-services-cronet:18.0.1) with ExtractAarTransform
Transforming play-services-cronet-18.0.1.aar (com.google.android.gms:play-services-cronet:18.0.1) with AarTransform
Transforming fragment-1.3.6.aar (androidx.fragment:fragment:1.3.6) with JetifyTransform
Transforming fragment-1.3.6.aar (androidx.fragment:fragment:1.3.6) with ExtractAarTransform
Transforming fragment-1.3.6.aar (androidx.fragment:fragment:1.3.6) with AarTransform
Transforming activity-1.8.0.aar (androidx.activity:activity:1.8.0) with JetifyTransform
Transforming activity-1.8.0.aar (androidx.activity:activity:1.8.0) with ExtractAarTransform
Transforming activity-1.8.0.aar (androidx.activity:activity:1.8.0) with AarTransform
Transforming drawerlayout-1.1.1.aar (androidx.drawerlayout:drawerlayout:1.1.1) with JetifyTransform
Transforming drawerlayout-1.1.1.aar (androidx.drawerlayout:drawerlayout:1.1.1) with ExtractAarTransform
Transforming drawerlayout-1.1.1.aar (androidx.drawerlayout:drawerlayout:1.1.1) with AarTransform
Transforming coordinatorlayout-1.1.0.aar (androidx.coordinatorlayout:coordinatorlayout:1.1.0) with JetifyTransform
Transforming coordinatorlayout-1.1.0.aar (androidx.coordinatorlayout:coordinatorlayout:1.1.0) with ExtractAarTransform
Transforming coordinatorlayout-1.1.0.aar (androidx.coordinatorlayout:coordinatorlayout:1.1.0) with AarTransform
Transforming transition-1.5.0.aar (androidx.transition:transition:1.5.0) with JetifyTransform
Transforming transition-1.5.0.aar (androidx.transition:transition:1.5.0) with ExtractAarTransform
Transforming transition-1.5.0.aar (androidx.transition:transition:1.5.0) with AarTransform
Transforming dynamicanimation-1.0.0.aar (androidx.dynamicanimation:dynamicanimation:1.0.0) with JetifyTransform
Transforming dynamicanimation-1.0.0.aar (androidx.dynamicanimation:dynamicanimation:1.0.0) with ExtractAarTransform
Transforming dynamicanimation-1.0.0.aar (androidx.dynamicanimation:dynamicanimation:1.0.0) with AarTransform
Transforming vectordrawable-animated-1.1.0.aar (androidx.vectordrawable:vectordrawable-animated:1.1.0) with JetifyTransform
Transforming vectordrawable-animated-1.1.0.aar (androidx.vectordrawable:vectordrawable-animated:1.1.0) with ExtractAarTransform
Transforming vectordrawable-animated-1.1.0.aar (androidx.vectordrawable:vectordrawable-animated:1.1.0) with AarTransform
Transforming vectordrawable-1.1.0.aar (androidx.vectordrawable:vectordrawable:1.1.0) with JetifyTransform
Transforming vectordrawable-1.1.0.aar (androidx.vectordrawable:vectordrawable:1.1.0) with ExtractAarTransform
Transforming vectordrawable-1.1.0.aar (androidx.vectordrawable:vectordrawable:1.1.0) with AarTransform
Transforming viewpager-1.0.0.aar (androidx.viewpager:viewpager:1.0.0) with JetifyTransform
Transforming viewpager-1.0.0.aar (androidx.viewpager:viewpager:1.0.0) with ExtractAarTransform
Transforming viewpager-1.0.0.aar (androidx.viewpager:viewpager:1.0.0) with AarTransform
Transforming loader-1.0.0.aar (androidx.loader:loader:1.0.0) with JetifyTransform
Transforming loader-1.0.0.aar (androidx.loader:loader:1.0.0) with ExtractAarTransform
Transforming loader-1.0.0.aar (androidx.loader:loader:1.0.0) with AarTransform
Transforming customview-1.1.0.aar (androidx.customview:customview:1.1.0) with JetifyTransform
Transforming customview-1.1.0.aar (androidx.customview:customview:1.1.0) with ExtractAarTransform
Transforming emoji2-views-helper-1.2.0.aar (androidx.emoji2:emoji2-views-helper:1.2.0) with JetifyTransform
Transforming customview-1.1.0.aar (androidx.customview:customview:1.1.0) with AarTransform
Transforming core-1.13.1.aar (androidx.core:core:1.13.1) with JetifyTransform
Transforming core-1.13.1.aar (androidx.core:core:1.13.1) with ExtractAarTransform
Transforming emoji2-views-helper-1.2.0.aar (androidx.emoji2:emoji2-views-helper:1.2.0) with ExtractAarTransform
Transforming core-1.13.1.aar (androidx.core:core:1.13.1) with AarTransform
Transforming savedstate-1.2.1.aar (androidx.savedstate:savedstate:1.2.1) with JetifyTransform
Transforming emoji2-views-helper-1.2.0.aar (androidx.emoji2:emoji2-views-helper:1.2.0) with AarTransform
Transforming savedstate-1.2.1.aar (androidx.savedstate:savedstate:1.2.1) with ExtractAarTransform
Transforming savedstate-1.2.1.aar (androidx.savedstate:savedstate:1.2.1) with AarTransform
Transforming lifecycle-livedata-core-ktx-2.8.2.aar (androidx.lifecycle:lifecycle-livedata-core-ktx:2.8.2) with JetifyTransform
Transforming lifecycle-livedata-core-ktx-2.8.2.aar (androidx.lifecycle:lifecycle-livedata-core-ktx:2.8.2) with ExtractAarTransform
Transforming lifecycle-livedata-core-ktx-2.8.2.aar (androidx.lifecycle:lifecycle-livedata-core-ktx:2.8.2) with AarTransform
Transforming lifecycle-viewmodel-release.aar (androidx.lifecycle:lifecycle-viewmodel-android:2.8.2) with JetifyTransform
Transforming lifecycle-viewmodel-release.aar (androidx.lifecycle:lifecycle-viewmodel-android:2.8.2) with ExtractAarTransform
Transforming lifecycle-viewmodel-release.aar (androidx.lifecycle:lifecycle-viewmodel-android:2.8.2) with AarTransform
Transforming lifecycle-runtime-release.aar (androidx.lifecycle:lifecycle-runtime-android:2.8.2) with JetifyTransform
Transforming emoji2-1.2.0.aar (androidx.emoji2:emoji2:1.2.0) with JetifyTransform
Transforming emoji2-1.2.0.aar (androidx.emoji2:emoji2:1.2.0) with ExtractAarTransform
Transforming lifecycle-runtime-release.aar (androidx.lifecycle:lifecycle-runtime-android:2.8.2) with ExtractAarTransform
Transforming lifecycle-runtime-release.aar (androidx.lifecycle:lifecycle-runtime-android:2.8.2) with AarTransform
Transforming customview-poolingcontainer-1.0.0.aar (androidx.customview:customview-poolingcontainer:1.0.0) with JetifyTransform
Transforming lifecycle-livedata-core-2.8.2.aar (androidx.lifecycle:lifecycle-livedata-core:2.8.2) with JetifyTransform
Transforming lifecycle-livedata-core-2.8.2.aar (androidx.lifecycle:lifecycle-livedata-core:2.8.2) with ExtractAarTransform
Transforming lifecycle-livedata-core-2.8.2.aar (androidx.lifecycle:lifecycle-livedata-core:2.8.2) with AarTransform
Transforming emoji2-1.2.0.aar (androidx.emoji2:emoji2:1.2.0) with AarTransform
Transforming lifecycle-runtime-ktx-release.aar (androidx.lifecycle:lifecycle-runtime-ktx-android:2.8.2) with JetifyTransform
Transforming lifecycle-runtime-ktx-release.aar (androidx.lifecycle:lifecycle-runtime-ktx-android:2.8.2) with ExtractAarTransform
Transforming lifecycle-runtime-ktx-release.aar (androidx.lifecycle:lifecycle-runtime-ktx-android:2.8.2) with AarTransform
Transforming lifecycle-viewmodel-savedstate-2.8.2.aar (androidx.lifecycle:lifecycle-viewmodel-savedstate:2.8.2) with JetifyTransform
Transforming customview-poolingcontainer-1.0.0.aar (androidx.customview:customview-poolingcontainer:1.0.0) with ExtractAarTransform
Transforming lifecycle-viewmodel-savedstate-2.8.2.aar (androidx.lifecycle:lifecycle-viewmodel-savedstate:2.8.2) with ExtractAarTransform
Transforming lifecycle-viewmodel-savedstate-2.8.2.aar (androidx.lifecycle:lifecycle-viewmodel-savedstate:2.8.2) with AarTransform
Transforming core-ktx-1.13.1.aar (androidx.core:core-ktx:1.13.1) with JetifyTransform
Transforming core-ktx-1.13.1.aar (androidx.core:core-ktx:1.13.1) with ExtractAarTransform
Transforming core-ktx-1.13.1.aar (androidx.core:core-ktx:1.13.1) with AarTransform
Transforming room-runtime-2.6.1.aar (androidx.room:room-runtime:2.6.1) with JetifyTransform
Transforming room-runtime-2.6.1.aar (androidx.room:room-runtime:2.6.1) with ExtractAarTransform
Transforming room-runtime-2.6.1.aar (androidx.room:room-runtime:2.6.1) with AarTransform
Transforming room-ktx-2.6.1.aar (androidx.room:room-ktx:2.6.1) with JetifyTransform
Transforming room-ktx-2.6.1.aar (androidx.room:room-ktx:2.6.1) with ExtractAarTransform
Transforming room-ktx-2.6.1.aar (androidx.room:room-ktx:2.6.1) with AarTransform
Transforming annotation-experimental-1.4.0.aar (androidx.annotation:annotation-experimental:1.4.0) with JetifyTransform
Transforming annotation-experimental-1.4.0.aar (androidx.annotation:annotation-experimental:1.4.0) with ExtractAarTransform
Transforming annotation-experimental-1.4.0.aar (androidx.annotation:annotation-experimental:1.4.0) with AarTransform
Transforming lifecycle-process-2.8.2.aar (androidx.lifecycle:lifecycle-process:2.8.2) with JetifyTransform
Transforming sqlite-framework-2.4.0.aar (androidx.sqlite:sqlite-framework:2.4.0) with JetifyTransform
Transforming sqlite-framework-2.4.0.aar (androidx.sqlite:sqlite-framework:2.4.0) with ExtractAarTransform
Transforming sqlite-framework-2.4.0.aar (androidx.sqlite:sqlite-framework:2.4.0) with AarTransform
Transforming sqlite-2.4.0.aar (androidx.sqlite:sqlite:2.4.0) with JetifyTransform
Transforming lifecycle-process-2.8.2.aar (androidx.lifecycle:lifecycle-process:2.8.2) with ExtractAarTransform
Transforming sqlite-2.4.0.aar (androidx.sqlite:sqlite:2.4.0) with ExtractAarTransform
Transforming sqlite-2.4.0.aar (androidx.sqlite:sqlite:2.4.0) with AarTransform
Transforming localbroadcastmanager-1.1.0.aar (androidx.localbroadcastmanager:localbroadcastmanager:1.1.0) with JetifyTransform
Transforming localbroadcastmanager-1.1.0.aar (androidx.localbroadcastmanager:localbroadcastmanager:1.1.0) with ExtractAarTransform
Transforming customview-poolingcontainer-1.0.0.aar (androidx.customview:customview-poolingcontainer:1.0.0) with AarTransform
Transforming localbroadcastmanager-1.1.0.aar (androidx.localbroadcastmanager:localbroadcastmanager:1.1.0) with AarTransform
Transforming interpolator-1.0.0.aar (androidx.interpolator:interpolator:1.0.0) with JetifyTransform
Transforming interpolator-1.0.0.aar (androidx.interpolator:interpolator:1.0.0) with ExtractAarTransform
Transforming interpolator-1.0.0.aar (androidx.interpolator:interpolator:1.0.0) with AarTransform
Transforming cursoradapter-1.0.0.aar (androidx.cursoradapter:cursoradapter:1.0.0) with JetifyTransform
Transforming cursoradapter-1.0.0.aar (androidx.cursoradapter:cursoradapter:1.0.0) with ExtractAarTransform
Transforming cursoradapter-1.0.0.aar (androidx.cursoradapter:cursoradapter:1.0.0) with AarTransform
Transforming cardview-1.0.0.aar (androidx.cardview:cardview:1.0.0) with JetifyTransform
Transforming cardview-1.0.0.aar (androidx.cardview:cardview:1.0.0) with ExtractAarTransform
Transforming cardview-1.0.0.aar (androidx.cardview:cardview:1.0.0) with AarTransform
Transforming versionedparcelable-1.1.1.aar (androidx.versionedparcelable:versionedparcelable:1.1.1) with JetifyTransform
Transforming versionedparcelable-1.1.1.aar (androidx.versionedparcelable:versionedparcelable:1.1.1) with ExtractAarTransform
Transforming versionedparcelable-1.1.1.aar (androidx.versionedparcelable:versionedparcelable:1.1.1) with AarTransform
Transforming exifinterface-1.3.6.aar (androidx.exifinterface:exifinterface:1.3.6) with JetifyTransform
Transforming exifinterface-1.3.6.aar (androidx.exifinterface:exifinterface:1.3.6) with ExtractAarTransform
Transforming exifinterface-1.3.6.aar (androidx.exifinterface:exifinterface:1.3.6) with AarTransform
Transforming core-runtime-2.2.0.aar (androidx.arch.core:core-runtime:2.2.0) with JetifyTransform
Transforming core-runtime-2.2.0.aar (androidx.arch.core:core-runtime:2.2.0) with ExtractAarTransform
Transforming core-runtime-2.2.0.aar (androidx.arch.core:core-runtime:2.2.0) with AarTransform
Transforming gifdecoder-4.16.0.aar (com.github.bumptech.glide:gifdecoder:4.16.0) with JetifyTransform
Transforming gifdecoder-4.16.0.aar (com.github.bumptech.glide:gifdecoder:4.16.0) with ExtractAarTransform
Transforming gifdecoder-4.16.0.aar (com.github.bumptech.glide:gifdecoder:4.16.0) with AarTransform
Transforming lifecycle-process-2.8.2.aar (androidx.lifecycle:lifecycle-process:2.8.2) with AarTransform
Transforming tracing-1.0.0.aar (androidx.tracing:tracing:1.0.0) with JetifyTransform
Transforming tracing-1.0.0.aar (androidx.tracing:tracing:1.0.0) with ExtractAarTransform
Transforming tracing-1.0.0.aar (androidx.tracing:tracing:1.0.0) with AarTransform
Transforming profileinstaller-1.3.1.aar (androidx.profileinstaller:profileinstaller:1.3.1) with JetifyTransform
Transforming profileinstaller-1.3.1.aar (androidx.profileinstaller:profileinstaller:1.3.1) with ExtractAarTransform
Transforming profileinstaller-1.3.1.aar (androidx.profileinstaller:profileinstaller:1.3.1) with AarTransform
Transforming startup-runtime-1.1.1.aar (androidx.startup:startup-runtime:1.1.1) with JetifyTransform
Transforming startup-runtime-1.1.1.aar (androidx.startup:startup-runtime:1.1.1) with ExtractAarTransform
Transforming startup-runtime-1.1.1.aar (androidx.startup:startup-runtime:1.1.1) with AarTransform
Caching disabled for task ':app:dataBindingMergeDependencyArtifactsDebug' because:
  Build cache is disabled
Skipping task ':app:dataBindingMergeDependencyArtifactsDebug' as it is up-to-date.
Resolve mutations for :app:generateDebugResValues (Thread[included builds,5,main]) started.
:app:generateDebugResValues (Thread[included builds,5,main]) started.

> Task :app:generateDebugResValues UP-TO-DATE
Caching disabled for task ':app:generateDebugResValues' because:
  Build cache is disabled
Skipping task ':app:generateDebugResValues' as it is up-to-date.
Resolve mutations for :app:generateDebugResources (Thread[included builds,5,main]) started.
:app:generateDebugResources (Thread[included builds,5,main]) started.

> Task :app:generateDebugResources UP-TO-DATE
Caching disabled for task ':app:generateDebugResources' because:
  Build cache is disabled
Skipping task ':app:generateDebugResources' as it is up-to-date.
Resolve mutations for :app:mergeDebugResources (Thread[Execution worker Thread 5,5,main]) started.
:app:mergeDebugResources (Thread[Execution worker Thread 5,5,main]) started.

> Task :app:mergeDebugResources UP-TO-DATE
Transforming viewbinding-8.4.1.aar (androidx.databinding:viewbinding:8.4.1) with JetifyTransform
Transforming viewbinding-8.4.1.aar (androidx.databinding:viewbinding:8.4.1) with ExtractAarTransform
Transforming viewbinding-8.4.1.aar (androidx.databinding:viewbinding:8.4.1) with AarTransform
Transforming material-1.12.0.aar (com.google.android.material:material:1.12.0) with JetifyTransform
Transforming material-1.12.0.aar (com.google.android.material:material:1.12.0) with ExtractAarTransform
Transforming material-1.12.0.aar (com.google.android.material:material:1.12.0) with AarTransform
Transforming constraintlayout-2.1.4.aar (androidx.constraintlayout:constraintlayout:2.1.4) with JetifyTransform
Transforming constraintlayout-2.1.4.aar (androidx.constraintlayout:constraintlayout:2.1.4) with ExtractAarTransform
Transforming constraintlayout-2.1.4.aar (androidx.constraintlayout:constraintlayout:2.1.4) with AarTransform
Transforming appcompat-resources-1.6.1.aar (androidx.appcompat:appcompat-resources:1.6.1) with JetifyTransform
Transforming appcompat-resources-1.6.1.aar (androidx.appcompat:appcompat-resources:1.6.1) with ExtractAarTransform
Transforming appcompat-resources-1.6.1.aar (androidx.appcompat:appcompat-resources:1.6.1) with AarTransform
Transforming appcompat-1.6.1.aar (androidx.appcompat:appcompat:1.6.1) with JetifyTransform
Transforming appcompat-1.6.1.aar (androidx.appcompat:appcompat:1.6.1) with ExtractAarTransform
Transforming appcompat-1.6.1.aar (androidx.appcompat:appcompat:1.6.1) with AarTransform
Transforming browser-1.8.0.aar (androidx.browser:browser:1.8.0) with JetifyTransform
Transforming browser-1.8.0.aar (androidx.browser:browser:1.8.0) with ExtractAarTransform
Transforming browser-1.8.0.aar (androidx.browser:browser:1.8.0) with AarTransform
Transforming webkit-1.11.0.aar (androidx.webkit:webkit:1.11.0) with JetifyTransform
Transforming webkit-1.11.0.aar (androidx.webkit:webkit:1.11.0) with ExtractAarTransform
Transforming webkit-1.11.0.aar (androidx.webkit:webkit:1.11.0) with AarTransform
Transforming media3-exoplayer-hls-1.3.1.aar (androidx.media3:media3-exoplayer-hls:1.3.1) with JetifyTransform
Transforming media3-exoplayer-hls-1.3.1.aar (androidx.media3:media3-exoplayer-hls:1.3.1) with ExtractAarTransform
Transforming media3-exoplayer-hls-1.3.1.aar (androidx.media3:media3-exoplayer-hls:1.3.1) with AarTransform
Transforming media3-exoplayer-1.3.1.aar (androidx.media3:media3-exoplayer:1.3.1) with JetifyTransform
Transforming media3-exoplayer-1.3.1.aar (androidx.media3:media3-exoplayer:1.3.1) with ExtractAarTransform
Transforming media3-exoplayer-1.3.1.aar (androidx.media3:media3-exoplayer:1.3.1) with AarTransform
Transforming media3-datasource-cronet-1.3.1.aar (androidx.media3:media3-datasource-cronet:1.3.1) with JetifyTransform
Transforming media3-datasource-cronet-1.3.1.aar (androidx.media3:media3-datasource-cronet:1.3.1) with ExtractAarTransform
Transforming media3-datasource-cronet-1.3.1.aar (androidx.media3:media3-datasource-cronet:1.3.1) with AarTransform
Transforming media3-session-1.3.1.aar (androidx.media3:media3-session:1.3.1) with JetifyTransform
Transforming media3-session-1.3.1.aar (androidx.media3:media3-session:1.3.1) with ExtractAarTransform
Transforming media3-session-1.3.1.aar (androidx.media3:media3-session:1.3.1) with AarTransform
Transforming media3-extractor-1.3.1.aar (androidx.media3:media3-extractor:1.3.1) with JetifyTransform
Transforming media3-extractor-1.3.1.aar (androidx.media3:media3-extractor:1.3.1) with ExtractAarTransform
Transforming media3-extractor-1.3.1.aar (androidx.media3:media3-extractor:1.3.1) with AarTransform
Transforming media3-container-1.3.1.aar (androidx.media3:media3-container:1.3.1) with JetifyTransform
Transforming media3-container-1.3.1.aar (androidx.media3:media3-container:1.3.1) with ExtractAarTransform
Transforming media3-container-1.3.1.aar (androidx.media3:media3-container:1.3.1) with AarTransform
Transforming media3-datasource-1.3.1.aar (androidx.media3:media3-datasource:1.3.1) with JetifyTransform
Transforming media3-datasource-1.3.1.aar (androidx.media3:media3-datasource:1.3.1) with ExtractAarTransform
Transforming media3-datasource-1.3.1.aar (androidx.media3:media3-datasource:1.3.1) with AarTransform
Transforming media3-decoder-1.3.1.aar (androidx.media3:media3-decoder:1.3.1) with JetifyTransform
Transforming media3-decoder-1.3.1.aar (androidx.media3:media3-decoder:1.3.1) with ExtractAarTransform
Transforming media3-decoder-1.3.1.aar (androidx.media3:media3-decoder:1.3.1) with AarTransform
Transforming media3-database-1.3.1.aar (androidx.media3:media3-database:1.3.1) with JetifyTransform
Transforming media3-database-1.3.1.aar (androidx.media3:media3-database:1.3.1) with ExtractAarTransform
Transforming media3-database-1.3.1.aar (androidx.media3:media3-database:1.3.1) with AarTransform
Transforming media3-common-1.3.1.aar (androidx.media3:media3-common:1.3.1) with JetifyTransform
Transforming media3-common-1.3.1.aar (androidx.media3:media3-common:1.3.1) with ExtractAarTransform
Transforming media3-common-1.3.1.aar (androidx.media3:media3-common:1.3.1) with AarTransform
Transforming media3-ui-1.3.1.aar (androidx.media3:media3-ui:1.3.1) with JetifyTransform
Transforming media3-ui-1.3.1.aar (androidx.media3:media3-ui:1.3.1) with ExtractAarTransform
Transforming media3-ui-1.3.1.aar (androidx.media3:media3-ui:1.3.1) with AarTransform
Transforming media-1.7.0.aar (androidx.media:media:1.7.0) with JetifyTransform
Transforming media-1.7.0.aar (androidx.media:media:1.7.0) with ExtractAarTransform
Transforming media-1.7.0.aar (androidx.media:media:1.7.0) with AarTransform
Transforming viewpager2-1.1.0-beta02.aar (androidx.viewpager2:viewpager2:1.1.0-beta02) with JetifyTransform
Transforming viewpager2-1.1.0-beta02.aar (androidx.viewpager2:viewpager2:1.1.0-beta02) with ExtractAarTransform
Transforming viewpager2-1.1.0-beta02.aar (androidx.viewpager2:viewpager2:1.1.0-beta02) with AarTransform
Transforming recyclerview-1.3.2.aar (androidx.recyclerview:recyclerview:1.3.2) with JetifyTransform
Transforming recyclerview-1.3.2.aar (androidx.recyclerview:recyclerview:1.3.2) with ExtractAarTransform
Transforming recyclerview-1.3.2.aar (androidx.recyclerview:recyclerview:1.3.2) with AarTransform
Transforming emoji2-views-helper-1.2.0.aar (androidx.emoji2:emoji2-views-helper:1.2.0) with JetifyTransform
Transforming emoji2-views-helper-1.2.0.aar (androidx.emoji2:emoji2-views-helper:1.2.0) with ExtractAarTransform
Transforming emoji2-views-helper-1.2.0.aar (androidx.emoji2:emoji2-views-helper:1.2.0) with AarTransform
Transforming emoji2-1.2.0.aar (androidx.emoji2:emoji2:1.2.0) with JetifyTransform
Transforming emoji2-1.2.0.aar (androidx.emoji2:emoji2:1.2.0) with ExtractAarTransform
Transforming emoji2-1.2.0.aar (androidx.emoji2:emoji2:1.2.0) with AarTransform
Transforming glide-4.16.0.aar (com.github.bumptech.glide:glide:4.16.0) with JetifyTransform
Transforming glide-4.16.0.aar (com.github.bumptech.glide:glide:4.16.0) with ExtractAarTransform
Transforming glide-4.16.0.aar (com.github.bumptech.glide:glide:4.16.0) with AarTransform
Transforming play-services-cronet-18.0.1.aar (com.google.android.gms:play-services-cronet:18.0.1) with JetifyTransform
Transforming play-services-cronet-18.0.1.aar (com.google.android.gms:play-services-cronet:18.0.1) with ExtractAarTransform
Transforming play-services-cronet-18.0.1.aar (com.google.android.gms:play-services-cronet:18.0.1) with AarTransform
Transforming play-services-base-18.0.1.aar (com.google.android.gms:play-services-base:18.0.1) with JetifyTransform
Transforming play-services-base-18.0.1.aar (com.google.android.gms:play-services-base:18.0.1) with ExtractAarTransform
Transforming play-services-base-18.0.1.aar (com.google.android.gms:play-services-base:18.0.1) with AarTransform
Transforming play-services-tasks-18.0.1.aar (com.google.android.gms:play-services-tasks:18.0.1) with JetifyTransform
Transforming play-services-tasks-18.0.1.aar (com.google.android.gms:play-services-tasks:18.0.1) with ExtractAarTransform
Transforming play-services-tasks-18.0.1.aar (com.google.android.gms:play-services-tasks:18.0.1) with AarTransform
Transforming play-services-basement-18.0.0.aar (com.google.android.gms:play-services-basement:18.0.0) with JetifyTransform
Transforming play-services-basement-18.0.0.aar (com.google.android.gms:play-services-basement:18.0.0) with ExtractAarTransform
Transforming play-services-basement-18.0.0.aar (com.google.android.gms:play-services-basement:18.0.0) with AarTransform
Transforming fragment-1.3.6.aar (androidx.fragment:fragment:1.3.6) with JetifyTransform
Transforming fragment-1.3.6.aar (androidx.fragment:fragment:1.3.6) with ExtractAarTransform
Transforming fragment-1.3.6.aar (androidx.fragment:fragment:1.3.6) with AarTransform
Transforming fragment-1.3.6.aar (androidx.fragment:fragment:1.3.6) with JetifyTransform
Transforming fragment-1.3.6.aar (androidx.fragment:fragment:1.3.6) with ExtractAarTransform
Transforming fragment-1.3.6.aar (androidx.fragment:fragment:1.3.6) with AarTransform
Transforming activity-1.8.0.aar (androidx.activity:activity:1.8.0) with JetifyTransform
Transforming activity-1.8.0.aar (androidx.activity:activity:1.8.0) with ExtractAarTransform
Transforming activity-1.8.0.aar (androidx.activity:activity:1.8.0) with AarTransform
Transforming drawerlayout-1.1.1.aar (androidx.drawerlayout:drawerlayout:1.1.1) with JetifyTransform
Transforming drawerlayout-1.1.1.aar (androidx.drawerlayout:drawerlayout:1.1.1) with ExtractAarTransform
Transforming drawerlayout-1.1.1.aar (androidx.drawerlayout:drawerlayout:1.1.1) with AarTransform
Transforming coordinatorlayout-1.1.0.aar (androidx.coordinatorlayout:coordinatorlayout:1.1.0) with JetifyTransform
Transforming coordinatorlayout-1.1.0.aar (androidx.coordinatorlayout:coordinatorlayout:1.1.0) with ExtractAarTransform
Transforming coordinatorlayout-1.1.0.aar (androidx.coordinatorlayout:coordinatorlayout:1.1.0) with AarTransform
Transforming transition-1.5.0.aar (androidx.transition:transition:1.5.0) with JetifyTransform
Transforming transition-1.5.0.aar (androidx.transition:transition:1.5.0) with ExtractAarTransform
Transforming transition-1.5.0.aar (androidx.transition:transition:1.5.0) with AarTransform
Transforming dynamicanimation-1.0.0.aar (androidx.dynamicanimation:dynamicanimation:1.0.0) with JetifyTransform
Transforming dynamicanimation-1.0.0.aar (androidx.dynamicanimation:dynamicanimation:1.0.0) with ExtractAarTransform
Transforming dynamicanimation-1.0.0.aar (androidx.dynamicanimation:dynamicanimation:1.0.0) with AarTransform
Transforming vectordrawable-animated-1.1.0.aar (androidx.vectordrawable:vectordrawable-animated:1.1.0) with JetifyTransform
Transforming vectordrawable-animated-1.1.0.aar (androidx.vectordrawable:vectordrawable-animated:1.1.0) with ExtractAarTransform
Transforming vectordrawable-animated-1.1.0.aar (androidx.vectordrawable:vectordrawable-animated:1.1.0) with AarTransform
Transforming vectordrawable-1.1.0.aar (androidx.vectordrawable:vectordrawable:1.1.0) with JetifyTransform
Transforming vectordrawable-1.1.0.aar (androidx.vectordrawable:vectordrawable:1.1.0) with ExtractAarTransform
Transforming vectordrawable-1.1.0.aar (androidx.vectordrawable:vectordrawable:1.1.0) with AarTransform
Transforming vectordrawable-1.1.0.aar (androidx.vectordrawable:vectordrawable:1.1.0) with JetifyTransform
Transforming vectordrawable-1.1.0.aar (androidx.vectordrawable:vectordrawable:1.1.0) with ExtractAarTransform
Transforming vectordrawable-1.1.0.aar (androidx.vectordrawable:vectordrawable:1.1.0) with AarTransform
Transforming viewpager-1.0.0.aar (androidx.viewpager:viewpager:1.0.0) with JetifyTransform
Transforming viewpager-1.0.0.aar (androidx.viewpager:viewpager:1.0.0) with ExtractAarTransform
Transforming viewpager-1.0.0.aar (androidx.viewpager:viewpager:1.0.0) with AarTransform
Transforming legacy-support-core-utils-1.0.0.aar (androidx.legacy:legacy-support-core-utils:1.0.0) with JetifyTransform
Transforming legacy-support-core-utils-1.0.0.aar (androidx.legacy:legacy-support-core-utils:1.0.0) with ExtractAarTransform
Transforming legacy-support-core-utils-1.0.0.aar (androidx.legacy:legacy-support-core-utils:1.0.0) with AarTransform
Transforming loader-1.0.0.aar (androidx.loader:loader:1.0.0) with JetifyTransform
Transforming loader-1.0.0.aar (androidx.loader:loader:1.0.0) with ExtractAarTransform
Transforming loader-1.0.0.aar (androidx.loader:loader:1.0.0) with AarTransform
Transforming loader-1.0.0.aar (androidx.loader:loader:1.0.0) with JetifyTransform
Transforming loader-1.0.0.aar (androidx.loader:loader:1.0.0) with ExtractAarTransform
Transforming loader-1.0.0.aar (androidx.loader:loader:1.0.0) with AarTransform
Transforming customview-1.1.0.aar (androidx.customview:customview:1.1.0) with JetifyTransform
Transforming customview-1.1.0.aar (androidx.customview:customview:1.1.0) with ExtractAarTransform
Transforming customview-1.1.0.aar (androidx.customview:customview:1.1.0) with AarTransform
Transforming customview-1.1.0.aar (androidx.customview:customview:1.1.0) with JetifyTransform
Transforming customview-1.1.0.aar (androidx.customview:customview:1.1.0) with ExtractAarTransform
Transforming customview-1.1.0.aar (androidx.customview:customview:1.1.0) with AarTransform
Transforming core-1.13.1.aar (androidx.core:core:1.13.1) with JetifyTransform
Transforming core-1.13.1.aar (androidx.core:core:1.13.1) with ExtractAarTransform
Transforming core-1.13.1.aar (androidx.core:core:1.13.1) with AarTransform
Transforming core-1.13.1.aar (androidx.core:core:1.13.1) with JetifyTransform
Transforming core-1.13.1.aar (androidx.core:core:1.13.1) with ExtractAarTransform
Transforming core-1.13.1.aar (androidx.core:core:1.13.1) with AarTransform
Transforming customview-poolingcontainer-1.0.0.aar (androidx.customview:customview-poolingcontainer:1.0.0) with JetifyTransform
Transforming customview-poolingcontainer-1.0.0.aar (androidx.customview:customview-poolingcontainer:1.0.0) with ExtractAarTransform
Transforming customview-poolingcontainer-1.0.0.aar (androidx.customview:customview-poolingcontainer:1.0.0) with AarTransform
Transforming savedstate-1.2.1.aar (androidx.savedstate:savedstate:1.2.1) with JetifyTransform
Transforming savedstate-1.2.1.aar (androidx.savedstate:savedstate:1.2.1) with ExtractAarTransform
Transforming savedstate-1.2.1.aar (androidx.savedstate:savedstate:1.2.1) with AarTransform
Transforming lifecycle-livedata-core-ktx-2.8.2.aar (androidx.lifecycle:lifecycle-livedata-core-ktx:2.8.2) with JetifyTransform
Transforming lifecycle-livedata-core-ktx-2.8.2.aar (androidx.lifecycle:lifecycle-livedata-core-ktx:2.8.2) with ExtractAarTransform
Transforming lifecycle-livedata-core-ktx-2.8.2.aar (androidx.lifecycle:lifecycle-livedata-core-ktx:2.8.2) with AarTransform
Transforming lifecycle-viewmodel-2.8.2.aar (androidx.lifecycle:lifecycle-viewmodel:2.8.2) with JetifyTransform
Transforming lifecycle-viewmodel-2.8.2.aar (androidx.lifecycle:lifecycle-viewmodel:2.8.2) with ExtractAarTransform
Transforming lifecycle-viewmodel-2.8.2.aar (androidx.lifecycle:lifecycle-viewmodel:2.8.2) with AarTransform
Transforming lifecycle-viewmodel-release.aar (androidx.lifecycle:lifecycle-viewmodel-android:2.8.2) with JetifyTransform
Transforming lifecycle-viewmodel-release.aar (androidx.lifecycle:lifecycle-viewmodel-android:2.8.2) with ExtractAarTransform
Transforming lifecycle-viewmodel-release.aar (androidx.lifecycle:lifecycle-viewmodel-android:2.8.2) with AarTransform
Transforming lifecycle-runtime-release.aar (androidx.lifecycle:lifecycle-runtime-android:2.8.2) with JetifyTransform
Transforming lifecycle-runtime-release.aar (androidx.lifecycle:lifecycle-runtime-android:2.8.2) with ExtractAarTransform
Transforming lifecycle-runtime-release.aar (androidx.lifecycle:lifecycle-runtime-android:2.8.2) with AarTransform
Transforming lifecycle-livedata-2.8.2.aar (androidx.lifecycle:lifecycle-livedata:2.8.2) with JetifyTransform
Transforming lifecycle-livedata-2.8.2.aar (androidx.lifecycle:lifecycle-livedata:2.8.2) with ExtractAarTransform
Transforming lifecycle-livedata-2.8.2.aar (androidx.lifecycle:lifecycle-livedata:2.8.2) with AarTransform
Transforming lifecycle-process-2.8.2.aar (androidx.lifecycle:lifecycle-process:2.8.2) with JetifyTransform
Transforming lifecycle-process-2.8.2.aar (androidx.lifecycle:lifecycle-process:2.8.2) with ExtractAarTransform
Transforming lifecycle-process-2.8.2.aar (androidx.lifecycle:lifecycle-process:2.8.2) with AarTransform
Transforming lifecycle-livedata-core-2.8.2.aar (androidx.lifecycle:lifecycle-livedata-core:2.8.2) with JetifyTransform
Transforming lifecycle-livedata-core-2.8.2.aar (androidx.lifecycle:lifecycle-livedata-core:2.8.2) with ExtractAarTransform
Transforming lifecycle-livedata-core-2.8.2.aar (androidx.lifecycle:lifecycle-livedata-core:2.8.2) with AarTransform
Transforming lifecycle-runtime-ktx-release.aar (androidx.lifecycle:lifecycle-runtime-ktx-android:2.8.2) with JetifyTransform
Transforming lifecycle-runtime-ktx-release.aar (androidx.lifecycle:lifecycle-runtime-ktx-android:2.8.2) with ExtractAarTransform
Transforming lifecycle-runtime-ktx-release.aar (androidx.lifecycle:lifecycle-runtime-ktx-android:2.8.2) with AarTransform
Transforming lifecycle-viewmodel-savedstate-2.8.2.aar (androidx.lifecycle:lifecycle-viewmodel-savedstate:2.8.2) with JetifyTransform
Transforming lifecycle-viewmodel-savedstate-2.8.2.aar (androidx.lifecycle:lifecycle-viewmodel-savedstate:2.8.2) with ExtractAarTransform
Transforming lifecycle-viewmodel-savedstate-2.8.2.aar (androidx.lifecycle:lifecycle-viewmodel-savedstate:2.8.2) with AarTransform
Transforming core-ktx-1.13.1.aar (androidx.core:core-ktx:1.13.1) with JetifyTransform
Transforming core-ktx-1.13.1.aar (androidx.core:core-ktx:1.13.1) with ExtractAarTransform
Transforming core-ktx-1.13.1.aar (androidx.core:core-ktx:1.13.1) with AarTransform
Transforming room-runtime-2.6.1.aar (androidx.room:room-runtime:2.6.1) with JetifyTransform
Transforming room-runtime-2.6.1.aar (androidx.room:room-runtime:2.6.1) with ExtractAarTransform
Transforming room-runtime-2.6.1.aar (androidx.room:room-runtime:2.6.1) with AarTransform
Transforming room-ktx-2.6.1.aar (androidx.room:room-ktx:2.6.1) with JetifyTransform
Transforming room-ktx-2.6.1.aar (androidx.room:room-ktx:2.6.1) with ExtractAarTransform
Transforming room-ktx-2.6.1.aar (androidx.room:room-ktx:2.6.1) with AarTransform
Transforming annotation-experimental-1.4.0.aar (androidx.annotation:annotation-experimental:1.4.0) with JetifyTransform
Transforming annotation-experimental-1.4.0.aar (androidx.annotation:annotation-experimental:1.4.0) with ExtractAarTransform
Transforming annotation-experimental-1.4.0.aar (androidx.annotation:annotation-experimental:1.4.0) with AarTransform
Transforming sqlite-framework-2.4.0.aar (androidx.sqlite:sqlite-framework:2.4.0) with JetifyTransform
Transforming sqlite-framework-2.4.0.aar (androidx.sqlite:sqlite-framework:2.4.0) with ExtractAarTransform
Transforming sqlite-framework-2.4.0.aar (androidx.sqlite:sqlite-framework:2.4.0) with AarTransform
Transforming sqlite-2.4.0.aar (androidx.sqlite:sqlite:2.4.0) with JetifyTransform
Transforming sqlite-2.4.0.aar (androidx.sqlite:sqlite:2.4.0) with ExtractAarTransform
Transforming sqlite-2.4.0.aar (androidx.sqlite:sqlite:2.4.0) with AarTransform
Transforming localbroadcastmanager-1.1.0.aar (androidx.localbroadcastmanager:localbroadcastmanager:1.1.0) with JetifyTransform
Transforming localbroadcastmanager-1.1.0.aar (androidx.localbroadcastmanager:localbroadcastmanager:1.1.0) with ExtractAarTransform
Transforming localbroadcastmanager-1.1.0.aar (androidx.localbroadcastmanager:localbroadcastmanager:1.1.0) with AarTransform
Transforming localbroadcastmanager-1.1.0.aar (androidx.localbroadcastmanager:localbroadcastmanager:1.1.0) with JetifyTransform
Transforming localbroadcastmanager-1.1.0.aar (androidx.localbroadcastmanager:localbroadcastmanager:1.1.0) with ExtractAarTransform
Transforming localbroadcastmanager-1.1.0.aar (androidx.localbroadcastmanager:localbroadcastmanager:1.1.0) with AarTransform
Transforming interpolator-1.0.0.aar (androidx.interpolator:interpolator:1.0.0) with JetifyTransform
Transforming interpolator-1.0.0.aar (androidx.interpolator:interpolator:1.0.0) with ExtractAarTransform
Transforming interpolator-1.0.0.aar (androidx.interpolator:interpolator:1.0.0) with AarTransform
Transforming interpolator-1.0.0.aar (androidx.interpolator:interpolator:1.0.0) with JetifyTransform
Transforming interpolator-1.0.0.aar (androidx.interpolator:interpolator:1.0.0) with ExtractAarTransform
Transforming interpolator-1.0.0.aar (androidx.interpolator:interpolator:1.0.0) with AarTransform
Transforming cursoradapter-1.0.0.aar (androidx.cursoradapter:cursoradapter:1.0.0) with JetifyTransform
Transforming cursoradapter-1.0.0.aar (androidx.cursoradapter:cursoradapter:1.0.0) with ExtractAarTransform
Transforming cursoradapter-1.0.0.aar (androidx.cursoradapter:cursoradapter:1.0.0) with AarTransform
Transforming cardview-1.0.0.aar (androidx.cardview:cardview:1.0.0) with JetifyTransform
Transforming cardview-1.0.0.aar (androidx.cardview:cardview:1.0.0) with ExtractAarTransform
Transforming cardview-1.0.0.aar (androidx.cardview:cardview:1.0.0) with AarTransform
Transforming versionedparcelable-1.1.1.aar (androidx.versionedparcelable:versionedparcelable:1.1.1) with JetifyTransform
Transforming versionedparcelable-1.1.1.aar (androidx.versionedparcelable:versionedparcelable:1.1.1) with ExtractAarTransform
Transforming versionedparcelable-1.1.1.aar (androidx.versionedparcelable:versionedparcelable:1.1.1) with AarTransform
Transforming exifinterface-1.3.6.aar (androidx.exifinterface:exifinterface:1.3.6) with JetifyTransform
Transforming exifinterface-1.3.6.aar (androidx.exifinterface:exifinterface:1.3.6) with ExtractAarTransform
Transforming exifinterface-1.3.6.aar (androidx.exifinterface:exifinterface:1.3.6) with AarTransform
Transforming core-runtime-2.2.0.aar (androidx.arch.core:core-runtime:2.2.0) with JetifyTransform
Transforming core-runtime-2.2.0.aar (androidx.arch.core:core-runtime:2.2.0) with ExtractAarTransform
Transforming core-runtime-2.2.0.aar (androidx.arch.core:core-runtime:2.2.0) with AarTransform
Transforming gifdecoder-4.16.0.aar (com.github.bumptech.glide:gifdecoder:4.16.0) with JetifyTransform
Transforming gifdecoder-4.16.0.aar (com.github.bumptech.glide:gifdecoder:4.16.0) with ExtractAarTransform
Transforming gifdecoder-4.16.0.aar (com.github.bumptech.glide:gifdecoder:4.16.0) with AarTransform
Transforming profileinstaller-1.3.1.aar (androidx.profileinstaller:profileinstaller:1.3.1) with JetifyTransform
Transforming profileinstaller-1.3.1.aar (androidx.profileinstaller:profileinstaller:1.3.1) with ExtractAarTransform
Transforming profileinstaller-1.3.1.aar (androidx.profileinstaller:profileinstaller:1.3.1) with AarTransform
Transforming startup-runtime-1.1.1.aar (androidx.startup:startup-runtime:1.1.1) with JetifyTransform
Transforming startup-runtime-1.1.1.aar (androidx.startup:startup-runtime:1.1.1) with ExtractAarTransform
Transforming startup-runtime-1.1.1.aar (androidx.startup:startup-runtime:1.1.1) with AarTransform
Transforming tracing-1.0.0.aar (androidx.tracing:tracing:1.0.0) with JetifyTransform
Transforming tracing-1.0.0.aar (androidx.tracing:tracing:1.0.0) with ExtractAarTransform
Transforming tracing-1.0.0.aar (androidx.tracing:tracing:1.0.0) with AarTransform
Transforming documentfile-1.0.0.aar (androidx.documentfile:documentfile:1.0.0) with JetifyTransform
Transforming documentfile-1.0.0.aar (androidx.documentfile:documentfile:1.0.0) with ExtractAarTransform
Transforming documentfile-1.0.0.aar (androidx.documentfile:documentfile:1.0.0) with AarTransform
Transforming print-1.0.0.aar (androidx.print:print:1.0.0) with JetifyTransform
Transforming print-1.0.0.aar (androidx.print:print:1.0.0) with ExtractAarTransform
Transforming print-1.0.0.aar (androidx.print:print:1.0.0) with AarTransform
Transforming cronet-api-72.3626.96.aar (org.chromium.net:cronet-api:72.3626.96) with JetifyTransform
Transforming cronet-api-72.3626.96.aar (org.chromium.net:cronet-api:72.3626.96) with ExtractAarTransform
Transforming cronet-api-72.3626.96.aar (org.chromium.net:cronet-api:72.3626.96) with AarTransform
Caching disabled for task ':app:mergeDebugResources' because:
  Build cache is disabled
Skipping task ':app:mergeDebugResources' as it is up-to-date.
Resolve mutations for :app:packageDebugResources (Thread[Execution worker Thread 5,5,main]) started.
:app:packageDebugResources (Thread[Execution worker Thread 5,5,main]) started.

> Task :app:packageDebugResources UP-TO-DATE
Caching disabled for task ':app:packageDebugResources' because:
  Build cache is disabled
Skipping task ':app:packageDebugResources' as it is up-to-date.
Resolve mutations for :app:parseDebugLocalResources (Thread[Execution worker Thread 5,5,main]) started.
:app:parseDebugLocalResources (Thread[Execution worker Thread 5,5,main]) started.

> Task :app:parseDebugLocalResources UP-TO-DATE
Transforming android.jar with PlatformAttrTransform
Transforming android.jar with PlatformAttrTransform
Caching disabled for task ':app:parseDebugLocalResources' because:
  Build cache is disabled
Skipping task ':app:parseDebugLocalResources' as it is up-to-date.
Resolve mutations for :app:dataBindingGenBaseClassesDebug (Thread[Execution worker Thread 5,5,main]) started.
:app:dataBindingGenBaseClassesDebug (Thread[Execution worker Thread 5,5,main]) started.

> Task :app:dataBindingGenBaseClassesDebug UP-TO-DATE
Transforming viewbinding-8.4.1.aar (androidx.databinding:viewbinding:8.4.1) with JetifyTransform
Transforming viewbinding-8.4.1.aar (androidx.databinding:viewbinding:8.4.1) with ExtractAarTransform
Transforming viewbinding-8.4.1.aar (androidx.databinding:viewbinding:8.4.1) with LibrarySymbolTableTransform
Transforming material-1.12.0.aar (com.google.android.material:material:1.12.0) with JetifyTransform
Transforming material-1.12.0.aar (com.google.android.material:material:1.12.0) with ExtractAarTransform
Transforming material-1.12.0.aar (com.google.android.material:material:1.12.0) with LibrarySymbolTableTransform
Transforming constraintlayout-2.1.4.aar (androidx.constraintlayout:constraintlayout:2.1.4) with JetifyTransform
Transforming constraintlayout-2.1.4.aar (androidx.constraintlayout:constraintlayout:2.1.4) with ExtractAarTransform
Transforming constraintlayout-2.1.4.aar (androidx.constraintlayout:constraintlayout:2.1.4) with LibrarySymbolTableTransform
Transforming appcompat-resources-1.6.1.aar (androidx.appcompat:appcompat-resources:1.6.1) with JetifyTransform
Transforming appcompat-resources-1.6.1.aar (androidx.appcompat:appcompat-resources:1.6.1) with ExtractAarTransform
Transforming appcompat-resources-1.6.1.aar (androidx.appcompat:appcompat-resources:1.6.1) with LibrarySymbolTableTransform
Transforming appcompat-1.6.1.aar (androidx.appcompat:appcompat:1.6.1) with JetifyTransform
Transforming appcompat-1.6.1.aar (androidx.appcompat:appcompat:1.6.1) with ExtractAarTransform
Transforming appcompat-1.6.1.aar (androidx.appcompat:appcompat:1.6.1) with LibrarySymbolTableTransform
Transforming browser-1.8.0.aar (androidx.browser:browser:1.8.0) with JetifyTransform
Transforming browser-1.8.0.aar (androidx.browser:browser:1.8.0) with ExtractAarTransform
Transforming browser-1.8.0.aar (androidx.browser:browser:1.8.0) with LibrarySymbolTableTransform
Transforming webkit-1.11.0.aar (androidx.webkit:webkit:1.11.0) with JetifyTransform
Transforming webkit-1.11.0.aar (androidx.webkit:webkit:1.11.0) with ExtractAarTransform
Transforming webkit-1.11.0.aar (androidx.webkit:webkit:1.11.0) with LibrarySymbolTableTransform
Transforming media3-exoplayer-hls-1.3.1.aar (androidx.media3:media3-exoplayer-hls:1.3.1) with JetifyTransform
Transforming media3-exoplayer-hls-1.3.1.aar (androidx.media3:media3-exoplayer-hls:1.3.1) with ExtractAarTransform
Transforming media3-exoplayer-hls-1.3.1.aar (androidx.media3:media3-exoplayer-hls:1.3.1) with LibrarySymbolTableTransform
Transforming media3-exoplayer-1.3.1.aar (androidx.media3:media3-exoplayer:1.3.1) with JetifyTransform
Transforming media3-exoplayer-1.3.1.aar (androidx.media3:media3-exoplayer:1.3.1) with ExtractAarTransform
Transforming media3-exoplayer-1.3.1.aar (androidx.media3:media3-exoplayer:1.3.1) with LibrarySymbolTableTransform
Transforming media3-datasource-cronet-1.3.1.aar (androidx.media3:media3-datasource-cronet:1.3.1) with JetifyTransform
Transforming media3-datasource-cronet-1.3.1.aar (androidx.media3:media3-datasource-cronet:1.3.1) with ExtractAarTransform
Transforming media3-datasource-cronet-1.3.1.aar (androidx.media3:media3-datasource-cronet:1.3.1) with LibrarySymbolTableTransform
Transforming media3-session-1.3.1.aar (androidx.media3:media3-session:1.3.1) with JetifyTransform
Transforming media3-session-1.3.1.aar (androidx.media3:media3-session:1.3.1) with ExtractAarTransform
Transforming media3-session-1.3.1.aar (androidx.media3:media3-session:1.3.1) with LibrarySymbolTableTransform
Transforming media3-extractor-1.3.1.aar (androidx.media3:media3-extractor:1.3.1) with JetifyTransform
Transforming media3-extractor-1.3.1.aar (androidx.media3:media3-extractor:1.3.1) with ExtractAarTransform
Transforming media3-extractor-1.3.1.aar (androidx.media3:media3-extractor:1.3.1) with LibrarySymbolTableTransform
Transforming media3-container-1.3.1.aar (androidx.media3:media3-container:1.3.1) with JetifyTransform
Transforming media3-container-1.3.1.aar (androidx.media3:media3-container:1.3.1) with ExtractAarTransform
Transforming media3-container-1.3.1.aar (androidx.media3:media3-container:1.3.1) with LibrarySymbolTableTransform
Transforming media3-datasource-1.3.1.aar (androidx.media3:media3-datasource:1.3.1) with JetifyTransform
Transforming media3-datasource-1.3.1.aar (androidx.media3:media3-datasource:1.3.1) with ExtractAarTransform
Transforming media3-datasource-1.3.1.aar (androidx.media3:media3-datasource:1.3.1) with LibrarySymbolTableTransform
Transforming media3-decoder-1.3.1.aar (androidx.media3:media3-decoder:1.3.1) with JetifyTransform
Transforming media3-decoder-1.3.1.aar (androidx.media3:media3-decoder:1.3.1) with ExtractAarTransform
Transforming media3-decoder-1.3.1.aar (androidx.media3:media3-decoder:1.3.1) with LibrarySymbolTableTransform
Transforming media3-database-1.3.1.aar (androidx.media3:media3-database:1.3.1) with JetifyTransform
Transforming media3-database-1.3.1.aar (androidx.media3:media3-database:1.3.1) with ExtractAarTransform
Transforming media3-database-1.3.1.aar (androidx.media3:media3-database:1.3.1) with LibrarySymbolTableTransform
Transforming media3-common-1.3.1.aar (androidx.media3:media3-common:1.3.1) with JetifyTransform
Transforming media3-common-1.3.1.aar (androidx.media3:media3-common:1.3.1) with ExtractAarTransform
Transforming media3-common-1.3.1.aar (androidx.media3:media3-common:1.3.1) with LibrarySymbolTableTransform
Transforming media3-ui-1.3.1.aar (androidx.media3:media3-ui:1.3.1) with JetifyTransform
Transforming media3-ui-1.3.1.aar (androidx.media3:media3-ui:1.3.1) with ExtractAarTransform
Transforming media3-ui-1.3.1.aar (androidx.media3:media3-ui:1.3.1) with LibrarySymbolTableTransform
Transforming media-1.7.0.aar (androidx.media:media:1.7.0) with JetifyTransform
Transforming media-1.7.0.aar (androidx.media:media:1.7.0) with ExtractAarTransform
Transforming media-1.7.0.aar (androidx.media:media:1.7.0) with LibrarySymbolTableTransform
Transforming viewpager2-1.1.0-beta02.aar (androidx.viewpager2:viewpager2:1.1.0-beta02) with JetifyTransform
Transforming viewpager2-1.1.0-beta02.aar (androidx.viewpager2:viewpager2:1.1.0-beta02) with ExtractAarTransform
Transforming viewpager2-1.1.0-beta02.aar (androidx.viewpager2:viewpager2:1.1.0-beta02) with LibrarySymbolTableTransform
Transforming recyclerview-1.3.2.aar (androidx.recyclerview:recyclerview:1.3.2) with JetifyTransform
Transforming recyclerview-1.3.2.aar (androidx.recyclerview:recyclerview:1.3.2) with ExtractAarTransform
Transforming recyclerview-1.3.2.aar (androidx.recyclerview:recyclerview:1.3.2) with LibrarySymbolTableTransform
Transforming emoji2-views-helper-1.2.0.aar (androidx.emoji2:emoji2-views-helper:1.2.0) with JetifyTransform
Transforming emoji2-views-helper-1.2.0.aar (androidx.emoji2:emoji2-views-helper:1.2.0) with ExtractAarTransform
Transforming emoji2-views-helper-1.2.0.aar (androidx.emoji2:emoji2-views-helper:1.2.0) with LibrarySymbolTableTransform
Transforming emoji2-1.2.0.aar (androidx.emoji2:emoji2:1.2.0) with JetifyTransform
Transforming emoji2-1.2.0.aar (androidx.emoji2:emoji2:1.2.0) with ExtractAarTransform
Transforming emoji2-1.2.0.aar (androidx.emoji2:emoji2:1.2.0) with LibrarySymbolTableTransform
Transforming glide-4.16.0.aar (com.github.bumptech.glide:glide:4.16.0) with JetifyTransform
Transforming glide-4.16.0.aar (com.github.bumptech.glide:glide:4.16.0) with ExtractAarTransform
Transforming glide-4.16.0.aar (com.github.bumptech.glide:glide:4.16.0) with LibrarySymbolTableTransform
Transforming play-services-cronet-18.0.1.aar (com.google.android.gms:play-services-cronet:18.0.1) with JetifyTransform
Transforming play-services-cronet-18.0.1.aar (com.google.android.gms:play-services-cronet:18.0.1) with ExtractAarTransform
Transforming play-services-cronet-18.0.1.aar (com.google.android.gms:play-services-cronet:18.0.1) with LibrarySymbolTableTransform
Transforming play-services-base-18.0.1.aar (com.google.android.gms:play-services-base:18.0.1) with JetifyTransform
Transforming play-services-base-18.0.1.aar (com.google.android.gms:play-services-base:18.0.1) with ExtractAarTransform
Transforming play-services-base-18.0.1.aar (com.google.android.gms:play-services-base:18.0.1) with LibrarySymbolTableTransform
Transforming play-services-tasks-18.0.1.aar (com.google.android.gms:play-services-tasks:18.0.1) with JetifyTransform
Transforming play-services-tasks-18.0.1.aar (com.google.android.gms:play-services-tasks:18.0.1) with ExtractAarTransform
Transforming play-services-tasks-18.0.1.aar (com.google.android.gms:play-services-tasks:18.0.1) with LibrarySymbolTableTransform
Transforming play-services-basement-18.0.0.aar (com.google.android.gms:play-services-basement:18.0.0) with JetifyTransform
Transforming play-services-basement-18.0.0.aar (com.google.android.gms:play-services-basement:18.0.0) with ExtractAarTransform
Transforming play-services-basement-18.0.0.aar (com.google.android.gms:play-services-basement:18.0.0) with LibrarySymbolTableTransform
Transforming fragment-1.3.6.aar (androidx.fragment:fragment:1.3.6) with JetifyTransform
Transforming fragment-1.3.6.aar (androidx.fragment:fragment:1.3.6) with ExtractAarTransform
Transforming fragment-1.3.6.aar (androidx.fragment:fragment:1.3.6) with LibrarySymbolTableTransform
Transforming fragment-1.3.6.aar (androidx.fragment:fragment:1.3.6) with JetifyTransform
Transforming fragment-1.3.6.aar (androidx.fragment:fragment:1.3.6) with ExtractAarTransform
Transforming fragment-1.3.6.aar (androidx.fragment:fragment:1.3.6) with LibrarySymbolTableTransform
Transforming activity-1.8.0.aar (androidx.activity:activity:1.8.0) with JetifyTransform
Transforming activity-1.8.0.aar (androidx.activity:activity:1.8.0) with ExtractAarTransform
Transforming activity-1.8.0.aar (androidx.activity:activity:1.8.0) with LibrarySymbolTableTransform
Transforming drawerlayout-1.1.1.aar (androidx.drawerlayout:drawerlayout:1.1.1) with JetifyTransform
Transforming drawerlayout-1.1.1.aar (androidx.drawerlayout:drawerlayout:1.1.1) with ExtractAarTransform
Transforming drawerlayout-1.1.1.aar (androidx.drawerlayout:drawerlayout:1.1.1) with LibrarySymbolTableTransform
Transforming coordinatorlayout-1.1.0.aar (androidx.coordinatorlayout:coordinatorlayout:1.1.0) with JetifyTransform
Transforming coordinatorlayout-1.1.0.aar (androidx.coordinatorlayout:coordinatorlayout:1.1.0) with ExtractAarTransform
Transforming coordinatorlayout-1.1.0.aar (androidx.coordinatorlayout:coordinatorlayout:1.1.0) with LibrarySymbolTableTransform
Transforming transition-1.5.0.aar (androidx.transition:transition:1.5.0) with JetifyTransform
Transforming transition-1.5.0.aar (androidx.transition:transition:1.5.0) with ExtractAarTransform
Transforming transition-1.5.0.aar (androidx.transition:transition:1.5.0) with LibrarySymbolTableTransform
Transforming dynamicanimation-1.0.0.aar (androidx.dynamicanimation:dynamicanimation:1.0.0) with JetifyTransform
Transforming dynamicanimation-1.0.0.aar (androidx.dynamicanimation:dynamicanimation:1.0.0) with ExtractAarTransform
Transforming dynamicanimation-1.0.0.aar (androidx.dynamicanimation:dynamicanimation:1.0.0) with LibrarySymbolTableTransform
Transforming vectordrawable-animated-1.1.0.aar (androidx.vectordrawable:vectordrawable-animated:1.1.0) with JetifyTransform
Transforming vectordrawable-animated-1.1.0.aar (androidx.vectordrawable:vectordrawable-animated:1.1.0) with ExtractAarTransform
Transforming vectordrawable-animated-1.1.0.aar (androidx.vectordrawable:vectordrawable-animated:1.1.0) with LibrarySymbolTableTransform
Transforming vectordrawable-1.1.0.aar (androidx.vectordrawable:vectordrawable:1.1.0) with JetifyTransform
Transforming vectordrawable-1.1.0.aar (androidx.vectordrawable:vectordrawable:1.1.0) with ExtractAarTransform
Transforming vectordrawable-1.1.0.aar (androidx.vectordrawable:vectordrawable:1.1.0) with LibrarySymbolTableTransform
Transforming vectordrawable-1.1.0.aar (androidx.vectordrawable:vectordrawable:1.1.0) with JetifyTransform
Transforming vectordrawable-1.1.0.aar (androidx.vectordrawable:vectordrawable:1.1.0) with ExtractAarTransform
Transforming vectordrawable-1.1.0.aar (androidx.vectordrawable:vectordrawable:1.1.0) with LibrarySymbolTableTransform
Transforming viewpager-1.0.0.aar (androidx.viewpager:viewpager:1.0.0) with JetifyTransform
Transforming viewpager-1.0.0.aar (androidx.viewpager:viewpager:1.0.0) with ExtractAarTransform
Transforming viewpager-1.0.0.aar (androidx.viewpager:viewpager:1.0.0) with LibrarySymbolTableTransform
Transforming legacy-support-core-utils-1.0.0.aar (androidx.legacy:legacy-support-core-utils:1.0.0) with JetifyTransform
Transforming legacy-support-core-utils-1.0.0.aar (androidx.legacy:legacy-support-core-utils:1.0.0) with ExtractAarTransform
Transforming legacy-support-core-utils-1.0.0.aar (androidx.legacy:legacy-support-core-utils:1.0.0) with LibrarySymbolTableTransform
Transforming loader-1.0.0.aar (androidx.loader:loader:1.0.0) with JetifyTransform
Transforming loader-1.0.0.aar (androidx.loader:loader:1.0.0) with ExtractAarTransform
Transforming loader-1.0.0.aar (androidx.loader:loader:1.0.0) with LibrarySymbolTableTransform
Transforming loader-1.0.0.aar (androidx.loader:loader:1.0.0) with JetifyTransform
Transforming loader-1.0.0.aar (androidx.loader:loader:1.0.0) with ExtractAarTransform
Transforming loader-1.0.0.aar (androidx.loader:loader:1.0.0) with LibrarySymbolTableTransform
Transforming customview-1.1.0.aar (androidx.customview:customview:1.1.0) with JetifyTransform
Transforming customview-1.1.0.aar (androidx.customview:customview:1.1.0) with ExtractAarTransform
Transforming customview-1.1.0.aar (androidx.customview:customview:1.1.0) with LibrarySymbolTableTransform
Transforming customview-1.1.0.aar (androidx.customview:customview:1.1.0) with JetifyTransform
Transforming customview-1.1.0.aar (androidx.customview:customview:1.1.0) with ExtractAarTransform
Transforming customview-1.1.0.aar (androidx.customview:customview:1.1.0) with LibrarySymbolTableTransform
Transforming core-1.13.1.aar (androidx.core:core:1.13.1) with JetifyTransform
Transforming core-1.13.1.aar (androidx.core:core:1.13.1) with ExtractAarTransform
Transforming core-1.13.1.aar (androidx.core:core:1.13.1) with LibrarySymbolTableTransform
Transforming core-1.13.1.aar (androidx.core:core:1.13.1) with JetifyTransform
Transforming core-1.13.1.aar (androidx.core:core:1.13.1) with ExtractAarTransform
Transforming core-1.13.1.aar (androidx.core:core:1.13.1) with LibrarySymbolTableTransform
Transforming customview-poolingcontainer-1.0.0.aar (androidx.customview:customview-poolingcontainer:1.0.0) with JetifyTransform
Transforming customview-poolingcontainer-1.0.0.aar (androidx.customview:customview-poolingcontainer:1.0.0) with ExtractAarTransform
Transforming customview-poolingcontainer-1.0.0.aar (androidx.customview:customview-poolingcontainer:1.0.0) with LibrarySymbolTableTransform
Transforming savedstate-1.2.1.aar (androidx.savedstate:savedstate:1.2.1) with JetifyTransform
Transforming savedstate-1.2.1.aar (androidx.savedstate:savedstate:1.2.1) with ExtractAarTransform
Transforming savedstate-1.2.1.aar (androidx.savedstate:savedstate:1.2.1) with LibrarySymbolTableTransform
Transforming lifecycle-livedata-core-ktx-2.8.2.aar (androidx.lifecycle:lifecycle-livedata-core-ktx:2.8.2) with JetifyTransform
Transforming lifecycle-livedata-core-ktx-2.8.2.aar (androidx.lifecycle:lifecycle-livedata-core-ktx:2.8.2) with ExtractAarTransform
Transforming lifecycle-livedata-core-ktx-2.8.2.aar (androidx.lifecycle:lifecycle-livedata-core-ktx:2.8.2) with LibrarySymbolTableTransform
Transforming lifecycle-viewmodel-2.8.2.aar (androidx.lifecycle:lifecycle-viewmodel:2.8.2) with JetifyTransform
Transforming lifecycle-viewmodel-2.8.2.aar (androidx.lifecycle:lifecycle-viewmodel:2.8.2) with ExtractAarTransform
Transforming lifecycle-viewmodel-2.8.2.aar (androidx.lifecycle:lifecycle-viewmodel:2.8.2) with LibrarySymbolTableTransform
Transforming lifecycle-viewmodel-release.aar (androidx.lifecycle:lifecycle-viewmodel-android:2.8.2) with JetifyTransform
Transforming lifecycle-viewmodel-release.aar (androidx.lifecycle:lifecycle-viewmodel-android:2.8.2) with ExtractAarTransform
Transforming lifecycle-viewmodel-release.aar (androidx.lifecycle:lifecycle-viewmodel-android:2.8.2) with LibrarySymbolTableTransform
Transforming lifecycle-runtime-release.aar (androidx.lifecycle:lifecycle-runtime-android:2.8.2) with JetifyTransform
Transforming lifecycle-runtime-release.aar (androidx.lifecycle:lifecycle-runtime-android:2.8.2) with ExtractAarTransform
Transforming lifecycle-runtime-release.aar (androidx.lifecycle:lifecycle-runtime-android:2.8.2) with LibrarySymbolTableTransform
Transforming lifecycle-livedata-2.8.2.aar (androidx.lifecycle:lifecycle-livedata:2.8.2) with JetifyTransform
Transforming lifecycle-livedata-2.8.2.aar (androidx.lifecycle:lifecycle-livedata:2.8.2) with ExtractAarTransform
Transforming lifecycle-livedata-2.8.2.aar (androidx.lifecycle:lifecycle-livedata:2.8.2) with LibrarySymbolTableTransform
Transforming lifecycle-process-2.8.2.aar (androidx.lifecycle:lifecycle-process:2.8.2) with JetifyTransform
Transforming lifecycle-process-2.8.2.aar (androidx.lifecycle:lifecycle-process:2.8.2) with ExtractAarTransform
Transforming lifecycle-process-2.8.2.aar (androidx.lifecycle:lifecycle-process:2.8.2) with LibrarySymbolTableTransform
Transforming lifecycle-livedata-core-2.8.2.aar (androidx.lifecycle:lifecycle-livedata-core:2.8.2) with JetifyTransform
Transforming lifecycle-livedata-core-2.8.2.aar (androidx.lifecycle:lifecycle-livedata-core:2.8.2) with ExtractAarTransform
Transforming lifecycle-livedata-core-2.8.2.aar (androidx.lifecycle:lifecycle-livedata-core:2.8.2) with LibrarySymbolTableTransform
Transforming lifecycle-runtime-ktx-release.aar (androidx.lifecycle:lifecycle-runtime-ktx-android:2.8.2) with JetifyTransform
Transforming lifecycle-runtime-ktx-release.aar (androidx.lifecycle:lifecycle-runtime-ktx-android:2.8.2) with ExtractAarTransform
Transforming lifecycle-runtime-ktx-release.aar (androidx.lifecycle:lifecycle-runtime-ktx-android:2.8.2) with LibrarySymbolTableTransform
Transforming lifecycle-viewmodel-savedstate-2.8.2.aar (androidx.lifecycle:lifecycle-viewmodel-savedstate:2.8.2) with JetifyTransform
Transforming lifecycle-viewmodel-savedstate-2.8.2.aar (androidx.lifecycle:lifecycle-viewmodel-savedstate:2.8.2) with ExtractAarTransform
Transforming lifecycle-viewmodel-savedstate-2.8.2.aar (androidx.lifecycle:lifecycle-viewmodel-savedstate:2.8.2) with LibrarySymbolTableTransform
Transforming core-ktx-1.13.1.aar (androidx.core:core-ktx:1.13.1) with JetifyTransform
Transforming core-ktx-1.13.1.aar (androidx.core:core-ktx:1.13.1) with ExtractAarTransform
Transforming core-ktx-1.13.1.aar (androidx.core:core-ktx:1.13.1) with LibrarySymbolTableTransform
Transforming room-runtime-2.6.1.aar (androidx.room:room-runtime:2.6.1) with JetifyTransform
Transforming room-runtime-2.6.1.aar (androidx.room:room-runtime:2.6.1) with ExtractAarTransform
Transforming room-runtime-2.6.1.aar (androidx.room:room-runtime:2.6.1) with LibrarySymbolTableTransform
Transforming room-ktx-2.6.1.aar (androidx.room:room-ktx:2.6.1) with JetifyTransform
Transforming room-ktx-2.6.1.aar (androidx.room:room-ktx:2.6.1) with ExtractAarTransform
Transforming room-ktx-2.6.1.aar (androidx.room:room-ktx:2.6.1) with LibrarySymbolTableTransform
Transforming annotation-experimental-1.4.0.aar (androidx.annotation:annotation-experimental:1.4.0) with JetifyTransform
Transforming annotation-experimental-1.4.0.aar (androidx.annotation:annotation-experimental:1.4.0) with ExtractAarTransform
Transforming annotation-experimental-1.4.0.aar (androidx.annotation:annotation-experimental:1.4.0) with LibrarySymbolTableTransform
Transforming sqlite-framework-2.4.0.aar (androidx.sqlite:sqlite-framework:2.4.0) with JetifyTransform
Transforming sqlite-framework-2.4.0.aar (androidx.sqlite:sqlite-framework:2.4.0) with ExtractAarTransform
Transforming sqlite-framework-2.4.0.aar (androidx.sqlite:sqlite-framework:2.4.0) with LibrarySymbolTableTransform
Transforming sqlite-2.4.0.aar (androidx.sqlite:sqlite:2.4.0) with JetifyTransform
Transforming sqlite-2.4.0.aar (androidx.sqlite:sqlite:2.4.0) with ExtractAarTransform
Transforming sqlite-2.4.0.aar (androidx.sqlite:sqlite:2.4.0) with LibrarySymbolTableTransform
Transforming localbroadcastmanager-1.1.0.aar (androidx.localbroadcastmanager:localbroadcastmanager:1.1.0) with JetifyTransform
Transforming localbroadcastmanager-1.1.0.aar (androidx.localbroadcastmanager:localbroadcastmanager:1.1.0) with ExtractAarTransform
Transforming localbroadcastmanager-1.1.0.aar (androidx.localbroadcastmanager:localbroadcastmanager:1.1.0) with LibrarySymbolTableTransform
Transforming localbroadcastmanager-1.1.0.aar (androidx.localbroadcastmanager:localbroadcastmanager:1.1.0) with JetifyTransform
Transforming localbroadcastmanager-1.1.0.aar (androidx.localbroadcastmanager:localbroadcastmanager:1.1.0) with ExtractAarTransform
Transforming localbroadcastmanager-1.1.0.aar (androidx.localbroadcastmanager:localbroadcastmanager:1.1.0) with LibrarySymbolTableTransform
Transforming interpolator-1.0.0.aar (androidx.interpolator:interpolator:1.0.0) with JetifyTransform
Transforming interpolator-1.0.0.aar (androidx.interpolator:interpolator:1.0.0) with ExtractAarTransform
Transforming interpolator-1.0.0.aar (androidx.interpolator:interpolator:1.0.0) with LibrarySymbolTableTransform
Transforming interpolator-1.0.0.aar (androidx.interpolator:interpolator:1.0.0) with JetifyTransform
Transforming interpolator-1.0.0.aar (androidx.interpolator:interpolator:1.0.0) with ExtractAarTransform
Transforming interpolator-1.0.0.aar (androidx.interpolator:interpolator:1.0.0) with LibrarySymbolTableTransform
Transforming cursoradapter-1.0.0.aar (androidx.cursoradapter:cursoradapter:1.0.0) with JetifyTransform
Transforming cursoradapter-1.0.0.aar (androidx.cursoradapter:cursoradapter:1.0.0) with ExtractAarTransform
Transforming cursoradapter-1.0.0.aar (androidx.cursoradapter:cursoradapter:1.0.0) with LibrarySymbolTableTransform
Transforming cardview-1.0.0.aar (androidx.cardview:cardview:1.0.0) with JetifyTransform
Transforming cardview-1.0.0.aar (androidx.cardview:cardview:1.0.0) with ExtractAarTransform
Transforming cardview-1.0.0.aar (androidx.cardview:cardview:1.0.0) with LibrarySymbolTableTransform
Transforming versionedparcelable-1.1.1.aar (androidx.versionedparcelable:versionedparcelable:1.1.1) with JetifyTransform
Transforming versionedparcelable-1.1.1.aar (androidx.versionedparcelable:versionedparcelable:1.1.1) with ExtractAarTransform
Transforming versionedparcelable-1.1.1.aar (androidx.versionedparcelable:versionedparcelable:1.1.1) with LibrarySymbolTableTransform
Transforming exifinterface-1.3.6.aar (androidx.exifinterface:exifinterface:1.3.6) with JetifyTransform
Transforming exifinterface-1.3.6.aar (androidx.exifinterface:exifinterface:1.3.6) with ExtractAarTransform
Transforming exifinterface-1.3.6.aar (androidx.exifinterface:exifinterface:1.3.6) with LibrarySymbolTableTransform
Transforming core-runtime-2.2.0.aar (androidx.arch.core:core-runtime:2.2.0) with JetifyTransform
Transforming core-runtime-2.2.0.aar (androidx.arch.core:core-runtime:2.2.0) with ExtractAarTransform
Transforming core-runtime-2.2.0.aar (androidx.arch.core:core-runtime:2.2.0) with LibrarySymbolTableTransform
Transforming gifdecoder-4.16.0.aar (com.github.bumptech.glide:gifdecoder:4.16.0) with JetifyTransform
Transforming gifdecoder-4.16.0.aar (com.github.bumptech.glide:gifdecoder:4.16.0) with ExtractAarTransform
Transforming gifdecoder-4.16.0.aar (com.github.bumptech.glide:gifdecoder:4.16.0) with LibrarySymbolTableTransform
Transforming profileinstaller-1.3.1.aar (androidx.profileinstaller:profileinstaller:1.3.1) with JetifyTransform
Transforming profileinstaller-1.3.1.aar (androidx.profileinstaller:profileinstaller:1.3.1) with ExtractAarTransform
Transforming profileinstaller-1.3.1.aar (androidx.profileinstaller:profileinstaller:1.3.1) with LibrarySymbolTableTransform
Transforming startup-runtime-1.1.1.aar (androidx.startup:startup-runtime:1.1.1) with JetifyTransform
Transforming startup-runtime-1.1.1.aar (androidx.startup:startup-runtime:1.1.1) with ExtractAarTransform
Transforming startup-runtime-1.1.1.aar (androidx.startup:startup-runtime:1.1.1) with LibrarySymbolTableTransform
Transforming tracing-1.0.0.aar (androidx.tracing:tracing:1.0.0) with JetifyTransform
Transforming tracing-1.0.0.aar (androidx.tracing:tracing:1.0.0) with ExtractAarTransform
Transforming tracing-1.0.0.aar (androidx.tracing:tracing:1.0.0) with LibrarySymbolTableTransform
Transforming documentfile-1.0.0.aar (androidx.documentfile:documentfile:1.0.0) with JetifyTransform
Transforming documentfile-1.0.0.aar (androidx.documentfile:documentfile:1.0.0) with ExtractAarTransform
Transforming documentfile-1.0.0.aar (androidx.documentfile:documentfile:1.0.0) with LibrarySymbolTableTransform
Transforming print-1.0.0.aar (androidx.print:print:1.0.0) with JetifyTransform
Transforming print-1.0.0.aar (androidx.print:print:1.0.0) with ExtractAarTransform
Transforming print-1.0.0.aar (androidx.print:print:1.0.0) with LibrarySymbolTableTransform
Transforming cronet-api-72.3626.96.aar (org.chromium.net:cronet-api:72.3626.96) with JetifyTransform
Transforming cronet-api-72.3626.96.aar (org.chromium.net:cronet-api:72.3626.96) with ExtractAarTransform
Transforming cronet-api-72.3626.96.aar (org.chromium.net:cronet-api:72.3626.96) with LibrarySymbolTableTransform
Transforming viewbinding-8.4.1.aar (androidx.databinding:viewbinding:8.4.1) with JetifyTransform
Transforming viewbinding-8.4.1.aar (androidx.databinding:viewbinding:8.4.1) with ExtractAarTransform
Transforming viewbinding-8.4.1.aar (androidx.databinding:viewbinding:8.4.1) with AarTransform
Transforming material-1.12.0.aar (com.google.android.material:material:1.12.0) with JetifyTransform
Transforming material-1.12.0.aar (com.google.android.material:material:1.12.0) with ExtractAarTransform
Transforming material-1.12.0.aar (com.google.android.material:material:1.12.0) with AarTransform
Transforming appcompat-1.6.1.aar (androidx.appcompat:appcompat:1.6.1) with JetifyTransform
Transforming appcompat-1.6.1.aar (androidx.appcompat:appcompat:1.6.1) with ExtractAarTransform
Transforming appcompat-1.6.1.aar (androidx.appcompat:appcompat:1.6.1) with AarTransform
Transforming glide-4.16.0.aar (com.github.bumptech.glide:glide:4.16.0) with JetifyTransform
Transforming glide-4.16.0.aar (com.github.bumptech.glide:glide:4.16.0) with ExtractAarTransform
Transforming glide-4.16.0.aar (com.github.bumptech.glide:glide:4.16.0) with AarTransform
Transforming viewpager2-1.1.0-beta02.aar (androidx.viewpager2:viewpager2:1.1.0-beta02) with JetifyTransform
Transforming viewpager2-1.1.0-beta02.aar (androidx.viewpager2:viewpager2:1.1.0-beta02) with ExtractAarTransform
Transforming viewpager2-1.1.0-beta02.aar (androidx.viewpager2:viewpager2:1.1.0-beta02) with AarTransform
Transforming media3-datasource-cronet-1.3.1.aar (androidx.media3:media3-datasource-cronet:1.3.1) with JetifyTransform
Transforming media3-datasource-cronet-1.3.1.aar (androidx.media3:media3-datasource-cronet:1.3.1) with ExtractAarTransform
Transforming media3-datasource-cronet-1.3.1.aar (androidx.media3:media3-datasource-cronet:1.3.1) with AarTransform
Transforming play-services-cronet-18.0.1.aar (com.google.android.gms:play-services-cronet:18.0.1) with JetifyTransform
Transforming play-services-cronet-18.0.1.aar (com.google.android.gms:play-services-cronet:18.0.1) with ExtractAarTransform
Transforming play-services-cronet-18.0.1.aar (com.google.android.gms:play-services-cronet:18.0.1) with AarTransform
Transforming play-services-base-18.0.1.aar (com.google.android.gms:play-services-base:18.0.1) with JetifyTransform
Transforming play-services-base-18.0.1.aar (com.google.android.gms:play-services-base:18.0.1) with ExtractAarTransform
Transforming play-services-base-18.0.1.aar (com.google.android.gms:play-services-base:18.0.1) with AarTransform
Transforming play-services-tasks-18.0.1.aar (com.google.android.gms:play-services-tasks:18.0.1) with JetifyTransform
Transforming play-services-tasks-18.0.1.aar (com.google.android.gms:play-services-tasks:18.0.1) with ExtractAarTransform
Transforming play-services-tasks-18.0.1.aar (com.google.android.gms:play-services-tasks:18.0.1) with AarTransform
Transforming play-services-basement-18.0.0.aar (com.google.android.gms:play-services-basement:18.0.0) with JetifyTransform
Transforming play-services-basement-18.0.0.aar (com.google.android.gms:play-services-basement:18.0.0) with ExtractAarTransform
Transforming play-services-basement-18.0.0.aar (com.google.android.gms:play-services-basement:18.0.0) with AarTransform
Transforming fragment-1.3.6.aar (androidx.fragment:fragment:1.3.6) with JetifyTransform
Transforming fragment-1.3.6.aar (androidx.fragment:fragment:1.3.6) with ExtractAarTransform
Transforming fragment-1.3.6.aar (androidx.fragment:fragment:1.3.6) with AarTransform
Transforming fragment-1.3.6.aar (androidx.fragment:fragment:1.3.6) with JetifyTransform
Transforming fragment-1.3.6.aar (androidx.fragment:fragment:1.3.6) with ExtractAarTransform
Transforming fragment-1.3.6.aar (androidx.fragment:fragment:1.3.6) with AarTransform
Transforming activity-1.8.0.aar (androidx.activity:activity:1.8.0) with JetifyTransform
Transforming activity-1.8.0.aar (androidx.activity:activity:1.8.0) with ExtractAarTransform
Transforming activity-1.8.0.aar (androidx.activity:activity:1.8.0) with AarTransform
Transforming browser-1.8.0.aar (androidx.browser:browser:1.8.0) with JetifyTransform
Transforming browser-1.8.0.aar (androidx.browser:browser:1.8.0) with ExtractAarTransform
Transforming browser-1.8.0.aar (androidx.browser:browser:1.8.0) with AarTransform
Transforming webkit-1.11.0.aar (androidx.webkit:webkit:1.11.0) with JetifyTransform
Transforming webkit-1.11.0.aar (androidx.webkit:webkit:1.11.0) with ExtractAarTransform
Transforming webkit-1.11.0.aar (androidx.webkit:webkit:1.11.0) with AarTransform
Transforming media-1.7.0.aar (androidx.media:media:1.7.0) with JetifyTransform
Transforming media-1.7.0.aar (androidx.media:media:1.7.0) with ExtractAarTransform
Transforming media-1.7.0.aar (androidx.media:media:1.7.0) with AarTransform
Transforming recyclerview-1.3.2.aar (androidx.recyclerview:recyclerview:1.3.2) with JetifyTransform
Transforming recyclerview-1.3.2.aar (androidx.recyclerview:recyclerview:1.3.2) with ExtractAarTransform
Transforming recyclerview-1.3.2.aar (androidx.recyclerview:recyclerview:1.3.2) with AarTransform
Transforming appcompat-resources-1.6.1.aar (androidx.appcompat:appcompat-resources:1.6.1) with JetifyTransform
Transforming appcompat-resources-1.6.1.aar (androidx.appcompat:appcompat-resources:1.6.1) with ExtractAarTransform
Transforming appcompat-resources-1.6.1.aar (androidx.appcompat:appcompat-resources:1.6.1) with AarTransform
Transforming drawerlayout-1.1.1.aar (androidx.drawerlayout:drawerlayout:1.1.1) with JetifyTransform
Transforming drawerlayout-1.1.1.aar (androidx.drawerlayout:drawerlayout:1.1.1) with ExtractAarTransform
Transforming drawerlayout-1.1.1.aar (androidx.drawerlayout:drawerlayout:1.1.1) with AarTransform
Transforming coordinatorlayout-1.1.0.aar (androidx.coordinatorlayout:coordinatorlayout:1.1.0) with JetifyTransform
Transforming coordinatorlayout-1.1.0.aar (androidx.coordinatorlayout:coordinatorlayout:1.1.0) with ExtractAarTransform
Transforming coordinatorlayout-1.1.0.aar (androidx.coordinatorlayout:coordinatorlayout:1.1.0) with AarTransform
Transforming dynamicanimation-1.0.0.aar (androidx.dynamicanimation:dynamicanimation:1.0.0) with JetifyTransform
Transforming dynamicanimation-1.0.0.aar (androidx.dynamicanimation:dynamicanimation:1.0.0) with ExtractAarTransform
Transforming dynamicanimation-1.0.0.aar (androidx.dynamicanimation:dynamicanimation:1.0.0) with AarTransform
Transforming transition-1.5.0.aar (androidx.transition:transition:1.5.0) with JetifyTransform
Transforming transition-1.5.0.aar (androidx.transition:transition:1.5.0) with ExtractAarTransform
Transforming transition-1.5.0.aar (androidx.transition:transition:1.5.0) with AarTransform
Transforming vectordrawable-animated-1.1.0.aar (androidx.vectordrawable:vectordrawable-animated:1.1.0) with JetifyTransform
Transforming vectordrawable-animated-1.1.0.aar (androidx.vectordrawable:vectordrawable-animated:1.1.0) with ExtractAarTransform
Transforming vectordrawable-animated-1.1.0.aar (androidx.vectordrawable:vectordrawable-animated:1.1.0) with AarTransform
Transforming vectordrawable-1.1.0.aar (androidx.vectordrawable:vectordrawable:1.1.0) with JetifyTransform
Transforming vectordrawable-1.1.0.aar (androidx.vectordrawable:vectordrawable:1.1.0) with ExtractAarTransform
Transforming vectordrawable-1.1.0.aar (androidx.vectordrawable:vectordrawable:1.1.0) with AarTransform
Transforming vectordrawable-1.1.0.aar (androidx.vectordrawable:vectordrawable:1.1.0) with JetifyTransform
Transforming vectordrawable-1.1.0.aar (androidx.vectordrawable:vectordrawable:1.1.0) with ExtractAarTransform
Transforming vectordrawable-1.1.0.aar (androidx.vectordrawable:vectordrawable:1.1.0) with AarTransform
Transforming viewpager-1.0.0.aar (androidx.viewpager:viewpager:1.0.0) with JetifyTransform
Transforming viewpager-1.0.0.aar (androidx.viewpager:viewpager:1.0.0) with ExtractAarTransform
Transforming viewpager-1.0.0.aar (androidx.viewpager:viewpager:1.0.0) with AarTransform
Transforming customview-1.1.0.aar (androidx.customview:customview:1.1.0) with JetifyTransform
Transforming customview-1.1.0.aar (androidx.customview:customview:1.1.0) with ExtractAarTransform
Transforming customview-1.1.0.aar (androidx.customview:customview:1.1.0) with AarTransform
Transforming customview-1.1.0.aar (androidx.customview:customview:1.1.0) with JetifyTransform
Transforming customview-1.1.0.aar (androidx.customview:customview:1.1.0) with ExtractAarTransform
Transforming customview-1.1.0.aar (androidx.customview:customview:1.1.0) with AarTransform
Transforming legacy-support-core-utils-1.0.0.aar (androidx.legacy:legacy-support-core-utils:1.0.0) with JetifyTransform
Transforming legacy-support-core-utils-1.0.0.aar (androidx.legacy:legacy-support-core-utils:1.0.0) with ExtractAarTransform
Transforming legacy-support-core-utils-1.0.0.aar (androidx.legacy:legacy-support-core-utils:1.0.0) with AarTransform
Transforming loader-1.0.0.aar (androidx.loader:loader:1.0.0) with JetifyTransform
Transforming loader-1.0.0.aar (androidx.loader:loader:1.0.0) with ExtractAarTransform
Transforming loader-1.0.0.aar (androidx.loader:loader:1.0.0) with AarTransform
Transforming loader-1.0.0.aar (androidx.loader:loader:1.0.0) with JetifyTransform
Transforming loader-1.0.0.aar (androidx.loader:loader:1.0.0) with ExtractAarTransform
Transforming loader-1.0.0.aar (androidx.loader:loader:1.0.0) with AarTransform
Transforming core-1.13.1.aar (androidx.core:core:1.13.1) with JetifyTransform
Transforming core-1.13.1.aar (androidx.core:core:1.13.1) with ExtractAarTransform
Transforming core-1.13.1.aar (androidx.core:core:1.13.1) with AarTransform
Transforming core-1.13.1.aar (androidx.core:core:1.13.1) with JetifyTransform
Transforming core-1.13.1.aar (androidx.core:core:1.13.1) with ExtractAarTransform
Transforming core-1.13.1.aar (androidx.core:core:1.13.1) with AarTransform
Transforming lifecycle-livedata-core-ktx-2.8.2.aar (androidx.lifecycle:lifecycle-livedata-core-ktx:2.8.2) with JetifyTransform
Transforming lifecycle-livedata-core-ktx-2.8.2.aar (androidx.lifecycle:lifecycle-livedata-core-ktx:2.8.2) with ExtractAarTransform
Transforming lifecycle-livedata-core-ktx-2.8.2.aar (androidx.lifecycle:lifecycle-livedata-core-ktx:2.8.2) with AarTransform
Transforming lifecycle-livedata-2.8.2.aar (androidx.lifecycle:lifecycle-livedata:2.8.2) with JetifyTransform
Transforming lifecycle-livedata-2.8.2.aar (androidx.lifecycle:lifecycle-livedata:2.8.2) with ExtractAarTransform
Transforming lifecycle-livedata-2.8.2.aar (androidx.lifecycle:lifecycle-livedata:2.8.2) with AarTransform
Transforming lifecycle-viewmodel-2.8.2.aar (androidx.lifecycle:lifecycle-viewmodel:2.8.2) with JetifyTransform
Transforming lifecycle-viewmodel-2.8.2.aar (androidx.lifecycle:lifecycle-viewmodel:2.8.2) with ExtractAarTransform
Transforming lifecycle-viewmodel-2.8.2.aar (androidx.lifecycle:lifecycle-viewmodel:2.8.2) with AarTransform
Transforming lifecycle-viewmodel-release.aar (androidx.lifecycle:lifecycle-viewmodel-android:2.8.2) with JetifyTransform
Transforming lifecycle-viewmodel-release.aar (androidx.lifecycle:lifecycle-viewmodel-android:2.8.2) with ExtractAarTransform
Transforming lifecycle-viewmodel-release.aar (androidx.lifecycle:lifecycle-viewmodel-android:2.8.2) with AarTransform
Transforming lifecycle-runtime-release.aar (androidx.lifecycle:lifecycle-runtime-android:2.8.2) with JetifyTransform
Transforming lifecycle-runtime-release.aar (androidx.lifecycle:lifecycle-runtime-android:2.8.2) with ExtractAarTransform
Transforming lifecycle-runtime-release.aar (androidx.lifecycle:lifecycle-runtime-android:2.8.2) with AarTransform
Transforming lifecycle-livedata-core-2.8.2.aar (androidx.lifecycle:lifecycle-livedata-core:2.8.2) with JetifyTransform
Transforming lifecycle-livedata-core-2.8.2.aar (androidx.lifecycle:lifecycle-livedata-core:2.8.2) with ExtractAarTransform
Transforming lifecycle-livedata-core-2.8.2.aar (androidx.lifecycle:lifecycle-livedata-core:2.8.2) with AarTransform
Transforming lifecycle-runtime-ktx-release.aar (androidx.lifecycle:lifecycle-runtime-ktx-android:2.8.2) with JetifyTransform
Transforming lifecycle-runtime-ktx-release.aar (androidx.lifecycle:lifecycle-runtime-ktx-android:2.8.2) with ExtractAarTransform
Transforming lifecycle-runtime-ktx-release.aar (androidx.lifecycle:lifecycle-runtime-ktx-android:2.8.2) with AarTransform
Transforming lifecycle-viewmodel-savedstate-2.8.2.aar (androidx.lifecycle:lifecycle-viewmodel-savedstate:2.8.2) with JetifyTransform
Transforming lifecycle-viewmodel-savedstate-2.8.2.aar (androidx.lifecycle:lifecycle-viewmodel-savedstate:2.8.2) with ExtractAarTransform
Transforming lifecycle-viewmodel-savedstate-2.8.2.aar (androidx.lifecycle:lifecycle-viewmodel-savedstate:2.8.2) with AarTransform
Transforming core-ktx-1.13.1.aar (androidx.core:core-ktx:1.13.1) with JetifyTransform
Transforming core-ktx-1.13.1.aar (androidx.core:core-ktx:1.13.1) with ExtractAarTransform
Transforming core-ktx-1.13.1.aar (androidx.core:core-ktx:1.13.1) with AarTransform
Transforming room-runtime-2.6.1.aar (androidx.room:room-runtime:2.6.1) with JetifyTransform
Transforming room-runtime-2.6.1.aar (androidx.room:room-runtime:2.6.1) with ExtractAarTransform
Transforming room-runtime-2.6.1.aar (androidx.room:room-runtime:2.6.1) with AarTransform
Transforming room-ktx-2.6.1.aar (androidx.room:room-ktx:2.6.1) with JetifyTransform
Transforming room-ktx-2.6.1.aar (androidx.room:room-ktx:2.6.1) with ExtractAarTransform
Transforming room-ktx-2.6.1.aar (androidx.room:room-ktx:2.6.1) with AarTransform
Transforming media3-exoplayer-1.3.1.aar (androidx.media3:media3-exoplayer:1.3.1) with JetifyTransform
Transforming media3-exoplayer-1.3.1.aar (androidx.media3:media3-exoplayer:1.3.1) with ExtractAarTransform
Transforming media3-exoplayer-1.3.1.aar (androidx.media3:media3-exoplayer:1.3.1) with AarTransform
Transforming media3-session-1.3.1.aar (androidx.media3:media3-session:1.3.1) with JetifyTransform
Transforming media3-session-1.3.1.aar (androidx.media3:media3-session:1.3.1) with ExtractAarTransform
Transforming media3-session-1.3.1.aar (androidx.media3:media3-session:1.3.1) with AarTransform
Transforming media3-common-1.3.1.aar (androidx.media3:media3-common:1.3.1) with JetifyTransform
Transforming media3-common-1.3.1.aar (androidx.media3:media3-common:1.3.1) with ExtractAarTransform
Transforming media3-common-1.3.1.aar (androidx.media3:media3-common:1.3.1) with AarTransform
Transforming annotation-experimental-1.4.0.aar (androidx.annotation:annotation-experimental:1.4.0) with JetifyTransform
Transforming annotation-experimental-1.4.0.aar (androidx.annotation:annotation-experimental:1.4.0) with ExtractAarTransform
Transforming annotation-experimental-1.4.0.aar (androidx.annotation:annotation-experimental:1.4.0) with AarTransform
Transforming savedstate-1.2.1.aar (androidx.savedstate:savedstate:1.2.1) with JetifyTransform
Transforming savedstate-1.2.1.aar (androidx.savedstate:savedstate:1.2.1) with ExtractAarTransform
Transforming savedstate-1.2.1.aar (androidx.savedstate:savedstate:1.2.1) with AarTransform
Transforming localbroadcastmanager-1.1.0.aar (androidx.localbroadcastmanager:localbroadcastmanager:1.1.0) with JetifyTransform
Transforming localbroadcastmanager-1.1.0.aar (androidx.localbroadcastmanager:localbroadcastmanager:1.1.0) with ExtractAarTransform
Transforming localbroadcastmanager-1.1.0.aar (androidx.localbroadcastmanager:localbroadcastmanager:1.1.0) with AarTransform
Transforming localbroadcastmanager-1.1.0.aar (androidx.localbroadcastmanager:localbroadcastmanager:1.1.0) with JetifyTransform
Transforming localbroadcastmanager-1.1.0.aar (androidx.localbroadcastmanager:localbroadcastmanager:1.1.0) with ExtractAarTransform
Transforming localbroadcastmanager-1.1.0.aar (androidx.localbroadcastmanager:localbroadcastmanager:1.1.0) with AarTransform
Transforming cursoradapter-1.0.0.aar (androidx.cursoradapter:cursoradapter:1.0.0) with JetifyTransform
Transforming cursoradapter-1.0.0.aar (androidx.cursoradapter:cursoradapter:1.0.0) with ExtractAarTransform
Transforming cursoradapter-1.0.0.aar (androidx.cursoradapter:cursoradapter:1.0.0) with AarTransform
Transforming cardview-1.0.0.aar (androidx.cardview:cardview:1.0.0) with JetifyTransform
Transforming cardview-1.0.0.aar (androidx.cardview:cardview:1.0.0) with ExtractAarTransform
Transforming cardview-1.0.0.aar (androidx.cardview:cardview:1.0.0) with AarTransform
Transforming sqlite-framework-2.4.0.aar (androidx.sqlite:sqlite-framework:2.4.0) with JetifyTransform
Transforming sqlite-framework-2.4.0.aar (androidx.sqlite:sqlite-framework:2.4.0) with ExtractAarTransform
Transforming sqlite-framework-2.4.0.aar (androidx.sqlite:sqlite-framework:2.4.0) with AarTransform
Transforming sqlite-2.4.0.aar (androidx.sqlite:sqlite:2.4.0) with JetifyTransform
Transforming sqlite-2.4.0.aar (androidx.sqlite:sqlite:2.4.0) with ExtractAarTransform
Transforming sqlite-2.4.0.aar (androidx.sqlite:sqlite:2.4.0) with AarTransform
Transforming gifdecoder-4.16.0.aar (com.github.bumptech.glide:gifdecoder:4.16.0) with JetifyTransform
Transforming gifdecoder-4.16.0.aar (com.github.bumptech.glide:gifdecoder:4.16.0) with ExtractAarTransform
Transforming gifdecoder-4.16.0.aar (com.github.bumptech.glide:gifdecoder:4.16.0) with AarTransform
Transforming versionedparcelable-1.1.1.aar (androidx.versionedparcelable:versionedparcelable:1.1.1) with JetifyTransform
Transforming versionedparcelable-1.1.1.aar (androidx.versionedparcelable:versionedparcelable:1.1.1) with ExtractAarTransform
Transforming versionedparcelable-1.1.1.aar (androidx.versionedparcelable:versionedparcelable:1.1.1) with AarTransform
Transforming interpolator-1.0.0.aar (androidx.interpolator:interpolator:1.0.0) with JetifyTransform
Transforming interpolator-1.0.0.aar (androidx.interpolator:interpolator:1.0.0) with ExtractAarTransform
Transforming interpolator-1.0.0.aar (androidx.interpolator:interpolator:1.0.0) with AarTransform
Transforming documentfile-1.0.0.aar (androidx.documentfile:documentfile:1.0.0) with JetifyTransform
Transforming documentfile-1.0.0.aar (androidx.documentfile:documentfile:1.0.0) with ExtractAarTransform
Transforming documentfile-1.0.0.aar (androidx.documentfile:documentfile:1.0.0) with AarTransform
Transforming print-1.0.0.aar (androidx.print:print:1.0.0) with JetifyTransform
Transforming print-1.0.0.aar (androidx.print:print:1.0.0) with ExtractAarTransform
Transforming print-1.0.0.aar (androidx.print:print:1.0.0) with AarTransform
Transforming core-runtime-2.2.0.aar (androidx.arch.core:core-runtime:2.2.0) with JetifyTransform
Transforming core-runtime-2.2.0.aar (androidx.arch.core:core-runtime:2.2.0) with ExtractAarTransform
Transforming core-runtime-2.2.0.aar (androidx.arch.core:core-runtime:2.2.0) with AarTransform
Transforming constraintlayout-2.1.4.aar (androidx.constraintlayout:constraintlayout:2.1.4) with JetifyTransform
Transforming constraintlayout-2.1.4.aar (androidx.constraintlayout:constraintlayout:2.1.4) with ExtractAarTransform
Transforming constraintlayout-2.1.4.aar (androidx.constraintlayout:constraintlayout:2.1.4) with AarTransform
Transforming media3-exoplayer-hls-1.3.1.aar (androidx.media3:media3-exoplayer-hls:1.3.1) with JetifyTransform
Transforming media3-exoplayer-hls-1.3.1.aar (androidx.media3:media3-exoplayer-hls:1.3.1) with ExtractAarTransform
Transforming media3-exoplayer-hls-1.3.1.aar (androidx.media3:media3-exoplayer-hls:1.3.1) with AarTransform
Transforming media3-ui-1.3.1.aar (androidx.media3:media3-ui:1.3.1) with JetifyTransform
Transforming media3-ui-1.3.1.aar (androidx.media3:media3-ui:1.3.1) with ExtractAarTransform
Transforming media3-ui-1.3.1.aar (androidx.media3:media3-ui:1.3.1) with AarTransform
Transforming tracing-1.0.0.aar (androidx.tracing:tracing:1.0.0) with JetifyTransform
Transforming tracing-1.0.0.aar (androidx.tracing:tracing:1.0.0) with ExtractAarTransform
Transforming tracing-1.0.0.aar (androidx.tracing:tracing:1.0.0) with AarTransform
Transforming exifinterface-1.3.6.aar (androidx.exifinterface:exifinterface:1.3.6) with JetifyTransform
Transforming exifinterface-1.3.6.aar (androidx.exifinterface:exifinterface:1.3.6) with ExtractAarTransform
Transforming exifinterface-1.3.6.aar (androidx.exifinterface:exifinterface:1.3.6) with AarTransform
Transforming media3-container-1.3.1.aar (androidx.media3:media3-container:1.3.1) with JetifyTransform
Transforming media3-container-1.3.1.aar (androidx.media3:media3-container:1.3.1) with ExtractAarTransform
Transforming media3-container-1.3.1.aar (androidx.media3:media3-container:1.3.1) with AarTransform
Transforming media3-database-1.3.1.aar (androidx.media3:media3-database:1.3.1) with JetifyTransform
Transforming media3-database-1.3.1.aar (androidx.media3:media3-database:1.3.1) with ExtractAarTransform
Transforming media3-database-1.3.1.aar (androidx.media3:media3-database:1.3.1) with AarTransform
Transforming media3-datasource-1.3.1.aar (androidx.media3:media3-datasource:1.3.1) with JetifyTransform
Transforming media3-datasource-1.3.1.aar (androidx.media3:media3-datasource:1.3.1) with ExtractAarTransform
Transforming media3-datasource-1.3.1.aar (androidx.media3:media3-datasource:1.3.1) with AarTransform
Transforming cronet-api-72.3626.96.aar (org.chromium.net:cronet-api:72.3626.96) with JetifyTransform
Transforming cronet-api-72.3626.96.aar (org.chromium.net:cronet-api:72.3626.96) with ExtractAarTransform
Transforming cronet-api-72.3626.96.aar (org.chromium.net:cronet-api:72.3626.96) with AarTransform
Transforming media3-decoder-1.3.1.aar (androidx.media3:media3-decoder:1.3.1) with JetifyTransform
Transforming media3-decoder-1.3.1.aar (androidx.media3:media3-decoder:1.3.1) with ExtractAarTransform
Transforming media3-decoder-1.3.1.aar (androidx.media3:media3-decoder:1.3.1) with AarTransform
Transforming media3-extractor-1.3.1.aar (androidx.media3:media3-extractor:1.3.1) with JetifyTransform
Transforming media3-extractor-1.3.1.aar (androidx.media3:media3-extractor:1.3.1) with ExtractAarTransform
Transforming media3-extractor-1.3.1.aar (androidx.media3:media3-extractor:1.3.1) with AarTransform
Caching disabled for task ':app:dataBindingGenBaseClassesDebug' because:
  Build cache is disabled
Skipping task ':app:dataBindingGenBaseClassesDebug' as it is up-to-date.
Resolve mutations for :app:checkDebugAarMetadata (Thread[Execution worker Thread 5,5,main]) started.
:app:checkDebugAarMetadata (Thread[Execution worker Thread 5,5,main]) started.

> Task :app:checkDebugAarMetadata UP-TO-DATE
Transforming viewbinding-8.4.1.aar (androidx.databinding:viewbinding:8.4.1) with JetifyTransform
Transforming viewbinding-8.4.1.aar (androidx.databinding:viewbinding:8.4.1) with ExtractAarTransform
Transforming viewbinding-8.4.1.aar (androidx.databinding:viewbinding:8.4.1) with AarTransform
Transforming material-1.12.0.aar (com.google.android.material:material:1.12.0) with JetifyTransform
Transforming material-1.12.0.aar (com.google.android.material:material:1.12.0) with ExtractAarTransform
Transforming material-1.12.0.aar (com.google.android.material:material:1.12.0) with AarTransform
Transforming constraintlayout-2.1.4.aar (androidx.constraintlayout:constraintlayout:2.1.4) with JetifyTransform
Transforming constraintlayout-2.1.4.aar (androidx.constraintlayout:constraintlayout:2.1.4) with ExtractAarTransform
Transforming constraintlayout-2.1.4.aar (androidx.constraintlayout:constraintlayout:2.1.4) with AarTransform
Transforming appcompat-resources-1.6.1.aar (androidx.appcompat:appcompat-resources:1.6.1) with JetifyTransform
Transforming appcompat-resources-1.6.1.aar (androidx.appcompat:appcompat-resources:1.6.1) with ExtractAarTransform
Transforming appcompat-resources-1.6.1.aar (androidx.appcompat:appcompat-resources:1.6.1) with AarTransform
Transforming appcompat-1.6.1.aar (androidx.appcompat:appcompat:1.6.1) with JetifyTransform
Transforming appcompat-1.6.1.aar (androidx.appcompat:appcompat:1.6.1) with ExtractAarTransform
Transforming appcompat-1.6.1.aar (androidx.appcompat:appcompat:1.6.1) with AarTransform
Transforming browser-1.8.0.aar (androidx.browser:browser:1.8.0) with JetifyTransform
Transforming browser-1.8.0.aar (androidx.browser:browser:1.8.0) with ExtractAarTransform
Transforming browser-1.8.0.aar (androidx.browser:browser:1.8.0) with AarTransform
Transforming webkit-1.11.0.aar (androidx.webkit:webkit:1.11.0) with JetifyTransform
Transforming webkit-1.11.0.aar (androidx.webkit:webkit:1.11.0) with ExtractAarTransform
Transforming webkit-1.11.0.aar (androidx.webkit:webkit:1.11.0) with AarTransform
Transforming media3-exoplayer-hls-1.3.1.aar (androidx.media3:media3-exoplayer-hls:1.3.1) with JetifyTransform
Transforming media3-exoplayer-hls-1.3.1.aar (androidx.media3:media3-exoplayer-hls:1.3.1) with ExtractAarTransform
Transforming media3-exoplayer-hls-1.3.1.aar (androidx.media3:media3-exoplayer-hls:1.3.1) with AarTransform
Transforming media3-exoplayer-1.3.1.aar (androidx.media3:media3-exoplayer:1.3.1) with JetifyTransform
Transforming media3-exoplayer-1.3.1.aar (androidx.media3:media3-exoplayer:1.3.1) with ExtractAarTransform
Transforming media3-exoplayer-1.3.1.aar (androidx.media3:media3-exoplayer:1.3.1) with AarTransform
Transforming media3-datasource-cronet-1.3.1.aar (androidx.media3:media3-datasource-cronet:1.3.1) with JetifyTransform
Transforming media3-datasource-cronet-1.3.1.aar (androidx.media3:media3-datasource-cronet:1.3.1) with ExtractAarTransform
Transforming media3-datasource-cronet-1.3.1.aar (androidx.media3:media3-datasource-cronet:1.3.1) with AarTransform
Transforming media3-session-1.3.1.aar (androidx.media3:media3-session:1.3.1) with JetifyTransform
Transforming media3-session-1.3.1.aar (androidx.media3:media3-session:1.3.1) with ExtractAarTransform
Transforming media3-session-1.3.1.aar (androidx.media3:media3-session:1.3.1) with AarTransform
Transforming media3-extractor-1.3.1.aar (androidx.media3:media3-extractor:1.3.1) with JetifyTransform
Transforming media3-extractor-1.3.1.aar (androidx.media3:media3-extractor:1.3.1) with ExtractAarTransform
Transforming media3-extractor-1.3.1.aar (androidx.media3:media3-extractor:1.3.1) with AarTransform
Transforming media3-container-1.3.1.aar (androidx.media3:media3-container:1.3.1) with JetifyTransform
Transforming media3-container-1.3.1.aar (androidx.media3:media3-container:1.3.1) with ExtractAarTransform
Transforming media3-container-1.3.1.aar (androidx.media3:media3-container:1.3.1) with AarTransform
Transforming media3-datasource-1.3.1.aar (androidx.media3:media3-datasource:1.3.1) with JetifyTransform
Transforming media3-datasource-1.3.1.aar (androidx.media3:media3-datasource:1.3.1) with ExtractAarTransform
Transforming media3-datasource-1.3.1.aar (androidx.media3:media3-datasource:1.3.1) with AarTransform
Transforming media3-decoder-1.3.1.aar (androidx.media3:media3-decoder:1.3.1) with JetifyTransform
Transforming media3-decoder-1.3.1.aar (androidx.media3:media3-decoder:1.3.1) with ExtractAarTransform
Transforming media3-decoder-1.3.1.aar (androidx.media3:media3-decoder:1.3.1) with AarTransform
Transforming media3-database-1.3.1.aar (androidx.media3:media3-database:1.3.1) with JetifyTransform
Transforming media3-database-1.3.1.aar (androidx.media3:media3-database:1.3.1) with ExtractAarTransform
Transforming media3-database-1.3.1.aar (androidx.media3:media3-database:1.3.1) with AarTransform
Transforming media3-common-1.3.1.aar (androidx.media3:media3-common:1.3.1) with JetifyTransform
Transforming media3-common-1.3.1.aar (androidx.media3:media3-common:1.3.1) with ExtractAarTransform
Transforming media3-common-1.3.1.aar (androidx.media3:media3-common:1.3.1) with AarTransform
Transforming media3-ui-1.3.1.aar (androidx.media3:media3-ui:1.3.1) with JetifyTransform
Transforming media3-ui-1.3.1.aar (androidx.media3:media3-ui:1.3.1) with ExtractAarTransform
Transforming media3-ui-1.3.1.aar (androidx.media3:media3-ui:1.3.1) with AarTransform
Transforming media-1.7.0.aar (androidx.media:media:1.7.0) with JetifyTransform
Transforming media-1.7.0.aar (androidx.media:media:1.7.0) with ExtractAarTransform
Transforming media-1.7.0.aar (androidx.media:media:1.7.0) with AarTransform
Transforming viewpager2-1.1.0-beta02.aar (androidx.viewpager2:viewpager2:1.1.0-beta02) with JetifyTransform
Transforming viewpager2-1.1.0-beta02.aar (androidx.viewpager2:viewpager2:1.1.0-beta02) with ExtractAarTransform
Transforming viewpager2-1.1.0-beta02.aar (androidx.viewpager2:viewpager2:1.1.0-beta02) with AarTransform
Transforming recyclerview-1.3.2.aar (androidx.recyclerview:recyclerview:1.3.2) with JetifyTransform
Transforming recyclerview-1.3.2.aar (androidx.recyclerview:recyclerview:1.3.2) with ExtractAarTransform
Transforming recyclerview-1.3.2.aar (androidx.recyclerview:recyclerview:1.3.2) with AarTransform
Transforming emoji2-views-helper-1.2.0.aar (androidx.emoji2:emoji2-views-helper:1.2.0) with JetifyTransform
Transforming emoji2-views-helper-1.2.0.aar (androidx.emoji2:emoji2-views-helper:1.2.0) with ExtractAarTransform
Transforming emoji2-views-helper-1.2.0.aar (androidx.emoji2:emoji2-views-helper:1.2.0) with AarTransform
Transforming emoji2-1.2.0.aar (androidx.emoji2:emoji2:1.2.0) with JetifyTransform
Transforming emoji2-1.2.0.aar (androidx.emoji2:emoji2:1.2.0) with ExtractAarTransform
Transforming emoji2-1.2.0.aar (androidx.emoji2:emoji2:1.2.0) with AarTransform
Transforming glide-4.16.0.aar (com.github.bumptech.glide:glide:4.16.0) with JetifyTransform
Transforming glide-4.16.0.aar (com.github.bumptech.glide:glide:4.16.0) with ExtractAarTransform
Transforming glide-4.16.0.aar (com.github.bumptech.glide:glide:4.16.0) with AarTransform
Transforming play-services-cronet-18.0.1.aar (com.google.android.gms:play-services-cronet:18.0.1) with JetifyTransform
Transforming play-services-cronet-18.0.1.aar (com.google.android.gms:play-services-cronet:18.0.1) with ExtractAarTransform
Transforming play-services-cronet-18.0.1.aar (com.google.android.gms:play-services-cronet:18.0.1) with AarTransform
Transforming play-services-base-18.0.1.aar (com.google.android.gms:play-services-base:18.0.1) with JetifyTransform
Transforming play-services-base-18.0.1.aar (com.google.android.gms:play-services-base:18.0.1) with ExtractAarTransform
Transforming play-services-base-18.0.1.aar (com.google.android.gms:play-services-base:18.0.1) with AarTransform
Transforming play-services-tasks-18.0.1.aar (com.google.android.gms:play-services-tasks:18.0.1) with JetifyTransform
Transforming play-services-tasks-18.0.1.aar (com.google.android.gms:play-services-tasks:18.0.1) with ExtractAarTransform
Transforming play-services-tasks-18.0.1.aar (com.google.android.gms:play-services-tasks:18.0.1) with AarTransform
Transforming play-services-basement-18.0.0.aar (com.google.android.gms:play-services-basement:18.0.0) with JetifyTransform
Transforming play-services-basement-18.0.0.aar (com.google.android.gms:play-services-basement:18.0.0) with ExtractAarTransform
Transforming play-services-basement-18.0.0.aar (com.google.android.gms:play-services-basement:18.0.0) with AarTransform
Transforming fragment-1.3.6.aar (androidx.fragment:fragment:1.3.6) with JetifyTransform
Transforming fragment-1.3.6.aar (androidx.fragment:fragment:1.3.6) with ExtractAarTransform
Transforming fragment-1.3.6.aar (androidx.fragment:fragment:1.3.6) with AarTransform
Transforming fragment-1.3.6.aar (androidx.fragment:fragment:1.3.6) with JetifyTransform
Transforming fragment-1.3.6.aar (androidx.fragment:fragment:1.3.6) with ExtractAarTransform
Transforming fragment-1.3.6.aar (androidx.fragment:fragment:1.3.6) with AarTransform
Transforming activity-1.8.0.aar (androidx.activity:activity:1.8.0) with JetifyTransform
Transforming activity-1.8.0.aar (androidx.activity:activity:1.8.0) with ExtractAarTransform
Transforming activity-1.8.0.aar (androidx.activity:activity:1.8.0) with AarTransform
Transforming drawerlayout-1.1.1.aar (androidx.drawerlayout:drawerlayout:1.1.1) with JetifyTransform
Transforming drawerlayout-1.1.1.aar (androidx.drawerlayout:drawerlayout:1.1.1) with ExtractAarTransform
Transforming drawerlayout-1.1.1.aar (androidx.drawerlayout:drawerlayout:1.1.1) with AarTransform
Transforming coordinatorlayout-1.1.0.aar (androidx.coordinatorlayout:coordinatorlayout:1.1.0) with JetifyTransform
Transforming coordinatorlayout-1.1.0.aar (androidx.coordinatorlayout:coordinatorlayout:1.1.0) with ExtractAarTransform
Transforming coordinatorlayout-1.1.0.aar (androidx.coordinatorlayout:coordinatorlayout:1.1.0) with AarTransform
Transforming transition-1.5.0.aar (androidx.transition:transition:1.5.0) with JetifyTransform
Transforming transition-1.5.0.aar (androidx.transition:transition:1.5.0) with ExtractAarTransform
Transforming transition-1.5.0.aar (androidx.transition:transition:1.5.0) with AarTransform
Transforming dynamicanimation-1.0.0.aar (androidx.dynamicanimation:dynamicanimation:1.0.0) with JetifyTransform
Transforming dynamicanimation-1.0.0.aar (androidx.dynamicanimation:dynamicanimation:1.0.0) with ExtractAarTransform
Transforming dynamicanimation-1.0.0.aar (androidx.dynamicanimation:dynamicanimation:1.0.0) with AarTransform
Transforming vectordrawable-animated-1.1.0.aar (androidx.vectordrawable:vectordrawable-animated:1.1.0) with JetifyTransform
Transforming vectordrawable-animated-1.1.0.aar (androidx.vectordrawable:vectordrawable-animated:1.1.0) with ExtractAarTransform
Transforming vectordrawable-animated-1.1.0.aar (androidx.vectordrawable:vectordrawable-animated:1.1.0) with AarTransform
Transforming vectordrawable-1.1.0.aar (androidx.vectordrawable:vectordrawable:1.1.0) with JetifyTransform
Transforming vectordrawable-1.1.0.aar (androidx.vectordrawable:vectordrawable:1.1.0) with ExtractAarTransform
Transforming vectordrawable-1.1.0.aar (androidx.vectordrawable:vectordrawable:1.1.0) with AarTransform
Transforming vectordrawable-1.1.0.aar (androidx.vectordrawable:vectordrawable:1.1.0) with JetifyTransform
Transforming vectordrawable-1.1.0.aar (androidx.vectordrawable:vectordrawable:1.1.0) with ExtractAarTransform
Transforming vectordrawable-1.1.0.aar (androidx.vectordrawable:vectordrawable:1.1.0) with AarTransform
Transforming viewpager-1.0.0.aar (androidx.viewpager:viewpager:1.0.0) with JetifyTransform
Transforming viewpager-1.0.0.aar (androidx.viewpager:viewpager:1.0.0) with ExtractAarTransform
Transforming viewpager-1.0.0.aar (androidx.viewpager:viewpager:1.0.0) with AarTransform
Transforming legacy-support-core-utils-1.0.0.aar (androidx.legacy:legacy-support-core-utils:1.0.0) with JetifyTransform
Transforming legacy-support-core-utils-1.0.0.aar (androidx.legacy:legacy-support-core-utils:1.0.0) with ExtractAarTransform
Transforming legacy-support-core-utils-1.0.0.aar (androidx.legacy:legacy-support-core-utils:1.0.0) with AarTransform
Transforming loader-1.0.0.aar (androidx.loader:loader:1.0.0) with JetifyTransform
Transforming loader-1.0.0.aar (androidx.loader:loader:1.0.0) with ExtractAarTransform
Transforming loader-1.0.0.aar (androidx.loader:loader:1.0.0) with AarTransform
Transforming loader-1.0.0.aar (androidx.loader:loader:1.0.0) with JetifyTransform
Transforming loader-1.0.0.aar (androidx.loader:loader:1.0.0) with ExtractAarTransform
Transforming loader-1.0.0.aar (androidx.loader:loader:1.0.0) with AarTransform
Transforming customview-1.1.0.aar (androidx.customview:customview:1.1.0) with JetifyTransform
Transforming customview-1.1.0.aar (androidx.customview:customview:1.1.0) with ExtractAarTransform
Transforming customview-1.1.0.aar (androidx.customview:customview:1.1.0) with AarTransform
Transforming customview-1.1.0.aar (androidx.customview:customview:1.1.0) with JetifyTransform
Transforming customview-1.1.0.aar (androidx.customview:customview:1.1.0) with ExtractAarTransform
Transforming customview-1.1.0.aar (androidx.customview:customview:1.1.0) with AarTransform
Transforming core-1.13.1.aar (androidx.core:core:1.13.1) with JetifyTransform
Transforming core-1.13.1.aar (androidx.core:core:1.13.1) with ExtractAarTransform
Transforming core-1.13.1.aar (androidx.core:core:1.13.1) with AarTransform
Transforming core-1.13.1.aar (androidx.core:core:1.13.1) with JetifyTransform
Transforming core-1.13.1.aar (androidx.core:core:1.13.1) with ExtractAarTransform
Transforming core-1.13.1.aar (androidx.core:core:1.13.1) with AarTransform
Transforming customview-poolingcontainer-1.0.0.aar (androidx.customview:customview-poolingcontainer:1.0.0) with JetifyTransform
Transforming customview-poolingcontainer-1.0.0.aar (androidx.customview:customview-poolingcontainer:1.0.0) with ExtractAarTransform
Transforming customview-poolingcontainer-1.0.0.aar (androidx.customview:customview-poolingcontainer:1.0.0) with AarTransform
Transforming savedstate-1.2.1.aar (androidx.savedstate:savedstate:1.2.1) with JetifyTransform
Transforming savedstate-1.2.1.aar (androidx.savedstate:savedstate:1.2.1) with ExtractAarTransform
Transforming savedstate-1.2.1.aar (androidx.savedstate:savedstate:1.2.1) with AarTransform
Transforming lifecycle-livedata-core-ktx-2.8.2.aar (androidx.lifecycle:lifecycle-livedata-core-ktx:2.8.2) with JetifyTransform
Transforming lifecycle-livedata-core-ktx-2.8.2.aar (androidx.lifecycle:lifecycle-livedata-core-ktx:2.8.2) with ExtractAarTransform
Transforming lifecycle-livedata-core-ktx-2.8.2.aar (androidx.lifecycle:lifecycle-livedata-core-ktx:2.8.2) with AarTransform
Transforming lifecycle-viewmodel-2.8.2.aar (androidx.lifecycle:lifecycle-viewmodel:2.8.2) with JetifyTransform
Transforming lifecycle-viewmodel-2.8.2.aar (androidx.lifecycle:lifecycle-viewmodel:2.8.2) with ExtractAarTransform
Transforming lifecycle-viewmodel-2.8.2.aar (androidx.lifecycle:lifecycle-viewmodel:2.8.2) with AarTransform
Transforming lifecycle-viewmodel-release.aar (androidx.lifecycle:lifecycle-viewmodel-android:2.8.2) with JetifyTransform
Transforming lifecycle-viewmodel-release.aar (androidx.lifecycle:lifecycle-viewmodel-android:2.8.2) with ExtractAarTransform
Transforming lifecycle-viewmodel-release.aar (androidx.lifecycle:lifecycle-viewmodel-android:2.8.2) with AarTransform
Transforming lifecycle-runtime-release.aar (androidx.lifecycle:lifecycle-runtime-android:2.8.2) with JetifyTransform
Transforming lifecycle-runtime-release.aar (androidx.lifecycle:lifecycle-runtime-android:2.8.2) with ExtractAarTransform
Transforming lifecycle-runtime-release.aar (androidx.lifecycle:lifecycle-runtime-android:2.8.2) with AarTransform
Transforming lifecycle-livedata-2.8.2.aar (androidx.lifecycle:lifecycle-livedata:2.8.2) with JetifyTransform
Transforming lifecycle-livedata-2.8.2.aar (androidx.lifecycle:lifecycle-livedata:2.8.2) with ExtractAarTransform
Transforming lifecycle-livedata-2.8.2.aar (androidx.lifecycle:lifecycle-livedata:2.8.2) with AarTransform
Transforming lifecycle-process-2.8.2.aar (androidx.lifecycle:lifecycle-process:2.8.2) with JetifyTransform
Transforming lifecycle-process-2.8.2.aar (androidx.lifecycle:lifecycle-process:2.8.2) with ExtractAarTransform
Transforming lifecycle-process-2.8.2.aar (androidx.lifecycle:lifecycle-process:2.8.2) with AarTransform
Transforming lifecycle-livedata-core-2.8.2.aar (androidx.lifecycle:lifecycle-livedata-core:2.8.2) with JetifyTransform
Transforming lifecycle-livedata-core-2.8.2.aar (androidx.lifecycle:lifecycle-livedata-core:2.8.2) with ExtractAarTransform
Transforming lifecycle-livedata-core-2.8.2.aar (androidx.lifecycle:lifecycle-livedata-core:2.8.2) with AarTransform
Transforming lifecycle-runtime-ktx-release.aar (androidx.lifecycle:lifecycle-runtime-ktx-android:2.8.2) with JetifyTransform
Transforming lifecycle-runtime-ktx-release.aar (androidx.lifecycle:lifecycle-runtime-ktx-android:2.8.2) with ExtractAarTransform
Transforming lifecycle-runtime-ktx-release.aar (androidx.lifecycle:lifecycle-runtime-ktx-android:2.8.2) with AarTransform
Transforming lifecycle-viewmodel-savedstate-2.8.2.aar (androidx.lifecycle:lifecycle-viewmodel-savedstate:2.8.2) with JetifyTransform
Transforming lifecycle-viewmodel-savedstate-2.8.2.aar (androidx.lifecycle:lifecycle-viewmodel-savedstate:2.8.2) with ExtractAarTransform
Transforming lifecycle-viewmodel-savedstate-2.8.2.aar (androidx.lifecycle:lifecycle-viewmodel-savedstate:2.8.2) with AarTransform
Transforming core-ktx-1.13.1.aar (androidx.core:core-ktx:1.13.1) with JetifyTransform
Transforming core-ktx-1.13.1.aar (androidx.core:core-ktx:1.13.1) with ExtractAarTransform
Transforming core-ktx-1.13.1.aar (androidx.core:core-ktx:1.13.1) with AarTransform
Transforming room-runtime-2.6.1.aar (androidx.room:room-runtime:2.6.1) with JetifyTransform
Transforming room-runtime-2.6.1.aar (androidx.room:room-runtime:2.6.1) with ExtractAarTransform
Transforming room-runtime-2.6.1.aar (androidx.room:room-runtime:2.6.1) with AarTransform
Transforming room-ktx-2.6.1.aar (androidx.room:room-ktx:2.6.1) with JetifyTransform
Transforming room-ktx-2.6.1.aar (androidx.room:room-ktx:2.6.1) with ExtractAarTransform
Transforming room-ktx-2.6.1.aar (androidx.room:room-ktx:2.6.1) with AarTransform
Transforming annotation-experimental-1.4.0.aar (androidx.annotation:annotation-experimental:1.4.0) with JetifyTransform
Transforming annotation-experimental-1.4.0.aar (androidx.annotation:annotation-experimental:1.4.0) with ExtractAarTransform
Transforming annotation-experimental-1.4.0.aar (androidx.annotation:annotation-experimental:1.4.0) with AarTransform
Transforming sqlite-framework-2.4.0.aar (androidx.sqlite:sqlite-framework:2.4.0) with JetifyTransform
Transforming sqlite-framework-2.4.0.aar (androidx.sqlite:sqlite-framework:2.4.0) with ExtractAarTransform
Transforming sqlite-framework-2.4.0.aar (androidx.sqlite:sqlite-framework:2.4.0) with AarTransform
Transforming sqlite-2.4.0.aar (androidx.sqlite:sqlite:2.4.0) with JetifyTransform
Transforming sqlite-2.4.0.aar (androidx.sqlite:sqlite:2.4.0) with ExtractAarTransform
Transforming sqlite-2.4.0.aar (androidx.sqlite:sqlite:2.4.0) with AarTransform
Transforming localbroadcastmanager-1.1.0.aar (androidx.localbroadcastmanager:localbroadcastmanager:1.1.0) with JetifyTransform
Transforming localbroadcastmanager-1.1.0.aar (androidx.localbroadcastmanager:localbroadcastmanager:1.1.0) with ExtractAarTransform
Transforming localbroadcastmanager-1.1.0.aar (androidx.localbroadcastmanager:localbroadcastmanager:1.1.0) with AarTransform
Transforming localbroadcastmanager-1.1.0.aar (androidx.localbroadcastmanager:localbroadcastmanager:1.1.0) with JetifyTransform
Transforming localbroadcastmanager-1.1.0.aar (androidx.localbroadcastmanager:localbroadcastmanager:1.1.0) with ExtractAarTransform
Transforming localbroadcastmanager-1.1.0.aar (androidx.localbroadcastmanager:localbroadcastmanager:1.1.0) with AarTransform
Transforming interpolator-1.0.0.aar (androidx.interpolator:interpolator:1.0.0) with JetifyTransform
Transforming interpolator-1.0.0.aar (androidx.interpolator:interpolator:1.0.0) with ExtractAarTransform
Transforming interpolator-1.0.0.aar (androidx.interpolator:interpolator:1.0.0) with AarTransform
Transforming interpolator-1.0.0.aar (androidx.interpolator:interpolator:1.0.0) with JetifyTransform
Transforming interpolator-1.0.0.aar (androidx.interpolator:interpolator:1.0.0) with ExtractAarTransform
Transforming interpolator-1.0.0.aar (androidx.interpolator:interpolator:1.0.0) with AarTransform
Transforming cursoradapter-1.0.0.aar (androidx.cursoradapter:cursoradapter:1.0.0) with JetifyTransform
Transforming cursoradapter-1.0.0.aar (androidx.cursoradapter:cursoradapter:1.0.0) with ExtractAarTransform
Transforming cursoradapter-1.0.0.aar (androidx.cursoradapter:cursoradapter:1.0.0) with AarTransform
Transforming cardview-1.0.0.aar (androidx.cardview:cardview:1.0.0) with JetifyTransform
Transforming cardview-1.0.0.aar (androidx.cardview:cardview:1.0.0) with ExtractAarTransform
Transforming cardview-1.0.0.aar (androidx.cardview:cardview:1.0.0) with AarTransform
Transforming versionedparcelable-1.1.1.aar (androidx.versionedparcelable:versionedparcelable:1.1.1) with JetifyTransform
Transforming versionedparcelable-1.1.1.aar (androidx.versionedparcelable:versionedparcelable:1.1.1) with ExtractAarTransform
Transforming versionedparcelable-1.1.1.aar (androidx.versionedparcelable:versionedparcelable:1.1.1) with AarTransform
Transforming exifinterface-1.3.6.aar (androidx.exifinterface:exifinterface:1.3.6) with JetifyTransform
Transforming exifinterface-1.3.6.aar (androidx.exifinterface:exifinterface:1.3.6) with ExtractAarTransform
Transforming exifinterface-1.3.6.aar (androidx.exifinterface:exifinterface:1.3.6) with AarTransform
Transforming core-runtime-2.2.0.aar (androidx.arch.core:core-runtime:2.2.0) with JetifyTransform
Transforming core-runtime-2.2.0.aar (androidx.arch.core:core-runtime:2.2.0) with ExtractAarTransform
Transforming core-runtime-2.2.0.aar (androidx.arch.core:core-runtime:2.2.0) with AarTransform
Transforming gifdecoder-4.16.0.aar (com.github.bumptech.glide:gifdecoder:4.16.0) with JetifyTransform
Transforming gifdecoder-4.16.0.aar (com.github.bumptech.glide:gifdecoder:4.16.0) with ExtractAarTransform
Transforming gifdecoder-4.16.0.aar (com.github.bumptech.glide:gifdecoder:4.16.0) with AarTransform
Transforming profileinstaller-1.3.1.aar (androidx.profileinstaller:profileinstaller:1.3.1) with JetifyTransform
Transforming profileinstaller-1.3.1.aar (androidx.profileinstaller:profileinstaller:1.3.1) with ExtractAarTransform
Transforming profileinstaller-1.3.1.aar (androidx.profileinstaller:profileinstaller:1.3.1) with AarTransform
Transforming startup-runtime-1.1.1.aar (androidx.startup:startup-runtime:1.1.1) with JetifyTransform
Transforming startup-runtime-1.1.1.aar (androidx.startup:startup-runtime:1.1.1) with ExtractAarTransform
Transforming startup-runtime-1.1.1.aar (androidx.startup:startup-runtime:1.1.1) with AarTransform
Transforming tracing-1.0.0.aar (androidx.tracing:tracing:1.0.0) with JetifyTransform
Transforming tracing-1.0.0.aar (androidx.tracing:tracing:1.0.0) with ExtractAarTransform
Transforming tracing-1.0.0.aar (androidx.tracing:tracing:1.0.0) with AarTransform
Transforming documentfile-1.0.0.aar (androidx.documentfile:documentfile:1.0.0) with JetifyTransform
Transforming documentfile-1.0.0.aar (androidx.documentfile:documentfile:1.0.0) with ExtractAarTransform
Transforming documentfile-1.0.0.aar (androidx.documentfile:documentfile:1.0.0) with AarTransform
Transforming print-1.0.0.aar (androidx.print:print:1.0.0) with JetifyTransform
Transforming print-1.0.0.aar (androidx.print:print:1.0.0) with ExtractAarTransform
Transforming print-1.0.0.aar (androidx.print:print:1.0.0) with AarTransform
Transforming cronet-api-72.3626.96.aar (org.chromium.net:cronet-api:72.3626.96) with JetifyTransform
Transforming cronet-api-72.3626.96.aar (org.chromium.net:cronet-api:72.3626.96) with ExtractAarTransform
Transforming cronet-api-72.3626.96.aar (org.chromium.net:cronet-api:72.3626.96) with AarTransform
Caching disabled for task ':app:checkDebugAarMetadata' because:
  Build cache is disabled
Skipping task ':app:checkDebugAarMetadata' as it is up-to-date.
Resolve mutations for :app:mapDebugSourceSetPaths (Thread[Execution worker Thread 5,5,main]) started.
:app:mapDebugSourceSetPaths (Thread[Execution worker Thread 5,5,main]) started.

> Task :app:mapDebugSourceSetPaths UP-TO-DATE
Caching disabled for task ':app:mapDebugSourceSetPaths' because:
  Build cache is disabled
Skipping task ':app:mapDebugSourceSetPaths' as it is up-to-date.
Resolve mutations for :app:createDebugCompatibleScreenManifests (Thread[Execution worker Thread 5,5,main]) started.
:app:createDebugCompatibleScreenManifests (Thread[Execution worker Thread 7,5,main]) started.

> Task :app:createDebugCompatibleScreenManifests UP-TO-DATE
Caching disabled for task ':app:createDebugCompatibleScreenManifests' because:
  Build cache is disabled
Skipping task ':app:createDebugCompatibleScreenManifests' as it is up-to-date.
Resolve mutations for :app:extractDeepLinksDebug (Thread[Execution worker Thread 7,5,main]) started.
:app:extractDeepLinksDebug (Thread[Execution worker Thread 5,5,main]) started.

> Task :app:extractDeepLinksDebug UP-TO-DATE
Caching disabled for task ':app:extractDeepLinksDebug' because:
  Build cache is disabled
Skipping task ':app:extractDeepLinksDebug' as it is up-to-date.
Resolve mutations for :app:processDebugMainManifest (Thread[Execution worker Thread 5,5,main]) started.
:app:processDebugMainManifest (Thread[Execution worker Thread 5,5,main]) started.

> Task :app:processDebugMainManifest UP-TO-DATE
Transforming viewbinding-8.4.1.aar (androidx.databinding:viewbinding:8.4.1) with JetifyTransform
Transforming viewbinding-8.4.1.aar (androidx.databinding:viewbinding:8.4.1) with ExtractAarTransform
Transforming viewbinding-8.4.1.aar (androidx.databinding:viewbinding:8.4.1) with AarTransform
Transforming material-1.12.0.aar (com.google.android.material:material:1.12.0) with JetifyTransform
Transforming material-1.12.0.aar (com.google.android.material:material:1.12.0) with ExtractAarTransform
Transforming material-1.12.0.aar (com.google.android.material:material:1.12.0) with AarTransform
Transforming constraintlayout-2.1.4.aar (androidx.constraintlayout:constraintlayout:2.1.4) with JetifyTransform
Transforming constraintlayout-2.1.4.aar (androidx.constraintlayout:constraintlayout:2.1.4) with ExtractAarTransform
Transforming constraintlayout-2.1.4.aar (androidx.constraintlayout:constraintlayout:2.1.4) with AarTransform
Transforming appcompat-resources-1.6.1.aar (androidx.appcompat:appcompat-resources:1.6.1) with JetifyTransform
Transforming appcompat-resources-1.6.1.aar (androidx.appcompat:appcompat-resources:1.6.1) with ExtractAarTransform
Transforming appcompat-resources-1.6.1.aar (androidx.appcompat:appcompat-resources:1.6.1) with AarTransform
Transforming appcompat-1.6.1.aar (androidx.appcompat:appcompat:1.6.1) with JetifyTransform
Transforming appcompat-1.6.1.aar (androidx.appcompat:appcompat:1.6.1) with ExtractAarTransform
Transforming appcompat-1.6.1.aar (androidx.appcompat:appcompat:1.6.1) with AarTransform
Transforming browser-1.8.0.aar (androidx.browser:browser:1.8.0) with JetifyTransform
Transforming browser-1.8.0.aar (androidx.browser:browser:1.8.0) with ExtractAarTransform
Transforming browser-1.8.0.aar (androidx.browser:browser:1.8.0) with AarTransform
Transforming webkit-1.11.0.aar (androidx.webkit:webkit:1.11.0) with JetifyTransform
Transforming webkit-1.11.0.aar (androidx.webkit:webkit:1.11.0) with ExtractAarTransform
Transforming webkit-1.11.0.aar (androidx.webkit:webkit:1.11.0) with AarTransform
Transforming media3-exoplayer-hls-1.3.1.aar (androidx.media3:media3-exoplayer-hls:1.3.1) with JetifyTransform
Transforming media3-exoplayer-hls-1.3.1.aar (androidx.media3:media3-exoplayer-hls:1.3.1) with ExtractAarTransform
Transforming media3-exoplayer-hls-1.3.1.aar (androidx.media3:media3-exoplayer-hls:1.3.1) with AarTransform
Transforming media3-exoplayer-1.3.1.aar (androidx.media3:media3-exoplayer:1.3.1) with JetifyTransform
Transforming media3-exoplayer-1.3.1.aar (androidx.media3:media3-exoplayer:1.3.1) with ExtractAarTransform
Transforming media3-exoplayer-1.3.1.aar (androidx.media3:media3-exoplayer:1.3.1) with AarTransform
Transforming media3-datasource-cronet-1.3.1.aar (androidx.media3:media3-datasource-cronet:1.3.1) with JetifyTransform
Transforming media3-datasource-cronet-1.3.1.aar (androidx.media3:media3-datasource-cronet:1.3.1) with ExtractAarTransform
Transforming media3-datasource-cronet-1.3.1.aar (androidx.media3:media3-datasource-cronet:1.3.1) with AarTransform
Transforming media3-session-1.3.1.aar (androidx.media3:media3-session:1.3.1) with JetifyTransform
Transforming media3-session-1.3.1.aar (androidx.media3:media3-session:1.3.1) with ExtractAarTransform
Transforming media3-session-1.3.1.aar (androidx.media3:media3-session:1.3.1) with AarTransform
Transforming media3-extractor-1.3.1.aar (androidx.media3:media3-extractor:1.3.1) with JetifyTransform
Transforming media3-extractor-1.3.1.aar (androidx.media3:media3-extractor:1.3.1) with ExtractAarTransform
Transforming media3-extractor-1.3.1.aar (androidx.media3:media3-extractor:1.3.1) with AarTransform
Transforming media3-container-1.3.1.aar (androidx.media3:media3-container:1.3.1) with JetifyTransform
Transforming media3-container-1.3.1.aar (androidx.media3:media3-container:1.3.1) with ExtractAarTransform
Transforming media3-container-1.3.1.aar (androidx.media3:media3-container:1.3.1) with AarTransform
Transforming media3-datasource-1.3.1.aar (androidx.media3:media3-datasource:1.3.1) with JetifyTransform
Transforming media3-datasource-1.3.1.aar (androidx.media3:media3-datasource:1.3.1) with ExtractAarTransform
Transforming media3-datasource-1.3.1.aar (androidx.media3:media3-datasource:1.3.1) with AarTransform
Transforming media3-decoder-1.3.1.aar (androidx.media3:media3-decoder:1.3.1) with JetifyTransform
Transforming media3-decoder-1.3.1.aar (androidx.media3:media3-decoder:1.3.1) with ExtractAarTransform
Transforming media3-decoder-1.3.1.aar (androidx.media3:media3-decoder:1.3.1) with AarTransform
Transforming media3-database-1.3.1.aar (androidx.media3:media3-database:1.3.1) with JetifyTransform
Transforming media3-database-1.3.1.aar (androidx.media3:media3-database:1.3.1) with ExtractAarTransform
Transforming media3-database-1.3.1.aar (androidx.media3:media3-database:1.3.1) with AarTransform
Transforming media3-common-1.3.1.aar (androidx.media3:media3-common:1.3.1) with JetifyTransform
Transforming media3-common-1.3.1.aar (androidx.media3:media3-common:1.3.1) with ExtractAarTransform
Transforming media3-common-1.3.1.aar (androidx.media3:media3-common:1.3.1) with AarTransform
Transforming media3-ui-1.3.1.aar (androidx.media3:media3-ui:1.3.1) with JetifyTransform
Transforming media3-ui-1.3.1.aar (androidx.media3:media3-ui:1.3.1) with ExtractAarTransform
Transforming media3-ui-1.3.1.aar (androidx.media3:media3-ui:1.3.1) with AarTransform
Transforming media-1.7.0.aar (androidx.media:media:1.7.0) with JetifyTransform
Transforming media-1.7.0.aar (androidx.media:media:1.7.0) with ExtractAarTransform
Transforming media-1.7.0.aar (androidx.media:media:1.7.0) with AarTransform
Transforming viewpager2-1.1.0-beta02.aar (androidx.viewpager2:viewpager2:1.1.0-beta02) with JetifyTransform
Transforming viewpager2-1.1.0-beta02.aar (androidx.viewpager2:viewpager2:1.1.0-beta02) with ExtractAarTransform
Transforming viewpager2-1.1.0-beta02.aar (androidx.viewpager2:viewpager2:1.1.0-beta02) with AarTransform
Transforming recyclerview-1.3.2.aar (androidx.recyclerview:recyclerview:1.3.2) with JetifyTransform
Transforming recyclerview-1.3.2.aar (androidx.recyclerview:recyclerview:1.3.2) with ExtractAarTransform
Transforming recyclerview-1.3.2.aar (androidx.recyclerview:recyclerview:1.3.2) with AarTransform
Transforming emoji2-views-helper-1.2.0.aar (androidx.emoji2:emoji2-views-helper:1.2.0) with JetifyTransform
Transforming emoji2-views-helper-1.2.0.aar (androidx.emoji2:emoji2-views-helper:1.2.0) with ExtractAarTransform
Transforming emoji2-views-helper-1.2.0.aar (androidx.emoji2:emoji2-views-helper:1.2.0) with AarTransform
Transforming emoji2-1.2.0.aar (androidx.emoji2:emoji2:1.2.0) with JetifyTransform
Transforming emoji2-1.2.0.aar (androidx.emoji2:emoji2:1.2.0) with ExtractAarTransform
Transforming emoji2-1.2.0.aar (androidx.emoji2:emoji2:1.2.0) with AarTransform
Transforming glide-4.16.0.aar (com.github.bumptech.glide:glide:4.16.0) with JetifyTransform
Transforming glide-4.16.0.aar (com.github.bumptech.glide:glide:4.16.0) with ExtractAarTransform
Transforming glide-4.16.0.aar (com.github.bumptech.glide:glide:4.16.0) with AarTransform
Transforming play-services-cronet-18.0.1.aar (com.google.android.gms:play-services-cronet:18.0.1) with JetifyTransform
Transforming play-services-cronet-18.0.1.aar (com.google.android.gms:play-services-cronet:18.0.1) with ExtractAarTransform
Transforming play-services-cronet-18.0.1.aar (com.google.android.gms:play-services-cronet:18.0.1) with AarTransform
Transforming play-services-base-18.0.1.aar (com.google.android.gms:play-services-base:18.0.1) with JetifyTransform
Transforming play-services-base-18.0.1.aar (com.google.android.gms:play-services-base:18.0.1) with ExtractAarTransform
Transforming play-services-base-18.0.1.aar (com.google.android.gms:play-services-base:18.0.1) with AarTransform
Transforming play-services-tasks-18.0.1.aar (com.google.android.gms:play-services-tasks:18.0.1) with JetifyTransform
Transforming play-services-tasks-18.0.1.aar (com.google.android.gms:play-services-tasks:18.0.1) with ExtractAarTransform
Transforming play-services-tasks-18.0.1.aar (com.google.android.gms:play-services-tasks:18.0.1) with AarTransform
Transforming play-services-basement-18.0.0.aar (com.google.android.gms:play-services-basement:18.0.0) with JetifyTransform
Transforming play-services-basement-18.0.0.aar (com.google.android.gms:play-services-basement:18.0.0) with ExtractAarTransform
Transforming play-services-basement-18.0.0.aar (com.google.android.gms:play-services-basement:18.0.0) with AarTransform
Transforming fragment-1.3.6.aar (androidx.fragment:fragment:1.3.6) with JetifyTransform
Transforming fragment-1.3.6.aar (androidx.fragment:fragment:1.3.6) with ExtractAarTransform
Transforming fragment-1.3.6.aar (androidx.fragment:fragment:1.3.6) with AarTransform
Transforming fragment-1.3.6.aar (androidx.fragment:fragment:1.3.6) with JetifyTransform
Transforming fragment-1.3.6.aar (androidx.fragment:fragment:1.3.6) with ExtractAarTransform
Transforming fragment-1.3.6.aar (androidx.fragment:fragment:1.3.6) with AarTransform
Transforming activity-1.8.0.aar (androidx.activity:activity:1.8.0) with JetifyTransform
Transforming activity-1.8.0.aar (androidx.activity:activity:1.8.0) with ExtractAarTransform
Transforming activity-1.8.0.aar (androidx.activity:activity:1.8.0) with AarTransform
Transforming drawerlayout-1.1.1.aar (androidx.drawerlayout:drawerlayout:1.1.1) with JetifyTransform
Transforming drawerlayout-1.1.1.aar (androidx.drawerlayout:drawerlayout:1.1.1) with ExtractAarTransform
Transforming drawerlayout-1.1.1.aar (androidx.drawerlayout:drawerlayout:1.1.1) with AarTransform
Transforming coordinatorlayout-1.1.0.aar (androidx.coordinatorlayout:coordinatorlayout:1.1.0) with JetifyTransform
Transforming coordinatorlayout-1.1.0.aar (androidx.coordinatorlayout:coordinatorlayout:1.1.0) with ExtractAarTransform
Transforming coordinatorlayout-1.1.0.aar (androidx.coordinatorlayout:coordinatorlayout:1.1.0) with AarTransform
Transforming transition-1.5.0.aar (androidx.transition:transition:1.5.0) with JetifyTransform
Transforming transition-1.5.0.aar (androidx.transition:transition:1.5.0) with ExtractAarTransform
Transforming transition-1.5.0.aar (androidx.transition:transition:1.5.0) with AarTransform
Transforming dynamicanimation-1.0.0.aar (androidx.dynamicanimation:dynamicanimation:1.0.0) with JetifyTransform
Transforming dynamicanimation-1.0.0.aar (androidx.dynamicanimation:dynamicanimation:1.0.0) with ExtractAarTransform
Transforming dynamicanimation-1.0.0.aar (androidx.dynamicanimation:dynamicanimation:1.0.0) with AarTransform
Transforming vectordrawable-animated-1.1.0.aar (androidx.vectordrawable:vectordrawable-animated:1.1.0) with JetifyTransform
Transforming vectordrawable-animated-1.1.0.aar (androidx.vectordrawable:vectordrawable-animated:1.1.0) with ExtractAarTransform
Transforming vectordrawable-animated-1.1.0.aar (androidx.vectordrawable:vectordrawable-animated:1.1.0) with AarTransform
Transforming vectordrawable-1.1.0.aar (androidx.vectordrawable:vectordrawable:1.1.0) with JetifyTransform
Transforming vectordrawable-1.1.0.aar (androidx.vectordrawable:vectordrawable:1.1.0) with ExtractAarTransform
Transforming vectordrawable-1.1.0.aar (androidx.vectordrawable:vectordrawable:1.1.0) with AarTransform
Transforming vectordrawable-1.1.0.aar (androidx.vectordrawable:vectordrawable:1.1.0) with JetifyTransform
Transforming vectordrawable-1.1.0.aar (androidx.vectordrawable:vectordrawable:1.1.0) with ExtractAarTransform
Transforming vectordrawable-1.1.0.aar (androidx.vectordrawable:vectordrawable:1.1.0) with AarTransform
Transforming viewpager-1.0.0.aar (androidx.viewpager:viewpager:1.0.0) with JetifyTransform
Transforming viewpager-1.0.0.aar (androidx.viewpager:viewpager:1.0.0) with ExtractAarTransform
Transforming viewpager-1.0.0.aar (androidx.viewpager:viewpager:1.0.0) with AarTransform
Transforming legacy-support-core-utils-1.0.0.aar (androidx.legacy:legacy-support-core-utils:1.0.0) with JetifyTransform
Transforming legacy-support-core-utils-1.0.0.aar (androidx.legacy:legacy-support-core-utils:1.0.0) with ExtractAarTransform
Transforming legacy-support-core-utils-1.0.0.aar (androidx.legacy:legacy-support-core-utils:1.0.0) with AarTransform
Transforming loader-1.0.0.aar (androidx.loader:loader:1.0.0) with JetifyTransform
Transforming loader-1.0.0.aar (androidx.loader:loader:1.0.0) with ExtractAarTransform
Transforming loader-1.0.0.aar (androidx.loader:loader:1.0.0) with AarTransform
Transforming loader-1.0.0.aar (androidx.loader:loader:1.0.0) with JetifyTransform
Transforming loader-1.0.0.aar (androidx.loader:loader:1.0.0) with ExtractAarTransform
Transforming loader-1.0.0.aar (androidx.loader:loader:1.0.0) with AarTransform
Transforming customview-1.1.0.aar (androidx.customview:customview:1.1.0) with JetifyTransform
Transforming customview-1.1.0.aar (androidx.customview:customview:1.1.0) with ExtractAarTransform
Transforming customview-1.1.0.aar (androidx.customview:customview:1.1.0) with AarTransform
Transforming customview-1.1.0.aar (androidx.customview:customview:1.1.0) with JetifyTransform
Transforming customview-1.1.0.aar (androidx.customview:customview:1.1.0) with ExtractAarTransform
Transforming customview-1.1.0.aar (androidx.customview:customview:1.1.0) with AarTransform
Transforming core-1.13.1.aar (androidx.core:core:1.13.1) with JetifyTransform
Transforming core-1.13.1.aar (androidx.core:core:1.13.1) with ExtractAarTransform
Transforming core-1.13.1.aar (androidx.core:core:1.13.1) with AarTransform
Transforming core-1.13.1.aar (androidx.core:core:1.13.1) with JetifyTransform
Transforming core-1.13.1.aar (androidx.core:core:1.13.1) with ExtractAarTransform
Transforming core-1.13.1.aar (androidx.core:core:1.13.1) with AarTransform
Transforming customview-poolingcontainer-1.0.0.aar (androidx.customview:customview-poolingcontainer:1.0.0) with JetifyTransform
Transforming customview-poolingcontainer-1.0.0.aar (androidx.customview:customview-poolingcontainer:1.0.0) with ExtractAarTransform
Transforming customview-poolingcontainer-1.0.0.aar (androidx.customview:customview-poolingcontainer:1.0.0) with AarTransform
Transforming savedstate-1.2.1.aar (androidx.savedstate:savedstate:1.2.1) with JetifyTransform
Transforming savedstate-1.2.1.aar (androidx.savedstate:savedstate:1.2.1) with ExtractAarTransform
Transforming savedstate-1.2.1.aar (androidx.savedstate:savedstate:1.2.1) with AarTransform
Transforming lifecycle-livedata-core-ktx-2.8.2.aar (androidx.lifecycle:lifecycle-livedata-core-ktx:2.8.2) with JetifyTransform
Transforming lifecycle-livedata-core-ktx-2.8.2.aar (androidx.lifecycle:lifecycle-livedata-core-ktx:2.8.2) with ExtractAarTransform
Transforming lifecycle-livedata-core-ktx-2.8.2.aar (androidx.lifecycle:lifecycle-livedata-core-ktx:2.8.2) with AarTransform
Transforming lifecycle-viewmodel-2.8.2.aar (androidx.lifecycle:lifecycle-viewmodel:2.8.2) with JetifyTransform
Transforming lifecycle-viewmodel-2.8.2.aar (androidx.lifecycle:lifecycle-viewmodel:2.8.2) with ExtractAarTransform
Transforming lifecycle-viewmodel-2.8.2.aar (androidx.lifecycle:lifecycle-viewmodel:2.8.2) with AarTransform
Transforming lifecycle-viewmodel-release.aar (androidx.lifecycle:lifecycle-viewmodel-android:2.8.2) with JetifyTransform
Transforming lifecycle-viewmodel-release.aar (androidx.lifecycle:lifecycle-viewmodel-android:2.8.2) with ExtractAarTransform
Transforming lifecycle-viewmodel-release.aar (androidx.lifecycle:lifecycle-viewmodel-android:2.8.2) with AarTransform
Transforming lifecycle-runtime-release.aar (androidx.lifecycle:lifecycle-runtime-android:2.8.2) with JetifyTransform
Transforming lifecycle-runtime-release.aar (androidx.lifecycle:lifecycle-runtime-android:2.8.2) with ExtractAarTransform
Transforming lifecycle-runtime-release.aar (androidx.lifecycle:lifecycle-runtime-android:2.8.2) with AarTransform
Transforming lifecycle-livedata-2.8.2.aar (androidx.lifecycle:lifecycle-livedata:2.8.2) with JetifyTransform
Transforming lifecycle-livedata-2.8.2.aar (androidx.lifecycle:lifecycle-livedata:2.8.2) with ExtractAarTransform
Transforming lifecycle-livedata-2.8.2.aar (androidx.lifecycle:lifecycle-livedata:2.8.2) with AarTransform
Transforming lifecycle-process-2.8.2.aar (androidx.lifecycle:lifecycle-process:2.8.2) with JetifyTransform
Transforming lifecycle-process-2.8.2.aar (androidx.lifecycle:lifecycle-process:2.8.2) with ExtractAarTransform
Transforming lifecycle-process-2.8.2.aar (androidx.lifecycle:lifecycle-process:2.8.2) with AarTransform
Transforming lifecycle-livedata-core-2.8.2.aar (androidx.lifecycle:lifecycle-livedata-core:2.8.2) with JetifyTransform
Transforming lifecycle-livedata-core-2.8.2.aar (androidx.lifecycle:lifecycle-livedata-core:2.8.2) with ExtractAarTransform
Transforming lifecycle-livedata-core-2.8.2.aar (androidx.lifecycle:lifecycle-livedata-core:2.8.2) with AarTransform
Transforming lifecycle-runtime-ktx-release.aar (androidx.lifecycle:lifecycle-runtime-ktx-android:2.8.2) with JetifyTransform
Transforming lifecycle-runtime-ktx-release.aar (androidx.lifecycle:lifecycle-runtime-ktx-android:2.8.2) with ExtractAarTransform
Transforming lifecycle-runtime-ktx-release.aar (androidx.lifecycle:lifecycle-runtime-ktx-android:2.8.2) with AarTransform
Transforming lifecycle-viewmodel-savedstate-2.8.2.aar (androidx.lifecycle:lifecycle-viewmodel-savedstate:2.8.2) with JetifyTransform
Transforming lifecycle-viewmodel-savedstate-2.8.2.aar (androidx.lifecycle:lifecycle-viewmodel-savedstate:2.8.2) with ExtractAarTransform
Transforming lifecycle-viewmodel-savedstate-2.8.2.aar (androidx.lifecycle:lifecycle-viewmodel-savedstate:2.8.2) with AarTransform
Transforming core-ktx-1.13.1.aar (androidx.core:core-ktx:1.13.1) with JetifyTransform
Transforming core-ktx-1.13.1.aar (androidx.core:core-ktx:1.13.1) with ExtractAarTransform
Transforming core-ktx-1.13.1.aar (androidx.core:core-ktx:1.13.1) with AarTransform
Transforming room-runtime-2.6.1.aar (androidx.room:room-runtime:2.6.1) with JetifyTransform
Transforming room-runtime-2.6.1.aar (androidx.room:room-runtime:2.6.1) with ExtractAarTransform
Transforming room-runtime-2.6.1.aar (androidx.room:room-runtime:2.6.1) with AarTransform
Transforming room-ktx-2.6.1.aar (androidx.room:room-ktx:2.6.1) with JetifyTransform
Transforming room-ktx-2.6.1.aar (androidx.room:room-ktx:2.6.1) with ExtractAarTransform
Transforming room-ktx-2.6.1.aar (androidx.room:room-ktx:2.6.1) with AarTransform
Transforming annotation-experimental-1.4.0.aar (androidx.annotation:annotation-experimental:1.4.0) with JetifyTransform
Transforming annotation-experimental-1.4.0.aar (androidx.annotation:annotation-experimental:1.4.0) with ExtractAarTransform
Transforming annotation-experimental-1.4.0.aar (androidx.annotation:annotation-experimental:1.4.0) with AarTransform
Transforming sqlite-framework-2.4.0.aar (androidx.sqlite:sqlite-framework:2.4.0) with JetifyTransform
Transforming sqlite-framework-2.4.0.aar (androidx.sqlite:sqlite-framework:2.4.0) with ExtractAarTransform
Transforming sqlite-framework-2.4.0.aar (androidx.sqlite:sqlite-framework:2.4.0) with AarTransform
Transforming sqlite-2.4.0.aar (androidx.sqlite:sqlite:2.4.0) with JetifyTransform
Transforming sqlite-2.4.0.aar (androidx.sqlite:sqlite:2.4.0) with ExtractAarTransform
Transforming sqlite-2.4.0.aar (androidx.sqlite:sqlite:2.4.0) with AarTransform
Transforming localbroadcastmanager-1.1.0.aar (androidx.localbroadcastmanager:localbroadcastmanager:1.1.0) with JetifyTransform
Transforming localbroadcastmanager-1.1.0.aar (androidx.localbroadcastmanager:localbroadcastmanager:1.1.0) with ExtractAarTransform
Transforming localbroadcastmanager-1.1.0.aar (androidx.localbroadcastmanager:localbroadcastmanager:1.1.0) with AarTransform
Transforming localbroadcastmanager-1.1.0.aar (androidx.localbroadcastmanager:localbroadcastmanager:1.1.0) with JetifyTransform
Transforming localbroadcastmanager-1.1.0.aar (androidx.localbroadcastmanager:localbroadcastmanager:1.1.0) with ExtractAarTransform
Transforming localbroadcastmanager-1.1.0.aar (androidx.localbroadcastmanager:localbroadcastmanager:1.1.0) with AarTransform
Transforming interpolator-1.0.0.aar (androidx.interpolator:interpolator:1.0.0) with JetifyTransform
Transforming interpolator-1.0.0.aar (androidx.interpolator:interpolator:1.0.0) with ExtractAarTransform
Transforming interpolator-1.0.0.aar (androidx.interpolator:interpolator:1.0.0) with AarTransform
Transforming interpolator-1.0.0.aar (androidx.interpolator:interpolator:1.0.0) with JetifyTransform
Transforming interpolator-1.0.0.aar (androidx.interpolator:interpolator:1.0.0) with ExtractAarTransform
Transforming interpolator-1.0.0.aar (androidx.interpolator:interpolator:1.0.0) with AarTransform
Transforming cursoradapter-1.0.0.aar (androidx.cursoradapter:cursoradapter:1.0.0) with JetifyTransform
Transforming cursoradapter-1.0.0.aar (androidx.cursoradapter:cursoradapter:1.0.0) with ExtractAarTransform
Transforming cursoradapter-1.0.0.aar (androidx.cursoradapter:cursoradapter:1.0.0) with AarTransform
Transforming cardview-1.0.0.aar (androidx.cardview:cardview:1.0.0) with JetifyTransform
Transforming cardview-1.0.0.aar (androidx.cardview:cardview:1.0.0) with ExtractAarTransform
Transforming cardview-1.0.0.aar (androidx.cardview:cardview:1.0.0) with AarTransform
Transforming versionedparcelable-1.1.1.aar (androidx.versionedparcelable:versionedparcelable:1.1.1) with JetifyTransform
Transforming versionedparcelable-1.1.1.aar (androidx.versionedparcelable:versionedparcelable:1.1.1) with ExtractAarTransform
Transforming versionedparcelable-1.1.1.aar (androidx.versionedparcelable:versionedparcelable:1.1.1) with AarTransform
Transforming exifinterface-1.3.6.aar (androidx.exifinterface:exifinterface:1.3.6) with JetifyTransform
Transforming exifinterface-1.3.6.aar (androidx.exifinterface:exifinterface:1.3.6) with ExtractAarTransform
Transforming exifinterface-1.3.6.aar (androidx.exifinterface:exifinterface:1.3.6) with AarTransform
Transforming core-runtime-2.2.0.aar (androidx.arch.core:core-runtime:2.2.0) with JetifyTransform
Transforming core-runtime-2.2.0.aar (androidx.arch.core:core-runtime:2.2.0) with ExtractAarTransform
Transforming core-runtime-2.2.0.aar (androidx.arch.core:core-runtime:2.2.0) with AarTransform
Transforming gifdecoder-4.16.0.aar (com.github.bumptech.glide:gifdecoder:4.16.0) with JetifyTransform
Transforming gifdecoder-4.16.0.aar (com.github.bumptech.glide:gifdecoder:4.16.0) with ExtractAarTransform
Transforming gifdecoder-4.16.0.aar (com.github.bumptech.glide:gifdecoder:4.16.0) with AarTransform
Transforming profileinstaller-1.3.1.aar (androidx.profileinstaller:profileinstaller:1.3.1) with JetifyTransform
Transforming profileinstaller-1.3.1.aar (androidx.profileinstaller:profileinstaller:1.3.1) with ExtractAarTransform
Transforming profileinstaller-1.3.1.aar (androidx.profileinstaller:profileinstaller:1.3.1) with AarTransform
Transforming startup-runtime-1.1.1.aar (androidx.startup:startup-runtime:1.1.1) with JetifyTransform
Transforming startup-runtime-1.1.1.aar (androidx.startup:startup-runtime:1.1.1) with ExtractAarTransform
Transforming startup-runtime-1.1.1.aar (androidx.startup:startup-runtime:1.1.1) with AarTransform
Transforming tracing-1.0.0.aar (androidx.tracing:tracing:1.0.0) with JetifyTransform
Transforming tracing-1.0.0.aar (androidx.tracing:tracing:1.0.0) with ExtractAarTransform
Transforming tracing-1.0.0.aar (androidx.tracing:tracing:1.0.0) with AarTransform
Transforming documentfile-1.0.0.aar (androidx.documentfile:documentfile:1.0.0) with JetifyTransform
Transforming documentfile-1.0.0.aar (androidx.documentfile:documentfile:1.0.0) with ExtractAarTransform
Transforming documentfile-1.0.0.aar (androidx.documentfile:documentfile:1.0.0) with AarTransform
Transforming print-1.0.0.aar (androidx.print:print:1.0.0) with JetifyTransform
Transforming print-1.0.0.aar (androidx.print:print:1.0.0) with ExtractAarTransform
Transforming print-1.0.0.aar (androidx.print:print:1.0.0) with AarTransform
Transforming cronet-api-72.3626.96.aar (org.chromium.net:cronet-api:72.3626.96) with JetifyTransform
Transforming cronet-api-72.3626.96.aar (org.chromium.net:cronet-api:72.3626.96) with ExtractAarTransform
Transforming cronet-api-72.3626.96.aar (org.chromium.net:cronet-api:72.3626.96) with AarTransform
Transforming viewbinding-8.4.1.aar (androidx.databinding:viewbinding:8.4.1) with JetifyTransform
Transforming viewbinding-8.4.1.aar (androidx.databinding:viewbinding:8.4.1) with ExtractAarTransform
Transforming viewbinding-8.4.1.aar (androidx.databinding:viewbinding:8.4.1) with AarTransform
Transforming material-1.12.0.aar (com.google.android.material:material:1.12.0) with JetifyTransform
Transforming material-1.12.0.aar (com.google.android.material:material:1.12.0) with ExtractAarTransform
Transforming material-1.12.0.aar (com.google.android.material:material:1.12.0) with AarTransform
Transforming constraintlayout-2.1.4.aar (androidx.constraintlayout:constraintlayout:2.1.4) with JetifyTransform
Transforming constraintlayout-2.1.4.aar (androidx.constraintlayout:constraintlayout:2.1.4) with ExtractAarTransform
Transforming constraintlayout-2.1.4.aar (androidx.constraintlayout:constraintlayout:2.1.4) with AarTransform
Transforming appcompat-resources-1.6.1.aar (androidx.appcompat:appcompat-resources:1.6.1) with JetifyTransform
Transforming appcompat-resources-1.6.1.aar (androidx.appcompat:appcompat-resources:1.6.1) with ExtractAarTransform
Transforming appcompat-resources-1.6.1.aar (androidx.appcompat:appcompat-resources:1.6.1) with AarTransform
Transforming appcompat-1.6.1.aar (androidx.appcompat:appcompat:1.6.1) with JetifyTransform
Transforming appcompat-1.6.1.aar (androidx.appcompat:appcompat:1.6.1) with ExtractAarTransform
Transforming appcompat-1.6.1.aar (androidx.appcompat:appcompat:1.6.1) with AarTransform
Transforming browser-1.8.0.aar (androidx.browser:browser:1.8.0) with JetifyTransform
Transforming browser-1.8.0.aar (androidx.browser:browser:1.8.0) with ExtractAarTransform
Transforming browser-1.8.0.aar (androidx.browser:browser:1.8.0) with AarTransform
Transforming webkit-1.11.0.aar (androidx.webkit:webkit:1.11.0) with JetifyTransform
Transforming webkit-1.11.0.aar (androidx.webkit:webkit:1.11.0) with ExtractAarTransform
Transforming webkit-1.11.0.aar (androidx.webkit:webkit:1.11.0) with AarTransform
Transforming media3-exoplayer-hls-1.3.1.aar (androidx.media3:media3-exoplayer-hls:1.3.1) with JetifyTransform
Transforming media3-exoplayer-hls-1.3.1.aar (androidx.media3:media3-exoplayer-hls:1.3.1) with ExtractAarTransform
Transforming media3-exoplayer-hls-1.3.1.aar (androidx.media3:media3-exoplayer-hls:1.3.1) with AarTransform
Transforming media3-exoplayer-1.3.1.aar (androidx.media3:media3-exoplayer:1.3.1) with JetifyTransform
Transforming media3-exoplayer-1.3.1.aar (androidx.media3:media3-exoplayer:1.3.1) with ExtractAarTransform
Transforming media3-exoplayer-1.3.1.aar (androidx.media3:media3-exoplayer:1.3.1) with AarTransform
Transforming media3-datasource-cronet-1.3.1.aar (androidx.media3:media3-datasource-cronet:1.3.1) with JetifyTransform
Transforming media3-datasource-cronet-1.3.1.aar (androidx.media3:media3-datasource-cronet:1.3.1) with ExtractAarTransform
Transforming media3-datasource-cronet-1.3.1.aar (androidx.media3:media3-datasource-cronet:1.3.1) with AarTransform
Transforming media3-session-1.3.1.aar (androidx.media3:media3-session:1.3.1) with JetifyTransform
Transforming media3-session-1.3.1.aar (androidx.media3:media3-session:1.3.1) with ExtractAarTransform
Transforming media3-session-1.3.1.aar (androidx.media3:media3-session:1.3.1) with AarTransform
Transforming media3-extractor-1.3.1.aar (androidx.media3:media3-extractor:1.3.1) with JetifyTransform
Transforming media3-extractor-1.3.1.aar (androidx.media3:media3-extractor:1.3.1) with ExtractAarTransform
Transforming media3-extractor-1.3.1.aar (androidx.media3:media3-extractor:1.3.1) with AarTransform
Transforming media3-container-1.3.1.aar (androidx.media3:media3-container:1.3.1) with JetifyTransform
Transforming media3-container-1.3.1.aar (androidx.media3:media3-container:1.3.1) with ExtractAarTransform
Transforming media3-container-1.3.1.aar (androidx.media3:media3-container:1.3.1) with AarTransform
Transforming media3-datasource-1.3.1.aar (androidx.media3:media3-datasource:1.3.1) with JetifyTransform
Transforming media3-datasource-1.3.1.aar (androidx.media3:media3-datasource:1.3.1) with ExtractAarTransform
Transforming media3-datasource-1.3.1.aar (androidx.media3:media3-datasource:1.3.1) with AarTransform
Transforming media3-decoder-1.3.1.aar (androidx.media3:media3-decoder:1.3.1) with JetifyTransform
Transforming media3-decoder-1.3.1.aar (androidx.media3:media3-decoder:1.3.1) with ExtractAarTransform
Transforming media3-decoder-1.3.1.aar (androidx.media3:media3-decoder:1.3.1) with AarTransform
Transforming media3-database-1.3.1.aar (androidx.media3:media3-database:1.3.1) with JetifyTransform
Transforming media3-database-1.3.1.aar (androidx.media3:media3-database:1.3.1) with ExtractAarTransform
Transforming media3-database-1.3.1.aar (androidx.media3:media3-database:1.3.1) with AarTransform
Transforming media3-common-1.3.1.aar (androidx.media3:media3-common:1.3.1) with JetifyTransform
Transforming media3-common-1.3.1.aar (androidx.media3:media3-common:1.3.1) with ExtractAarTransform
Transforming media3-common-1.3.1.aar (androidx.media3:media3-common:1.3.1) with AarTransform
Transforming media3-ui-1.3.1.aar (androidx.media3:media3-ui:1.3.1) with JetifyTransform
Transforming media3-ui-1.3.1.aar (androidx.media3:media3-ui:1.3.1) with ExtractAarTransform
Transforming media3-ui-1.3.1.aar (androidx.media3:media3-ui:1.3.1) with AarTransform
Transforming media-1.7.0.aar (androidx.media:media:1.7.0) with JetifyTransform
Transforming media-1.7.0.aar (androidx.media:media:1.7.0) with ExtractAarTransform
Transforming media-1.7.0.aar (androidx.media:media:1.7.0) with AarTransform
Transforming viewpager2-1.1.0-beta02.aar (androidx.viewpager2:viewpager2:1.1.0-beta02) with JetifyTransform
Transforming viewpager2-1.1.0-beta02.aar (androidx.viewpager2:viewpager2:1.1.0-beta02) with ExtractAarTransform
Transforming viewpager2-1.1.0-beta02.aar (androidx.viewpager2:viewpager2:1.1.0-beta02) with AarTransform
Transforming recyclerview-1.3.2.aar (androidx.recyclerview:recyclerview:1.3.2) with JetifyTransform
Transforming recyclerview-1.3.2.aar (androidx.recyclerview:recyclerview:1.3.2) with ExtractAarTransform
Transforming recyclerview-1.3.2.aar (androidx.recyclerview:recyclerview:1.3.2) with AarTransform
Transforming emoji2-views-helper-1.2.0.aar (androidx.emoji2:emoji2-views-helper:1.2.0) with JetifyTransform
Transforming emoji2-views-helper-1.2.0.aar (androidx.emoji2:emoji2-views-helper:1.2.0) with ExtractAarTransform
Transforming emoji2-views-helper-1.2.0.aar (androidx.emoji2:emoji2-views-helper:1.2.0) with AarTransform
Transforming emoji2-1.2.0.aar (androidx.emoji2:emoji2:1.2.0) with JetifyTransform
Transforming emoji2-1.2.0.aar (androidx.emoji2:emoji2:1.2.0) with ExtractAarTransform
Transforming emoji2-1.2.0.aar (androidx.emoji2:emoji2:1.2.0) with AarTransform
Transforming glide-4.16.0.aar (com.github.bumptech.glide:glide:4.16.0) with JetifyTransform
Transforming glide-4.16.0.aar (com.github.bumptech.glide:glide:4.16.0) with ExtractAarTransform
Transforming glide-4.16.0.aar (com.github.bumptech.glide:glide:4.16.0) with AarTransform
Transforming play-services-cronet-18.0.1.aar (com.google.android.gms:play-services-cronet:18.0.1) with JetifyTransform
Transforming play-services-cronet-18.0.1.aar (com.google.android.gms:play-services-cronet:18.0.1) with ExtractAarTransform
Transforming play-services-cronet-18.0.1.aar (com.google.android.gms:play-services-cronet:18.0.1) with AarTransform
Transforming play-services-base-18.0.1.aar (com.google.android.gms:play-services-base:18.0.1) with JetifyTransform
Transforming play-services-base-18.0.1.aar (com.google.android.gms:play-services-base:18.0.1) with ExtractAarTransform
Transforming play-services-base-18.0.1.aar (com.google.android.gms:play-services-base:18.0.1) with AarTransform
Transforming play-services-tasks-18.0.1.aar (com.google.android.gms:play-services-tasks:18.0.1) with JetifyTransform
Transforming play-services-tasks-18.0.1.aar (com.google.android.gms:play-services-tasks:18.0.1) with ExtractAarTransform
Transforming play-services-tasks-18.0.1.aar (com.google.android.gms:play-services-tasks:18.0.1) with AarTransform
Transforming play-services-basement-18.0.0.aar (com.google.android.gms:play-services-basement:18.0.0) with JetifyTransform
Transforming play-services-basement-18.0.0.aar (com.google.android.gms:play-services-basement:18.0.0) with ExtractAarTransform
Transforming play-services-basement-18.0.0.aar (com.google.android.gms:play-services-basement:18.0.0) with AarTransform
Transforming fragment-1.3.6.aar (androidx.fragment:fragment:1.3.6) with JetifyTransform
Transforming fragment-1.3.6.aar (androidx.fragment:fragment:1.3.6) with ExtractAarTransform
Transforming fragment-1.3.6.aar (androidx.fragment:fragment:1.3.6) with AarTransform
Transforming fragment-1.3.6.aar (androidx.fragment:fragment:1.3.6) with JetifyTransform
Transforming fragment-1.3.6.aar (androidx.fragment:fragment:1.3.6) with ExtractAarTransform
Transforming fragment-1.3.6.aar (androidx.fragment:fragment:1.3.6) with AarTransform
Transforming activity-1.8.0.aar (androidx.activity:activity:1.8.0) with JetifyTransform
Transforming activity-1.8.0.aar (androidx.activity:activity:1.8.0) with ExtractAarTransform
Transforming activity-1.8.0.aar (androidx.activity:activity:1.8.0) with AarTransform
Transforming drawerlayout-1.1.1.aar (androidx.drawerlayout:drawerlayout:1.1.1) with JetifyTransform
Transforming drawerlayout-1.1.1.aar (androidx.drawerlayout:drawerlayout:1.1.1) with ExtractAarTransform
Transforming drawerlayout-1.1.1.aar (androidx.drawerlayout:drawerlayout:1.1.1) with AarTransform
Transforming coordinatorlayout-1.1.0.aar (androidx.coordinatorlayout:coordinatorlayout:1.1.0) with JetifyTransform
Transforming coordinatorlayout-1.1.0.aar (androidx.coordinatorlayout:coordinatorlayout:1.1.0) with ExtractAarTransform
Transforming coordinatorlayout-1.1.0.aar (androidx.coordinatorlayout:coordinatorlayout:1.1.0) with AarTransform
Transforming transition-1.5.0.aar (androidx.transition:transition:1.5.0) with JetifyTransform
Transforming transition-1.5.0.aar (androidx.transition:transition:1.5.0) with ExtractAarTransform
Transforming transition-1.5.0.aar (androidx.transition:transition:1.5.0) with AarTransform
Transforming dynamicanimation-1.0.0.aar (androidx.dynamicanimation:dynamicanimation:1.0.0) with JetifyTransform
Transforming dynamicanimation-1.0.0.aar (androidx.dynamicanimation:dynamicanimation:1.0.0) with ExtractAarTransform
Transforming dynamicanimation-1.0.0.aar (androidx.dynamicanimation:dynamicanimation:1.0.0) with AarTransform
Transforming vectordrawable-animated-1.1.0.aar (androidx.vectordrawable:vectordrawable-animated:1.1.0) with JetifyTransform
Transforming vectordrawable-animated-1.1.0.aar (androidx.vectordrawable:vectordrawable-animated:1.1.0) with ExtractAarTransform
Transforming vectordrawable-animated-1.1.0.aar (androidx.vectordrawable:vectordrawable-animated:1.1.0) with AarTransform
Transforming vectordrawable-1.1.0.aar (androidx.vectordrawable:vectordrawable:1.1.0) with JetifyTransform
Transforming vectordrawable-1.1.0.aar (androidx.vectordrawable:vectordrawable:1.1.0) with ExtractAarTransform
Transforming vectordrawable-1.1.0.aar (androidx.vectordrawable:vectordrawable:1.1.0) with AarTransform
Transforming vectordrawable-1.1.0.aar (androidx.vectordrawable:vectordrawable:1.1.0) with JetifyTransform
Transforming vectordrawable-1.1.0.aar (androidx.vectordrawable:vectordrawable:1.1.0) with ExtractAarTransform
Transforming vectordrawable-1.1.0.aar (androidx.vectordrawable:vectordrawable:1.1.0) with AarTransform
Transforming viewpager-1.0.0.aar (androidx.viewpager:viewpager:1.0.0) with JetifyTransform
Transforming viewpager-1.0.0.aar (androidx.viewpager:viewpager:1.0.0) with ExtractAarTransform
Transforming viewpager-1.0.0.aar (androidx.viewpager:viewpager:1.0.0) with AarTransform
Transforming legacy-support-core-utils-1.0.0.aar (androidx.legacy:legacy-support-core-utils:1.0.0) with JetifyTransform
Transforming legacy-support-core-utils-1.0.0.aar (androidx.legacy:legacy-support-core-utils:1.0.0) with ExtractAarTransform
Transforming legacy-support-core-utils-1.0.0.aar (androidx.legacy:legacy-support-core-utils:1.0.0) with AarTransform
Transforming loader-1.0.0.aar (androidx.loader:loader:1.0.0) with JetifyTransform
Transforming loader-1.0.0.aar (androidx.loader:loader:1.0.0) with ExtractAarTransform
Transforming loader-1.0.0.aar (androidx.loader:loader:1.0.0) with AarTransform
Transforming loader-1.0.0.aar (androidx.loader:loader:1.0.0) with JetifyTransform
Transforming loader-1.0.0.aar (androidx.loader:loader:1.0.0) with ExtractAarTransform
Transforming loader-1.0.0.aar (androidx.loader:loader:1.0.0) with AarTransform
Transforming customview-1.1.0.aar (androidx.customview:customview:1.1.0) with JetifyTransform
Transforming customview-1.1.0.aar (androidx.customview:customview:1.1.0) with ExtractAarTransform
Transforming customview-1.1.0.aar (androidx.customview:customview:1.1.0) with AarTransform
Transforming customview-1.1.0.aar (androidx.customview:customview:1.1.0) with JetifyTransform
Transforming customview-1.1.0.aar (androidx.customview:customview:1.1.0) with ExtractAarTransform
Transforming customview-1.1.0.aar (androidx.customview:customview:1.1.0) with AarTransform
Transforming core-1.13.1.aar (androidx.core:core:1.13.1) with JetifyTransform
Transforming core-1.13.1.aar (androidx.core:core:1.13.1) with ExtractAarTransform
Transforming core-1.13.1.aar (androidx.core:core:1.13.1) with AarTransform
Transforming core-1.13.1.aar (androidx.core:core:1.13.1) with JetifyTransform
Transforming core-1.13.1.aar (androidx.core:core:1.13.1) with ExtractAarTransform
Transforming core-1.13.1.aar (androidx.core:core:1.13.1) with AarTransform
Transforming customview-poolingcontainer-1.0.0.aar (androidx.customview:customview-poolingcontainer:1.0.0) with JetifyTransform
Transforming customview-poolingcontainer-1.0.0.aar (androidx.customview:customview-poolingcontainer:1.0.0) with ExtractAarTransform
Transforming customview-poolingcontainer-1.0.0.aar (androidx.customview:customview-poolingcontainer:1.0.0) with AarTransform
Transforming savedstate-1.2.1.aar (androidx.savedstate:savedstate:1.2.1) with JetifyTransform
Transforming savedstate-1.2.1.aar (androidx.savedstate:savedstate:1.2.1) with ExtractAarTransform
Transforming savedstate-1.2.1.aar (androidx.savedstate:savedstate:1.2.1) with AarTransform
Transforming lifecycle-livedata-core-ktx-2.8.2.aar (androidx.lifecycle:lifecycle-livedata-core-ktx:2.8.2) with JetifyTransform
Transforming lifecycle-livedata-core-ktx-2.8.2.aar (androidx.lifecycle:lifecycle-livedata-core-ktx:2.8.2) with ExtractAarTransform
Transforming lifecycle-livedata-core-ktx-2.8.2.aar (androidx.lifecycle:lifecycle-livedata-core-ktx:2.8.2) with AarTransform
Transforming lifecycle-viewmodel-2.8.2.aar (androidx.lifecycle:lifecycle-viewmodel:2.8.2) with JetifyTransform
Transforming lifecycle-viewmodel-2.8.2.aar (androidx.lifecycle:lifecycle-viewmodel:2.8.2) with ExtractAarTransform
Transforming lifecycle-viewmodel-2.8.2.aar (androidx.lifecycle:lifecycle-viewmodel:2.8.2) with AarTransform
Transforming lifecycle-viewmodel-release.aar (androidx.lifecycle:lifecycle-viewmodel-android:2.8.2) with JetifyTransform
Transforming lifecycle-viewmodel-release.aar (androidx.lifecycle:lifecycle-viewmodel-android:2.8.2) with ExtractAarTransform
Transforming lifecycle-viewmodel-release.aar (androidx.lifecycle:lifecycle-viewmodel-android:2.8.2) with AarTransform
Transforming lifecycle-runtime-release.aar (androidx.lifecycle:lifecycle-runtime-android:2.8.2) with JetifyTransform
Transforming lifecycle-runtime-release.aar (androidx.lifecycle:lifecycle-runtime-android:2.8.2) with ExtractAarTransform
Transforming lifecycle-runtime-release.aar (androidx.lifecycle:lifecycle-runtime-android:2.8.2) with AarTransform
Transforming lifecycle-livedata-2.8.2.aar (androidx.lifecycle:lifecycle-livedata:2.8.2) with JetifyTransform
Transforming lifecycle-livedata-2.8.2.aar (androidx.lifecycle:lifecycle-livedata:2.8.2) with ExtractAarTransform
Transforming lifecycle-livedata-2.8.2.aar (androidx.lifecycle:lifecycle-livedata:2.8.2) with AarTransform
Transforming lifecycle-process-2.8.2.aar (androidx.lifecycle:lifecycle-process:2.8.2) with JetifyTransform
Transforming lifecycle-process-2.8.2.aar (androidx.lifecycle:lifecycle-process:2.8.2) with ExtractAarTransform
Transforming lifecycle-process-2.8.2.aar (androidx.lifecycle:lifecycle-process:2.8.2) with AarTransform
Transforming lifecycle-livedata-core-2.8.2.aar (androidx.lifecycle:lifecycle-livedata-core:2.8.2) with JetifyTransform
Transforming lifecycle-livedata-core-2.8.2.aar (androidx.lifecycle:lifecycle-livedata-core:2.8.2) with ExtractAarTransform
Transforming lifecycle-livedata-core-2.8.2.aar (androidx.lifecycle:lifecycle-livedata-core:2.8.2) with AarTransform
Transforming lifecycle-runtime-ktx-release.aar (androidx.lifecycle:lifecycle-runtime-ktx-android:2.8.2) with JetifyTransform
Transforming lifecycle-runtime-ktx-release.aar (androidx.lifecycle:lifecycle-runtime-ktx-android:2.8.2) with ExtractAarTransform
Transforming lifecycle-runtime-ktx-release.aar (androidx.lifecycle:lifecycle-runtime-ktx-android:2.8.2) with AarTransform
Transforming lifecycle-viewmodel-savedstate-2.8.2.aar (androidx.lifecycle:lifecycle-viewmodel-savedstate:2.8.2) with JetifyTransform
Transforming lifecycle-viewmodel-savedstate-2.8.2.aar (androidx.lifecycle:lifecycle-viewmodel-savedstate:2.8.2) with ExtractAarTransform
Transforming lifecycle-viewmodel-savedstate-2.8.2.aar (androidx.lifecycle:lifecycle-viewmodel-savedstate:2.8.2) with AarTransform
Transforming core-ktx-1.13.1.aar (androidx.core:core-ktx:1.13.1) with JetifyTransform
Transforming core-ktx-1.13.1.aar (androidx.core:core-ktx:1.13.1) with ExtractAarTransform
Transforming core-ktx-1.13.1.aar (androidx.core:core-ktx:1.13.1) with AarTransform
Transforming room-runtime-2.6.1.aar (androidx.room:room-runtime:2.6.1) with JetifyTransform
Transforming room-runtime-2.6.1.aar (androidx.room:room-runtime:2.6.1) with ExtractAarTransform
Transforming room-runtime-2.6.1.aar (androidx.room:room-runtime:2.6.1) with AarTransform
Transforming room-ktx-2.6.1.aar (androidx.room:room-ktx:2.6.1) with JetifyTransform
Transforming room-ktx-2.6.1.aar (androidx.room:room-ktx:2.6.1) with ExtractAarTransform
Transforming room-ktx-2.6.1.aar (androidx.room:room-ktx:2.6.1) with AarTransform
Transforming annotation-experimental-1.4.0.aar (androidx.annotation:annotation-experimental:1.4.0) with JetifyTransform
Transforming annotation-experimental-1.4.0.aar (androidx.annotation:annotation-experimental:1.4.0) with ExtractAarTransform
Transforming annotation-experimental-1.4.0.aar (androidx.annotation:annotation-experimental:1.4.0) with AarTransform
Transforming sqlite-framework-2.4.0.aar (androidx.sqlite:sqlite-framework:2.4.0) with JetifyTransform
Transforming sqlite-framework-2.4.0.aar (androidx.sqlite:sqlite-framework:2.4.0) with ExtractAarTransform
Transforming sqlite-framework-2.4.0.aar (androidx.sqlite:sqlite-framework:2.4.0) with AarTransform
Transforming sqlite-2.4.0.aar (androidx.sqlite:sqlite:2.4.0) with JetifyTransform
Transforming sqlite-2.4.0.aar (androidx.sqlite:sqlite:2.4.0) with ExtractAarTransform
Transforming sqlite-2.4.0.aar (androidx.sqlite:sqlite:2.4.0) with AarTransform
Transforming localbroadcastmanager-1.1.0.aar (androidx.localbroadcastmanager:localbroadcastmanager:1.1.0) with JetifyTransform
Transforming localbroadcastmanager-1.1.0.aar (androidx.localbroadcastmanager:localbroadcastmanager:1.1.0) with ExtractAarTransform
Transforming localbroadcastmanager-1.1.0.aar (androidx.localbroadcastmanager:localbroadcastmanager:1.1.0) with AarTransform
Transforming localbroadcastmanager-1.1.0.aar (androidx.localbroadcastmanager:localbroadcastmanager:1.1.0) with JetifyTransform
Transforming localbroadcastmanager-1.1.0.aar (androidx.localbroadcastmanager:localbroadcastmanager:1.1.0) with ExtractAarTransform
Transforming localbroadcastmanager-1.1.0.aar (androidx.localbroadcastmanager:localbroadcastmanager:1.1.0) with AarTransform
Transforming interpolator-1.0.0.aar (androidx.interpolator:interpolator:1.0.0) with JetifyTransform
Transforming interpolator-1.0.0.aar (androidx.interpolator:interpolator:1.0.0) with ExtractAarTransform
Transforming interpolator-1.0.0.aar (androidx.interpolator:interpolator:1.0.0) with AarTransform
Transforming interpolator-1.0.0.aar (androidx.interpolator:interpolator:1.0.0) with JetifyTransform
Transforming interpolator-1.0.0.aar (androidx.interpolator:interpolator:1.0.0) with ExtractAarTransform
Transforming interpolator-1.0.0.aar (androidx.interpolator:interpolator:1.0.0) with AarTransform
Transforming cursoradapter-1.0.0.aar (androidx.cursoradapter:cursoradapter:1.0.0) with JetifyTransform
Transforming cursoradapter-1.0.0.aar (androidx.cursoradapter:cursoradapter:1.0.0) with ExtractAarTransform
Transforming cursoradapter-1.0.0.aar (androidx.cursoradapter:cursoradapter:1.0.0) with AarTransform
Transforming cardview-1.0.0.aar (androidx.cardview:cardview:1.0.0) with JetifyTransform
Transforming cardview-1.0.0.aar (androidx.cardview:cardview:1.0.0) with ExtractAarTransform
Transforming cardview-1.0.0.aar (androidx.cardview:cardview:1.0.0) with AarTransform
Transforming versionedparcelable-1.1.1.aar (androidx.versionedparcelable:versionedparcelable:1.1.1) with JetifyTransform
Transforming versionedparcelable-1.1.1.aar (androidx.versionedparcelable:versionedparcelable:1.1.1) with ExtractAarTransform
Transforming versionedparcelable-1.1.1.aar (androidx.versionedparcelable:versionedparcelable:1.1.1) with AarTransform
Transforming exifinterface-1.3.6.aar (androidx.exifinterface:exifinterface:1.3.6) with JetifyTransform
Transforming exifinterface-1.3.6.aar (androidx.exifinterface:exifinterface:1.3.6) with ExtractAarTransform
Transforming exifinterface-1.3.6.aar (androidx.exifinterface:exifinterface:1.3.6) with AarTransform
Transforming core-runtime-2.2.0.aar (androidx.arch.core:core-runtime:2.2.0) with JetifyTransform
Transforming core-runtime-2.2.0.aar (androidx.arch.core:core-runtime:2.2.0) with ExtractAarTransform
Transforming core-runtime-2.2.0.aar (androidx.arch.core:core-runtime:2.2.0) with AarTransform
Transforming gifdecoder-4.16.0.aar (com.github.bumptech.glide:gifdecoder:4.16.0) with JetifyTransform
Transforming gifdecoder-4.16.0.aar (com.github.bumptech.glide:gifdecoder:4.16.0) with ExtractAarTransform
Transforming gifdecoder-4.16.0.aar (com.github.bumptech.glide:gifdecoder:4.16.0) with AarTransform
Transforming profileinstaller-1.3.1.aar (androidx.profileinstaller:profileinstaller:1.3.1) with JetifyTransform
Transforming profileinstaller-1.3.1.aar (androidx.profileinstaller:profileinstaller:1.3.1) with ExtractAarTransform
Transforming profileinstaller-1.3.1.aar (androidx.profileinstaller:profileinstaller:1.3.1) with AarTransform
Transforming startup-runtime-1.1.1.aar (androidx.startup:startup-runtime:1.1.1) with JetifyTransform
Transforming startup-runtime-1.1.1.aar (androidx.startup:startup-runtime:1.1.1) with ExtractAarTransform
Transforming startup-runtime-1.1.1.aar (androidx.startup:startup-runtime:1.1.1) with AarTransform
Transforming tracing-1.0.0.aar (androidx.tracing:tracing:1.0.0) with JetifyTransform
Transforming tracing-1.0.0.aar (androidx.tracing:tracing:1.0.0) with ExtractAarTransform
Transforming tracing-1.0.0.aar (androidx.tracing:tracing:1.0.0) with AarTransform
Transforming documentfile-1.0.0.aar (androidx.documentfile:documentfile:1.0.0) with JetifyTransform
Transforming documentfile-1.0.0.aar (androidx.documentfile:documentfile:1.0.0) with ExtractAarTransform
Transforming documentfile-1.0.0.aar (androidx.documentfile:documentfile:1.0.0) with AarTransform
Transforming print-1.0.0.aar (androidx.print:print:1.0.0) with JetifyTransform
Transforming print-1.0.0.aar (androidx.print:print:1.0.0) with ExtractAarTransform
Transforming print-1.0.0.aar (androidx.print:print:1.0.0) with AarTransform
Transforming cronet-api-72.3626.96.aar (org.chromium.net:cronet-api:72.3626.96) with JetifyTransform
Transforming cronet-api-72.3626.96.aar (org.chromium.net:cronet-api:72.3626.96) with ExtractAarTransform
Transforming cronet-api-72.3626.96.aar (org.chromium.net:cronet-api:72.3626.96) with AarTransform
Caching disabled for task ':app:processDebugMainManifest' because:
  Build cache is disabled
Skipping task ':app:processDebugMainManifest' as it is up-to-date.
Resolve mutations for :app:processDebugManifest (Thread[Execution worker Thread 5,5,main]) started.
:app:processDebugManifest (Thread[Execution worker Thread 5,5,main]) started.

> Task :app:processDebugManifest UP-TO-DATE
Caching disabled for task ':app:processDebugManifest' because:
  Build cache is disabled
Skipping task ':app:processDebugManifest' as it is up-to-date.
Resolve mutations for :app:processDebugManifestForPackage (Thread[Execution worker Thread 5,5,main]) started.
:app:processDebugManifestForPackage (Thread[Execution worker Thread 5,5,main]) started.

> Task :app:processDebugManifestForPackage UP-TO-DATE
Caching disabled for task ':app:processDebugManifestForPackage' because:
  Build cache is disabled
Skipping task ':app:processDebugManifestForPackage' as it is up-to-date.
Resolve mutations for :app:processDebugResources (Thread[Execution worker Thread 5,5,main]) started.
:app:processDebugResources (Thread[Execution worker Thread 3,5,main]) started.

> Task :app:processDebugResources UP-TO-DATE
Transforming viewbinding-8.4.1.aar (androidx.databinding:viewbinding:8.4.1) with JetifyTransform
Transforming viewbinding-8.4.1.aar (androidx.databinding:viewbinding:8.4.1) with ExtractAarTransform
Transforming viewbinding-8.4.1.aar (androidx.databinding:viewbinding:8.4.1) with AarResourcesCompilerTransform
Transforming material-1.12.0.aar (com.google.android.material:material:1.12.0) with JetifyTransform
Transforming material-1.12.0.aar (com.google.android.material:material:1.12.0) with ExtractAarTransform
Transforming material-1.12.0.aar (com.google.android.material:material:1.12.0) with AarResourcesCompilerTransform
Transforming constraintlayout-2.1.4.aar (androidx.constraintlayout:constraintlayout:2.1.4) with JetifyTransform
Transforming constraintlayout-2.1.4.aar (androidx.constraintlayout:constraintlayout:2.1.4) with ExtractAarTransform
Transforming constraintlayout-2.1.4.aar (androidx.constraintlayout:constraintlayout:2.1.4) with AarResourcesCompilerTransform
Transforming appcompat-resources-1.6.1.aar (androidx.appcompat:appcompat-resources:1.6.1) with JetifyTransform
Transforming appcompat-resources-1.6.1.aar (androidx.appcompat:appcompat-resources:1.6.1) with ExtractAarTransform
Transforming appcompat-resources-1.6.1.aar (androidx.appcompat:appcompat-resources:1.6.1) with AarResourcesCompilerTransform
Transforming appcompat-1.6.1.aar (androidx.appcompat:appcompat:1.6.1) with JetifyTransform
Transforming appcompat-1.6.1.aar (androidx.appcompat:appcompat:1.6.1) with ExtractAarTransform
Transforming appcompat-1.6.1.aar (androidx.appcompat:appcompat:1.6.1) with AarResourcesCompilerTransform
Transforming browser-1.8.0.aar (androidx.browser:browser:1.8.0) with JetifyTransform
Transforming browser-1.8.0.aar (androidx.browser:browser:1.8.0) with ExtractAarTransform
Transforming browser-1.8.0.aar (androidx.browser:browser:1.8.0) with AarResourcesCompilerTransform
Transforming webkit-1.11.0.aar (androidx.webkit:webkit:1.11.0) with JetifyTransform
Transforming webkit-1.11.0.aar (androidx.webkit:webkit:1.11.0) with ExtractAarTransform
Transforming webkit-1.11.0.aar (androidx.webkit:webkit:1.11.0) with AarResourcesCompilerTransform
Transforming media3-exoplayer-hls-1.3.1.aar (androidx.media3:media3-exoplayer-hls:1.3.1) with JetifyTransform
Transforming media3-exoplayer-hls-1.3.1.aar (androidx.media3:media3-exoplayer-hls:1.3.1) with ExtractAarTransform
Transforming media3-exoplayer-hls-1.3.1.aar (androidx.media3:media3-exoplayer-hls:1.3.1) with AarResourcesCompilerTransform
Transforming media3-exoplayer-1.3.1.aar (androidx.media3:media3-exoplayer:1.3.1) with JetifyTransform
Transforming media3-exoplayer-1.3.1.aar (androidx.media3:media3-exoplayer:1.3.1) with ExtractAarTransform
Transforming media3-exoplayer-1.3.1.aar (androidx.media3:media3-exoplayer:1.3.1) with AarResourcesCompilerTransform
Transforming media3-datasource-cronet-1.3.1.aar (androidx.media3:media3-datasource-cronet:1.3.1) with JetifyTransform
Transforming media3-datasource-cronet-1.3.1.aar (androidx.media3:media3-datasource-cronet:1.3.1) with ExtractAarTransform
Transforming media3-datasource-cronet-1.3.1.aar (androidx.media3:media3-datasource-cronet:1.3.1) with AarResourcesCompilerTransform
Transforming media3-session-1.3.1.aar (androidx.media3:media3-session:1.3.1) with JetifyTransform
Transforming media3-session-1.3.1.aar (androidx.media3:media3-session:1.3.1) with ExtractAarTransform
Transforming media3-session-1.3.1.aar (androidx.media3:media3-session:1.3.1) with AarResourcesCompilerTransform
Transforming media3-extractor-1.3.1.aar (androidx.media3:media3-extractor:1.3.1) with JetifyTransform
Transforming media3-extractor-1.3.1.aar (androidx.media3:media3-extractor:1.3.1) with ExtractAarTransform
Transforming media3-extractor-1.3.1.aar (androidx.media3:media3-extractor:1.3.1) with AarResourcesCompilerTransform
Transforming media3-container-1.3.1.aar (androidx.media3:media3-container:1.3.1) with JetifyTransform
Transforming media3-container-1.3.1.aar (androidx.media3:media3-container:1.3.1) with ExtractAarTransform
Transforming media3-container-1.3.1.aar (androidx.media3:media3-container:1.3.1) with AarResourcesCompilerTransform
Transforming media3-datasource-1.3.1.aar (androidx.media3:media3-datasource:1.3.1) with JetifyTransform
Transforming media3-datasource-1.3.1.aar (androidx.media3:media3-datasource:1.3.1) with ExtractAarTransform
Transforming media3-datasource-1.3.1.aar (androidx.media3:media3-datasource:1.3.1) with AarResourcesCompilerTransform
Transforming media3-decoder-1.3.1.aar (androidx.media3:media3-decoder:1.3.1) with JetifyTransform
Transforming media3-decoder-1.3.1.aar (androidx.media3:media3-decoder:1.3.1) with ExtractAarTransform
Transforming media3-decoder-1.3.1.aar (androidx.media3:media3-decoder:1.3.1) with AarResourcesCompilerTransform
Transforming media3-database-1.3.1.aar (androidx.media3:media3-database:1.3.1) with JetifyTransform
Transforming media3-database-1.3.1.aar (androidx.media3:media3-database:1.3.1) with ExtractAarTransform
Transforming media3-database-1.3.1.aar (androidx.media3:media3-database:1.3.1) with AarResourcesCompilerTransform
Transforming media3-common-1.3.1.aar (androidx.media3:media3-common:1.3.1) with JetifyTransform
Transforming media3-common-1.3.1.aar (androidx.media3:media3-common:1.3.1) with ExtractAarTransform
Transforming media3-common-1.3.1.aar (androidx.media3:media3-common:1.3.1) with AarResourcesCompilerTransform
Transforming media3-ui-1.3.1.aar (androidx.media3:media3-ui:1.3.1) with JetifyTransform
Transforming media3-ui-1.3.1.aar (androidx.media3:media3-ui:1.3.1) with ExtractAarTransform
Transforming media3-ui-1.3.1.aar (androidx.media3:media3-ui:1.3.1) with AarResourcesCompilerTransform
Transforming media-1.7.0.aar (androidx.media:media:1.7.0) with JetifyTransform
Transforming media-1.7.0.aar (androidx.media:media:1.7.0) with ExtractAarTransform
Transforming media-1.7.0.aar (androidx.media:media:1.7.0) with AarResourcesCompilerTransform
Transforming viewpager2-1.1.0-beta02.aar (androidx.viewpager2:viewpager2:1.1.0-beta02) with JetifyTransform
Transforming viewpager2-1.1.0-beta02.aar (androidx.viewpager2:viewpager2:1.1.0-beta02) with ExtractAarTransform
Transforming viewpager2-1.1.0-beta02.aar (androidx.viewpager2:viewpager2:1.1.0-beta02) with AarResourcesCompilerTransform
Transforming recyclerview-1.3.2.aar (androidx.recyclerview:recyclerview:1.3.2) with JetifyTransform
Transforming recyclerview-1.3.2.aar (androidx.recyclerview:recyclerview:1.3.2) with ExtractAarTransform
Transforming recyclerview-1.3.2.aar (androidx.recyclerview:recyclerview:1.3.2) with AarResourcesCompilerTransform
Transforming emoji2-views-helper-1.2.0.aar (androidx.emoji2:emoji2-views-helper:1.2.0) with JetifyTransform
Transforming emoji2-views-helper-1.2.0.aar (androidx.emoji2:emoji2-views-helper:1.2.0) with ExtractAarTransform
Transforming emoji2-views-helper-1.2.0.aar (androidx.emoji2:emoji2-views-helper:1.2.0) with AarResourcesCompilerTransform
Transforming emoji2-1.2.0.aar (androidx.emoji2:emoji2:1.2.0) with JetifyTransform
Transforming emoji2-1.2.0.aar (androidx.emoji2:emoji2:1.2.0) with ExtractAarTransform
Transforming emoji2-1.2.0.aar (androidx.emoji2:emoji2:1.2.0) with AarResourcesCompilerTransform
Transforming glide-4.16.0.aar (com.github.bumptech.glide:glide:4.16.0) with JetifyTransform
Transforming glide-4.16.0.aar (com.github.bumptech.glide:glide:4.16.0) with ExtractAarTransform
Transforming glide-4.16.0.aar (com.github.bumptech.glide:glide:4.16.0) with AarResourcesCompilerTransform
Transforming play-services-cronet-18.0.1.aar (com.google.android.gms:play-services-cronet:18.0.1) with JetifyTransform
Transforming play-services-cronet-18.0.1.aar (com.google.android.gms:play-services-cronet:18.0.1) with ExtractAarTransform
Transforming play-services-cronet-18.0.1.aar (com.google.android.gms:play-services-cronet:18.0.1) with AarResourcesCompilerTransform
Transforming play-services-base-18.0.1.aar (com.google.android.gms:play-services-base:18.0.1) with JetifyTransform
Transforming play-services-base-18.0.1.aar (com.google.android.gms:play-services-base:18.0.1) with ExtractAarTransform
Transforming play-services-base-18.0.1.aar (com.google.android.gms:play-services-base:18.0.1) with AarResourcesCompilerTransform
Transforming play-services-tasks-18.0.1.aar (com.google.android.gms:play-services-tasks:18.0.1) with JetifyTransform
Transforming play-services-tasks-18.0.1.aar (com.google.android.gms:play-services-tasks:18.0.1) with ExtractAarTransform
Transforming play-services-tasks-18.0.1.aar (com.google.android.gms:play-services-tasks:18.0.1) with AarResourcesCompilerTransform
Transforming play-services-basement-18.0.0.aar (com.google.android.gms:play-services-basement:18.0.0) with JetifyTransform
Transforming play-services-basement-18.0.0.aar (com.google.android.gms:play-services-basement:18.0.0) with ExtractAarTransform
Transforming play-services-basement-18.0.0.aar (com.google.android.gms:play-services-basement:18.0.0) with AarResourcesCompilerTransform
Transforming fragment-1.3.6.aar (androidx.fragment:fragment:1.3.6) with JetifyTransform
Transforming fragment-1.3.6.aar (androidx.fragment:fragment:1.3.6) with ExtractAarTransform
Transforming fragment-1.3.6.aar (androidx.fragment:fragment:1.3.6) with AarResourcesCompilerTransform
Transforming fragment-1.3.6.aar (androidx.fragment:fragment:1.3.6) with JetifyTransform
Transforming fragment-1.3.6.aar (androidx.fragment:fragment:1.3.6) with ExtractAarTransform
Transforming fragment-1.3.6.aar (androidx.fragment:fragment:1.3.6) with AarResourcesCompilerTransform
Transforming activity-1.8.0.aar (androidx.activity:activity:1.8.0) with JetifyTransform
Transforming activity-1.8.0.aar (androidx.activity:activity:1.8.0) with ExtractAarTransform
Transforming activity-1.8.0.aar (androidx.activity:activity:1.8.0) with AarResourcesCompilerTransform
Transforming drawerlayout-1.1.1.aar (androidx.drawerlayout:drawerlayout:1.1.1) with JetifyTransform
Transforming drawerlayout-1.1.1.aar (androidx.drawerlayout:drawerlayout:1.1.1) with ExtractAarTransform
Transforming drawerlayout-1.1.1.aar (androidx.drawerlayout:drawerlayout:1.1.1) with AarResourcesCompilerTransform
Transforming coordinatorlayout-1.1.0.aar (androidx.coordinatorlayout:coordinatorlayout:1.1.0) with JetifyTransform
Transforming coordinatorlayout-1.1.0.aar (androidx.coordinatorlayout:coordinatorlayout:1.1.0) with ExtractAarTransform
Transforming coordinatorlayout-1.1.0.aar (androidx.coordinatorlayout:coordinatorlayout:1.1.0) with AarResourcesCompilerTransform
Transforming transition-1.5.0.aar (androidx.transition:transition:1.5.0) with JetifyTransform
Transforming transition-1.5.0.aar (androidx.transition:transition:1.5.0) with ExtractAarTransform
Transforming transition-1.5.0.aar (androidx.transition:transition:1.5.0) with AarResourcesCompilerTransform
Transforming dynamicanimation-1.0.0.aar (androidx.dynamicanimation:dynamicanimation:1.0.0) with JetifyTransform
Transforming dynamicanimation-1.0.0.aar (androidx.dynamicanimation:dynamicanimation:1.0.0) with ExtractAarTransform
Transforming dynamicanimation-1.0.0.aar (androidx.dynamicanimation:dynamicanimation:1.0.0) with AarResourcesCompilerTransform
Transforming vectordrawable-animated-1.1.0.aar (androidx.vectordrawable:vectordrawable-animated:1.1.0) with JetifyTransform
Transforming vectordrawable-animated-1.1.0.aar (androidx.vectordrawable:vectordrawable-animated:1.1.0) with ExtractAarTransform
Transforming vectordrawable-animated-1.1.0.aar (androidx.vectordrawable:vectordrawable-animated:1.1.0) with AarResourcesCompilerTransform
Transforming vectordrawable-1.1.0.aar (androidx.vectordrawable:vectordrawable:1.1.0) with JetifyTransform
Transforming vectordrawable-1.1.0.aar (androidx.vectordrawable:vectordrawable:1.1.0) with ExtractAarTransform
Transforming vectordrawable-1.1.0.aar (androidx.vectordrawable:vectordrawable:1.1.0) with AarResourcesCompilerTransform
Transforming vectordrawable-1.1.0.aar (androidx.vectordrawable:vectordrawable:1.1.0) with JetifyTransform
Transforming vectordrawable-1.1.0.aar (androidx.vectordrawable:vectordrawable:1.1.0) with ExtractAarTransform
Transforming vectordrawable-1.1.0.aar (androidx.vectordrawable:vectordrawable:1.1.0) with AarResourcesCompilerTransform
Transforming viewpager-1.0.0.aar (androidx.viewpager:viewpager:1.0.0) with JetifyTransform
Transforming viewpager-1.0.0.aar (androidx.viewpager:viewpager:1.0.0) with ExtractAarTransform
Transforming viewpager-1.0.0.aar (androidx.viewpager:viewpager:1.0.0) with AarResourcesCompilerTransform
Transforming legacy-support-core-utils-1.0.0.aar (androidx.legacy:legacy-support-core-utils:1.0.0) with JetifyTransform
Transforming legacy-support-core-utils-1.0.0.aar (androidx.legacy:legacy-support-core-utils:1.0.0) with ExtractAarTransform
Transforming legacy-support-core-utils-1.0.0.aar (androidx.legacy:legacy-support-core-utils:1.0.0) with AarResourcesCompilerTransform
Transforming loader-1.0.0.aar (androidx.loader:loader:1.0.0) with JetifyTransform
Transforming loader-1.0.0.aar (androidx.loader:loader:1.0.0) with ExtractAarTransform
Transforming loader-1.0.0.aar (androidx.loader:loader:1.0.0) with AarResourcesCompilerTransform
Transforming loader-1.0.0.aar (androidx.loader:loader:1.0.0) with JetifyTransform
Transforming loader-1.0.0.aar (androidx.loader:loader:1.0.0) with ExtractAarTransform
Transforming loader-1.0.0.aar (androidx.loader:loader:1.0.0) with AarResourcesCompilerTransform
Transforming customview-1.1.0.aar (androidx.customview:customview:1.1.0) with JetifyTransform
Transforming customview-1.1.0.aar (androidx.customview:customview:1.1.0) with ExtractAarTransform
Transforming customview-1.1.0.aar (androidx.customview:customview:1.1.0) with AarResourcesCompilerTransform
Transforming customview-1.1.0.aar (androidx.customview:customview:1.1.0) with JetifyTransform
Transforming customview-1.1.0.aar (androidx.customview:customview:1.1.0) with ExtractAarTransform
Transforming customview-1.1.0.aar (androidx.customview:customview:1.1.0) with AarResourcesCompilerTransform
Transforming core-1.13.1.aar (androidx.core:core:1.13.1) with JetifyTransform
Transforming core-1.13.1.aar (androidx.core:core:1.13.1) with ExtractAarTransform
Transforming core-1.13.1.aar (androidx.core:core:1.13.1) with AarResourcesCompilerTransform
Transforming core-1.13.1.aar (androidx.core:core:1.13.1) with JetifyTransform
Transforming core-1.13.1.aar (androidx.core:core:1.13.1) with ExtractAarTransform
Transforming core-1.13.1.aar (androidx.core:core:1.13.1) with AarResourcesCompilerTransform
Transforming customview-poolingcontainer-1.0.0.aar (androidx.customview:customview-poolingcontainer:1.0.0) with JetifyTransform
Transforming customview-poolingcontainer-1.0.0.aar (androidx.customview:customview-poolingcontainer:1.0.0) with ExtractAarTransform
Transforming customview-poolingcontainer-1.0.0.aar (androidx.customview:customview-poolingcontainer:1.0.0) with AarResourcesCompilerTransform
Transforming savedstate-1.2.1.aar (androidx.savedstate:savedstate:1.2.1) with JetifyTransform
Transforming savedstate-1.2.1.aar (androidx.savedstate:savedstate:1.2.1) with ExtractAarTransform
Transforming savedstate-1.2.1.aar (androidx.savedstate:savedstate:1.2.1) with AarResourcesCompilerTransform
Transforming lifecycle-livedata-core-ktx-2.8.2.aar (androidx.lifecycle:lifecycle-livedata-core-ktx:2.8.2) with JetifyTransform
Transforming lifecycle-livedata-core-ktx-2.8.2.aar (androidx.lifecycle:lifecycle-livedata-core-ktx:2.8.2) with ExtractAarTransform
Transforming lifecycle-livedata-core-ktx-2.8.2.aar (androidx.lifecycle:lifecycle-livedata-core-ktx:2.8.2) with AarResourcesCompilerTransform
Transforming lifecycle-viewmodel-2.8.2.aar (androidx.lifecycle:lifecycle-viewmodel:2.8.2) with JetifyTransform
Transforming lifecycle-viewmodel-2.8.2.aar (androidx.lifecycle:lifecycle-viewmodel:2.8.2) with ExtractAarTransform
Transforming lifecycle-viewmodel-2.8.2.aar (androidx.lifecycle:lifecycle-viewmodel:2.8.2) with AarResourcesCompilerTransform
Transforming lifecycle-viewmodel-release.aar (androidx.lifecycle:lifecycle-viewmodel-android:2.8.2) with JetifyTransform
Transforming lifecycle-viewmodel-release.aar (androidx.lifecycle:lifecycle-viewmodel-android:2.8.2) with ExtractAarTransform
Transforming lifecycle-viewmodel-release.aar (androidx.lifecycle:lifecycle-viewmodel-android:2.8.2) with AarResourcesCompilerTransform
Transforming lifecycle-runtime-release.aar (androidx.lifecycle:lifecycle-runtime-android:2.8.2) with JetifyTransform
Transforming lifecycle-runtime-release.aar (androidx.lifecycle:lifecycle-runtime-android:2.8.2) with ExtractAarTransform
Transforming lifecycle-runtime-release.aar (androidx.lifecycle:lifecycle-runtime-android:2.8.2) with AarResourcesCompilerTransform
Transforming lifecycle-livedata-2.8.2.aar (androidx.lifecycle:lifecycle-livedata:2.8.2) with JetifyTransform
Transforming lifecycle-livedata-2.8.2.aar (androidx.lifecycle:lifecycle-livedata:2.8.2) with ExtractAarTransform
Transforming lifecycle-livedata-2.8.2.aar (androidx.lifecycle:lifecycle-livedata:2.8.2) with AarResourcesCompilerTransform
Transforming lifecycle-process-2.8.2.aar (androidx.lifecycle:lifecycle-process:2.8.2) with JetifyTransform
Transforming lifecycle-process-2.8.2.aar (androidx.lifecycle:lifecycle-process:2.8.2) with ExtractAarTransform
Transforming lifecycle-process-2.8.2.aar (androidx.lifecycle:lifecycle-process:2.8.2) with AarResourcesCompilerTransform
Transforming lifecycle-livedata-core-2.8.2.aar (androidx.lifecycle:lifecycle-livedata-core:2.8.2) with JetifyTransform
Transforming lifecycle-livedata-core-2.8.2.aar (androidx.lifecycle:lifecycle-livedata-core:2.8.2) with ExtractAarTransform
Transforming lifecycle-livedata-core-2.8.2.aar (androidx.lifecycle:lifecycle-livedata-core:2.8.2) with AarResourcesCompilerTransform
Transforming lifecycle-runtime-ktx-release.aar (androidx.lifecycle:lifecycle-runtime-ktx-android:2.8.2) with JetifyTransform
Transforming lifecycle-runtime-ktx-release.aar (androidx.lifecycle:lifecycle-runtime-ktx-android:2.8.2) with ExtractAarTransform
Transforming lifecycle-runtime-ktx-release.aar (androidx.lifecycle:lifecycle-runtime-ktx-android:2.8.2) with AarResourcesCompilerTransform
Transforming lifecycle-viewmodel-savedstate-2.8.2.aar (androidx.lifecycle:lifecycle-viewmodel-savedstate:2.8.2) with JetifyTransform
Transforming lifecycle-viewmodel-savedstate-2.8.2.aar (androidx.lifecycle:lifecycle-viewmodel-savedstate:2.8.2) with ExtractAarTransform
Transforming lifecycle-viewmodel-savedstate-2.8.2.aar (androidx.lifecycle:lifecycle-viewmodel-savedstate:2.8.2) with AarResourcesCompilerTransform
Transforming core-ktx-1.13.1.aar (androidx.core:core-ktx:1.13.1) with JetifyTransform
Transforming core-ktx-1.13.1.aar (androidx.core:core-ktx:1.13.1) with ExtractAarTransform
Transforming core-ktx-1.13.1.aar (androidx.core:core-ktx:1.13.1) with AarResourcesCompilerTransform
Transforming room-runtime-2.6.1.aar (androidx.room:room-runtime:2.6.1) with JetifyTransform
Transforming room-runtime-2.6.1.aar (androidx.room:room-runtime:2.6.1) with ExtractAarTransform
Transforming room-runtime-2.6.1.aar (androidx.room:room-runtime:2.6.1) with AarResourcesCompilerTransform
Transforming room-ktx-2.6.1.aar (androidx.room:room-ktx:2.6.1) with JetifyTransform
Transforming room-ktx-2.6.1.aar (androidx.room:room-ktx:2.6.1) with ExtractAarTransform
Transforming room-ktx-2.6.1.aar (androidx.room:room-ktx:2.6.1) with AarResourcesCompilerTransform
Transforming annotation-experimental-1.4.0.aar (androidx.annotation:annotation-experimental:1.4.0) with JetifyTransform
Transforming annotation-experimental-1.4.0.aar (androidx.annotation:annotation-experimental:1.4.0) with ExtractAarTransform
Transforming annotation-experimental-1.4.0.aar (androidx.annotation:annotation-experimental:1.4.0) with AarResourcesCompilerTransform
Transforming sqlite-framework-2.4.0.aar (androidx.sqlite:sqlite-framework:2.4.0) with JetifyTransform
Transforming sqlite-framework-2.4.0.aar (androidx.sqlite:sqlite-framework:2.4.0) with ExtractAarTransform
Transforming sqlite-framework-2.4.0.aar (androidx.sqlite:sqlite-framework:2.4.0) with AarResourcesCompilerTransform
Transforming sqlite-2.4.0.aar (androidx.sqlite:sqlite:2.4.0) with JetifyTransform
Transforming sqlite-2.4.0.aar (androidx.sqlite:sqlite:2.4.0) with ExtractAarTransform
Transforming sqlite-2.4.0.aar (androidx.sqlite:sqlite:2.4.0) with AarResourcesCompilerTransform
Transforming localbroadcastmanager-1.1.0.aar (androidx.localbroadcastmanager:localbroadcastmanager:1.1.0) with JetifyTransform
Transforming localbroadcastmanager-1.1.0.aar (androidx.localbroadcastmanager:localbroadcastmanager:1.1.0) with ExtractAarTransform
Transforming localbroadcastmanager-1.1.0.aar (androidx.localbroadcastmanager:localbroadcastmanager:1.1.0) with AarResourcesCompilerTransform
Transforming localbroadcastmanager-1.1.0.aar (androidx.localbroadcastmanager:localbroadcastmanager:1.1.0) with JetifyTransform
Transforming localbroadcastmanager-1.1.0.aar (androidx.localbroadcastmanager:localbroadcastmanager:1.1.0) with ExtractAarTransform
Transforming localbroadcastmanager-1.1.0.aar (androidx.localbroadcastmanager:localbroadcastmanager:1.1.0) with AarResourcesCompilerTransform
Transforming interpolator-1.0.0.aar (androidx.interpolator:interpolator:1.0.0) with JetifyTransform
Transforming interpolator-1.0.0.aar (androidx.interpolator:interpolator:1.0.0) with ExtractAarTransform
Transforming interpolator-1.0.0.aar (androidx.interpolator:interpolator:1.0.0) with AarResourcesCompilerTransform
Transforming interpolator-1.0.0.aar (androidx.interpolator:interpolator:1.0.0) with JetifyTransform
Transforming interpolator-1.0.0.aar (androidx.interpolator:interpolator:1.0.0) with ExtractAarTransform
Transforming interpolator-1.0.0.aar (androidx.interpolator:interpolator:1.0.0) with AarResourcesCompilerTransform
Transforming cursoradapter-1.0.0.aar (androidx.cursoradapter:cursoradapter:1.0.0) with JetifyTransform
Transforming cursoradapter-1.0.0.aar (androidx.cursoradapter:cursoradapter:1.0.0) with ExtractAarTransform
Transforming cursoradapter-1.0.0.aar (androidx.cursoradapter:cursoradapter:1.0.0) with AarResourcesCompilerTransform
Transforming cardview-1.0.0.aar (androidx.cardview:cardview:1.0.0) with JetifyTransform
Transforming cardview-1.0.0.aar (androidx.cardview:cardview:1.0.0) with ExtractAarTransform
Transforming cardview-1.0.0.aar (androidx.cardview:cardview:1.0.0) with AarResourcesCompilerTransform
Transforming versionedparcelable-1.1.1.aar (androidx.versionedparcelable:versionedparcelable:1.1.1) with JetifyTransform
Transforming versionedparcelable-1.1.1.aar (androidx.versionedparcelable:versionedparcelable:1.1.1) with ExtractAarTransform
Transforming versionedparcelable-1.1.1.aar (androidx.versionedparcelable:versionedparcelable:1.1.1) with AarResourcesCompilerTransform
Transforming exifinterface-1.3.6.aar (androidx.exifinterface:exifinterface:1.3.6) with JetifyTransform
Transforming exifinterface-1.3.6.aar (androidx.exifinterface:exifinterface:1.3.6) with ExtractAarTransform
Transforming exifinterface-1.3.6.aar (androidx.exifinterface:exifinterface:1.3.6) with AarResourcesCompilerTransform
Transforming core-runtime-2.2.0.aar (androidx.arch.core:core-runtime:2.2.0) with JetifyTransform
Transforming core-runtime-2.2.0.aar (androidx.arch.core:core-runtime:2.2.0) with ExtractAarTransform
Transforming core-runtime-2.2.0.aar (androidx.arch.core:core-runtime:2.2.0) with AarResourcesCompilerTransform
Transforming gifdecoder-4.16.0.aar (com.github.bumptech.glide:gifdecoder:4.16.0) with JetifyTransform
Transforming gifdecoder-4.16.0.aar (com.github.bumptech.glide:gifdecoder:4.16.0) with ExtractAarTransform
Transforming gifdecoder-4.16.0.aar (com.github.bumptech.glide:gifdecoder:4.16.0) with AarResourcesCompilerTransform
Transforming profileinstaller-1.3.1.aar (androidx.profileinstaller:profileinstaller:1.3.1) with JetifyTransform
Transforming profileinstaller-1.3.1.aar (androidx.profileinstaller:profileinstaller:1.3.1) with ExtractAarTransform
Transforming profileinstaller-1.3.1.aar (androidx.profileinstaller:profileinstaller:1.3.1) with AarResourcesCompilerTransform
Transforming startup-runtime-1.1.1.aar (androidx.startup:startup-runtime:1.1.1) with JetifyTransform
Transforming startup-runtime-1.1.1.aar (androidx.startup:startup-runtime:1.1.1) with ExtractAarTransform
Transforming startup-runtime-1.1.1.aar (androidx.startup:startup-runtime:1.1.1) with AarResourcesCompilerTransform
Transforming tracing-1.0.0.aar (androidx.tracing:tracing:1.0.0) with JetifyTransform
Transforming tracing-1.0.0.aar (androidx.tracing:tracing:1.0.0) with ExtractAarTransform
Transforming tracing-1.0.0.aar (androidx.tracing:tracing:1.0.0) with AarResourcesCompilerTransform
Transforming documentfile-1.0.0.aar (androidx.documentfile:documentfile:1.0.0) with JetifyTransform
Transforming documentfile-1.0.0.aar (androidx.documentfile:documentfile:1.0.0) with ExtractAarTransform
Transforming documentfile-1.0.0.aar (androidx.documentfile:documentfile:1.0.0) with AarResourcesCompilerTransform
Transforming print-1.0.0.aar (androidx.print:print:1.0.0) with JetifyTransform
Transforming print-1.0.0.aar (androidx.print:print:1.0.0) with ExtractAarTransform
Transforming print-1.0.0.aar (androidx.print:print:1.0.0) with AarResourcesCompilerTransform
Transforming cronet-api-72.3626.96.aar (org.chromium.net:cronet-api:72.3626.96) with JetifyTransform
Transforming cronet-api-72.3626.96.aar (org.chromium.net:cronet-api:72.3626.96) with ExtractAarTransform
Transforming cronet-api-72.3626.96.aar (org.chromium.net:cronet-api:72.3626.96) with AarResourcesCompilerTransform
Caching disabled for task ':app:processDebugResources' because:
  Build cache is disabled
Skipping task ':app:processDebugResources' as it is up-to-date.
Resolve mutations for :app:kaptGenerateStubsDebugKotlin (Thread[Execution worker Thread 3,5,main]) started.
:app:kaptGenerateStubsDebugKotlin (Thread[Execution worker Thread 3,5,main]) started.

> Task :app:kaptGenerateStubsDebugKotlin UP-TO-DATE
Transforming failureaccess-1.0.1.jar (com.google.guava:failureaccess:1.0.1) with JetifyTransform
Transforming listenablefuture-9999.0-empty-to-avoid-conflict-with-guava.jar (com.google.guava:listenablefuture:9999.0-empty-to-avoid-conflict-with-guava) with JetifyTransform
Transforming jsr305-3.0.2.jar (com.google.code.findbugs:jsr305:3.0.2) with JetifyTransform
Transforming annotations-13.0.jar (org.jetbrains:annotations:13.0) with JetifyTransform
Transforming auto-common-0.11.jar (com.google.auto:auto-common:0.11) with JetifyTransform
Transforming room-compiler-2.6.1.jar (androidx.room:room-compiler:2.6.1) with JetifyTransform
Transforming room-compiler-processing-2.6.1.jar (androidx.room:room-compiler-processing:2.6.1) with JetifyTransform
Transforming kotlinpoet-javapoet-1.14.2.jar (com.squareup:kotlinpoet-javapoet:1.14.2) with JetifyTransform
Transforming kotlinpoet-1.14.2.jar (com.squareup:kotlinpoet:1.14.2) with JetifyTransform
Transforming auto-value-annotations-1.6.3.jar (com.google.auto.value:auto-value-annotations:1.6.3) with JetifyTransform
Transforming symbol-processing-api-1.9.0-1.0.13.jar (com.google.devtools.ksp:symbol-processing-api:1.9.0-1.0.13) with JetifyTransform
Transforming kotlin-stdlib-jdk7-1.8.22.jar (org.jetbrains.kotlin:kotlin-stdlib-jdk7:1.8.22) with JetifyTransform
Transforming kotlin-stdlib-1.9.0.jar (org.jetbrains.kotlin:kotlin-stdlib:1.9.0) with JetifyTransform
Transforming sqlite-jdbc-3.41.2.2.jar (org.xerial:sqlite-jdbc:3.41.2.2) with JetifyTransform
Transforming kotlin-stdlib-jdk8-1.8.22.jar (org.jetbrains.kotlin:kotlin-stdlib-jdk8:1.8.22) with JetifyTransform
Transforming annotation-1.3.0.jar (androidx.annotation:annotation:1.3.0) with JetifyTransform
Transforming guava-31.1-jre.jar (com.google.guava:guava:31.1-jre) with JetifyTransform
Transforming checker-qual-3.12.0.jar (org.checkerframework:checker-qual:3.12.0) with JetifyTransform
Transforming error_prone_annotations-2.11.0.jar (com.google.errorprone:error_prone_annotations:2.11.0) with JetifyTransform
Transforming j2objc-annotations-1.3.jar (com.google.j2objc:j2objc-annotations:1.3) with JetifyTransform
Transforming commons-codec-1.15.jar (commons-codec:commons-codec:1.15) with JetifyTransform
Transforming javapoet-1.13.0.jar (com.squareup:javapoet:1.13.0) with JetifyTransform
Transforming room-common-2.6.1.jar (androidx.room:room-common:2.6.1) with JetifyTransform
Transforming kotlin-stdlib-common-1.9.0.jar (org.jetbrains.kotlin:kotlin-stdlib-common:1.9.0) with JetifyTransform
Transforming room-migration-2.6.1.jar (androidx.room:room-migration:2.6.1) with JetifyTransform
Transforming kotlin-reflect-1.8.21.jar (org.jetbrains.kotlin:kotlin-reflect:1.8.21) with JetifyTransform
Transforming gson-2.9.0.jar (com.google.code.gson:gson:2.9.0) with JetifyTransform
Transforming annotations-12.0.jar (com.intellij:annotations:12.0) with JetifyTransform
Transforming viewbinding-8.4.1.aar (androidx.databinding:viewbinding:8.4.1) with JetifyTransform
Transforming viewbinding-8.4.1.aar (androidx.databinding:viewbinding:8.4.1) with AarToClassTransform
Transforming material-1.12.0.aar (com.google.android.material:material:1.12.0) with JetifyTransform
Transforming material-1.12.0.aar (com.google.android.material:material:1.12.0) with AarToClassTransform
Transforming appcompat-1.6.1.aar (androidx.appcompat:appcompat:1.6.1) with JetifyTransform
Transforming appcompat-1.6.1.aar (androidx.appcompat:appcompat:1.6.1) with AarToClassTransform
Transforming glide-4.16.0.aar (com.github.bumptech.glide:glide:4.16.0) with JetifyTransform
Transforming glide-4.16.0.aar (com.github.bumptech.glide:glide:4.16.0) with AarToClassTransform
Transforming viewpager2-1.1.0-beta02.aar (androidx.viewpager2:viewpager2:1.1.0-beta02) with JetifyTransform
Transforming viewpager2-1.1.0-beta02.aar (androidx.viewpager2:viewpager2:1.1.0-beta02) with AarToClassTransform
Transforming media3-datasource-cronet-1.3.1.aar (androidx.media3:media3-datasource-cronet:1.3.1) with JetifyTransform
Transforming media3-datasource-cronet-1.3.1.aar (androidx.media3:media3-datasource-cronet:1.3.1) with AarToClassTransform
Transforming play-services-cronet-18.0.1.aar (com.google.android.gms:play-services-cronet:18.0.1) with JetifyTransform
Transforming play-services-cronet-18.0.1.aar (com.google.android.gms:play-services-cronet:18.0.1) with AarToClassTransform
Transforming play-services-base-18.0.1.aar (com.google.android.gms:play-services-base:18.0.1) with JetifyTransform
Transforming play-services-base-18.0.1.aar (com.google.android.gms:play-services-base:18.0.1) with AarToClassTransform
Transforming play-services-tasks-18.0.1.aar (com.google.android.gms:play-services-tasks:18.0.1) with JetifyTransform
Transforming play-services-tasks-18.0.1.aar (com.google.android.gms:play-services-tasks:18.0.1) with AarToClassTransform
Transforming play-services-basement-18.0.0.aar (com.google.android.gms:play-services-basement:18.0.0) with JetifyTransform
Transforming play-services-basement-18.0.0.aar (com.google.android.gms:play-services-basement:18.0.0) with AarToClassTransform
Transforming fragment-1.3.6.aar (androidx.fragment:fragment:1.3.6) with JetifyTransform
Transforming fragment-1.3.6.aar (androidx.fragment:fragment:1.3.6) with AarToClassTransform
Transforming fragment-1.3.6.aar (androidx.fragment:fragment:1.3.6) with JetifyTransform
Transforming fragment-1.3.6.aar (androidx.fragment:fragment:1.3.6) with AarToClassTransform
Transforming activity-1.8.0.aar (androidx.activity:activity:1.8.0) with JetifyTransform
Transforming activity-1.8.0.aar (androidx.activity:activity:1.8.0) with AarToClassTransform
Transforming browser-1.8.0.aar (androidx.browser:browser:1.8.0) with JetifyTransform
Transforming browser-1.8.0.aar (androidx.browser:browser:1.8.0) with AarToClassTransform
Transforming webkit-1.11.0.aar (androidx.webkit:webkit:1.11.0) with JetifyTransform
Transforming webkit-1.11.0.aar (androidx.webkit:webkit:1.11.0) with AarToClassTransform
Transforming media-1.7.0.aar (androidx.media:media:1.7.0) with JetifyTransform
Transforming media-1.7.0.aar (androidx.media:media:1.7.0) with AarToClassTransform
Transforming recyclerview-1.3.2.aar (androidx.recyclerview:recyclerview:1.3.2) with JetifyTransform
Transforming recyclerview-1.3.2.aar (androidx.recyclerview:recyclerview:1.3.2) with AarToClassTransform
Transforming appcompat-resources-1.6.1.aar (androidx.appcompat:appcompat-resources:1.6.1) with JetifyTransform
Transforming appcompat-resources-1.6.1.aar (androidx.appcompat:appcompat-resources:1.6.1) with AarToClassTransform
Transforming drawerlayout-1.1.1.aar (androidx.drawerlayout:drawerlayout:1.1.1) with JetifyTransform
Transforming drawerlayout-1.1.1.aar (androidx.drawerlayout:drawerlayout:1.1.1) with AarToClassTransform
Transforming coordinatorlayout-1.1.0.aar (androidx.coordinatorlayout:coordinatorlayout:1.1.0) with JetifyTransform
Transforming coordinatorlayout-1.1.0.aar (androidx.coordinatorlayout:coordinatorlayout:1.1.0) with AarToClassTransform
Transforming dynamicanimation-1.0.0.aar (androidx.dynamicanimation:dynamicanimation:1.0.0) with JetifyTransform
Transforming dynamicanimation-1.0.0.aar (androidx.dynamicanimation:dynamicanimation:1.0.0) with AarToClassTransform
Transforming transition-1.5.0.aar (androidx.transition:transition:1.5.0) with JetifyTransform
Transforming transition-1.5.0.aar (androidx.transition:transition:1.5.0) with AarToClassTransform
Transforming vectordrawable-animated-1.1.0.aar (androidx.vectordrawable:vectordrawable-animated:1.1.0) with JetifyTransform
Transforming vectordrawable-animated-1.1.0.aar (androidx.vectordrawable:vectordrawable-animated:1.1.0) with AarToClassTransform
Transforming vectordrawable-1.1.0.aar (androidx.vectordrawable:vectordrawable:1.1.0) with JetifyTransform
Transforming vectordrawable-1.1.0.aar (androidx.vectordrawable:vectordrawable:1.1.0) with AarToClassTransform
Transforming vectordrawable-1.1.0.aar (androidx.vectordrawable:vectordrawable:1.1.0) with JetifyTransform
Transforming vectordrawable-1.1.0.aar (androidx.vectordrawable:vectordrawable:1.1.0) with AarToClassTransform
Transforming viewpager-1.0.0.aar (androidx.viewpager:viewpager:1.0.0) with JetifyTransform
Transforming viewpager-1.0.0.aar (androidx.viewpager:viewpager:1.0.0) with AarToClassTransform
Transforming customview-1.1.0.aar (androidx.customview:customview:1.1.0) with JetifyTransform
Transforming customview-1.1.0.aar (androidx.customview:customview:1.1.0) with AarToClassTransform
Transforming customview-1.1.0.aar (androidx.customview:customview:1.1.0) with JetifyTransform
Transforming customview-1.1.0.aar (androidx.customview:customview:1.1.0) with AarToClassTransform
Transforming legacy-support-core-utils-1.0.0.aar (androidx.legacy:legacy-support-core-utils:1.0.0) with JetifyTransform
Transforming legacy-support-core-utils-1.0.0.aar (androidx.legacy:legacy-support-core-utils:1.0.0) with AarToClassTransform
Transforming loader-1.0.0.aar (androidx.loader:loader:1.0.0) with JetifyTransform
Transforming loader-1.0.0.aar (androidx.loader:loader:1.0.0) with AarToClassTransform
Transforming loader-1.0.0.aar (androidx.loader:loader:1.0.0) with JetifyTransform
Transforming loader-1.0.0.aar (androidx.loader:loader:1.0.0) with AarToClassTransform
Transforming core-1.13.1.aar (androidx.core:core:1.13.1) with JetifyTransform
Transforming core-1.13.1.aar (androidx.core:core:1.13.1) with AarToClassTransform
Transforming core-1.13.1.aar (androidx.core:core:1.13.1) with JetifyTransform
Transforming core-1.13.1.aar (androidx.core:core:1.13.1) with AarToClassTransform
Transforming lifecycle-livedata-core-ktx-2.8.2.aar (androidx.lifecycle:lifecycle-livedata-core-ktx:2.8.2) with JetifyTransform
Transforming lifecycle-livedata-core-ktx-2.8.2.aar (androidx.lifecycle:lifecycle-livedata-core-ktx:2.8.2) with AarToClassTransform
Transforming lifecycle-livedata-2.8.2.aar (androidx.lifecycle:lifecycle-livedata:2.8.2) with JetifyTransform
Transforming lifecycle-livedata-2.8.2.aar (androidx.lifecycle:lifecycle-livedata:2.8.2) with AarToClassTransform
Transforming lifecycle-viewmodel-2.8.2.aar (androidx.lifecycle:lifecycle-viewmodel:2.8.2) with JetifyTransform
Transforming lifecycle-viewmodel-2.8.2.aar (androidx.lifecycle:lifecycle-viewmodel:2.8.2) with AarToClassTransform
Transforming lifecycle-viewmodel-release.aar (androidx.lifecycle:lifecycle-viewmodel-android:2.8.2) with JetifyTransform
Transforming lifecycle-viewmodel-release.aar (androidx.lifecycle:lifecycle-viewmodel-android:2.8.2) with AarToClassTransform
Transforming lifecycle-runtime-release.aar (androidx.lifecycle:lifecycle-runtime-android:2.8.2) with JetifyTransform
Transforming lifecycle-runtime-release.aar (androidx.lifecycle:lifecycle-runtime-android:2.8.2) with AarToClassTransform
Transforming lifecycle-common-jvm-2.8.2.jar (androidx.lifecycle:lifecycle-common-jvm:2.8.2) with JetifyTransform
Transforming lifecycle-livedata-core-2.8.2.aar (androidx.lifecycle:lifecycle-livedata-core:2.8.2) with JetifyTransform
Transforming lifecycle-livedata-core-2.8.2.aar (androidx.lifecycle:lifecycle-livedata-core:2.8.2) with AarToClassTransform
Transforming lifecycle-runtime-ktx-release.aar (androidx.lifecycle:lifecycle-runtime-ktx-android:2.8.2) with JetifyTransform
Transforming lifecycle-runtime-ktx-release.aar (androidx.lifecycle:lifecycle-runtime-ktx-android:2.8.2) with AarToClassTransform
Transforming lifecycle-viewmodel-savedstate-2.8.2.aar (androidx.lifecycle:lifecycle-viewmodel-savedstate:2.8.2) with JetifyTransform
Transforming lifecycle-viewmodel-savedstate-2.8.2.aar (androidx.lifecycle:lifecycle-viewmodel-savedstate:2.8.2) with AarToClassTransform
Transforming core-ktx-1.13.1.aar (androidx.core:core-ktx:1.13.1) with JetifyTransform
Transforming core-ktx-1.13.1.aar (androidx.core:core-ktx:1.13.1) with AarToClassTransform
Transforming room-common-2.6.1.jar (androidx.room:room-common:2.6.1) with JetifyTransform
Transforming lifecycle-common-jvm-2.8.2.jar (androidx.lifecycle:lifecycle-common-jvm:2.8.2) with IdentityTransform
Transforming room-common-2.6.1.jar (androidx.room:room-common:2.6.1) with IdentityTransform
Transforming room-runtime-2.6.1.aar (androidx.room:room-runtime:2.6.1) with JetifyTransform
Transforming room-runtime-2.6.1.aar (androidx.room:room-runtime:2.6.1) with AarToClassTransform
Transforming room-ktx-2.6.1.aar (androidx.room:room-ktx:2.6.1) with JetifyTransform
Transforming room-ktx-2.6.1.aar (androidx.room:room-ktx:2.6.1) with AarToClassTransform
Transforming media3-exoplayer-1.3.1.aar (androidx.media3:media3-exoplayer:1.3.1) with JetifyTransform
Transforming media3-exoplayer-1.3.1.aar (androidx.media3:media3-exoplayer:1.3.1) with AarToClassTransform
Transforming media3-session-1.3.1.aar (androidx.media3:media3-session:1.3.1) with JetifyTransform
Transforming media3-session-1.3.1.aar (androidx.media3:media3-session:1.3.1) with AarToClassTransform
Transforming media3-common-1.3.1.aar (androidx.media3:media3-common:1.3.1) with JetifyTransform
Transforming media3-common-1.3.1.aar (androidx.media3:media3-common:1.3.1) with AarToClassTransform
Transforming annotation-experimental-1.4.0.aar (androidx.annotation:annotation-experimental:1.4.0) with JetifyTransform
Transforming annotation-experimental-1.4.0.aar (androidx.annotation:annotation-experimental:1.4.0) with AarToClassTransform
Transforming savedstate-1.2.1.aar (androidx.savedstate:savedstate:1.2.1) with JetifyTransform
Transforming savedstate-1.2.1.aar (androidx.savedstate:savedstate:1.2.1) with AarToClassTransform
Transforming localbroadcastmanager-1.1.0.aar (androidx.localbroadcastmanager:localbroadcastmanager:1.1.0) with JetifyTransform
Transforming localbroadcastmanager-1.1.0.aar (androidx.localbroadcastmanager:localbroadcastmanager:1.1.0) with AarToClassTransform
Transforming localbroadcastmanager-1.1.0.aar (androidx.localbroadcastmanager:localbroadcastmanager:1.1.0) with JetifyTransform
Transforming localbroadcastmanager-1.1.0.aar (androidx.localbroadcastmanager:localbroadcastmanager:1.1.0) with AarToClassTransform
Transforming cursoradapter-1.0.0.aar (androidx.cursoradapter:cursoradapter:1.0.0) with JetifyTransform
Transforming cursoradapter-1.0.0.aar (androidx.cursoradapter:cursoradapter:1.0.0) with AarToClassTransform
Transforming cardview-1.0.0.aar (androidx.cardview:cardview:1.0.0) with JetifyTransform
Transforming cardview-1.0.0.aar (androidx.cardview:cardview:1.0.0) with AarToClassTransform
Transforming sqlite-framework-2.4.0.aar (androidx.sqlite:sqlite-framework:2.4.0) with JetifyTransform
Transforming sqlite-framework-2.4.0.aar (androidx.sqlite:sqlite-framework:2.4.0) with AarToClassTransform
Transforming sqlite-2.4.0.aar (androidx.sqlite:sqlite:2.4.0) with JetifyTransform
Transforming sqlite-2.4.0.aar (androidx.sqlite:sqlite:2.4.0) with AarToClassTransform
Transforming gifdecoder-4.16.0.aar (com.github.bumptech.glide:gifdecoder:4.16.0) with JetifyTransform
Transforming gifdecoder-4.16.0.aar (com.github.bumptech.glide:gifdecoder:4.16.0) with AarToClassTransform
Transforming versionedparcelable-1.1.1.aar (androidx.versionedparcelable:versionedparcelable:1.1.1) with JetifyTransform
Transforming versionedparcelable-1.1.1.aar (androidx.versionedparcelable:versionedparcelable:1.1.1) with AarToClassTransform
Transforming interpolator-1.0.0.aar (androidx.interpolator:interpolator:1.0.0) with JetifyTransform
Transforming interpolator-1.0.0.aar (androidx.interpolator:interpolator:1.0.0) with AarToClassTransform
Transforming documentfile-1.0.0.aar (androidx.documentfile:documentfile:1.0.0) with JetifyTransform
Transforming documentfile-1.0.0.aar (androidx.documentfile:documentfile:1.0.0) with AarToClassTransform
Transforming print-1.0.0.aar (androidx.print:print:1.0.0) with JetifyTransform
Transforming print-1.0.0.aar (androidx.print:print:1.0.0) with AarToClassTransform
Transforming core-runtime-2.2.0.aar (androidx.arch.core:core-runtime:2.2.0) with JetifyTransform
Transforming core-runtime-2.2.0.aar (androidx.arch.core:core-runtime:2.2.0) with AarToClassTransform
Transforming collection-1.2.0.jar (androidx.collection:collection:1.2.0) with JetifyTransform
Transforming collection-1.2.0.jar (androidx.collection:collection:1.2.0) with IdentityTransform
Transforming core-common-2.2.0.jar (androidx.arch.core:core-common:2.2.0) with JetifyTransform
Transforming kotlin-stdlib-jdk8-1.8.22.jar (org.jetbrains.kotlin:kotlin-stdlib-jdk8:1.8.22) with JetifyTransform
Transforming annotation-jvm-1.8.0.jar (androidx.annotation:annotation-jvm:1.8.0) with JetifyTransform
Transforming kotlin-stdlib-jdk8-1.8.22.jar (org.jetbrains.kotlin:kotlin-stdlib-jdk8:1.8.22) with IdentityTransform
Transforming annotation-jvm-1.8.0.jar (androidx.annotation:annotation-jvm:1.8.0) with IdentityTransform
Transforming core-common-2.2.0.jar (androidx.arch.core:core-common:2.2.0) with IdentityTransform
Transforming kotlinx-coroutines-core-jvm-1.7.3.jar (org.jetbrains.kotlinx:kotlinx-coroutines-core-jvm:1.7.3) with JetifyTransform
Transforming kotlin-stdlib-jdk7-1.8.22.jar (org.jetbrains.kotlin:kotlin-stdlib-jdk7:1.8.22) with JetifyTransform
Transforming kotlin-stdlib-jdk7-1.8.22.jar (org.jetbrains.kotlin:kotlin-stdlib-jdk7:1.8.22) with IdentityTransform
Transforming kotlinx-coroutines-core-jvm-1.7.3.jar (org.jetbrains.kotlinx:kotlinx-coroutines-core-jvm:1.7.3) with IdentityTransform
Transforming kotlinx-coroutines-android-1.7.3.jar (org.jetbrains.kotlinx:kotlinx-coroutines-android:1.7.3) with JetifyTransform
Transforming kotlinx-coroutines-android-1.7.3.jar (org.jetbrains.kotlinx:kotlinx-coroutines-android:1.7.3) with IdentityTransform
Transforming constraintlayout-2.1.4.aar (androidx.constraintlayout:constraintlayout:2.1.4) with JetifyTransform
Transforming constraintlayout-2.1.4.aar (androidx.constraintlayout:constraintlayout:2.1.4) with AarToClassTransform
Transforming media3-exoplayer-hls-1.3.1.aar (androidx.media3:media3-exoplayer-hls:1.3.1) with JetifyTransform
Transforming media3-exoplayer-hls-1.3.1.aar (androidx.media3:media3-exoplayer-hls:1.3.1) with AarToClassTransform
Transforming media3-ui-1.3.1.aar (androidx.media3:media3-ui:1.3.1) with JetifyTransform
Transforming media3-ui-1.3.1.aar (androidx.media3:media3-ui:1.3.1) with AarToClassTransform
Transforming kotlin-stdlib-1.9.23.jar (org.jetbrains.kotlin:kotlin-stdlib:1.9.23) with JetifyTransform
Transforming gson-2.10.1.jar (com.google.code.gson:gson:2.10.1) with JetifyTransform
Transforming gson-2.10.1.jar (com.google.code.gson:gson:2.10.1) with IdentityTransform
Transforming kotlin-stdlib-1.9.23.jar (org.jetbrains.kotlin:kotlin-stdlib:1.9.23) with IdentityTransform
Transforming listenablefuture-9999.0-empty-to-avoid-conflict-with-guava.jar (com.google.guava:listenablefuture:9999.0-empty-to-avoid-conflict-with-guava) with JetifyTransform
Transforming listenablefuture-9999.0-empty-to-avoid-conflict-with-guava.jar (com.google.guava:listenablefuture:9999.0-empty-to-avoid-conflict-with-guava) with IdentityTransform
Transforming annotations-23.0.0.jar (org.jetbrains:annotations:23.0.0) with JetifyTransform
Transforming guava-32.1.3-android.jar (com.google.guava:guava:32.1.3-android) with JetifyTransform
Transforming annotations-23.0.0.jar (org.jetbrains:annotations:23.0.0) with IdentityTransform
Transforming tracing-1.0.0.aar (androidx.tracing:tracing:1.0.0) with JetifyTransform
Transforming guava-32.1.3-android.jar (com.google.guava:guava:32.1.3-android) with IdentityTransform
Transforming tracing-1.0.0.aar (androidx.tracing:tracing:1.0.0) with AarToClassTransform
Transforming exifinterface-1.3.6.aar (androidx.exifinterface:exifinterface:1.3.6) with JetifyTransform
Transforming exifinterface-1.3.6.aar (androidx.exifinterface:exifinterface:1.3.6) with AarToClassTransform
Transforming failureaccess-1.0.1.jar (com.google.guava:failureaccess:1.0.1) with JetifyTransform
Transforming failureaccess-1.0.1.jar (com.google.guava:failureaccess:1.0.1) with IdentityTransform
Transforming resourceinspection-annotation-1.0.1.jar (androidx.resourceinspection:resourceinspection-annotation:1.0.1) with JetifyTransform
Transforming resourceinspection-annotation-1.0.1.jar (androidx.resourceinspection:resourceinspection-annotation:1.0.1) with IdentityTransform
Transforming media3-container-1.3.1.aar (androidx.media3:media3-container:1.3.1) with JetifyTransform
Transforming media3-container-1.3.1.aar (androidx.media3:media3-container:1.3.1) with AarToClassTransform
Transforming media3-database-1.3.1.aar (androidx.media3:media3-database:1.3.1) with JetifyTransform
Transforming media3-database-1.3.1.aar (androidx.media3:media3-database:1.3.1) with AarToClassTransform
Transforming media3-datasource-1.3.1.aar (androidx.media3:media3-datasource:1.3.1) with JetifyTransform
Transforming media3-datasource-1.3.1.aar (androidx.media3:media3-datasource:1.3.1) with AarToClassTransform
Transforming cronet-api-72.3626.96.aar (org.chromium.net:cronet-api:72.3626.96) with JetifyTransform
Transforming cronet-api-72.3626.96.aar (org.chromium.net:cronet-api:72.3626.96) with AarToClassTransform
Transforming media3-decoder-1.3.1.aar (androidx.media3:media3-decoder:1.3.1) with JetifyTransform
Transforming media3-decoder-1.3.1.aar (androidx.media3:media3-decoder:1.3.1) with AarToClassTransform
Transforming media3-extractor-1.3.1.aar (androidx.media3:media3-extractor:1.3.1) with JetifyTransform
Transforming media3-extractor-1.3.1.aar (androidx.media3:media3-extractor:1.3.1) with AarToClassTransform
Transforming disklrucache-4.16.0.jar (com.github.bumptech.glide:disklrucache:4.16.0) with JetifyTransform
Transforming annotations-4.16.0.jar (com.github.bumptech.glide:annotations:4.16.0) with JetifyTransform
Transforming disklrucache-4.16.0.jar (com.github.bumptech.glide:disklrucache:4.16.0) with IdentityTransform
Transforming annotations-4.16.0.jar (com.github.bumptech.glide:annotations:4.16.0) with IdentityTransform
Transforming R.jar with ClasspathEntrySnapshotTransform
Transforming jetified-viewbinding-8.4.1-api.jar with ClasspathEntrySnapshotTransform
Transforming material-1.12.0-api.jar with ClasspathEntrySnapshotTransform
Transforming appcompat-1.6.1-api.jar with ClasspathEntrySnapshotTransform
Transforming jetified-glide-4.16.0-api.jar with ClasspathEntrySnapshotTransform
Transforming jetified-viewpager2-1.1.0-beta02-api.jar with ClasspathEntrySnapshotTransform
Transforming jetified-media3-datasource-cronet-1.3.1-api.jar with ClasspathEntrySnapshotTransform
Transforming jetified-play-services-cronet-18.0.1-api.jar with ClasspathEntrySnapshotTransform
Transforming jetified-play-services-base-18.0.1-api.jar with ClasspathEntrySnapshotTransform
Transforming jetified-play-services-tasks-18.0.1-api.jar with ClasspathEntrySnapshotTransform
Transforming jetified-play-services-basement-18.0.0-api.jar with ClasspathEntrySnapshotTransform
Transforming fragment-1.3.6-api.jar with ClasspathEntrySnapshotTransform
Transforming jetified-activity-1.8.0-api.jar with ClasspathEntrySnapshotTransform
Transforming browser-1.8.0-api.jar with ClasspathEntrySnapshotTransform
Transforming webkit-1.11.0-api.jar with ClasspathEntrySnapshotTransform
Transforming media-1.7.0-api.jar with ClasspathEntrySnapshotTransform
Transforming recyclerview-1.3.2-api.jar with ClasspathEntrySnapshotTransform
Transforming jetified-appcompat-resources-1.6.1-api.jar with ClasspathEntrySnapshotTransform
Transforming drawerlayout-1.1.1-api.jar with ClasspathEntrySnapshotTransform
Transforming coordinatorlayout-1.1.0-api.jar with ClasspathEntrySnapshotTransform
Transforming dynamicanimation-1.0.0-api.jar with ClasspathEntrySnapshotTransform
Transforming transition-1.5.0-api.jar with ClasspathEntrySnapshotTransform
Transforming vectordrawable-animated-1.1.0-api.jar with ClasspathEntrySnapshotTransform
Transforming vectordrawable-1.1.0-api.jar with ClasspathEntrySnapshotTransform
Transforming viewpager-1.0.0-api.jar with ClasspathEntrySnapshotTransform
Transforming customview-1.1.0-api.jar with ClasspathEntrySnapshotTransform
Transforming legacy-support-core-utils-1.0.0-api.jar with ClasspathEntrySnapshotTransform
Transforming loader-1.0.0-api.jar with ClasspathEntrySnapshotTransform
Transforming core-1.13.1-api.jar with ClasspathEntrySnapshotTransform
Transforming jetified-lifecycle-common-jvm-2.8.2.jar with ClasspathEntrySnapshotTransform
Transforming jetified-lifecycle-livedata-core-ktx-2.8.2-api.jar with ClasspathEntrySnapshotTransform
Transforming lifecycle-livedata-2.8.2-api.jar with ClasspathEntrySnapshotTransform
Transforming lifecycle-viewmodel-2.8.2-api.jar with ClasspathEntrySnapshotTransform
Transforming jetified-lifecycle-viewmodel-release-api.jar with ClasspathEntrySnapshotTransform
Transforming jetified-lifecycle-runtime-release-api.jar with ClasspathEntrySnapshotTransform
Transforming lifecycle-livedata-core-2.8.2-api.jar with ClasspathEntrySnapshotTransform
Transforming jetified-lifecycle-runtime-ktx-release-api.jar with ClasspathEntrySnapshotTransform
Transforming jetified-lifecycle-viewmodel-savedstate-2.8.2-api.jar with ClasspathEntrySnapshotTransform
Transforming jetified-core-ktx-1.13.1-api.jar with ClasspathEntrySnapshotTransform
Transforming room-common-2.6.1.jar with ClasspathEntrySnapshotTransform
Transforming room-runtime-2.6.1-api.jar with ClasspathEntrySnapshotTransform
Transforming jetified-room-ktx-2.6.1-api.jar with ClasspathEntrySnapshotTransform
Transforming jetified-media3-exoplayer-1.3.1-api.jar with ClasspathEntrySnapshotTransform
Transforming jetified-media3-session-1.3.1-api.jar with ClasspathEntrySnapshotTransform
Transforming jetified-media3-common-1.3.1-api.jar with ClasspathEntrySnapshotTransform
Transforming jetified-annotation-experimental-1.4.0-api.jar with ClasspathEntrySnapshotTransform
Transforming jetified-savedstate-1.2.1-api.jar with ClasspathEntrySnapshotTransform
Transforming localbroadcastmanager-1.1.0-api.jar with ClasspathEntrySnapshotTransform
Transforming cursoradapter-1.0.0-api.jar with ClasspathEntrySnapshotTransform
Transforming cardview-1.0.0-api.jar with ClasspathEntrySnapshotTransform
Transforming sqlite-framework-2.4.0-api.jar with ClasspathEntrySnapshotTransform
Transforming sqlite-2.4.0-api.jar with ClasspathEntrySnapshotTransform
Transforming jetified-gifdecoder-4.16.0-api.jar with ClasspathEntrySnapshotTransform
Transforming versionedparcelable-1.1.1-api.jar with ClasspathEntrySnapshotTransform
Transforming collection-1.2.0.jar with ClasspathEntrySnapshotTransform
Transforming interpolator-1.0.0-api.jar with ClasspathEntrySnapshotTransform
Transforming documentfile-1.0.0-api.jar with ClasspathEntrySnapshotTransform
Transforming print-1.0.0-api.jar with ClasspathEntrySnapshotTransform
Transforming core-runtime-2.2.0-api.jar with ClasspathEntrySnapshotTransform
Transforming core-common-2.2.0.jar with ClasspathEntrySnapshotTransform
Transforming jetified-annotation-jvm-1.8.0.jar with ClasspathEntrySnapshotTransform
Transforming jetified-kotlinx-coroutines-core-jvm-1.7.3.jar with ClasspathEntrySnapshotTransform
Transforming jetified-kotlinx-coroutines-android-1.7.3.jar with ClasspathEntrySnapshotTransform
Transforming jetified-kotlin-stdlib-jdk8-1.8.22.jar with ClasspathEntrySnapshotTransform
Transforming jetified-kotlin-stdlib-jdk7-1.8.22.jar with ClasspathEntrySnapshotTransform
Transforming jetified-kotlin-stdlib-1.9.23.jar with ClasspathEntrySnapshotTransform
Transforming constraintlayout-2.1.4-api.jar with ClasspathEntrySnapshotTransform
Transforming jetified-media3-exoplayer-hls-1.3.1-api.jar with ClasspathEntrySnapshotTransform
Transforming jetified-media3-ui-1.3.1-api.jar with ClasspathEntrySnapshotTransform
Transforming jetified-gson-2.10.1.jar with ClasspathEntrySnapshotTransform
Transforming jetified-annotations-23.0.0.jar with ClasspathEntrySnapshotTransform
Transforming jetified-guava-32.1.3-android.jar with ClasspathEntrySnapshotTransform
Transforming jetified-listenablefuture-9999.0-empty-to-avoid-conflict-with-guava.jar with ClasspathEntrySnapshotTransform
Transforming jetified-tracing-1.0.0-api.jar with ClasspathEntrySnapshotTransform
Transforming jetified-resourceinspection-annotation-1.0.1.jar with ClasspathEntrySnapshotTransform
Transforming exifinterface-1.3.6-api.jar with ClasspathEntrySnapshotTransform
Transforming jetified-failureaccess-1.0.1.jar with ClasspathEntrySnapshotTransform
Transforming jetified-media3-container-1.3.1-api.jar with ClasspathEntrySnapshotTransform
Transforming jetified-media3-database-1.3.1-api.jar with ClasspathEntrySnapshotTransform
Transforming jetified-media3-datasource-1.3.1-api.jar with ClasspathEntrySnapshotTransform
Transforming jetified-cronet-api-72.3626.96-api.jar with ClasspathEntrySnapshotTransform
Transforming jetified-media3-decoder-1.3.1-api.jar with ClasspathEntrySnapshotTransform
Transforming jetified-media3-extractor-1.3.1-api.jar with ClasspathEntrySnapshotTransform
Transforming jetified-disklrucache-4.16.0.jar with ClasspathEntrySnapshotTransform
Transforming jetified-annotations-4.16.0.jar with ClasspathEntrySnapshotTransform
Transforming android.jar with ClasspathEntrySnapshotTransform
Transforming core-lambda-stubs.jar with ClasspathEntrySnapshotTransform
Caching disabled for task ':app:kaptGenerateStubsDebugKotlin' because:
  Build cache is disabled
Skipping task ':app:kaptGenerateStubsDebugKotlin' as it is up-to-date.
Resolve mutations for :app:kaptDebugKotlin (Thread[Execution worker Thread 3,5,main]) started.
:app:kaptDebugKotlin (Thread[Execution worker Thread 3,5,main]) started.

> Task :app:kaptDebugKotlin UP-TO-DATE
Transforming R.jar with StructureTransformAction
Transforming jetified-viewbinding-8.4.1-api.jar with StructureTransformAction
Transforming material-1.12.0-api.jar with StructureTransformAction
Transforming appcompat-1.6.1-api.jar with StructureTransformAction
Transforming jetified-glide-4.16.0-api.jar with StructureTransformAction
Transforming jetified-viewpager2-1.1.0-beta02-api.jar with StructureTransformAction
Transforming jetified-media3-datasource-cronet-1.3.1-api.jar with StructureTransformAction
Transforming jetified-play-services-cronet-18.0.1-api.jar with StructureTransformAction
Transforming jetified-play-services-base-18.0.1-api.jar with StructureTransformAction
Transforming jetified-play-services-tasks-18.0.1-api.jar with StructureTransformAction
Transforming jetified-play-services-basement-18.0.0-api.jar with StructureTransformAction
Transforming fragment-1.3.6-api.jar with StructureTransformAction
Transforming jetified-activity-1.8.0-api.jar with StructureTransformAction
Transforming browser-1.8.0-api.jar with StructureTransformAction
Transforming webkit-1.11.0-api.jar with StructureTransformAction
Transforming media-1.7.0-api.jar with StructureTransformAction
Transforming recyclerview-1.3.2-api.jar with StructureTransformAction
Transforming jetified-appcompat-resources-1.6.1-api.jar with StructureTransformAction
Transforming drawerlayout-1.1.1-api.jar with StructureTransformAction
Transforming coordinatorlayout-1.1.0-api.jar with StructureTransformAction
Transforming dynamicanimation-1.0.0-api.jar with StructureTransformAction
Transforming transition-1.5.0-api.jar with StructureTransformAction
Transforming vectordrawable-animated-1.1.0-api.jar with StructureTransformAction
Transforming vectordrawable-1.1.0-api.jar with StructureTransformAction
Transforming viewpager-1.0.0-api.jar with StructureTransformAction
Transforming customview-1.1.0-api.jar with StructureTransformAction
Transforming legacy-support-core-utils-1.0.0-api.jar with StructureTransformAction
Transforming loader-1.0.0-api.jar with StructureTransformAction
Transforming core-1.13.1-api.jar with StructureTransformAction
Transforming jetified-lifecycle-common-jvm-2.8.2.jar with StructureTransformAction
Transforming jetified-lifecycle-livedata-core-ktx-2.8.2-api.jar with StructureTransformAction
Transforming lifecycle-livedata-2.8.2-api.jar with StructureTransformAction
Transforming lifecycle-viewmodel-2.8.2-api.jar with StructureTransformAction
Transforming jetified-lifecycle-viewmodel-release-api.jar with StructureTransformAction
Transforming jetified-lifecycle-runtime-release-api.jar with StructureTransformAction
Transforming lifecycle-livedata-core-2.8.2-api.jar with StructureTransformAction
Transforming jetified-lifecycle-runtime-ktx-release-api.jar with StructureTransformAction
Transforming jetified-lifecycle-viewmodel-savedstate-2.8.2-api.jar with StructureTransformAction
Transforming jetified-core-ktx-1.13.1-api.jar with StructureTransformAction
Transforming room-common-2.6.1.jar with StructureTransformAction
Transforming room-runtime-2.6.1-api.jar with StructureTransformAction
Transforming jetified-room-ktx-2.6.1-api.jar with StructureTransformAction
Transforming jetified-media3-exoplayer-1.3.1-api.jar with StructureTransformAction
Transforming jetified-media3-session-1.3.1-api.jar with StructureTransformAction
Transforming jetified-media3-common-1.3.1-api.jar with StructureTransformAction
Transforming jetified-annotation-experimental-1.4.0-api.jar with StructureTransformAction
Transforming jetified-savedstate-1.2.1-api.jar with StructureTransformAction
Transforming localbroadcastmanager-1.1.0-api.jar with StructureTransformAction
Transforming cursoradapter-1.0.0-api.jar with StructureTransformAction
Transforming cardview-1.0.0-api.jar with StructureTransformAction
Transforming sqlite-framework-2.4.0-api.jar with StructureTransformAction
Transforming sqlite-2.4.0-api.jar with StructureTransformAction
Transforming jetified-gifdecoder-4.16.0-api.jar with StructureTransformAction
Transforming versionedparcelable-1.1.1-api.jar with StructureTransformAction
Transforming collection-1.2.0.jar with StructureTransformAction
Transforming interpolator-1.0.0-api.jar with StructureTransformAction
Transforming documentfile-1.0.0-api.jar with StructureTransformAction
Transforming print-1.0.0-api.jar with StructureTransformAction
Transforming core-runtime-2.2.0-api.jar with StructureTransformAction
Transforming core-common-2.2.0.jar with StructureTransformAction
Transforming jetified-annotation-jvm-1.8.0.jar with StructureTransformAction
Transforming jetified-kotlinx-coroutines-core-jvm-1.7.3.jar with StructureTransformAction
Transforming jetified-kotlinx-coroutines-android-1.7.3.jar with StructureTransformAction
Transforming jetified-kotlin-stdlib-jdk8-1.8.22.jar with StructureTransformAction
Transforming jetified-kotlin-stdlib-jdk7-1.8.22.jar with StructureTransformAction
Transforming jetified-kotlin-stdlib-1.9.23.jar with StructureTransformAction
Transforming constraintlayout-2.1.4-api.jar with StructureTransformAction
Transforming jetified-media3-exoplayer-hls-1.3.1-api.jar with StructureTransformAction
Transforming jetified-media3-ui-1.3.1-api.jar with StructureTransformAction
Transforming jetified-gson-2.10.1.jar with StructureTransformAction
Transforming jetified-annotations-23.0.0.jar with StructureTransformAction
Transforming jetified-guava-32.1.3-android.jar with StructureTransformAction
Transforming jetified-listenablefuture-9999.0-empty-to-avoid-conflict-with-guava.jar with StructureTransformAction
Transforming jetified-tracing-1.0.0-api.jar with StructureTransformAction
Transforming jetified-resourceinspection-annotation-1.0.1.jar with StructureTransformAction
Transforming exifinterface-1.3.6-api.jar with StructureTransformAction
Transforming jetified-failureaccess-1.0.1.jar with StructureTransformAction
Transforming jetified-media3-container-1.3.1-api.jar with StructureTransformAction
Transforming jetified-media3-database-1.3.1-api.jar with StructureTransformAction
Transforming jetified-media3-datasource-1.3.1-api.jar with StructureTransformAction
Transforming jetified-cronet-api-72.3626.96-api.jar with StructureTransformAction
Transforming jetified-media3-decoder-1.3.1-api.jar with StructureTransformAction
Transforming jetified-media3-extractor-1.3.1-api.jar with StructureTransformAction
Transforming jetified-disklrucache-4.16.0.jar with StructureTransformAction
Transforming jetified-annotations-4.16.0.jar with StructureTransformAction
Transforming android.jar with StructureTransformAction
Transforming core-lambda-stubs.jar with StructureTransformAction
file or directory '/storage/emulated/0/AndroidIDEProjects/Mydownloader/app/src/debug/kotlin', not found
file or directory '/storage/emulated/0/AndroidIDEProjects/Mydownloader/app/src/debug/kotlin', not found
file or directory '/storage/emulated/0/AndroidIDEProjects/Mydownloader/app/src/debug/java', not found
file or directory '/storage/emulated/0/AndroidIDEProjects/Mydownloader/app/src/debug/kotlin', not found
file or directory '/storage/emulated/0/AndroidIDEProjects/Mydownloader/app/src/debug/java', not found
file or directory '/storage/emulated/0/AndroidIDEProjects/Mydownloader/app/src/main/kotlin', not found
file or directory '/storage/emulated/0/AndroidIDEProjects/Mydownloader/app/src/main/kotlin', not found
file or directory '/storage/emulated/0/AndroidIDEProjects/Mydownloader/app/src/main/kotlin', not found
file or directory '/storage/emulated/0/AndroidIDEProjects/Mydownloader/app/src/main/kotlin', not found
file or directory '/storage/emulated/0/AndroidIDEProjects/Mydownloader/app/src/main/kotlin', not found
file or directory '/storage/emulated/0/AndroidIDEProjects/Mydownloader/app/src/main/kotlin', not found
file or directory '/storage/emulated/0/AndroidIDEProjects/Mydownloader/app/src/debug/kotlin', not found
file or directory '/storage/emulated/0/AndroidIDEProjects/Mydownloader/app/src/debug/kotlin', not found
file or directory '/storage/emulated/0/AndroidIDEProjects/Mydownloader/app/src/debug/java', not found
file or directory '/storage/emulated/0/AndroidIDEProjects/Mydownloader/app/src/debug/kotlin', not found
file or directory '/storage/emulated/0/AndroidIDEProjects/Mydownloader/app/src/debug/java', not found
file or directory '/storage/emulated/0/AndroidIDEProjects/Mydownloader/app/src/debug/java', not found
Caching disabled for task ':app:kaptDebugKotlin' because:
  Build cache is disabled
Skipping task ':app:kaptDebugKotlin' as it is up-to-date.
Resolve mutations for :app:compileDebugKotlin (Thread[Execution worker Thread 3,5,main]) started.
:app:compileDebugKotlin (Thread[Execution worker Thread 3,5,main]) started.
Resolve mutations for :app:javaPreCompileDebug (Thread[Execution worker Thread 7,5,main]) started.
:app:javaPreCompileDebug (Thread[Execution worker Thread 7,5,main]) started.

> Task :app:javaPreCompileDebug UP-TO-DATE
Caching disabled for task ':app:javaPreCompileDebug' because:
  Build cache is disabled
Skipping task ':app:javaPreCompileDebug' as it is up-to-date.
Resolve mutations for :app:mergeDebugShaders (Thread[Execution worker Thread 7,5,main]) started.
:app:mergeDebugShaders (Thread[Execution worker Thread 7,5,main]) started.

> Task :app:mergeDebugShaders UP-TO-DATE
Caching disabled for task ':app:mergeDebugShaders' because:
  Build cache is disabled
Skipping task ':app:mergeDebugShaders' as it is up-to-date.
Resolve mutations for :app:compileDebugShaders (Thread[Execution worker Thread 7,5,main]) started.
:app:compileDebugShaders (Thread[Execution worker Thread 7,5,main]) started.

> Task :app:compileDebugShaders NO-SOURCE
Skipping task ':app:compileDebugShaders' as it has no source files and no previous output files.
Resolve mutations for :app:generateDebugAssets (Thread[Execution worker Thread 7,5,main]) started.
:app:generateDebugAssets (Thread[Execution worker Thread 7,5,main]) started.

> Task :app:generateDebugAssets UP-TO-DATE
Skipping task ':app:generateDebugAssets' as it has no actions.
Resolve mutations for :app:mergeDebugAssets (Thread[Execution worker Thread 7,5,main]) started.
:app:mergeDebugAssets (Thread[Execution worker Thread 7,5,main]) started.

> Task :app:mergeDebugAssets UP-TO-DATE
Transforming viewbinding-8.4.1.aar (androidx.databinding:viewbinding:8.4.1) with JetifyTransform
Transforming viewbinding-8.4.1.aar (androidx.databinding:viewbinding:8.4.1) with ExtractAarTransform
Transforming viewbinding-8.4.1.aar (androidx.databinding:viewbinding:8.4.1) with AarTransform
Transforming material-1.12.0.aar (com.google.android.material:material:1.12.0) with JetifyTransform
Transforming material-1.12.0.aar (com.google.android.material:material:1.12.0) with ExtractAarTransform
Transforming material-1.12.0.aar (com.google.android.material:material:1.12.0) with AarTransform
Transforming constraintlayout-2.1.4.aar (androidx.constraintlayout:constraintlayout:2.1.4) with JetifyTransform
Transforming constraintlayout-2.1.4.aar (androidx.constraintlayout:constraintlayout:2.1.4) with ExtractAarTransform
Transforming constraintlayout-2.1.4.aar (androidx.constraintlayout:constraintlayout:2.1.4) with AarTransform
Transforming appcompat-resources-1.6.1.aar (androidx.appcompat:appcompat-resources:1.6.1) with JetifyTransform
Transforming appcompat-resources-1.6.1.aar (androidx.appcompat:appcompat-resources:1.6.1) with ExtractAarTransform
Transforming appcompat-resources-1.6.1.aar (androidx.appcompat:appcompat-resources:1.6.1) with AarTransform
Transforming appcompat-1.6.1.aar (androidx.appcompat:appcompat:1.6.1) with JetifyTransform
Transforming appcompat-1.6.1.aar (androidx.appcompat:appcompat:1.6.1) with ExtractAarTransform
Transforming appcompat-1.6.1.aar (androidx.appcompat:appcompat:1.6.1) with AarTransform
Transforming browser-1.8.0.aar (androidx.browser:browser:1.8.0) with JetifyTransform
Transforming browser-1.8.0.aar (androidx.browser:browser:1.8.0) with ExtractAarTransform
Transforming browser-1.8.0.aar (androidx.browser:browser:1.8.0) with AarTransform
Transforming webkit-1.11.0.aar (androidx.webkit:webkit:1.11.0) with JetifyTransform
Transforming webkit-1.11.0.aar (androidx.webkit:webkit:1.11.0) with ExtractAarTransform
Transforming webkit-1.11.0.aar (androidx.webkit:webkit:1.11.0) with AarTransform
Transforming media3-exoplayer-hls-1.3.1.aar (androidx.media3:media3-exoplayer-hls:1.3.1) with JetifyTransform
Transforming media3-exoplayer-hls-1.3.1.aar (androidx.media3:media3-exoplayer-hls:1.3.1) with ExtractAarTransform
Transforming media3-exoplayer-hls-1.3.1.aar (androidx.media3:media3-exoplayer-hls:1.3.1) with AarTransform
Transforming media3-exoplayer-1.3.1.aar (androidx.media3:media3-exoplayer:1.3.1) with JetifyTransform
Transforming media3-exoplayer-1.3.1.aar (androidx.media3:media3-exoplayer:1.3.1) with ExtractAarTransform
Transforming media3-exoplayer-1.3.1.aar (androidx.media3:media3-exoplayer:1.3.1) with AarTransform
Transforming media3-datasource-cronet-1.3.1.aar (androidx.media3:media3-datasource-cronet:1.3.1) with JetifyTransform
Transforming media3-datasource-cronet-1.3.1.aar (androidx.media3:media3-datasource-cronet:1.3.1) with ExtractAarTransform
Transforming media3-datasource-cronet-1.3.1.aar (androidx.media3:media3-datasource-cronet:1.3.1) with AarTransform
Transforming media3-session-1.3.1.aar (androidx.media3:media3-session:1.3.1) with JetifyTransform
Transforming media3-session-1.3.1.aar (androidx.media3:media3-session:1.3.1) with ExtractAarTransform
Transforming media3-session-1.3.1.aar (androidx.media3:media3-session:1.3.1) with AarTransform
Transforming media3-extractor-1.3.1.aar (androidx.media3:media3-extractor:1.3.1) with JetifyTransform
Transforming media3-extractor-1.3.1.aar (androidx.media3:media3-extractor:1.3.1) with ExtractAarTransform
Transforming media3-extractor-1.3.1.aar (androidx.media3:media3-extractor:1.3.1) with AarTransform
Transforming media3-container-1.3.1.aar (androidx.media3:media3-container:1.3.1) with JetifyTransform
Transforming media3-container-1.3.1.aar (androidx.media3:media3-container:1.3.1) with ExtractAarTransform
Transforming media3-container-1.3.1.aar (androidx.media3:media3-container:1.3.1) with AarTransform
Transforming media3-datasource-1.3.1.aar (androidx.media3:media3-datasource:1.3.1) with JetifyTransform
Transforming media3-datasource-1.3.1.aar (androidx.media3:media3-datasource:1.3.1) with ExtractAarTransform
Transforming media3-datasource-1.3.1.aar (androidx.media3:media3-datasource:1.3.1) with AarTransform
Transforming media3-decoder-1.3.1.aar (androidx.media3:media3-decoder:1.3.1) with JetifyTransform
Transforming media3-decoder-1.3.1.aar (androidx.media3:media3-decoder:1.3.1) with ExtractAarTransform
Transforming media3-decoder-1.3.1.aar (androidx.media3:media3-decoder:1.3.1) with AarTransform
Transforming media3-database-1.3.1.aar (androidx.media3:media3-database:1.3.1) with JetifyTransform
Transforming media3-database-1.3.1.aar (androidx.media3:media3-database:1.3.1) with ExtractAarTransform
Transforming media3-database-1.3.1.aar (androidx.media3:media3-database:1.3.1) with AarTransform
Transforming media3-common-1.3.1.aar (androidx.media3:media3-common:1.3.1) with JetifyTransform
Transforming media3-common-1.3.1.aar (androidx.media3:media3-common:1.3.1) with ExtractAarTransform
Transforming media3-common-1.3.1.aar (androidx.media3:media3-common:1.3.1) with AarTransform
Transforming media3-ui-1.3.1.aar (androidx.media3:media3-ui:1.3.1) with JetifyTransform
Transforming media3-ui-1.3.1.aar (androidx.media3:media3-ui:1.3.1) with ExtractAarTransform
Transforming media3-ui-1.3.1.aar (androidx.media3:media3-ui:1.3.1) with AarTransform
Transforming media-1.7.0.aar (androidx.media:media:1.7.0) with JetifyTransform
Transforming media-1.7.0.aar (androidx.media:media:1.7.0) with ExtractAarTransform
Transforming media-1.7.0.aar (androidx.media:media:1.7.0) with AarTransform
Transforming viewpager2-1.1.0-beta02.aar (androidx.viewpager2:viewpager2:1.1.0-beta02) with JetifyTransform
Transforming viewpager2-1.1.0-beta02.aar (androidx.viewpager2:viewpager2:1.1.0-beta02) with ExtractAarTransform
Transforming viewpager2-1.1.0-beta02.aar (androidx.viewpager2:viewpager2:1.1.0-beta02) with AarTransform
Transforming recyclerview-1.3.2.aar (androidx.recyclerview:recyclerview:1.3.2) with JetifyTransform
Transforming recyclerview-1.3.2.aar (androidx.recyclerview:recyclerview:1.3.2) with ExtractAarTransform
Transforming recyclerview-1.3.2.aar (androidx.recyclerview:recyclerview:1.3.2) with AarTransform
Transforming emoji2-views-helper-1.2.0.aar (androidx.emoji2:emoji2-views-helper:1.2.0) with JetifyTransform
Transforming emoji2-views-helper-1.2.0.aar (androidx.emoji2:emoji2-views-helper:1.2.0) with ExtractAarTransform
Transforming emoji2-views-helper-1.2.0.aar (androidx.emoji2:emoji2-views-helper:1.2.0) with AarTransform
Transforming emoji2-1.2.0.aar (androidx.emoji2:emoji2:1.2.0) with JetifyTransform
Transforming emoji2-1.2.0.aar (androidx.emoji2:emoji2:1.2.0) with ExtractAarTransform
Transforming emoji2-1.2.0.aar (androidx.emoji2:emoji2:1.2.0) with AarTransform
Transforming glide-4.16.0.aar (com.github.bumptech.glide:glide:4.16.0) with JetifyTransform
Transforming glide-4.16.0.aar (com.github.bumptech.glide:glide:4.16.0) with ExtractAarTransform
Transforming glide-4.16.0.aar (com.github.bumptech.glide:glide:4.16.0) with AarTransform
Transforming play-services-cronet-18.0.1.aar (com.google.android.gms:play-services-cronet:18.0.1) with JetifyTransform
Transforming play-services-cronet-18.0.1.aar (com.google.android.gms:play-services-cronet:18.0.1) with ExtractAarTransform
Transforming play-services-cronet-18.0.1.aar (com.google.android.gms:play-services-cronet:18.0.1) with AarTransform
Transforming play-services-base-18.0.1.aar (com.google.android.gms:play-services-base:18.0.1) with JetifyTransform
Transforming play-services-base-18.0.1.aar (com.google.android.gms:play-services-base:18.0.1) with ExtractAarTransform
Transforming play-services-base-18.0.1.aar (com.google.android.gms:play-services-base:18.0.1) with AarTransform
Transforming play-services-tasks-18.0.1.aar (com.google.android.gms:play-services-tasks:18.0.1) with JetifyTransform
Transforming play-services-tasks-18.0.1.aar (com.google.android.gms:play-services-tasks:18.0.1) with ExtractAarTransform
Transforming play-services-tasks-18.0.1.aar (com.google.android.gms:play-services-tasks:18.0.1) with AarTransform
Transforming play-services-basement-18.0.0.aar (com.google.android.gms:play-services-basement:18.0.0) with JetifyTransform
Transforming play-services-basement-18.0.0.aar (com.google.android.gms:play-services-basement:18.0.0) with ExtractAarTransform
Transforming play-services-basement-18.0.0.aar (com.google.android.gms:play-services-basement:18.0.0) with AarTransform
Transforming fragment-1.3.6.aar (androidx.fragment:fragment:1.3.6) with JetifyTransform
Transforming fragment-1.3.6.aar (androidx.fragment:fragment:1.3.6) with ExtractAarTransform
Transforming fragment-1.3.6.aar (androidx.fragment:fragment:1.3.6) with AarTransform
Transforming fragment-1.3.6.aar (androidx.fragment:fragment:1.3.6) with JetifyTransform
Transforming fragment-1.3.6.aar (androidx.fragment:fragment:1.3.6) with ExtractAarTransform
Transforming fragment-1.3.6.aar (androidx.fragment:fragment:1.3.6) with AarTransform
Transforming activity-1.8.0.aar (androidx.activity:activity:1.8.0) with JetifyTransform
Transforming activity-1.8.0.aar (androidx.activity:activity:1.8.0) with ExtractAarTransform
Transforming activity-1.8.0.aar (androidx.activity:activity:1.8.0) with AarTransform
Transforming drawerlayout-1.1.1.aar (androidx.drawerlayout:drawerlayout:1.1.1) with JetifyTransform
Transforming drawerlayout-1.1.1.aar (androidx.drawerlayout:drawerlayout:1.1.1) with ExtractAarTransform
Transforming drawerlayout-1.1.1.aar (androidx.drawerlayout:drawerlayout:1.1.1) with AarTransform
Transforming coordinatorlayout-1.1.0.aar (androidx.coordinatorlayout:coordinatorlayout:1.1.0) with JetifyTransform
Transforming coordinatorlayout-1.1.0.aar (androidx.coordinatorlayout:coordinatorlayout:1.1.0) with ExtractAarTransform
Transforming coordinatorlayout-1.1.0.aar (androidx.coordinatorlayout:coordinatorlayout:1.1.0) with AarTransform
Transforming transition-1.5.0.aar (androidx.transition:transition:1.5.0) with JetifyTransform
Transforming transition-1.5.0.aar (androidx.transition:transition:1.5.0) with ExtractAarTransform
Transforming transition-1.5.0.aar (androidx.transition:transition:1.5.0) with AarTransform
Transforming dynamicanimation-1.0.0.aar (androidx.dynamicanimation:dynamicanimation:1.0.0) with JetifyTransform
Transforming dynamicanimation-1.0.0.aar (androidx.dynamicanimation:dynamicanimation:1.0.0) with ExtractAarTransform
Transforming dynamicanimation-1.0.0.aar (androidx.dynamicanimation:dynamicanimation:1.0.0) with AarTransform
Transforming vectordrawable-animated-1.1.0.aar (androidx.vectordrawable:vectordrawable-animated:1.1.0) with JetifyTransform
Transforming vectordrawable-animated-1.1.0.aar (androidx.vectordrawable:vectordrawable-animated:1.1.0) with ExtractAarTransform
Transforming vectordrawable-animated-1.1.0.aar (androidx.vectordrawable:vectordrawable-animated:1.1.0) with AarTransform
Transforming vectordrawable-1.1.0.aar (androidx.vectordrawable:vectordrawable:1.1.0) with JetifyTransform
Transforming vectordrawable-1.1.0.aar (androidx.vectordrawable:vectordrawable:1.1.0) with ExtractAarTransform
Transforming vectordrawable-1.1.0.aar (androidx.vectordrawable:vectordrawable:1.1.0) with AarTransform
Transforming vectordrawable-1.1.0.aar (androidx.vectordrawable:vectordrawable:1.1.0) with JetifyTransform
Transforming vectordrawable-1.1.0.aar (androidx.vectordrawable:vectordrawable:1.1.0) with ExtractAarTransform
Transforming vectordrawable-1.1.0.aar (androidx.vectordrawable:vectordrawable:1.1.0) with AarTransform
Transforming viewpager-1.0.0.aar (androidx.viewpager:viewpager:1.0.0) with JetifyTransform
Transforming viewpager-1.0.0.aar (androidx.viewpager:viewpager:1.0.0) with ExtractAarTransform
Transforming viewpager-1.0.0.aar (androidx.viewpager:viewpager:1.0.0) with AarTransform
Transforming legacy-support-core-utils-1.0.0.aar (androidx.legacy:legacy-support-core-utils:1.0.0) with JetifyTransform
Transforming legacy-support-core-utils-1.0.0.aar (androidx.legacy:legacy-support-core-utils:1.0.0) with ExtractAarTransform
Transforming legacy-support-core-utils-1.0.0.aar (androidx.legacy:legacy-support-core-utils:1.0.0) with AarTransform
Transforming loader-1.0.0.aar (androidx.loader:loader:1.0.0) with JetifyTransform
Transforming loader-1.0.0.aar (androidx.loader:loader:1.0.0) with ExtractAarTransform
Transforming loader-1.0.0.aar (androidx.loader:loader:1.0.0) with AarTransform
Transforming loader-1.0.0.aar (androidx.loader:loader:1.0.0) with JetifyTransform
Transforming loader-1.0.0.aar (androidx.loader:loader:1.0.0) with ExtractAarTransform
Transforming loader-1.0.0.aar (androidx.loader:loader:1.0.0) with AarTransform
Transforming customview-1.1.0.aar (androidx.customview:customview:1.1.0) with JetifyTransform
Transforming customview-1.1.0.aar (androidx.customview:customview:1.1.0) with ExtractAarTransform
Transforming customview-1.1.0.aar (androidx.customview:customview:1.1.0) with AarTransform
Transforming customview-1.1.0.aar (androidx.customview:customview:1.1.0) with JetifyTransform
Transforming customview-1.1.0.aar (androidx.customview:customview:1.1.0) with ExtractAarTransform
Transforming customview-1.1.0.aar (androidx.customview:customview:1.1.0) with AarTransform
Transforming core-1.13.1.aar (androidx.core:core:1.13.1) with JetifyTransform
Transforming core-1.13.1.aar (androidx.core:core:1.13.1) with ExtractAarTransform
Transforming core-1.13.1.aar (androidx.core:core:1.13.1) with AarTransform
Transforming core-1.13.1.aar (androidx.core:core:1.13.1) with JetifyTransform
Transforming core-1.13.1.aar (androidx.core:core:1.13.1) with ExtractAarTransform
Transforming core-1.13.1.aar (androidx.core:core:1.13.1) with AarTransform
Transforming customview-poolingcontainer-1.0.0.aar (androidx.customview:customview-poolingcontainer:1.0.0) with JetifyTransform
Transforming customview-poolingcontainer-1.0.0.aar (androidx.customview:customview-poolingcontainer:1.0.0) with ExtractAarTransform
Transforming customview-poolingcontainer-1.0.0.aar (androidx.customview:customview-poolingcontainer:1.0.0) with AarTransform
Transforming savedstate-1.2.1.aar (androidx.savedstate:savedstate:1.2.1) with JetifyTransform
Transforming savedstate-1.2.1.aar (androidx.savedstate:savedstate:1.2.1) with ExtractAarTransform
Transforming savedstate-1.2.1.aar (androidx.savedstate:savedstate:1.2.1) with AarTransform
Transforming lifecycle-livedata-core-ktx-2.8.2.aar (androidx.lifecycle:lifecycle-livedata-core-ktx:2.8.2) with JetifyTransform
Transforming lifecycle-livedata-core-ktx-2.8.2.aar (androidx.lifecycle:lifecycle-livedata-core-ktx:2.8.2) with ExtractAarTransform
Transforming lifecycle-livedata-core-ktx-2.8.2.aar (androidx.lifecycle:lifecycle-livedata-core-ktx:2.8.2) with AarTransform
Transforming lifecycle-viewmodel-2.8.2.aar (androidx.lifecycle:lifecycle-viewmodel:2.8.2) with JetifyTransform
Transforming lifecycle-viewmodel-2.8.2.aar (androidx.lifecycle:lifecycle-viewmodel:2.8.2) with ExtractAarTransform
Transforming lifecycle-viewmodel-2.8.2.aar (androidx.lifecycle:lifecycle-viewmodel:2.8.2) with AarTransform
Transforming lifecycle-viewmodel-release.aar (androidx.lifecycle:lifecycle-viewmodel-android:2.8.2) with JetifyTransform
Transforming lifecycle-viewmodel-release.aar (androidx.lifecycle:lifecycle-viewmodel-android:2.8.2) with ExtractAarTransform
Transforming lifecycle-viewmodel-release.aar (androidx.lifecycle:lifecycle-viewmodel-android:2.8.2) with AarTransform
Transforming lifecycle-runtime-release.aar (androidx.lifecycle:lifecycle-runtime-android:2.8.2) with JetifyTransform
Transforming lifecycle-runtime-release.aar (androidx.lifecycle:lifecycle-runtime-android:2.8.2) with ExtractAarTransform
Transforming lifecycle-runtime-release.aar (androidx.lifecycle:lifecycle-runtime-android:2.8.2) with AarTransform
Transforming lifecycle-livedata-2.8.2.aar (androidx.lifecycle:lifecycle-livedata:2.8.2) with JetifyTransform
Transforming lifecycle-livedata-2.8.2.aar (androidx.lifecycle:lifecycle-livedata:2.8.2) with ExtractAarTransform
Transforming lifecycle-livedata-2.8.2.aar (androidx.lifecycle:lifecycle-livedata:2.8.2) with AarTransform
Transforming lifecycle-process-2.8.2.aar (androidx.lifecycle:lifecycle-process:2.8.2) with JetifyTransform
Transforming lifecycle-process-2.8.2.aar (androidx.lifecycle:lifecycle-process:2.8.2) with ExtractAarTransform
Transforming lifecycle-process-2.8.2.aar (androidx.lifecycle:lifecycle-process:2.8.2) with AarTransform
Transforming lifecycle-livedata-core-2.8.2.aar (androidx.lifecycle:lifecycle-livedata-core:2.8.2) with JetifyTransform
Transforming lifecycle-livedata-core-2.8.2.aar (androidx.lifecycle:lifecycle-livedata-core:2.8.2) with ExtractAarTransform
Transforming lifecycle-livedata-core-2.8.2.aar (androidx.lifecycle:lifecycle-livedata-core:2.8.2) with AarTransform
Transforming lifecycle-runtime-ktx-release.aar (androidx.lifecycle:lifecycle-runtime-ktx-android:2.8.2) with JetifyTransform
Transforming lifecycle-runtime-ktx-release.aar (androidx.lifecycle:lifecycle-runtime-ktx-android:2.8.2) with ExtractAarTransform
Transforming lifecycle-runtime-ktx-release.aar (androidx.lifecycle:lifecycle-runtime-ktx-android:2.8.2) with AarTransform
Transforming lifecycle-viewmodel-savedstate-2.8.2.aar (androidx.lifecycle:lifecycle-viewmodel-savedstate:2.8.2) with JetifyTransform
Transforming lifecycle-viewmodel-savedstate-2.8.2.aar (androidx.lifecycle:lifecycle-viewmodel-savedstate:2.8.2) with ExtractAarTransform
Transforming lifecycle-viewmodel-savedstate-2.8.2.aar (androidx.lifecycle:lifecycle-viewmodel-savedstate:2.8.2) with AarTransform
Transforming core-ktx-1.13.1.aar (androidx.core:core-ktx:1.13.1) with JetifyTransform
Transforming core-ktx-1.13.1.aar (androidx.core:core-ktx:1.13.1) with ExtractAarTransform
Transforming core-ktx-1.13.1.aar (androidx.core:core-ktx:1.13.1) with AarTransform
Transforming room-runtime-2.6.1.aar (androidx.room:room-runtime:2.6.1) with JetifyTransform
Transforming room-runtime-2.6.1.aar (androidx.room:room-runtime:2.6.1) with ExtractAarTransform
Transforming room-runtime-2.6.1.aar (androidx.room:room-runtime:2.6.1) with AarTransform
Transforming room-ktx-2.6.1.aar (androidx.room:room-ktx:2.6.1) with JetifyTransform
Transforming room-ktx-2.6.1.aar (androidx.room:room-ktx:2.6.1) with ExtractAarTransform
Transforming room-ktx-2.6.1.aar (androidx.room:room-ktx:2.6.1) with AarTransform
Transforming annotation-experimental-1.4.0.aar (androidx.annotation:annotation-experimental:1.4.0) with JetifyTransform
Transforming annotation-experimental-1.4.0.aar (androidx.annotation:annotation-experimental:1.4.0) with ExtractAarTransform
Transforming annotation-experimental-1.4.0.aar (androidx.annotation:annotation-experimental:1.4.0) with AarTransform
Transforming sqlite-framework-2.4.0.aar (androidx.sqlite:sqlite-framework:2.4.0) with JetifyTransform
Transforming sqlite-framework-2.4.0.aar (androidx.sqlite:sqlite-framework:2.4.0) with ExtractAarTransform
Transforming sqlite-framework-2.4.0.aar (androidx.sqlite:sqlite-framework:2.4.0) with AarTransform
Transforming sqlite-2.4.0.aar (androidx.sqlite:sqlite:2.4.0) with JetifyTransform
Transforming sqlite-2.4.0.aar (androidx.sqlite:sqlite:2.4.0) with ExtractAarTransform
Transforming sqlite-2.4.0.aar (androidx.sqlite:sqlite:2.4.0) with AarTransform
Transforming localbroadcastmanager-1.1.0.aar (androidx.localbroadcastmanager:localbroadcastmanager:1.1.0) with JetifyTransform
Transforming localbroadcastmanager-1.1.0.aar (androidx.localbroadcastmanager:localbroadcastmanager:1.1.0) with ExtractAarTransform
Transforming localbroadcastmanager-1.1.0.aar (androidx.localbroadcastmanager:localbroadcastmanager:1.1.0) with AarTransform
Transforming localbroadcastmanager-1.1.0.aar (androidx.localbroadcastmanager:localbroadcastmanager:1.1.0) with JetifyTransform
Transforming localbroadcastmanager-1.1.0.aar (androidx.localbroadcastmanager:localbroadcastmanager:1.1.0) with ExtractAarTransform
Transforming localbroadcastmanager-1.1.0.aar (androidx.localbroadcastmanager:localbroadcastmanager:1.1.0) with AarTransform
Transforming interpolator-1.0.0.aar (androidx.interpolator:interpolator:1.0.0) with JetifyTransform
Transforming interpolator-1.0.0.aar (androidx.interpolator:interpolator:1.0.0) with ExtractAarTransform
Transforming interpolator-1.0.0.aar (androidx.interpolator:interpolator:1.0.0) with AarTransform
Transforming interpolator-1.0.0.aar (androidx.interpolator:interpolator:1.0.0) with JetifyTransform
Transforming interpolator-1.0.0.aar (androidx.interpolator:interpolator:1.0.0) with ExtractAarTransform
Transforming interpolator-1.0.0.aar (androidx.interpolator:interpolator:1.0.0) with AarTransform
Transforming cursoradapter-1.0.0.aar (androidx.cursoradapter:cursoradapter:1.0.0) with JetifyTransform
Transforming cursoradapter-1.0.0.aar (androidx.cursoradapter:cursoradapter:1.0.0) with ExtractAarTransform
Transforming cursoradapter-1.0.0.aar (androidx.cursoradapter:cursoradapter:1.0.0) with AarTransform
Transforming cardview-1.0.0.aar (androidx.cardview:cardview:1.0.0) with JetifyTransform
Transforming cardview-1.0.0.aar (androidx.cardview:cardview:1.0.0) with ExtractAarTransform
Transforming cardview-1.0.0.aar (androidx.cardview:cardview:1.0.0) with AarTransform
Transforming versionedparcelable-1.1.1.aar (androidx.versionedparcelable:versionedparcelable:1.1.1) with JetifyTransform
Transforming versionedparcelable-1.1.1.aar (androidx.versionedparcelable:versionedparcelable:1.1.1) with ExtractAarTransform
Transforming versionedparcelable-1.1.1.aar (androidx.versionedparcelable:versionedparcelable:1.1.1) with AarTransform
Transforming exifinterface-1.3.6.aar (androidx.exifinterface:exifinterface:1.3.6) with JetifyTransform
Transforming exifinterface-1.3.6.aar (androidx.exifinterface:exifinterface:1.3.6) with ExtractAarTransform
Transforming exifinterface-1.3.6.aar (androidx.exifinterface:exifinterface:1.3.6) with AarTransform
Transforming core-runtime-2.2.0.aar (androidx.arch.core:core-runtime:2.2.0) with JetifyTransform
Transforming core-runtime-2.2.0.aar (androidx.arch.core:core-runtime:2.2.0) with ExtractAarTransform
Transforming core-runtime-2.2.0.aar (androidx.arch.core:core-runtime:2.2.0) with AarTransform
Transforming gifdecoder-4.16.0.aar (com.github.bumptech.glide:gifdecoder:4.16.0) with JetifyTransform
Transforming gifdecoder-4.16.0.aar (com.github.bumptech.glide:gifdecoder:4.16.0) with ExtractAarTransform
Transforming gifdecoder-4.16.0.aar (com.github.bumptech.glide:gifdecoder:4.16.0) with AarTransform
Transforming profileinstaller-1.3.1.aar (androidx.profileinstaller:profileinstaller:1.3.1) with JetifyTransform
Transforming profileinstaller-1.3.1.aar (androidx.profileinstaller:profileinstaller:1.3.1) with ExtractAarTransform
Transforming profileinstaller-1.3.1.aar (androidx.profileinstaller:profileinstaller:1.3.1) with AarTransform
Transforming startup-runtime-1.1.1.aar (androidx.startup:startup-runtime:1.1.1) with JetifyTransform
Transforming startup-runtime-1.1.1.aar (androidx.startup:startup-runtime:1.1.1) with ExtractAarTransform
Transforming startup-runtime-1.1.1.aar (androidx.startup:startup-runtime:1.1.1) with AarTransform
Transforming tracing-1.0.0.aar (androidx.tracing:tracing:1.0.0) with JetifyTransform
Transforming tracing-1.0.0.aar (androidx.tracing:tracing:1.0.0) with ExtractAarTransform
Transforming tracing-1.0.0.aar (androidx.tracing:tracing:1.0.0) with AarTransform
Transforming documentfile-1.0.0.aar (androidx.documentfile:documentfile:1.0.0) with JetifyTransform
Transforming documentfile-1.0.0.aar (androidx.documentfile:documentfile:1.0.0) with ExtractAarTransform
Transforming documentfile-1.0.0.aar (androidx.documentfile:documentfile:1.0.0) with AarTransform
Transforming print-1.0.0.aar (androidx.print:print:1.0.0) with JetifyTransform
Transforming print-1.0.0.aar (androidx.print:print:1.0.0) with ExtractAarTransform
Transforming print-1.0.0.aar (androidx.print:print:1.0.0) with AarTransform
Transforming cronet-api-72.3626.96.aar (org.chromium.net:cronet-api:72.3626.96) with JetifyTransform
Transforming cronet-api-72.3626.96.aar (org.chromium.net:cronet-api:72.3626.96) with ExtractAarTransform
Transforming cronet-api-72.3626.96.aar (org.chromium.net:cronet-api:72.3626.96) with AarTransform
Caching disabled for task ':app:mergeDebugAssets' because:
  Build cache is disabled
Skipping task ':app:mergeDebugAssets' as it is up-to-date.
Resolve mutations for :app:compressDebugAssets (Thread[Execution worker Thread 7,5,main]) started.
:app:compressDebugAssets (Thread[Execution worker Thread 7,5,main]) started.

> Task :app:compressDebugAssets UP-TO-DATE
Caching disabled for task ':app:compressDebugAssets' because:
  Build cache is disabled
Skipping task ':app:compressDebugAssets' as it is up-to-date.
Resolve mutations for :app:desugarDebugFileDependencies (Thread[Execution worker Thread 7,5,main]) started.
:app:desugarDebugFileDependencies (Thread[Execution worker Thread 7,5,main]) started.

> Task :app:desugarDebugFileDependencies UP-TO-DATE
Caching disabled for task ':app:desugarDebugFileDependencies' because:
  Build cache is disabled
Skipping task ':app:desugarDebugFileDependencies' as it is up-to-date.
Resolve mutations for :app:checkDebugDuplicateClasses (Thread[Execution worker Thread 7,5,main]) started.
:app:checkDebugDuplicateClasses (Thread[Execution worker Thread 7,5,main]) started.

> Task :app:checkDebugDuplicateClasses UP-TO-DATE
Transforming viewbinding-8.4.1.aar (androidx.databinding:viewbinding:8.4.1) with JetifyTransform
Transforming viewbinding-8.4.1.aar (androidx.databinding:viewbinding:8.4.1) with AarToClassTransform
Transforming viewbinding-8.4.1.aar (androidx.databinding:viewbinding:8.4.1) with EnumerateClassesTransform
Transforming material-1.12.0.aar (com.google.android.material:material:1.12.0) with JetifyTransform
Transforming material-1.12.0.aar (com.google.android.material:material:1.12.0) with AarToClassTransform
Transforming material-1.12.0.aar (com.google.android.material:material:1.12.0) with EnumerateClassesTransform
Transforming constraintlayout-2.1.4.aar (androidx.constraintlayout:constraintlayout:2.1.4) with JetifyTransform
Transforming constraintlayout-2.1.4.aar (androidx.constraintlayout:constraintlayout:2.1.4) with AarToClassTransform
Transforming constraintlayout-2.1.4.aar (androidx.constraintlayout:constraintlayout:2.1.4) with EnumerateClassesTransform
Transforming appcompat-resources-1.6.1.aar (androidx.appcompat:appcompat-resources:1.6.1) with JetifyTransform
Transforming appcompat-resources-1.6.1.aar (androidx.appcompat:appcompat-resources:1.6.1) with AarToClassTransform
Transforming appcompat-resources-1.6.1.aar (androidx.appcompat:appcompat-resources:1.6.1) with EnumerateClassesTransform
Transforming appcompat-1.6.1.aar (androidx.appcompat:appcompat:1.6.1) with JetifyTransform
Transforming appcompat-1.6.1.aar (androidx.appcompat:appcompat:1.6.1) with AarToClassTransform
Transforming appcompat-1.6.1.aar (androidx.appcompat:appcompat:1.6.1) with EnumerateClassesTransform
Transforming browser-1.8.0.aar (androidx.browser:browser:1.8.0) with JetifyTransform
Transforming browser-1.8.0.aar (androidx.browser:browser:1.8.0) with AarToClassTransform
Transforming browser-1.8.0.aar (androidx.browser:browser:1.8.0) with EnumerateClassesTransform
Transforming webkit-1.11.0.aar (androidx.webkit:webkit:1.11.0) with JetifyTransform
Transforming webkit-1.11.0.aar (androidx.webkit:webkit:1.11.0) with AarToClassTransform
Transforming webkit-1.11.0.aar (androidx.webkit:webkit:1.11.0) with EnumerateClassesTransform
Transforming media3-exoplayer-hls-1.3.1.aar (androidx.media3:media3-exoplayer-hls:1.3.1) with JetifyTransform
Transforming media3-exoplayer-hls-1.3.1.aar (androidx.media3:media3-exoplayer-hls:1.3.1) with AarToClassTransform
Transforming media3-exoplayer-hls-1.3.1.aar (androidx.media3:media3-exoplayer-hls:1.3.1) with EnumerateClassesTransform
Transforming media3-exoplayer-1.3.1.aar (androidx.media3:media3-exoplayer:1.3.1) with JetifyTransform
Transforming media3-exoplayer-1.3.1.aar (androidx.media3:media3-exoplayer:1.3.1) with AarToClassTransform
Transforming media3-exoplayer-1.3.1.aar (androidx.media3:media3-exoplayer:1.3.1) with EnumerateClassesTransform
Transforming media3-datasource-cronet-1.3.1.aar (androidx.media3:media3-datasource-cronet:1.3.1) with JetifyTransform
Transforming media3-datasource-cronet-1.3.1.aar (androidx.media3:media3-datasource-cronet:1.3.1) with AarToClassTransform
Transforming media3-datasource-cronet-1.3.1.aar (androidx.media3:media3-datasource-cronet:1.3.1) with EnumerateClassesTransform
Transforming media3-session-1.3.1.aar (androidx.media3:media3-session:1.3.1) with JetifyTransform
Transforming media3-session-1.3.1.aar (androidx.media3:media3-session:1.3.1) with AarToClassTransform
Transforming media3-session-1.3.1.aar (androidx.media3:media3-session:1.3.1) with EnumerateClassesTransform
Transforming media3-extractor-1.3.1.aar (androidx.media3:media3-extractor:1.3.1) with JetifyTransform
Transforming media3-extractor-1.3.1.aar (androidx.media3:media3-extractor:1.3.1) with AarToClassTransform
Transforming media3-extractor-1.3.1.aar (androidx.media3:media3-extractor:1.3.1) with EnumerateClassesTransform
Transforming media3-container-1.3.1.aar (androidx.media3:media3-container:1.3.1) with JetifyTransform
Transforming media3-container-1.3.1.aar (androidx.media3:media3-container:1.3.1) with AarToClassTransform
Transforming media3-container-1.3.1.aar (androidx.media3:media3-container:1.3.1) with EnumerateClassesTransform
Transforming media3-datasource-1.3.1.aar (androidx.media3:media3-datasource:1.3.1) with JetifyTransform
Transforming media3-datasource-1.3.1.aar (androidx.media3:media3-datasource:1.3.1) with AarToClassTransform
Transforming media3-datasource-1.3.1.aar (androidx.media3:media3-datasource:1.3.1) with EnumerateClassesTransform
Transforming media3-decoder-1.3.1.aar (androidx.media3:media3-decoder:1.3.1) with JetifyTransform
Transforming media3-decoder-1.3.1.aar (androidx.media3:media3-decoder:1.3.1) with AarToClassTransform
Transforming media3-decoder-1.3.1.aar (androidx.media3:media3-decoder:1.3.1) with EnumerateClassesTransform
Transforming media3-database-1.3.1.aar (androidx.media3:media3-database:1.3.1) with JetifyTransform
Transforming media3-database-1.3.1.aar (androidx.media3:media3-database:1.3.1) with AarToClassTransform
Transforming media3-database-1.3.1.aar (androidx.media3:media3-database:1.3.1) with EnumerateClassesTransform
Transforming media3-common-1.3.1.aar (androidx.media3:media3-common:1.3.1) with JetifyTransform
Transforming media3-common-1.3.1.aar (androidx.media3:media3-common:1.3.1) with AarToClassTransform
Transforming media3-common-1.3.1.aar (androidx.media3:media3-common:1.3.1) with EnumerateClassesTransform
Transforming media3-ui-1.3.1.aar (androidx.media3:media3-ui:1.3.1) with JetifyTransform
Transforming media3-ui-1.3.1.aar (androidx.media3:media3-ui:1.3.1) with AarToClassTransform
Transforming media3-ui-1.3.1.aar (androidx.media3:media3-ui:1.3.1) with EnumerateClassesTransform
Transforming media-1.7.0.aar (androidx.media:media:1.7.0) with JetifyTransform
Transforming media-1.7.0.aar (androidx.media:media:1.7.0) with AarToClassTransform
Transforming media-1.7.0.aar (androidx.media:media:1.7.0) with EnumerateClassesTransform
Transforming viewpager2-1.1.0-beta02.aar (androidx.viewpager2:viewpager2:1.1.0-beta02) with JetifyTransform
Transforming viewpager2-1.1.0-beta02.aar (androidx.viewpager2:viewpager2:1.1.0-beta02) with AarToClassTransform
Transforming viewpager2-1.1.0-beta02.aar (androidx.viewpager2:viewpager2:1.1.0-beta02) with EnumerateClassesTransform
Transforming recyclerview-1.3.2.aar (androidx.recyclerview:recyclerview:1.3.2) with JetifyTransform
Transforming recyclerview-1.3.2.aar (androidx.recyclerview:recyclerview:1.3.2) with AarToClassTransform
Transforming recyclerview-1.3.2.aar (androidx.recyclerview:recyclerview:1.3.2) with EnumerateClassesTransform
Transforming emoji2-views-helper-1.2.0.aar (androidx.emoji2:emoji2-views-helper:1.2.0) with JetifyTransform
Transforming emoji2-views-helper-1.2.0.aar (androidx.emoji2:emoji2-views-helper:1.2.0) with AarToClassTransform
Transforming emoji2-views-helper-1.2.0.aar (androidx.emoji2:emoji2-views-helper:1.2.0) with EnumerateClassesTransform
Transforming emoji2-1.2.0.aar (androidx.emoji2:emoji2:1.2.0) with JetifyTransform
Transforming emoji2-1.2.0.aar (androidx.emoji2:emoji2:1.2.0) with AarToClassTransform
Transforming emoji2-1.2.0.aar (androidx.emoji2:emoji2:1.2.0) with EnumerateClassesTransform
Transforming glide-4.16.0.aar (com.github.bumptech.glide:glide:4.16.0) with JetifyTransform
Transforming glide-4.16.0.aar (com.github.bumptech.glide:glide:4.16.0) with AarToClassTransform
Transforming glide-4.16.0.aar (com.github.bumptech.glide:glide:4.16.0) with EnumerateClassesTransform
Transforming play-services-cronet-18.0.1.aar (com.google.android.gms:play-services-cronet:18.0.1) with JetifyTransform
Transforming play-services-cronet-18.0.1.aar (com.google.android.gms:play-services-cronet:18.0.1) with AarToClassTransform
Transforming play-services-cronet-18.0.1.aar (com.google.android.gms:play-services-cronet:18.0.1) with EnumerateClassesTransform
Transforming play-services-base-18.0.1.aar (com.google.android.gms:play-services-base:18.0.1) with JetifyTransform
Transforming play-services-base-18.0.1.aar (com.google.android.gms:play-services-base:18.0.1) with AarToClassTransform
Transforming play-services-base-18.0.1.aar (com.google.android.gms:play-services-base:18.0.1) with EnumerateClassesTransform
Transforming play-services-tasks-18.0.1.aar (com.google.android.gms:play-services-tasks:18.0.1) with JetifyTransform
Transforming play-services-tasks-18.0.1.aar (com.google.android.gms:play-services-tasks:18.0.1) with AarToClassTransform
Transforming play-services-tasks-18.0.1.aar (com.google.android.gms:play-services-tasks:18.0.1) with EnumerateClassesTransform
Transforming play-services-basement-18.0.0.aar (com.google.android.gms:play-services-basement:18.0.0) with JetifyTransform
Transforming play-services-basement-18.0.0.aar (com.google.android.gms:play-services-basement:18.0.0) with AarToClassTransform
Transforming play-services-basement-18.0.0.aar (com.google.android.gms:play-services-basement:18.0.0) with EnumerateClassesTransform
Transforming fragment-1.3.6.aar (androidx.fragment:fragment:1.3.6) with JetifyTransform
Transforming fragment-1.3.6.aar (androidx.fragment:fragment:1.3.6) with AarToClassTransform
Transforming fragment-1.3.6.aar (androidx.fragment:fragment:1.3.6) with EnumerateClassesTransform
Transforming fragment-1.3.6.aar (androidx.fragment:fragment:1.3.6) with JetifyTransform
Transforming fragment-1.3.6.aar (androidx.fragment:fragment:1.3.6) with AarToClassTransform
Transforming fragment-1.3.6.aar (androidx.fragment:fragment:1.3.6) with EnumerateClassesTransform
Transforming activity-1.8.0.aar (androidx.activity:activity:1.8.0) with JetifyTransform
Transforming activity-1.8.0.aar (androidx.activity:activity:1.8.0) with AarToClassTransform
Transforming activity-1.8.0.aar (androidx.activity:activity:1.8.0) with EnumerateClassesTransform
Transforming drawerlayout-1.1.1.aar (androidx.drawerlayout:drawerlayout:1.1.1) with JetifyTransform
Transforming drawerlayout-1.1.1.aar (androidx.drawerlayout:drawerlayout:1.1.1) with AarToClassTransform
Transforming drawerlayout-1.1.1.aar (androidx.drawerlayout:drawerlayout:1.1.1) with EnumerateClassesTransform
Transforming coordinatorlayout-1.1.0.aar (androidx.coordinatorlayout:coordinatorlayout:1.1.0) with JetifyTransform
Transforming coordinatorlayout-1.1.0.aar (androidx.coordinatorlayout:coordinatorlayout:1.1.0) with AarToClassTransform
Transforming coordinatorlayout-1.1.0.aar (androidx.coordinatorlayout:coordinatorlayout:1.1.0) with EnumerateClassesTransform
Transforming transition-1.5.0.aar (androidx.transition:transition:1.5.0) with JetifyTransform
Transforming transition-1.5.0.aar (androidx.transition:transition:1.5.0) with AarToClassTransform
Transforming transition-1.5.0.aar (androidx.transition:transition:1.5.0) with EnumerateClassesTransform
Transforming dynamicanimation-1.0.0.aar (androidx.dynamicanimation:dynamicanimation:1.0.0) with JetifyTransform
Transforming dynamicanimation-1.0.0.aar (androidx.dynamicanimation:dynamicanimation:1.0.0) with AarToClassTransform
Transforming dynamicanimation-1.0.0.aar (androidx.dynamicanimation:dynamicanimation:1.0.0) with EnumerateClassesTransform
Transforming vectordrawable-animated-1.1.0.aar (androidx.vectordrawable:vectordrawable-animated:1.1.0) with JetifyTransform
Transforming vectordrawable-animated-1.1.0.aar (androidx.vectordrawable:vectordrawable-animated:1.1.0) with AarToClassTransform
Transforming vectordrawable-animated-1.1.0.aar (androidx.vectordrawable:vectordrawable-animated:1.1.0) with EnumerateClassesTransform
Transforming vectordrawable-1.1.0.aar (androidx.vectordrawable:vectordrawable:1.1.0) with JetifyTransform
Transforming vectordrawable-1.1.0.aar (androidx.vectordrawable:vectordrawable:1.1.0) with AarToClassTransform
Transforming vectordrawable-1.1.0.aar (androidx.vectordrawable:vectordrawable:1.1.0) with EnumerateClassesTransform
Transforming vectordrawable-1.1.0.aar (androidx.vectordrawable:vectordrawable:1.1.0) with JetifyTransform
Transforming vectordrawable-1.1.0.aar (androidx.vectordrawable:vectordrawable:1.1.0) with AarToClassTransform
Transforming vectordrawable-1.1.0.aar (androidx.vectordrawable:vectordrawable:1.1.0) with EnumerateClassesTransform
Transforming viewpager-1.0.0.aar (androidx.viewpager:viewpager:1.0.0) with JetifyTransform
Transforming viewpager-1.0.0.aar (androidx.viewpager:viewpager:1.0.0) with AarToClassTransform
Transforming viewpager-1.0.0.aar (androidx.viewpager:viewpager:1.0.0) with EnumerateClassesTransform
Transforming legacy-support-core-utils-1.0.0.aar (androidx.legacy:legacy-support-core-utils:1.0.0) with JetifyTransform
Transforming legacy-support-core-utils-1.0.0.aar (androidx.legacy:legacy-support-core-utils:1.0.0) with AarToClassTransform
Transforming legacy-support-core-utils-1.0.0.aar (androidx.legacy:legacy-support-core-utils:1.0.0) with EnumerateClassesTransform
Transforming loader-1.0.0.aar (androidx.loader:loader:1.0.0) with JetifyTransform
Transforming loader-1.0.0.aar (androidx.loader:loader:1.0.0) with AarToClassTransform
Transforming loader-1.0.0.aar (androidx.loader:loader:1.0.0) with EnumerateClassesTransform
Transforming loader-1.0.0.aar (androidx.loader:loader:1.0.0) with JetifyTransform
Transforming loader-1.0.0.aar (androidx.loader:loader:1.0.0) with AarToClassTransform
Transforming loader-1.0.0.aar (androidx.loader:loader:1.0.0) with EnumerateClassesTransform
Transforming customview-1.1.0.aar (androidx.customview:customview:1.1.0) with JetifyTransform
Transforming customview-1.1.0.aar (androidx.customview:customview:1.1.0) with AarToClassTransform
Transforming customview-1.1.0.aar (androidx.customview:customview:1.1.0) with EnumerateClassesTransform
Transforming customview-1.1.0.aar (androidx.customview:customview:1.1.0) with JetifyTransform
Transforming customview-1.1.0.aar (androidx.customview:customview:1.1.0) with AarToClassTransform
Transforming customview-1.1.0.aar (androidx.customview:customview:1.1.0) with EnumerateClassesTransform
Transforming core-1.13.1.aar (androidx.core:core:1.13.1) with JetifyTransform
Transforming core-1.13.1.aar (androidx.core:core:1.13.1) with AarToClassTransform
Transforming core-1.13.1.aar (androidx.core:core:1.13.1) with EnumerateClassesTransform
Transforming core-1.13.1.aar (androidx.core:core:1.13.1) with JetifyTransform
Transforming core-1.13.1.aar (androidx.core:core:1.13.1) with AarToClassTransform
Transforming core-1.13.1.aar (androidx.core:core:1.13.1) with EnumerateClassesTransform
Transforming customview-poolingcontainer-1.0.0.aar (androidx.customview:customview-poolingcontainer:1.0.0) with JetifyTransform
Transforming customview-poolingcontainer-1.0.0.aar (androidx.customview:customview-poolingcontainer:1.0.0) with AarToClassTransform
Transforming customview-poolingcontainer-1.0.0.aar (androidx.customview:customview-poolingcontainer:1.0.0) with EnumerateClassesTransform
Transforming savedstate-1.2.1.aar (androidx.savedstate:savedstate:1.2.1) with JetifyTransform
Transforming savedstate-1.2.1.aar (androidx.savedstate:savedstate:1.2.1) with AarToClassTransform
Transforming savedstate-1.2.1.aar (androidx.savedstate:savedstate:1.2.1) with EnumerateClassesTransform
Transforming lifecycle-common-jvm-2.8.2.jar (androidx.lifecycle:lifecycle-common-jvm:2.8.2) with JetifyTransform
Transforming lifecycle-common-jvm-2.8.2.jar (androidx.lifecycle:lifecycle-common-jvm:2.8.2) with IdentityTransform
Transforming lifecycle-common-jvm-2.8.2.jar (androidx.lifecycle:lifecycle-common-jvm:2.8.2) with EnumerateClassesTransform
Transforming lifecycle-livedata-core-ktx-2.8.2.aar (androidx.lifecycle:lifecycle-livedata-core-ktx:2.8.2) with JetifyTransform
Transforming lifecycle-livedata-core-ktx-2.8.2.aar (androidx.lifecycle:lifecycle-livedata-core-ktx:2.8.2) with AarToClassTransform
Transforming lifecycle-livedata-core-ktx-2.8.2.aar (androidx.lifecycle:lifecycle-livedata-core-ktx:2.8.2) with EnumerateClassesTransform
Transforming lifecycle-viewmodel-2.8.2.aar (androidx.lifecycle:lifecycle-viewmodel:2.8.2) with JetifyTransform
Transforming lifecycle-viewmodel-2.8.2.aar (androidx.lifecycle:lifecycle-viewmodel:2.8.2) with AarToClassTransform
Transforming lifecycle-viewmodel-2.8.2.aar (androidx.lifecycle:lifecycle-viewmodel:2.8.2) with EnumerateClassesTransform
Transforming lifecycle-viewmodel-release.aar (androidx.lifecycle:lifecycle-viewmodel-android:2.8.2) with JetifyTransform
Transforming lifecycle-viewmodel-release.aar (androidx.lifecycle:lifecycle-viewmodel-android:2.8.2) with AarToClassTransform
Transforming lifecycle-viewmodel-release.aar (androidx.lifecycle:lifecycle-viewmodel-android:2.8.2) with EnumerateClassesTransform
Transforming lifecycle-runtime-release.aar (androidx.lifecycle:lifecycle-runtime-android:2.8.2) with JetifyTransform
Transforming lifecycle-runtime-release.aar (androidx.lifecycle:lifecycle-runtime-android:2.8.2) with AarToClassTransform
Transforming lifecycle-runtime-release.aar (androidx.lifecycle:lifecycle-runtime-android:2.8.2) with EnumerateClassesTransform
Transforming lifecycle-livedata-2.8.2.aar (androidx.lifecycle:lifecycle-livedata:2.8.2) with JetifyTransform
Transforming lifecycle-livedata-2.8.2.aar (androidx.lifecycle:lifecycle-livedata:2.8.2) with AarToClassTransform
Transforming lifecycle-livedata-2.8.2.aar (androidx.lifecycle:lifecycle-livedata:2.8.2) with EnumerateClassesTransform
Transforming lifecycle-process-2.8.2.aar (androidx.lifecycle:lifecycle-process:2.8.2) with JetifyTransform
Transforming lifecycle-process-2.8.2.aar (androidx.lifecycle:lifecycle-process:2.8.2) with AarToClassTransform
Transforming lifecycle-process-2.8.2.aar (androidx.lifecycle:lifecycle-process:2.8.2) with EnumerateClassesTransform
Transforming lifecycle-livedata-core-2.8.2.aar (androidx.lifecycle:lifecycle-livedata-core:2.8.2) with JetifyTransform
Transforming lifecycle-livedata-core-2.8.2.aar (androidx.lifecycle:lifecycle-livedata-core:2.8.2) with AarToClassTransform
Transforming lifecycle-livedata-core-2.8.2.aar (androidx.lifecycle:lifecycle-livedata-core:2.8.2) with EnumerateClassesTransform
Transforming lifecycle-runtime-ktx-release.aar (androidx.lifecycle:lifecycle-runtime-ktx-android:2.8.2) with JetifyTransform
Transforming lifecycle-runtime-ktx-release.aar (androidx.lifecycle:lifecycle-runtime-ktx-android:2.8.2) with AarToClassTransform
Transforming lifecycle-runtime-ktx-release.aar (androidx.lifecycle:lifecycle-runtime-ktx-android:2.8.2) with EnumerateClassesTransform
Transforming lifecycle-viewmodel-savedstate-2.8.2.aar (androidx.lifecycle:lifecycle-viewmodel-savedstate:2.8.2) with JetifyTransform
Transforming lifecycle-viewmodel-savedstate-2.8.2.aar (androidx.lifecycle:lifecycle-viewmodel-savedstate:2.8.2) with AarToClassTransform
Transforming lifecycle-viewmodel-savedstate-2.8.2.aar (androidx.lifecycle:lifecycle-viewmodel-savedstate:2.8.2) with EnumerateClassesTransform
Transforming core-ktx-1.13.1.aar (androidx.core:core-ktx:1.13.1) with JetifyTransform
Transforming core-ktx-1.13.1.aar (androidx.core:core-ktx:1.13.1) with AarToClassTransform
Transforming core-ktx-1.13.1.aar (androidx.core:core-ktx:1.13.1) with EnumerateClassesTransform
Transforming room-common-2.6.1.jar (androidx.room:room-common:2.6.1) with JetifyTransform
Transforming room-common-2.6.1.jar (androidx.room:room-common:2.6.1) with IdentityTransform
Transforming room-common-2.6.1.jar (androidx.room:room-common:2.6.1) with EnumerateClassesTransform
Transforming room-runtime-2.6.1.aar (androidx.room:room-runtime:2.6.1) with JetifyTransform
Transforming room-runtime-2.6.1.aar (androidx.room:room-runtime:2.6.1) with AarToClassTransform
Transforming room-runtime-2.6.1.aar (androidx.room:room-runtime:2.6.1) with EnumerateClassesTransform
Transforming room-ktx-2.6.1.aar (androidx.room:room-ktx:2.6.1) with JetifyTransform
Transforming room-ktx-2.6.1.aar (androidx.room:room-ktx:2.6.1) with AarToClassTransform
Transforming room-ktx-2.6.1.aar (androidx.room:room-ktx:2.6.1) with EnumerateClassesTransform
Transforming annotation-experimental-1.4.0.aar (androidx.annotation:annotation-experimental:1.4.0) with JetifyTransform
Transforming annotation-experimental-1.4.0.aar (androidx.annotation:annotation-experimental:1.4.0) with AarToClassTransform
Transforming annotation-experimental-1.4.0.aar (androidx.annotation:annotation-experimental:1.4.0) with EnumerateClassesTransform
Transforming sqlite-framework-2.4.0.aar (androidx.sqlite:sqlite-framework:2.4.0) with JetifyTransform
Transforming sqlite-framework-2.4.0.aar (androidx.sqlite:sqlite-framework:2.4.0) with AarToClassTransform
Transforming sqlite-framework-2.4.0.aar (androidx.sqlite:sqlite-framework:2.4.0) with EnumerateClassesTransform
Transforming sqlite-2.4.0.aar (androidx.sqlite:sqlite:2.4.0) with JetifyTransform
Transforming sqlite-2.4.0.aar (androidx.sqlite:sqlite:2.4.0) with AarToClassTransform
Transforming sqlite-2.4.0.aar (androidx.sqlite:sqlite:2.4.0) with EnumerateClassesTransform
Transforming kotlinx-coroutines-core-jvm-1.7.3.jar (org.jetbrains.kotlinx:kotlinx-coroutines-core-jvm:1.7.3) with JetifyTransform
Transforming kotlinx-coroutines-core-jvm-1.7.3.jar (org.jetbrains.kotlinx:kotlinx-coroutines-core-jvm:1.7.3) with IdentityTransform
Transforming kotlinx-coroutines-core-jvm-1.7.3.jar (org.jetbrains.kotlinx:kotlinx-coroutines-core-jvm:1.7.3) with EnumerateClassesTransform
Transforming kotlinx-coroutines-android-1.7.3.jar (org.jetbrains.kotlinx:kotlinx-coroutines-android:1.7.3) with JetifyTransform
Transforming kotlinx-coroutines-android-1.7.3.jar (org.jetbrains.kotlinx:kotlinx-coroutines-android:1.7.3) with IdentityTransform
Transforming kotlinx-coroutines-android-1.7.3.jar (org.jetbrains.kotlinx:kotlinx-coroutines-android:1.7.3) with EnumerateClassesTransform
Transforming kotlin-stdlib-jdk8-1.8.22.jar (org.jetbrains.kotlin:kotlin-stdlib-jdk8:1.8.22) with JetifyTransform
Transforming kotlin-stdlib-jdk8-1.8.22.jar (org.jetbrains.kotlin:kotlin-stdlib-jdk8:1.8.22) with IdentityTransform
Transforming kotlin-stdlib-jdk8-1.8.22.jar (org.jetbrains.kotlin:kotlin-stdlib-jdk8:1.8.22) with EnumerateClassesTransform
Transforming localbroadcastmanager-1.1.0.aar (androidx.localbroadcastmanager:localbroadcastmanager:1.1.0) with JetifyTransform
Transforming localbroadcastmanager-1.1.0.aar (androidx.localbroadcastmanager:localbroadcastmanager:1.1.0) with AarToClassTransform
Transforming localbroadcastmanager-1.1.0.aar (androidx.localbroadcastmanager:localbroadcastmanager:1.1.0) with EnumerateClassesTransform
Transforming localbroadcastmanager-1.1.0.aar (androidx.localbroadcastmanager:localbroadcastmanager:1.1.0) with JetifyTransform
Transforming localbroadcastmanager-1.1.0.aar (androidx.localbroadcastmanager:localbroadcastmanager:1.1.0) with AarToClassTransform
Transforming localbroadcastmanager-1.1.0.aar (androidx.localbroadcastmanager:localbroadcastmanager:1.1.0) with EnumerateClassesTransform
Transforming interpolator-1.0.0.aar (androidx.interpolator:interpolator:1.0.0) with JetifyTransform
Transforming interpolator-1.0.0.aar (androidx.interpolator:interpolator:1.0.0) with AarToClassTransform
Transforming interpolator-1.0.0.aar (androidx.interpolator:interpolator:1.0.0) with EnumerateClassesTransform
Transforming interpolator-1.0.0.aar (androidx.interpolator:interpolator:1.0.0) with JetifyTransform
Transforming interpolator-1.0.0.aar (androidx.interpolator:interpolator:1.0.0) with AarToClassTransform
Transforming interpolator-1.0.0.aar (androidx.interpolator:interpolator:1.0.0) with EnumerateClassesTransform
Transforming cursoradapter-1.0.0.aar (androidx.cursoradapter:cursoradapter:1.0.0) with JetifyTransform
Transforming cursoradapter-1.0.0.aar (androidx.cursoradapter:cursoradapter:1.0.0) with AarToClassTransform
Transforming cursoradapter-1.0.0.aar (androidx.cursoradapter:cursoradapter:1.0.0) with EnumerateClassesTransform
Transforming resourceinspection-annotation-1.0.1.jar (androidx.resourceinspection:resourceinspection-annotation:1.0.1) with JetifyTransform
Transforming resourceinspection-annotation-1.0.1.jar (androidx.resourceinspection:resourceinspection-annotation:1.0.1) with IdentityTransform
Transforming resourceinspection-annotation-1.0.1.jar (androidx.resourceinspection:resourceinspection-annotation:1.0.1) with EnumerateClassesTransform
Transforming cardview-1.0.0.aar (androidx.cardview:cardview:1.0.0) with JetifyTransform
Transforming cardview-1.0.0.aar (androidx.cardview:cardview:1.0.0) with AarToClassTransform
Transforming cardview-1.0.0.aar (androidx.cardview:cardview:1.0.0) with EnumerateClassesTransform
Transforming versionedparcelable-1.1.1.aar (androidx.versionedparcelable:versionedparcelable:1.1.1) with JetifyTransform
Transforming versionedparcelable-1.1.1.aar (androidx.versionedparcelable:versionedparcelable:1.1.1) with AarToClassTransform
Transforming versionedparcelable-1.1.1.aar (androidx.versionedparcelable:versionedparcelable:1.1.1) with EnumerateClassesTransform
Transforming collection-1.2.0.jar (androidx.collection:collection:1.2.0) with JetifyTransform
Transforming collection-1.2.0.jar (androidx.collection:collection:1.2.0) with IdentityTransform
Transforming collection-1.2.0.jar (androidx.collection:collection:1.2.0) with EnumerateClassesTransform
Transforming exifinterface-1.3.6.aar (androidx.exifinterface:exifinterface:1.3.6) with JetifyTransform
Transforming exifinterface-1.3.6.aar (androidx.exifinterface:exifinterface:1.3.6) with AarToClassTransform
Transforming exifinterface-1.3.6.aar (androidx.exifinterface:exifinterface:1.3.6) with EnumerateClassesTransform
Transforming core-runtime-2.2.0.aar (androidx.arch.core:core-runtime:2.2.0) with JetifyTransform
Transforming core-runtime-2.2.0.aar (androidx.arch.core:core-runtime:2.2.0) with AarToClassTransform
Transforming core-runtime-2.2.0.aar (androidx.arch.core:core-runtime:2.2.0) with EnumerateClassesTransform
Transforming gifdecoder-4.16.0.aar (com.github.bumptech.glide:gifdecoder:4.16.0) with JetifyTransform
Transforming gifdecoder-4.16.0.aar (com.github.bumptech.glide:gifdecoder:4.16.0) with AarToClassTransform
Transforming gifdecoder-4.16.0.aar (com.github.bumptech.glide:gifdecoder:4.16.0) with EnumerateClassesTransform
Transforming profileinstaller-1.3.1.aar (androidx.profileinstaller:profileinstaller:1.3.1) with JetifyTransform
Transforming profileinstaller-1.3.1.aar (androidx.profileinstaller:profileinstaller:1.3.1) with AarToClassTransform
Transforming profileinstaller-1.3.1.aar (androidx.profileinstaller:profileinstaller:1.3.1) with EnumerateClassesTransform
Transforming startup-runtime-1.1.1.aar (androidx.startup:startup-runtime:1.1.1) with JetifyTransform
Transforming startup-runtime-1.1.1.aar (androidx.startup:startup-runtime:1.1.1) with AarToClassTransform
Transforming startup-runtime-1.1.1.aar (androidx.startup:startup-runtime:1.1.1) with EnumerateClassesTransform
Transforming tracing-1.0.0.aar (androidx.tracing:tracing:1.0.0) with JetifyTransform
Transforming tracing-1.0.0.aar (androidx.tracing:tracing:1.0.0) with AarToClassTransform
Transforming tracing-1.0.0.aar (androidx.tracing:tracing:1.0.0) with EnumerateClassesTransform
Transforming core-common-2.2.0.jar (androidx.arch.core:core-common:2.2.0) with JetifyTransform
Transforming core-common-2.2.0.jar (androidx.arch.core:core-common:2.2.0) with IdentityTransform
Transforming core-common-2.2.0.jar (androidx.arch.core:core-common:2.2.0) with EnumerateClassesTransform
Transforming documentfile-1.0.0.aar (androidx.documentfile:documentfile:1.0.0) with JetifyTransform
Transforming documentfile-1.0.0.aar (androidx.documentfile:documentfile:1.0.0) with AarToClassTransform
Transforming documentfile-1.0.0.aar (androidx.documentfile:documentfile:1.0.0) with EnumerateClassesTransform
Transforming print-1.0.0.aar (androidx.print:print:1.0.0) with JetifyTransform
Transforming print-1.0.0.aar (androidx.print:print:1.0.0) with AarToClassTransform
Transforming print-1.0.0.aar (androidx.print:print:1.0.0) with EnumerateClassesTransform
Transforming annotation-jvm-1.8.0.jar (androidx.annotation:annotation-jvm:1.8.0) with JetifyTransform
Transforming annotation-jvm-1.8.0.jar (androidx.annotation:annotation-jvm:1.8.0) with IdentityTransform
Transforming annotation-jvm-1.8.0.jar (androidx.annotation:annotation-jvm:1.8.0) with EnumerateClassesTransform
Transforming kotlin-stdlib-jdk7-1.8.22.jar (org.jetbrains.kotlin:kotlin-stdlib-jdk7:1.8.22) with JetifyTransform
Transforming kotlin-stdlib-jdk7-1.8.22.jar (org.jetbrains.kotlin:kotlin-stdlib-jdk7:1.8.22) with IdentityTransform
Transforming kotlin-stdlib-jdk7-1.8.22.jar (org.jetbrains.kotlin:kotlin-stdlib-jdk7:1.8.22) with EnumerateClassesTransform
Transforming kotlin-stdlib-1.9.23.jar (org.jetbrains.kotlin:kotlin-stdlib:1.9.23) with JetifyTransform
Transforming kotlin-stdlib-1.9.23.jar (org.jetbrains.kotlin:kotlin-stdlib:1.9.23) with IdentityTransform
Transforming kotlin-stdlib-1.9.23.jar (org.jetbrains.kotlin:kotlin-stdlib:1.9.23) with EnumerateClassesTransform
Transforming gson-2.10.1.jar (com.google.code.gson:gson:2.10.1) with JetifyTransform
Transforming gson-2.10.1.jar (com.google.code.gson:gson:2.10.1) with IdentityTransform
Transforming gson-2.10.1.jar (com.google.code.gson:gson:2.10.1) with EnumerateClassesTransform
Transforming annotations-23.0.0.jar (org.jetbrains:annotations:23.0.0) with JetifyTransform
Transforming annotations-23.0.0.jar (org.jetbrains:annotations:23.0.0) with IdentityTransform
Transforming annotations-23.0.0.jar (org.jetbrains:annotations:23.0.0) with EnumerateClassesTransform
Transforming guava-32.1.3-android.jar (com.google.guava:guava:32.1.3-android) with JetifyTransform
Transforming guava-32.1.3-android.jar (com.google.guava:guava:32.1.3-android) with IdentityTransform
Transforming guava-32.1.3-android.jar (com.google.guava:guava:32.1.3-android) with EnumerateClassesTransform
Transforming listenablefuture-9999.0-empty-to-avoid-conflict-with-guava.jar (com.google.guava:listenablefuture:9999.0-empty-to-avoid-conflict-with-guava) with JetifyTransform
Transforming listenablefuture-9999.0-empty-to-avoid-conflict-with-guava.jar (com.google.guava:listenablefuture:9999.0-empty-to-avoid-conflict-with-guava) with IdentityTransform
Transforming listenablefuture-9999.0-empty-to-avoid-conflict-with-guava.jar (com.google.guava:listenablefuture:9999.0-empty-to-avoid-conflict-with-guava) with EnumerateClassesTransform
Transforming disklrucache-4.16.0.jar (com.github.bumptech.glide:disklrucache:4.16.0) with JetifyTransform
Transforming disklrucache-4.16.0.jar (com.github.bumptech.glide:disklrucache:4.16.0) with IdentityTransform
Transforming disklrucache-4.16.0.jar (com.github.bumptech.glide:disklrucache:4.16.0) with EnumerateClassesTransform
Transforming annotations-4.16.0.jar (com.github.bumptech.glide:annotations:4.16.0) with JetifyTransform
Transforming annotations-4.16.0.jar (com.github.bumptech.glide:annotations:4.16.0) with IdentityTransform
Transforming annotations-4.16.0.jar (com.github.bumptech.glide:annotations:4.16.0) with EnumerateClassesTransform
Transforming cronet-api-72.3626.96.aar (org.chromium.net:cronet-api:72.3626.96) with JetifyTransform
Transforming cronet-api-72.3626.96.aar (org.chromium.net:cronet-api:72.3626.96) with AarToClassTransform
Transforming cronet-api-72.3626.96.aar (org.chromium.net:cronet-api:72.3626.96) with EnumerateClassesTransform
Transforming failureaccess-1.0.1.jar (com.google.guava:failureaccess:1.0.1) with JetifyTransform
Transforming failureaccess-1.0.1.jar (com.google.guava:failureaccess:1.0.1) with IdentityTransform
Transforming failureaccess-1.0.1.jar (com.google.guava:failureaccess:1.0.1) with EnumerateClassesTransform
Transforming constraintlayout-core-1.0.4.jar (androidx.constraintlayout:constraintlayout-core:1.0.4) with JetifyTransform
Transforming constraintlayout-core-1.0.4.jar (androidx.constraintlayout:constraintlayout-core:1.0.4) with IdentityTransform
Transforming constraintlayout-core-1.0.4.jar (androidx.constraintlayout:constraintlayout-core:1.0.4) with EnumerateClassesTransform
Transforming concurrent-futures-1.1.0.jar (androidx.concurrent:concurrent-futures:1.1.0) with JetifyTransform
Transforming concurrent-futures-1.1.0.jar (androidx.concurrent:concurrent-futures:1.1.0) with IdentityTransform
Transforming concurrent-futures-1.1.0.jar (androidx.concurrent:concurrent-futures:1.1.0) with EnumerateClassesTransform
Transforming error_prone_annotations-2.15.0.jar (com.google.errorprone:error_prone_annotations:2.15.0) with JetifyTransform
Transforming error_prone_annotations-2.15.0.jar (com.google.errorprone:error_prone_annotations:2.15.0) with IdentityTransform
Transforming error_prone_annotations-2.15.0.jar (com.google.errorprone:error_prone_annotations:2.15.0) with EnumerateClassesTransform
Caching disabled for task ':app:checkDebugDuplicateClasses' because:
  Build cache is disabled
Skipping task ':app:checkDebugDuplicateClasses' as it is up-to-date.
Resolve mutations for :app:mergeDebugStartupProfile (Thread[Execution worker Thread 7,5,main]) started.
:app:mergeDebugStartupProfile (Thread[Execution worker Thread 7,5,main]) started.

> Task :app:mergeDebugStartupProfile UP-TO-DATE
Caching disabled for task ':app:mergeDebugStartupProfile' because:
  Build cache is disabled
Skipping task ':app:mergeDebugStartupProfile' as it is up-to-date.
Resolve mutations for :app:mergeExtDexDebug (Thread[Execution worker Thread 7,5,main]) started.
:app:mergeExtDexDebug (Thread[Execution worker Thread 7,5,main]) started.

> Task :app:mergeExtDexDebug UP-TO-DATE
Transforming viewbinding-8.4.1.aar (androidx.databinding:viewbinding:8.4.1) with JetifyTransform
Transforming viewbinding-8.4.1.aar (androidx.databinding:viewbinding:8.4.1) with AarToClassTransform
Transforming viewbinding-8.4.1.aar (androidx.databinding:viewbinding:8.4.1) with IdentityTransform
Transforming viewbinding-8.4.1.aar (androidx.databinding:viewbinding:8.4.1) with DexingNoClasspathTransform
Transforming viewbinding-8.4.1.aar (androidx.databinding:viewbinding:8.4.1) with DexingOutputSplitTransform
Transforming material-1.12.0.aar (com.google.android.material:material:1.12.0) with JetifyTransform
Transforming material-1.12.0.aar (com.google.android.material:material:1.12.0) with AarToClassTransform
Transforming material-1.12.0.aar (com.google.android.material:material:1.12.0) with IdentityTransform
Transforming material-1.12.0.aar (com.google.android.material:material:1.12.0) with DexingNoClasspathTransform
Transforming material-1.12.0.aar (com.google.android.material:material:1.12.0) with DexingOutputSplitTransform
Transforming constraintlayout-2.1.4.aar (androidx.constraintlayout:constraintlayout:2.1.4) with JetifyTransform
Transforming constraintlayout-2.1.4.aar (androidx.constraintlayout:constraintlayout:2.1.4) with AarToClassTransform
Transforming constraintlayout-2.1.4.aar (androidx.constraintlayout:constraintlayout:2.1.4) with IdentityTransform
Transforming constraintlayout-2.1.4.aar (androidx.constraintlayout:constraintlayout:2.1.4) with DexingNoClasspathTransform
Transforming constraintlayout-2.1.4.aar (androidx.constraintlayout:constraintlayout:2.1.4) with DexingOutputSplitTransform
Transforming appcompat-resources-1.6.1.aar (androidx.appcompat:appcompat-resources:1.6.1) with JetifyTransform
Transforming appcompat-resources-1.6.1.aar (androidx.appcompat:appcompat-resources:1.6.1) with AarToClassTransform
Transforming appcompat-resources-1.6.1.aar (androidx.appcompat:appcompat-resources:1.6.1) with IdentityTransform
Transforming appcompat-resources-1.6.1.aar (androidx.appcompat:appcompat-resources:1.6.1) with DexingNoClasspathTransform
Transforming appcompat-resources-1.6.1.aar (androidx.appcompat:appcompat-resources:1.6.1) with DexingOutputSplitTransform
Transforming appcompat-1.6.1.aar (androidx.appcompat:appcompat:1.6.1) with JetifyTransform
Transforming appcompat-1.6.1.aar (androidx.appcompat:appcompat:1.6.1) with AarToClassTransform
Transforming appcompat-1.6.1.aar (androidx.appcompat:appcompat:1.6.1) with IdentityTransform
Transforming appcompat-1.6.1.aar (androidx.appcompat:appcompat:1.6.1) with DexingNoClasspathTransform
Transforming appcompat-1.6.1.aar (androidx.appcompat:appcompat:1.6.1) with DexingOutputSplitTransform
Transforming browser-1.8.0.aar (androidx.browser:browser:1.8.0) with JetifyTransform
Transforming browser-1.8.0.aar (androidx.browser:browser:1.8.0) with AarToClassTransform
Transforming browser-1.8.0.aar (androidx.browser:browser:1.8.0) with IdentityTransform
Transforming browser-1.8.0.aar (androidx.browser:browser:1.8.0) with DexingNoClasspathTransform
Transforming browser-1.8.0.aar (androidx.browser:browser:1.8.0) with DexingOutputSplitTransform
Transforming webkit-1.11.0.aar (androidx.webkit:webkit:1.11.0) with JetifyTransform
Transforming webkit-1.11.0.aar (androidx.webkit:webkit:1.11.0) with AarToClassTransform
Transforming webkit-1.11.0.aar (androidx.webkit:webkit:1.11.0) with IdentityTransform
Transforming webkit-1.11.0.aar (androidx.webkit:webkit:1.11.0) with DexingNoClasspathTransform
Transforming webkit-1.11.0.aar (androidx.webkit:webkit:1.11.0) with DexingOutputSplitTransform
Transforming media3-exoplayer-hls-1.3.1.aar (androidx.media3:media3-exoplayer-hls:1.3.1) with JetifyTransform
Transforming media3-exoplayer-hls-1.3.1.aar (androidx.media3:media3-exoplayer-hls:1.3.1) with AarToClassTransform
Transforming media3-exoplayer-hls-1.3.1.aar (androidx.media3:media3-exoplayer-hls:1.3.1) with IdentityTransform
Transforming media3-exoplayer-hls-1.3.1.aar (androidx.media3:media3-exoplayer-hls:1.3.1) with DexingNoClasspathTransform
Transforming media3-exoplayer-hls-1.3.1.aar (androidx.media3:media3-exoplayer-hls:1.3.1) with DexingOutputSplitTransform
Transforming media3-exoplayer-1.3.1.aar (androidx.media3:media3-exoplayer:1.3.1) with JetifyTransform
Transforming media3-exoplayer-1.3.1.aar (androidx.media3:media3-exoplayer:1.3.1) with AarToClassTransform
Transforming media3-exoplayer-1.3.1.aar (androidx.media3:media3-exoplayer:1.3.1) with IdentityTransform
Transforming media3-exoplayer-1.3.1.aar (androidx.media3:media3-exoplayer:1.3.1) with DexingNoClasspathTransform
Transforming media3-exoplayer-1.3.1.aar (androidx.media3:media3-exoplayer:1.3.1) with DexingOutputSplitTransform
Transforming media3-datasource-cronet-1.3.1.aar (androidx.media3:media3-datasource-cronet:1.3.1) with JetifyTransform
Transforming media3-datasource-cronet-1.3.1.aar (androidx.media3:media3-datasource-cronet:1.3.1) with AarToClassTransform
Transforming media3-datasource-cronet-1.3.1.aar (androidx.media3:media3-datasource-cronet:1.3.1) with IdentityTransform
Transforming media3-datasource-cronet-1.3.1.aar (androidx.media3:media3-datasource-cronet:1.3.1) with DexingNoClasspathTransform
Transforming media3-datasource-cronet-1.3.1.aar (androidx.media3:media3-datasource-cronet:1.3.1) with DexingOutputSplitTransform
Transforming media3-session-1.3.1.aar (androidx.media3:media3-session:1.3.1) with JetifyTransform
Transforming media3-session-1.3.1.aar (androidx.media3:media3-session:1.3.1) with AarToClassTransform
Transforming media3-session-1.3.1.aar (androidx.media3:media3-session:1.3.1) with IdentityTransform
Transforming media3-session-1.3.1.aar (androidx.media3:media3-session:1.3.1) with DexingNoClasspathTransform
Transforming media3-session-1.3.1.aar (androidx.media3:media3-session:1.3.1) with DexingOutputSplitTransform
Transforming media3-extractor-1.3.1.aar (androidx.media3:media3-extractor:1.3.1) with JetifyTransform
Transforming media3-extractor-1.3.1.aar (androidx.media3:media3-extractor:1.3.1) with AarToClassTransform
Transforming media3-extractor-1.3.1.aar (androidx.media3:media3-extractor:1.3.1) with IdentityTransform
Transforming media3-extractor-1.3.1.aar (androidx.media3:media3-extractor:1.3.1) with DexingNoClasspathTransform
Transforming media3-extractor-1.3.1.aar (androidx.media3:media3-extractor:1.3.1) with DexingOutputSplitTransform
Transforming media3-container-1.3.1.aar (androidx.media3:media3-container:1.3.1) with JetifyTransform
Transforming media3-container-1.3.1.aar (androidx.media3:media3-container:1.3.1) with AarToClassTransform
Transforming media3-container-1.3.1.aar (androidx.media3:media3-container:1.3.1) with IdentityTransform
Transforming media3-container-1.3.1.aar (androidx.media3:media3-container:1.3.1) with DexingNoClasspathTransform
Transforming media3-container-1.3.1.aar (androidx.media3:media3-container:1.3.1) with DexingOutputSplitTransform
Transforming media3-datasource-1.3.1.aar (androidx.media3:media3-datasource:1.3.1) with JetifyTransform
Transforming media3-datasource-1.3.1.aar (androidx.media3:media3-datasource:1.3.1) with AarToClassTransform
Transforming media3-datasource-1.3.1.aar (androidx.media3:media3-datasource:1.3.1) with IdentityTransform
Transforming media3-datasource-1.3.1.aar (androidx.media3:media3-datasource:1.3.1) with DexingNoClasspathTransform
Transforming media3-datasource-1.3.1.aar (androidx.media3:media3-datasource:1.3.1) with DexingOutputSplitTransform
Transforming media3-decoder-1.3.1.aar (androidx.media3:media3-decoder:1.3.1) with JetifyTransform
Transforming media3-decoder-1.3.1.aar (androidx.media3:media3-decoder:1.3.1) with AarToClassTransform
Transforming media3-decoder-1.3.1.aar (androidx.media3:media3-decoder:1.3.1) with IdentityTransform
Transforming media3-decoder-1.3.1.aar (androidx.media3:media3-decoder:1.3.1) with DexingNoClasspathTransform
Transforming media3-decoder-1.3.1.aar (androidx.media3:media3-decoder:1.3.1) with DexingOutputSplitTransform
Transforming media3-database-1.3.1.aar (androidx.media3:media3-database:1.3.1) with JetifyTransform
Transforming media3-database-1.3.1.aar (androidx.media3:media3-database:1.3.1) with AarToClassTransform
Transforming media3-database-1.3.1.aar (androidx.media3:media3-database:1.3.1) with IdentityTransform
Transforming media3-database-1.3.1.aar (androidx.media3:media3-database:1.3.1) with DexingNoClasspathTransform
Transforming media3-database-1.3.1.aar (androidx.media3:media3-database:1.3.1) with DexingOutputSplitTransform
Transforming media3-common-1.3.1.aar (androidx.media3:media3-common:1.3.1) with JetifyTransform
Transforming media3-common-1.3.1.aar (androidx.media3:media3-common:1.3.1) with AarToClassTransform
Transforming media3-common-1.3.1.aar (androidx.media3:media3-common:1.3.1) with IdentityTransform
Transforming media3-common-1.3.1.aar (androidx.media3:media3-common:1.3.1) with DexingNoClasspathTransform
Transforming media3-common-1.3.1.aar (androidx.media3:media3-common:1.3.1) with DexingOutputSplitTransform
Transforming media3-ui-1.3.1.aar (androidx.media3:media3-ui:1.3.1) with JetifyTransform
Transforming media3-ui-1.3.1.aar (androidx.media3:media3-ui:1.3.1) with AarToClassTransform
Transforming media3-ui-1.3.1.aar (androidx.media3:media3-ui:1.3.1) with IdentityTransform
Transforming media3-ui-1.3.1.aar (androidx.media3:media3-ui:1.3.1) with DexingNoClasspathTransform
Transforming media3-ui-1.3.1.aar (androidx.media3:media3-ui:1.3.1) with DexingOutputSplitTransform
Transforming media-1.7.0.aar (androidx.media:media:1.7.0) with JetifyTransform
Transforming media-1.7.0.aar (androidx.media:media:1.7.0) with AarToClassTransform
Transforming media-1.7.0.aar (androidx.media:media:1.7.0) with IdentityTransform
Transforming media-1.7.0.aar (androidx.media:media:1.7.0) with DexingNoClasspathTransform
Transforming media-1.7.0.aar (androidx.media:media:1.7.0) with DexingOutputSplitTransform
Transforming viewpager2-1.1.0-beta02.aar (androidx.viewpager2:viewpager2:1.1.0-beta02) with JetifyTransform
Transforming viewpager2-1.1.0-beta02.aar (androidx.viewpager2:viewpager2:1.1.0-beta02) with AarToClassTransform
Transforming viewpager2-1.1.0-beta02.aar (androidx.viewpager2:viewpager2:1.1.0-beta02) with IdentityTransform
Transforming viewpager2-1.1.0-beta02.aar (androidx.viewpager2:viewpager2:1.1.0-beta02) with DexingNoClasspathTransform
Transforming viewpager2-1.1.0-beta02.aar (androidx.viewpager2:viewpager2:1.1.0-beta02) with DexingOutputSplitTransform
Transforming recyclerview-1.3.2.aar (androidx.recyclerview:recyclerview:1.3.2) with JetifyTransform
Transforming recyclerview-1.3.2.aar (androidx.recyclerview:recyclerview:1.3.2) with AarToClassTransform
Transforming recyclerview-1.3.2.aar (androidx.recyclerview:recyclerview:1.3.2) with IdentityTransform
Transforming recyclerview-1.3.2.aar (androidx.recyclerview:recyclerview:1.3.2) with DexingNoClasspathTransform
Transforming recyclerview-1.3.2.aar (androidx.recyclerview:recyclerview:1.3.2) with DexingOutputSplitTransform
Transforming emoji2-views-helper-1.2.0.aar (androidx.emoji2:emoji2-views-helper:1.2.0) with JetifyTransform
Transforming emoji2-views-helper-1.2.0.aar (androidx.emoji2:emoji2-views-helper:1.2.0) with AarToClassTransform
Transforming emoji2-views-helper-1.2.0.aar (androidx.emoji2:emoji2-views-helper:1.2.0) with IdentityTransform
Transforming emoji2-views-helper-1.2.0.aar (androidx.emoji2:emoji2-views-helper:1.2.0) with DexingNoClasspathTransform
Transforming emoji2-views-helper-1.2.0.aar (androidx.emoji2:emoji2-views-helper:1.2.0) with DexingOutputSplitTransform
Transforming emoji2-1.2.0.aar (androidx.emoji2:emoji2:1.2.0) with JetifyTransform
Transforming emoji2-1.2.0.aar (androidx.emoji2:emoji2:1.2.0) with AarToClassTransform
Transforming emoji2-1.2.0.aar (androidx.emoji2:emoji2:1.2.0) with IdentityTransform
Transforming emoji2-1.2.0.aar (androidx.emoji2:emoji2:1.2.0) with DexingNoClasspathTransform
Transforming emoji2-1.2.0.aar (androidx.emoji2:emoji2:1.2.0) with DexingOutputSplitTransform
Transforming glide-4.16.0.aar (com.github.bumptech.glide:glide:4.16.0) with JetifyTransform
Transforming glide-4.16.0.aar (com.github.bumptech.glide:glide:4.16.0) with AarToClassTransform
Transforming glide-4.16.0.aar (com.github.bumptech.glide:glide:4.16.0) with IdentityTransform
Transforming glide-4.16.0.aar (com.github.bumptech.glide:glide:4.16.0) with DexingNoClasspathTransform
Transforming glide-4.16.0.aar (com.github.bumptech.glide:glide:4.16.0) with DexingOutputSplitTransform
Transforming play-services-cronet-18.0.1.aar (com.google.android.gms:play-services-cronet:18.0.1) with JetifyTransform
Transforming play-services-cronet-18.0.1.aar (com.google.android.gms:play-services-cronet:18.0.1) with AarToClassTransform
Transforming play-services-cronet-18.0.1.aar (com.google.android.gms:play-services-cronet:18.0.1) with IdentityTransform
Transforming play-services-cronet-18.0.1.aar (com.google.android.gms:play-services-cronet:18.0.1) with DexingNoClasspathTransform
Transforming play-services-cronet-18.0.1.aar (com.google.android.gms:play-services-cronet:18.0.1) with DexingOutputSplitTransform
Transforming play-services-base-18.0.1.aar (com.google.android.gms:play-services-base:18.0.1) with JetifyTransform
Transforming play-services-base-18.0.1.aar (com.google.android.gms:play-services-base:18.0.1) with AarToClassTransform
Transforming play-services-base-18.0.1.aar (com.google.android.gms:play-services-base:18.0.1) with IdentityTransform
Transforming play-services-base-18.0.1.aar (com.google.android.gms:play-services-base:18.0.1) with DexingNoClasspathTransform
Transforming play-services-base-18.0.1.aar (com.google.android.gms:play-services-base:18.0.1) with DexingOutputSplitTransform
Transforming play-services-tasks-18.0.1.aar (com.google.android.gms:play-services-tasks:18.0.1) with JetifyTransform
Transforming play-services-tasks-18.0.1.aar (com.google.android.gms:play-services-tasks:18.0.1) with AarToClassTransform
Transforming play-services-tasks-18.0.1.aar (com.google.android.gms:play-services-tasks:18.0.1) with IdentityTransform
Transforming play-services-tasks-18.0.1.aar (com.google.android.gms:play-services-tasks:18.0.1) with DexingNoClasspathTransform
Transforming play-services-tasks-18.0.1.aar (com.google.android.gms:play-services-tasks:18.0.1) with DexingOutputSplitTransform
Transforming play-services-basement-18.0.0.aar (com.google.android.gms:play-services-basement:18.0.0) with JetifyTransform
Transforming play-services-basement-18.0.0.aar (com.google.android.gms:play-services-basement:18.0.0) with AarToClassTransform
Transforming play-services-basement-18.0.0.aar (com.google.android.gms:play-services-basement:18.0.0) with IdentityTransform
Transforming play-services-basement-18.0.0.aar (com.google.android.gms:play-services-basement:18.0.0) with DexingNoClasspathTransform
Transforming play-services-basement-18.0.0.aar (com.google.android.gms:play-services-basement:18.0.0) with DexingOutputSplitTransform
Transforming fragment-1.3.6.aar (androidx.fragment:fragment:1.3.6) with JetifyTransform
Transforming fragment-1.3.6.aar (androidx.fragment:fragment:1.3.6) with AarToClassTransform
Transforming fragment-1.3.6.aar (androidx.fragment:fragment:1.3.6) with IdentityTransform
Transforming fragment-1.3.6.aar (androidx.fragment:fragment:1.3.6) with DexingNoClasspathTransform
Transforming fragment-1.3.6.aar (androidx.fragment:fragment:1.3.6) with DexingOutputSplitTransform
Transforming fragment-1.3.6.aar (androidx.fragment:fragment:1.3.6) with JetifyTransform
Transforming fragment-1.3.6.aar (androidx.fragment:fragment:1.3.6) with AarToClassTransform
Transforming fragment-1.3.6.aar (androidx.fragment:fragment:1.3.6) with IdentityTransform
Transforming fragment-1.3.6.aar (androidx.fragment:fragment:1.3.6) with DexingNoClasspathTransform
Transforming fragment-1.3.6.aar (androidx.fragment:fragment:1.3.6) with DexingOutputSplitTransform
Transforming activity-1.8.0.aar (androidx.activity:activity:1.8.0) with JetifyTransform
Transforming activity-1.8.0.aar (androidx.activity:activity:1.8.0) with AarToClassTransform
Transforming activity-1.8.0.aar (androidx.activity:activity:1.8.0) with IdentityTransform
Transforming activity-1.8.0.aar (androidx.activity:activity:1.8.0) with DexingNoClasspathTransform
Transforming activity-1.8.0.aar (androidx.activity:activity:1.8.0) with DexingOutputSplitTransform
Transforming drawerlayout-1.1.1.aar (androidx.drawerlayout:drawerlayout:1.1.1) with JetifyTransform
Transforming drawerlayout-1.1.1.aar (androidx.drawerlayout:drawerlayout:1.1.1) with AarToClassTransform
Transforming drawerlayout-1.1.1.aar (androidx.drawerlayout:drawerlayout:1.1.1) with IdentityTransform
Transforming drawerlayout-1.1.1.aar (androidx.drawerlayout:drawerlayout:1.1.1) with DexingNoClasspathTransform
Transforming drawerlayout-1.1.1.aar (androidx.drawerlayout:drawerlayout:1.1.1) with DexingOutputSplitTransform
Transforming coordinatorlayout-1.1.0.aar (androidx.coordinatorlayout:coordinatorlayout:1.1.0) with JetifyTransform
Transforming coordinatorlayout-1.1.0.aar (androidx.coordinatorlayout:coordinatorlayout:1.1.0) with AarToClassTransform
Transforming coordinatorlayout-1.1.0.aar (androidx.coordinatorlayout:coordinatorlayout:1.1.0) with IdentityTransform
Transforming coordinatorlayout-1.1.0.aar (androidx.coordinatorlayout:coordinatorlayout:1.1.0) with DexingNoClasspathTransform
Transforming coordinatorlayout-1.1.0.aar (androidx.coordinatorlayout:coordinatorlayout:1.1.0) with DexingOutputSplitTransform
Transforming transition-1.5.0.aar (androidx.transition:transition:1.5.0) with JetifyTransform
Transforming transition-1.5.0.aar (androidx.transition:transition:1.5.0) with AarToClassTransform
Transforming transition-1.5.0.aar (androidx.transition:transition:1.5.0) with IdentityTransform
Transforming transition-1.5.0.aar (androidx.transition:transition:1.5.0) with DexingNoClasspathTransform
Transforming transition-1.5.0.aar (androidx.transition:transition:1.5.0) with DexingOutputSplitTransform
Transforming dynamicanimation-1.0.0.aar (androidx.dynamicanimation:dynamicanimation:1.0.0) with JetifyTransform
Transforming dynamicanimation-1.0.0.aar (androidx.dynamicanimation:dynamicanimation:1.0.0) with AarToClassTransform
Transforming dynamicanimation-1.0.0.aar (androidx.dynamicanimation:dynamicanimation:1.0.0) with IdentityTransform
Transforming dynamicanimation-1.0.0.aar (androidx.dynamicanimation:dynamicanimation:1.0.0) with DexingNoClasspathTransform
Transforming dynamicanimation-1.0.0.aar (androidx.dynamicanimation:dynamicanimation:1.0.0) with DexingOutputSplitTransform
Transforming vectordrawable-animated-1.1.0.aar (androidx.vectordrawable:vectordrawable-animated:1.1.0) with JetifyTransform
Transforming vectordrawable-animated-1.1.0.aar (androidx.vectordrawable:vectordrawable-animated:1.1.0) with AarToClassTransform
Transforming vectordrawable-animated-1.1.0.aar (androidx.vectordrawable:vectordrawable-animated:1.1.0) with IdentityTransform
Transforming vectordrawable-animated-1.1.0.aar (androidx.vectordrawable:vectordrawable-animated:1.1.0) with DexingNoClasspathTransform
Transforming vectordrawable-animated-1.1.0.aar (androidx.vectordrawable:vectordrawable-animated:1.1.0) with DexingOutputSplitTransform
Transforming vectordrawable-1.1.0.aar (androidx.vectordrawable:vectordrawable:1.1.0) with JetifyTransform
Transforming vectordrawable-1.1.0.aar (androidx.vectordrawable:vectordrawable:1.1.0) with AarToClassTransform
Transforming vectordrawable-1.1.0.aar (androidx.vectordrawable:vectordrawable:1.1.0) with IdentityTransform
Transforming vectordrawable-1.1.0.aar (androidx.vectordrawable:vectordrawable:1.1.0) with DexingNoClasspathTransform
Transforming vectordrawable-1.1.0.aar (androidx.vectordrawable:vectordrawable:1.1.0) with DexingOutputSplitTransform
Transforming vectordrawable-1.1.0.aar (androidx.vectordrawable:vectordrawable:1.1.0) with JetifyTransform
Transforming vectordrawable-1.1.0.aar (androidx.vectordrawable:vectordrawable:1.1.0) with AarToClassTransform
Transforming vectordrawable-1.1.0.aar (androidx.vectordrawable:vectordrawable:1.1.0) with IdentityTransform
Transforming vectordrawable-1.1.0.aar (androidx.vectordrawable:vectordrawable:1.1.0) with DexingNoClasspathTransform
Transforming vectordrawable-1.1.0.aar (androidx.vectordrawable:vectordrawable:1.1.0) with DexingOutputSplitTransform
Transforming viewpager-1.0.0.aar (androidx.viewpager:viewpager:1.0.0) with JetifyTransform
Transforming viewpager-1.0.0.aar (androidx.viewpager:viewpager:1.0.0) with AarToClassTransform
Transforming viewpager-1.0.0.aar (androidx.viewpager:viewpager:1.0.0) with IdentityTransform
Transforming viewpager-1.0.0.aar (androidx.viewpager:viewpager:1.0.0) with DexingNoClasspathTransform
Transforming viewpager-1.0.0.aar (androidx.viewpager:viewpager:1.0.0) with DexingOutputSplitTransform
Transforming legacy-support-core-utils-1.0.0.aar (androidx.legacy:legacy-support-core-utils:1.0.0) with JetifyTransform
Transforming legacy-support-core-utils-1.0.0.aar (androidx.legacy:legacy-support-core-utils:1.0.0) with AarToClassTransform
Transforming legacy-support-core-utils-1.0.0.aar (androidx.legacy:legacy-support-core-utils:1.0.0) with IdentityTransform
Transforming legacy-support-core-utils-1.0.0.aar (androidx.legacy:legacy-support-core-utils:1.0.0) with DexingNoClasspathTransform
Transforming legacy-support-core-utils-1.0.0.aar (androidx.legacy:legacy-support-core-utils:1.0.0) with DexingOutputSplitTransform
Transforming loader-1.0.0.aar (androidx.loader:loader:1.0.0) with JetifyTransform
Transforming loader-1.0.0.aar (androidx.loader:loader:1.0.0) with AarToClassTransform
Transforming loader-1.0.0.aar (androidx.loader:loader:1.0.0) with IdentityTransform
Transforming loader-1.0.0.aar (androidx.loader:loader:1.0.0) with DexingNoClasspathTransform
Transforming loader-1.0.0.aar (androidx.loader:loader:1.0.0) with DexingOutputSplitTransform
Transforming loader-1.0.0.aar (androidx.loader:loader:1.0.0) with JetifyTransform
Transforming loader-1.0.0.aar (androidx.loader:loader:1.0.0) with AarToClassTransform
Transforming loader-1.0.0.aar (androidx.loader:loader:1.0.0) with IdentityTransform
Transforming loader-1.0.0.aar (androidx.loader:loader:1.0.0) with DexingNoClasspathTransform
Transforming loader-1.0.0.aar (androidx.loader:loader:1.0.0) with DexingOutputSplitTransform
Transforming customview-1.1.0.aar (androidx.customview:customview:1.1.0) with JetifyTransform
Transforming customview-1.1.0.aar (androidx.customview:customview:1.1.0) with AarToClassTransform
Transforming customview-1.1.0.aar (androidx.customview:customview:1.1.0) with IdentityTransform
Transforming customview-1.1.0.aar (androidx.customview:customview:1.1.0) with DexingNoClasspathTransform
Transforming customview-1.1.0.aar (androidx.customview:customview:1.1.0) with DexingOutputSplitTransform
Transforming customview-1.1.0.aar (androidx.customview:customview:1.1.0) with JetifyTransform
Transforming customview-1.1.0.aar (androidx.customview:customview:1.1.0) with AarToClassTransform
Transforming customview-1.1.0.aar (androidx.customview:customview:1.1.0) with IdentityTransform
Transforming customview-1.1.0.aar (androidx.customview:customview:1.1.0) with DexingNoClasspathTransform
Transforming customview-1.1.0.aar (androidx.customview:customview:1.1.0) with DexingOutputSplitTransform
Transforming core-1.13.1.aar (androidx.core:core:1.13.1) with JetifyTransform
Transforming core-1.13.1.aar (androidx.core:core:1.13.1) with AarToClassTransform
Transforming core-1.13.1.aar (androidx.core:core:1.13.1) with IdentityTransform
Transforming core-1.13.1.aar (androidx.core:core:1.13.1) with DexingNoClasspathTransform
Transforming core-1.13.1.aar (androidx.core:core:1.13.1) with DexingOutputSplitTransform
Transforming core-1.13.1.aar (androidx.core:core:1.13.1) with JetifyTransform
Transforming core-1.13.1.aar (androidx.core:core:1.13.1) with AarToClassTransform
Transforming core-1.13.1.aar (androidx.core:core:1.13.1) with IdentityTransform
Transforming core-1.13.1.aar (androidx.core:core:1.13.1) with DexingNoClasspathTransform
Transforming core-1.13.1.aar (androidx.core:core:1.13.1) with DexingOutputSplitTransform
Transforming customview-poolingcontainer-1.0.0.aar (androidx.customview:customview-poolingcontainer:1.0.0) with JetifyTransform
Transforming customview-poolingcontainer-1.0.0.aar (androidx.customview:customview-poolingcontainer:1.0.0) with AarToClassTransform
Transforming customview-poolingcontainer-1.0.0.aar (androidx.customview:customview-poolingcontainer:1.0.0) with IdentityTransform
Transforming customview-poolingcontainer-1.0.0.aar (androidx.customview:customview-poolingcontainer:1.0.0) with DexingNoClasspathTransform
Transforming customview-poolingcontainer-1.0.0.aar (androidx.customview:customview-poolingcontainer:1.0.0) with DexingOutputSplitTransform
Transforming savedstate-1.2.1.aar (androidx.savedstate:savedstate:1.2.1) with JetifyTransform
Transforming savedstate-1.2.1.aar (androidx.savedstate:savedstate:1.2.1) with AarToClassTransform
Transforming savedstate-1.2.1.aar (androidx.savedstate:savedstate:1.2.1) with IdentityTransform
Transforming savedstate-1.2.1.aar (androidx.savedstate:savedstate:1.2.1) with DexingNoClasspathTransform
Transforming savedstate-1.2.1.aar (androidx.savedstate:savedstate:1.2.1) with DexingOutputSplitTransform
Transforming lifecycle-common-jvm-2.8.2.jar (androidx.lifecycle:lifecycle-common-jvm:2.8.2) with JetifyTransform
Transforming lifecycle-common-jvm-2.8.2.jar (androidx.lifecycle:lifecycle-common-jvm:2.8.2) with IdentityTransform
Transforming lifecycle-common-jvm-2.8.2.jar (androidx.lifecycle:lifecycle-common-jvm:2.8.2) with IdentityTransform
Transforming lifecycle-common-jvm-2.8.2.jar (androidx.lifecycle:lifecycle-common-jvm:2.8.2) with DexingNoClasspathTransform
Transforming lifecycle-common-jvm-2.8.2.jar (androidx.lifecycle:lifecycle-common-jvm:2.8.2) with DexingOutputSplitTransform
Transforming lifecycle-livedata-core-ktx-2.8.2.aar (androidx.lifecycle:lifecycle-livedata-core-ktx:2.8.2) with JetifyTransform
Transforming lifecycle-livedata-core-ktx-2.8.2.aar (androidx.lifecycle:lifecycle-livedata-core-ktx:2.8.2) with AarToClassTransform
Transforming lifecycle-livedata-core-ktx-2.8.2.aar (androidx.lifecycle:lifecycle-livedata-core-ktx:2.8.2) with IdentityTransform
Transforming lifecycle-livedata-core-ktx-2.8.2.aar (androidx.lifecycle:lifecycle-livedata-core-ktx:2.8.2) with DexingNoClasspathTransform
Transforming lifecycle-livedata-core-ktx-2.8.2.aar (androidx.lifecycle:lifecycle-livedata-core-ktx:2.8.2) with DexingOutputSplitTransform
Transforming lifecycle-viewmodel-2.8.2.aar (androidx.lifecycle:lifecycle-viewmodel:2.8.2) with JetifyTransform
Transforming lifecycle-viewmodel-2.8.2.aar (androidx.lifecycle:lifecycle-viewmodel:2.8.2) with AarToClassTransform
Transforming lifecycle-viewmodel-2.8.2.aar (androidx.lifecycle:lifecycle-viewmodel:2.8.2) with IdentityTransform
Transforming lifecycle-viewmodel-2.8.2.aar (androidx.lifecycle:lifecycle-viewmodel:2.8.2) with DexingNoClasspathTransform
Transforming lifecycle-viewmodel-2.8.2.aar (androidx.lifecycle:lifecycle-viewmodel:2.8.2) with DexingOutputSplitTransform
Transforming lifecycle-viewmodel-release.aar (androidx.lifecycle:lifecycle-viewmodel-android:2.8.2) with JetifyTransform
Transforming lifecycle-viewmodel-release.aar (androidx.lifecycle:lifecycle-viewmodel-android:2.8.2) with AarToClassTransform
Transforming lifecycle-viewmodel-release.aar (androidx.lifecycle:lifecycle-viewmodel-android:2.8.2) with IdentityTransform
Transforming lifecycle-viewmodel-release.aar (androidx.lifecycle:lifecycle-viewmodel-android:2.8.2) with DexingNoClasspathTransform
Transforming lifecycle-viewmodel-release.aar (androidx.lifecycle:lifecycle-viewmodel-android:2.8.2) with DexingOutputSplitTransform
Transforming lifecycle-runtime-release.aar (androidx.lifecycle:lifecycle-runtime-android:2.8.2) with JetifyTransform
Transforming lifecycle-runtime-release.aar (androidx.lifecycle:lifecycle-runtime-android:2.8.2) with AarToClassTransform
Transforming lifecycle-runtime-release.aar (androidx.lifecycle:lifecycle-runtime-android:2.8.2) with IdentityTransform
Transforming lifecycle-runtime-release.aar (androidx.lifecycle:lifecycle-runtime-android:2.8.2) with DexingNoClasspathTransform
Transforming lifecycle-runtime-release.aar (androidx.lifecycle:lifecycle-runtime-android:2.8.2) with DexingOutputSplitTransform
Transforming lifecycle-livedata-2.8.2.aar (androidx.lifecycle:lifecycle-livedata:2.8.2) with JetifyTransform
Transforming lifecycle-livedata-2.8.2.aar (androidx.lifecycle:lifecycle-livedata:2.8.2) with AarToClassTransform
Transforming lifecycle-livedata-2.8.2.aar (androidx.lifecycle:lifecycle-livedata:2.8.2) with IdentityTransform
Transforming lifecycle-livedata-2.8.2.aar (androidx.lifecycle:lifecycle-livedata:2.8.2) with DexingNoClasspathTransform
Transforming lifecycle-livedata-2.8.2.aar (androidx.lifecycle:lifecycle-livedata:2.8.2) with DexingOutputSplitTransform
Transforming lifecycle-process-2.8.2.aar (androidx.lifecycle:lifecycle-process:2.8.2) with JetifyTransform
Transforming lifecycle-process-2.8.2.aar (androidx.lifecycle:lifecycle-process:2.8.2) with AarToClassTransform
Transforming lifecycle-process-2.8.2.aar (androidx.lifecycle:lifecycle-process:2.8.2) with IdentityTransform
Transforming lifecycle-process-2.8.2.aar (androidx.lifecycle:lifecycle-process:2.8.2) with DexingNoClasspathTransform
Transforming lifecycle-process-2.8.2.aar (androidx.lifecycle:lifecycle-process:2.8.2) with DexingOutputSplitTransform
Transforming lifecycle-livedata-core-2.8.2.aar (androidx.lifecycle:lifecycle-livedata-core:2.8.2) with JetifyTransform
Transforming lifecycle-livedata-core-2.8.2.aar (androidx.lifecycle:lifecycle-livedata-core:2.8.2) with AarToClassTransform
Transforming lifecycle-livedata-core-2.8.2.aar (androidx.lifecycle:lifecycle-livedata-core:2.8.2) with IdentityTransform
Transforming lifecycle-livedata-core-2.8.2.aar (androidx.lifecycle:lifecycle-livedata-core:2.8.2) with DexingNoClasspathTransform
Transforming lifecycle-livedata-core-2.8.2.aar (androidx.lifecycle:lifecycle-livedata-core:2.8.2) with DexingOutputSplitTransform
Transforming lifecycle-runtime-ktx-release.aar (androidx.lifecycle:lifecycle-runtime-ktx-android:2.8.2) with JetifyTransform
Transforming lifecycle-runtime-ktx-release.aar (androidx.lifecycle:lifecycle-runtime-ktx-android:2.8.2) with AarToClassTransform
Transforming lifecycle-runtime-ktx-release.aar (androidx.lifecycle:lifecycle-runtime-ktx-android:2.8.2) with IdentityTransform
Transforming lifecycle-runtime-ktx-release.aar (androidx.lifecycle:lifecycle-runtime-ktx-android:2.8.2) with DexingNoClasspathTransform
Transforming lifecycle-runtime-ktx-release.aar (androidx.lifecycle:lifecycle-runtime-ktx-android:2.8.2) with DexingOutputSplitTransform
Transforming lifecycle-viewmodel-savedstate-2.8.2.aar (androidx.lifecycle:lifecycle-viewmodel-savedstate:2.8.2) with JetifyTransform
Transforming lifecycle-viewmodel-savedstate-2.8.2.aar (androidx.lifecycle:lifecycle-viewmodel-savedstate:2.8.2) with AarToClassTransform
Transforming lifecycle-viewmodel-savedstate-2.8.2.aar (androidx.lifecycle:lifecycle-viewmodel-savedstate:2.8.2) with IdentityTransform
Transforming lifecycle-viewmodel-savedstate-2.8.2.aar (androidx.lifecycle:lifecycle-viewmodel-savedstate:2.8.2) with DexingNoClasspathTransform
Transforming lifecycle-viewmodel-savedstate-2.8.2.aar (androidx.lifecycle:lifecycle-viewmodel-savedstate:2.8.2) with DexingOutputSplitTransform
Transforming core-ktx-1.13.1.aar (androidx.core:core-ktx:1.13.1) with JetifyTransform
Transforming core-ktx-1.13.1.aar (androidx.core:core-ktx:1.13.1) with AarToClassTransform
Transforming core-ktx-1.13.1.aar (androidx.core:core-ktx:1.13.1) with IdentityTransform
Transforming core-ktx-1.13.1.aar (androidx.core:core-ktx:1.13.1) with DexingNoClasspathTransform
Transforming core-ktx-1.13.1.aar (androidx.core:core-ktx:1.13.1) with DexingOutputSplitTransform
Transforming room-common-2.6.1.jar (androidx.room:room-common:2.6.1) with JetifyTransform
Transforming room-common-2.6.1.jar (androidx.room:room-common:2.6.1) with IdentityTransform
Transforming room-common-2.6.1.jar (androidx.room:room-common:2.6.1) with IdentityTransform
Transforming room-common-2.6.1.jar (androidx.room:room-common:2.6.1) with DexingNoClasspathTransform
Transforming room-common-2.6.1.jar (androidx.room:room-common:2.6.1) with DexingOutputSplitTransform
Transforming room-runtime-2.6.1.aar (androidx.room:room-runtime:2.6.1) with JetifyTransform
Transforming room-runtime-2.6.1.aar (androidx.room:room-runtime:2.6.1) with AarToClassTransform
Transforming room-runtime-2.6.1.aar (androidx.room:room-runtime:2.6.1) with IdentityTransform
Transforming room-runtime-2.6.1.aar (androidx.room:room-runtime:2.6.1) with DexingNoClasspathTransform
Transforming room-runtime-2.6.1.aar (androidx.room:room-runtime:2.6.1) with DexingOutputSplitTransform
Transforming room-ktx-2.6.1.aar (androidx.room:room-ktx:2.6.1) with JetifyTransform
Transforming room-ktx-2.6.1.aar (androidx.room:room-ktx:2.6.1) with AarToClassTransform
Transforming room-ktx-2.6.1.aar (androidx.room:room-ktx:2.6.1) with IdentityTransform
Transforming room-ktx-2.6.1.aar (androidx.room:room-ktx:2.6.1) with DexingNoClasspathTransform
Transforming room-ktx-2.6.1.aar (androidx.room:room-ktx:2.6.1) with DexingOutputSplitTransform
Transforming annotation-experimental-1.4.0.aar (androidx.annotation:annotation-experimental:1.4.0) with JetifyTransform
Transforming annotation-experimental-1.4.0.aar (androidx.annotation:annotation-experimental:1.4.0) with AarToClassTransform
Transforming annotation-experimental-1.4.0.aar (androidx.annotation:annotation-experimental:1.4.0) with IdentityTransform
Transforming annotation-experimental-1.4.0.aar (androidx.annotation:annotation-experimental:1.4.0) with DexingNoClasspathTransform
Transforming annotation-experimental-1.4.0.aar (androidx.annotation:annotation-experimental:1.4.0) with DexingOutputSplitTransform
Transforming sqlite-framework-2.4.0.aar (androidx.sqlite:sqlite-framework:2.4.0) with JetifyTransform
Transforming sqlite-framework-2.4.0.aar (androidx.sqlite:sqlite-framework:2.4.0) with AarToClassTransform
Transforming sqlite-framework-2.4.0.aar (androidx.sqlite:sqlite-framework:2.4.0) with IdentityTransform
Transforming sqlite-framework-2.4.0.aar (androidx.sqlite:sqlite-framework:2.4.0) with DexingNoClasspathTransform
Transforming sqlite-framework-2.4.0.aar (androidx.sqlite:sqlite-framework:2.4.0) with DexingOutputSplitTransform
Transforming sqlite-2.4.0.aar (androidx.sqlite:sqlite:2.4.0) with JetifyTransform
Transforming sqlite-2.4.0.aar (androidx.sqlite:sqlite:2.4.0) with AarToClassTransform
Transforming sqlite-2.4.0.aar (androidx.sqlite:sqlite:2.4.0) with IdentityTransform
Transforming sqlite-2.4.0.aar (androidx.sqlite:sqlite:2.4.0) with DexingNoClasspathTransform
Transforming sqlite-2.4.0.aar (androidx.sqlite:sqlite:2.4.0) with DexingOutputSplitTransform
Transforming kotlinx-coroutines-core-jvm-1.7.3.jar (org.jetbrains.kotlinx:kotlinx-coroutines-core-jvm:1.7.3) with JetifyTransform
Transforming kotlinx-coroutines-core-jvm-1.7.3.jar (org.jetbrains.kotlinx:kotlinx-coroutines-core-jvm:1.7.3) with IdentityTransform
Transforming kotlinx-coroutines-core-jvm-1.7.3.jar (org.jetbrains.kotlinx:kotlinx-coroutines-core-jvm:1.7.3) with IdentityTransform
Transforming kotlinx-coroutines-core-jvm-1.7.3.jar (org.jetbrains.kotlinx:kotlinx-coroutines-core-jvm:1.7.3) with DexingNoClasspathTransform
Transforming kotlinx-coroutines-core-jvm-1.7.3.jar (org.jetbrains.kotlinx:kotlinx-coroutines-core-jvm:1.7.3) with DexingOutputSplitTransform
Transforming kotlinx-coroutines-android-1.7.3.jar (org.jetbrains.kotlinx:kotlinx-coroutines-android:1.7.3) with JetifyTransform
Transforming kotlinx-coroutines-android-1.7.3.jar (org.jetbrains.kotlinx:kotlinx-coroutines-android:1.7.3) with IdentityTransform
Transforming kotlinx-coroutines-android-1.7.3.jar (org.jetbrains.kotlinx:kotlinx-coroutines-android:1.7.3) with IdentityTransform
Transforming kotlinx-coroutines-android-1.7.3.jar (org.jetbrains.kotlinx:kotlinx-coroutines-android:1.7.3) with DexingNoClasspathTransform
Transforming kotlinx-coroutines-android-1.7.3.jar (org.jetbrains.kotlinx:kotlinx-coroutines-android:1.7.3) with DexingOutputSplitTransform
Transforming kotlin-stdlib-jdk8-1.8.22.jar (org.jetbrains.kotlin:kotlin-stdlib-jdk8:1.8.22) with JetifyTransform
Transforming kotlin-stdlib-jdk8-1.8.22.jar (org.jetbrains.kotlin:kotlin-stdlib-jdk8:1.8.22) with IdentityTransform
Transforming kotlin-stdlib-jdk8-1.8.22.jar (org.jetbrains.kotlin:kotlin-stdlib-jdk8:1.8.22) with IdentityTransform
Transforming kotlin-stdlib-jdk8-1.8.22.jar (org.jetbrains.kotlin:kotlin-stdlib-jdk8:1.8.22) with DexingNoClasspathTransform
Transforming kotlin-stdlib-jdk8-1.8.22.jar (org.jetbrains.kotlin:kotlin-stdlib-jdk8:1.8.22) with DexingOutputSplitTransform
Transforming localbroadcastmanager-1.1.0.aar (androidx.localbroadcastmanager:localbroadcastmanager:1.1.0) with JetifyTransform
Transforming localbroadcastmanager-1.1.0.aar (androidx.localbroadcastmanager:localbroadcastmanager:1.1.0) with AarToClassTransform
Transforming localbroadcastmanager-1.1.0.aar (androidx.localbroadcastmanager:localbroadcastmanager:1.1.0) with IdentityTransform
Transforming localbroadcastmanager-1.1.0.aar (androidx.localbroadcastmanager:localbroadcastmanager:1.1.0) with DexingNoClasspathTransform
Transforming localbroadcastmanager-1.1.0.aar (androidx.localbroadcastmanager:localbroadcastmanager:1.1.0) with DexingOutputSplitTransform
Transforming localbroadcastmanager-1.1.0.aar (androidx.localbroadcastmanager:localbroadcastmanager:1.1.0) with JetifyTransform
Transforming localbroadcastmanager-1.1.0.aar (androidx.localbroadcastmanager:localbroadcastmanager:1.1.0) with AarToClassTransform
Transforming localbroadcastmanager-1.1.0.aar (androidx.localbroadcastmanager:localbroadcastmanager:1.1.0) with IdentityTransform
Transforming localbroadcastmanager-1.1.0.aar (androidx.localbroadcastmanager:localbroadcastmanager:1.1.0) with DexingNoClasspathTransform
Transforming localbroadcastmanager-1.1.0.aar (androidx.localbroadcastmanager:localbroadcastmanager:1.1.0) with DexingOutputSplitTransform
Transforming interpolator-1.0.0.aar (androidx.interpolator:interpolator:1.0.0) with JetifyTransform
Transforming interpolator-1.0.0.aar (androidx.interpolator:interpolator:1.0.0) with AarToClassTransform
Transforming interpolator-1.0.0.aar (androidx.interpolator:interpolator:1.0.0) with IdentityTransform
Transforming interpolator-1.0.0.aar (androidx.interpolator:interpolator:1.0.0) with DexingNoClasspathTransform
Transforming interpolator-1.0.0.aar (androidx.interpolator:interpolator:1.0.0) with DexingOutputSplitTransform
Transforming interpolator-1.0.0.aar (androidx.interpolator:interpolator:1.0.0) with JetifyTransform
Transforming interpolator-1.0.0.aar (androidx.interpolator:interpolator:1.0.0) with AarToClassTransform
Transforming interpolator-1.0.0.aar (androidx.interpolator:interpolator:1.0.0) with IdentityTransform
Transforming interpolator-1.0.0.aar (androidx.interpolator:interpolator:1.0.0) with DexingNoClasspathTransform
Transforming interpolator-1.0.0.aar (androidx.interpolator:interpolator:1.0.0) with DexingOutputSplitTransform
Transforming cursoradapter-1.0.0.aar (androidx.cursoradapter:cursoradapter:1.0.0) with JetifyTransform
Transforming cursoradapter-1.0.0.aar (androidx.cursoradapter:cursoradapter:1.0.0) with AarToClassTransform
Transforming cursoradapter-1.0.0.aar (androidx.cursoradapter:cursoradapter:1.0.0) with IdentityTransform
Transforming cursoradapter-1.0.0.aar (androidx.cursoradapter:cursoradapter:1.0.0) with DexingNoClasspathTransform
Transforming cursoradapter-1.0.0.aar (androidx.cursoradapter:cursoradapter:1.0.0) with DexingOutputSplitTransform
Transforming resourceinspection-annotation-1.0.1.jar (androidx.resourceinspection:resourceinspection-annotation:1.0.1) with JetifyTransform
Transforming resourceinspection-annotation-1.0.1.jar (androidx.resourceinspection:resourceinspection-annotation:1.0.1) with IdentityTransform
Transforming resourceinspection-annotation-1.0.1.jar (androidx.resourceinspection:resourceinspection-annotation:1.0.1) with IdentityTransform
Transforming resourceinspection-annotation-1.0.1.jar (androidx.resourceinspection:resourceinspection-annotation:1.0.1) with DexingNoClasspathTransform
Transforming resourceinspection-annotation-1.0.1.jar (androidx.resourceinspection:resourceinspection-annotation:1.0.1) with DexingOutputSplitTransform
Transforming cardview-1.0.0.aar (androidx.cardview:cardview:1.0.0) with JetifyTransform
Transforming cardview-1.0.0.aar (androidx.cardview:cardview:1.0.0) with AarToClassTransform
Transforming cardview-1.0.0.aar (androidx.cardview:cardview:1.0.0) with IdentityTransform
Transforming cardview-1.0.0.aar (androidx.cardview:cardview:1.0.0) with DexingNoClasspathTransform
Transforming cardview-1.0.0.aar (androidx.cardview:cardview:1.0.0) with DexingOutputSplitTransform
Transforming versionedparcelable-1.1.1.aar (androidx.versionedparcelable:versionedparcelable:1.1.1) with JetifyTransform
Transforming versionedparcelable-1.1.1.aar (androidx.versionedparcelable:versionedparcelable:1.1.1) with AarToClassTransform
Transforming versionedparcelable-1.1.1.aar (androidx.versionedparcelable:versionedparcelable:1.1.1) with IdentityTransform
Transforming versionedparcelable-1.1.1.aar (androidx.versionedparcelable:versionedparcelable:1.1.1) with DexingNoClasspathTransform
Transforming versionedparcelable-1.1.1.aar (androidx.versionedparcelable:versionedparcelable:1.1.1) with DexingOutputSplitTransform
Transforming collection-1.2.0.jar (androidx.collection:collection:1.2.0) with JetifyTransform
Transforming collection-1.2.0.jar (androidx.collection:collection:1.2.0) with IdentityTransform
Transforming collection-1.2.0.jar (androidx.collection:collection:1.2.0) with IdentityTransform
Transforming collection-1.2.0.jar (androidx.collection:collection:1.2.0) with DexingNoClasspathTransform
Transforming collection-1.2.0.jar (androidx.collection:collection:1.2.0) with DexingOutputSplitTransform
Transforming exifinterface-1.3.6.aar (androidx.exifinterface:exifinterface:1.3.6) with JetifyTransform
Transforming exifinterface-1.3.6.aar (androidx.exifinterface:exifinterface:1.3.6) with AarToClassTransform
Transforming exifinterface-1.3.6.aar (androidx.exifinterface:exifinterface:1.3.6) with IdentityTransform
Transforming exifinterface-1.3.6.aar (androidx.exifinterface:exifinterface:1.3.6) with DexingNoClasspathTransform
Transforming exifinterface-1.3.6.aar (androidx.exifinterface:exifinterface:1.3.6) with DexingOutputSplitTransform
Transforming core-runtime-2.2.0.aar (androidx.arch.core:core-runtime:2.2.0) with JetifyTransform
Transforming core-runtime-2.2.0.aar (androidx.arch.core:core-runtime:2.2.0) with AarToClassTransform
Transforming core-runtime-2.2.0.aar (androidx.arch.core:core-runtime:2.2.0) with IdentityTransform
Transforming core-runtime-2.2.0.aar (androidx.arch.core:core-runtime:2.2.0) with DexingNoClasspathTransform
Transforming core-runtime-2.2.0.aar (androidx.arch.core:core-runtime:2.2.0) with DexingOutputSplitTransform
Transforming gifdecoder-4.16.0.aar (com.github.bumptech.glide:gifdecoder:4.16.0) with JetifyTransform
Transforming gifdecoder-4.16.0.aar (com.github.bumptech.glide:gifdecoder:4.16.0) with AarToClassTransform
Transforming gifdecoder-4.16.0.aar (com.github.bumptech.glide:gifdecoder:4.16.0) with IdentityTransform
Transforming gifdecoder-4.16.0.aar (com.github.bumptech.glide:gifdecoder:4.16.0) with DexingNoClasspathTransform
Transforming gifdecoder-4.16.0.aar (com.github.bumptech.glide:gifdecoder:4.16.0) with DexingOutputSplitTransform
Transforming profileinstaller-1.3.1.aar (androidx.profileinstaller:profileinstaller:1.3.1) with JetifyTransform
Transforming profileinstaller-1.3.1.aar (androidx.profileinstaller:profileinstaller:1.3.1) with AarToClassTransform
Transforming profileinstaller-1.3.1.aar (androidx.profileinstaller:profileinstaller:1.3.1) with IdentityTransform
Transforming profileinstaller-1.3.1.aar (androidx.profileinstaller:profileinstaller:1.3.1) with DexingNoClasspathTransform
Transforming profileinstaller-1.3.1.aar (androidx.profileinstaller:profileinstaller:1.3.1) with DexingOutputSplitTransform
Transforming startup-runtime-1.1.1.aar (androidx.startup:startup-runtime:1.1.1) with JetifyTransform
Transforming startup-runtime-1.1.1.aar (androidx.startup:startup-runtime:1.1.1) with AarToClassTransform
Transforming startup-runtime-1.1.1.aar (androidx.startup:startup-runtime:1.1.1) with IdentityTransform
Transforming startup-runtime-1.1.1.aar (androidx.startup:startup-runtime:1.1.1) with DexingNoClasspathTransform
Transforming startup-runtime-1.1.1.aar (androidx.startup:startup-runtime:1.1.1) with DexingOutputSplitTransform
Transforming tracing-1.0.0.aar (androidx.tracing:tracing:1.0.0) with JetifyTransform
Transforming tracing-1.0.0.aar (androidx.tracing:tracing:1.0.0) with AarToClassTransform
Transforming tracing-1.0.0.aar (androidx.tracing:tracing:1.0.0) with IdentityTransform
Transforming tracing-1.0.0.aar (androidx.tracing:tracing:1.0.0) with DexingNoClasspathTransform
Transforming tracing-1.0.0.aar (androidx.tracing:tracing:1.0.0) with DexingOutputSplitTransform
Transforming core-common-2.2.0.jar (androidx.arch.core:core-common:2.2.0) with JetifyTransform
Transforming core-common-2.2.0.jar (androidx.arch.core:core-common:2.2.0) with IdentityTransform
Transforming core-common-2.2.0.jar (androidx.arch.core:core-common:2.2.0) with IdentityTransform
Transforming core-common-2.2.0.jar (androidx.arch.core:core-common:2.2.0) with DexingNoClasspathTransform
Transforming core-common-2.2.0.jar (androidx.arch.core:core-common:2.2.0) with DexingOutputSplitTransform
Transforming documentfile-1.0.0.aar (androidx.documentfile:documentfile:1.0.0) with JetifyTransform
Transforming documentfile-1.0.0.aar (androidx.documentfile:documentfile:1.0.0) with AarToClassTransform
Transforming documentfile-1.0.0.aar (androidx.documentfile:documentfile:1.0.0) with IdentityTransform
Transforming documentfile-1.0.0.aar (androidx.documentfile:documentfile:1.0.0) with DexingNoClasspathTransform
Transforming documentfile-1.0.0.aar (androidx.documentfile:documentfile:1.0.0) with DexingOutputSplitTransform
Transforming print-1.0.0.aar (androidx.print:print:1.0.0) with JetifyTransform
Transforming print-1.0.0.aar (androidx.print:print:1.0.0) with AarToClassTransform
Transforming print-1.0.0.aar (androidx.print:print:1.0.0) with IdentityTransform
Transforming print-1.0.0.aar (androidx.print:print:1.0.0) with DexingNoClasspathTransform
Transforming print-1.0.0.aar (androidx.print:print:1.0.0) with DexingOutputSplitTransform
Transforming concurrent-futures-1.1.0.jar (androidx.concurrent:concurrent-futures:1.1.0) with JetifyTransform
Transforming concurrent-futures-1.1.0.jar (androidx.concurrent:concurrent-futures:1.1.0) with IdentityTransform
Transforming concurrent-futures-1.1.0.jar (androidx.concurrent:concurrent-futures:1.1.0) with IdentityTransform
Transforming concurrent-futures-1.1.0.jar (androidx.concurrent:concurrent-futures:1.1.0) with DexingNoClasspathTransform
Transforming concurrent-futures-1.1.0.jar (androidx.concurrent:concurrent-futures:1.1.0) with DexingOutputSplitTransform
Transforming annotation-jvm-1.8.0.jar (androidx.annotation:annotation-jvm:1.8.0) with JetifyTransform
Transforming annotation-jvm-1.8.0.jar (androidx.annotation:annotation-jvm:1.8.0) with IdentityTransform
Transforming annotation-jvm-1.8.0.jar (androidx.annotation:annotation-jvm:1.8.0) with IdentityTransform
Transforming annotation-jvm-1.8.0.jar (androidx.annotation:annotation-jvm:1.8.0) with DexingNoClasspathTransform
Transforming annotation-jvm-1.8.0.jar (androidx.annotation:annotation-jvm:1.8.0) with DexingOutputSplitTransform
Transforming kotlin-stdlib-jdk7-1.8.22.jar (org.jetbrains.kotlin:kotlin-stdlib-jdk7:1.8.22) with JetifyTransform
Transforming kotlin-stdlib-jdk7-1.8.22.jar (org.jetbrains.kotlin:kotlin-stdlib-jdk7:1.8.22) with IdentityTransform
Transforming kotlin-stdlib-jdk7-1.8.22.jar (org.jetbrains.kotlin:kotlin-stdlib-jdk7:1.8.22) with IdentityTransform
Transforming kotlin-stdlib-jdk7-1.8.22.jar (org.jetbrains.kotlin:kotlin-stdlib-jdk7:1.8.22) with DexingNoClasspathTransform
Transforming kotlin-stdlib-jdk7-1.8.22.jar (org.jetbrains.kotlin:kotlin-stdlib-jdk7:1.8.22) with DexingOutputSplitTransform
Transforming kotlin-stdlib-1.9.23.jar (org.jetbrains.kotlin:kotlin-stdlib:1.9.23) with JetifyTransform
Transforming kotlin-stdlib-1.9.23.jar (org.jetbrains.kotlin:kotlin-stdlib:1.9.23) with IdentityTransform
Transforming kotlin-stdlib-1.9.23.jar (org.jetbrains.kotlin:kotlin-stdlib:1.9.23) with IdentityTransform
Transforming kotlin-stdlib-1.9.23.jar (org.jetbrains.kotlin:kotlin-stdlib:1.9.23) with DexingNoClasspathTransform
Transforming kotlin-stdlib-1.9.23.jar (org.jetbrains.kotlin:kotlin-stdlib:1.9.23) with DexingOutputSplitTransform
Transforming gson-2.10.1.jar (com.google.code.gson:gson:2.10.1) with JetifyTransform
Transforming gson-2.10.1.jar (com.google.code.gson:gson:2.10.1) with IdentityTransform
Transforming gson-2.10.1.jar (com.google.code.gson:gson:2.10.1) with IdentityTransform
Transforming gson-2.10.1.jar (com.google.code.gson:gson:2.10.1) with DexingNoClasspathTransform
Transforming gson-2.10.1.jar (com.google.code.gson:gson:2.10.1) with DexingOutputSplitTransform
Transforming annotations-23.0.0.jar (org.jetbrains:annotations:23.0.0) with JetifyTransform
Transforming annotations-23.0.0.jar (org.jetbrains:annotations:23.0.0) with IdentityTransform
Transforming annotations-23.0.0.jar (org.jetbrains:annotations:23.0.0) with IdentityTransform
Transforming annotations-23.0.0.jar (org.jetbrains:annotations:23.0.0) with DexingNoClasspathTransform
Transforming annotations-23.0.0.jar (org.jetbrains:annotations:23.0.0) with DexingOutputSplitTransform
Transforming guava-32.1.3-android.jar (com.google.guava:guava:32.1.3-android) with JetifyTransform
Transforming guava-32.1.3-android.jar (com.google.guava:guava:32.1.3-android) with IdentityTransform
Transforming guava-32.1.3-android.jar (com.google.guava:guava:32.1.3-android) with IdentityTransform
Transforming guava-32.1.3-android.jar (com.google.guava:guava:32.1.3-android) with DexingNoClasspathTransform
Transforming guava-32.1.3-android.jar (com.google.guava:guava:32.1.3-android) with DexingOutputSplitTransform
Transforming listenablefuture-9999.0-empty-to-avoid-conflict-with-guava.jar (com.google.guava:listenablefuture:9999.0-empty-to-avoid-conflict-with-guava) with JetifyTransform
Transforming listenablefuture-9999.0-empty-to-avoid-conflict-with-guava.jar (com.google.guava:listenablefuture:9999.0-empty-to-avoid-conflict-with-guava) with IdentityTransform
Transforming listenablefuture-9999.0-empty-to-avoid-conflict-with-guava.jar (com.google.guava:listenablefuture:9999.0-empty-to-avoid-conflict-with-guava) with IdentityTransform
Transforming listenablefuture-9999.0-empty-to-avoid-conflict-with-guava.jar (com.google.guava:listenablefuture:9999.0-empty-to-avoid-conflict-with-guava) with DexingNoClasspathTransform
Transforming listenablefuture-9999.0-empty-to-avoid-conflict-with-guava.jar (com.google.guava:listenablefuture:9999.0-empty-to-avoid-conflict-with-guava) with DexingOutputSplitTransform
Transforming error_prone_annotations-2.15.0.jar (com.google.errorprone:error_prone_annotations:2.15.0) with JetifyTransform
Transforming error_prone_annotations-2.15.0.jar (com.google.errorprone:error_prone_annotations:2.15.0) with IdentityTransform
Transforming error_prone_annotations-2.15.0.jar (com.google.errorprone:error_prone_annotations:2.15.0) with IdentityTransform
Transforming error_prone_annotations-2.15.0.jar (com.google.errorprone:error_prone_annotations:2.15.0) with DexingNoClasspathTransform
Transforming error_prone_annotations-2.15.0.jar (com.google.errorprone:error_prone_annotations:2.15.0) with DexingOutputSplitTransform
Transforming constraintlayout-core-1.0.4.jar (androidx.constraintlayout:constraintlayout-core:1.0.4) with JetifyTransform
Transforming constraintlayout-core-1.0.4.jar (androidx.constraintlayout:constraintlayout-core:1.0.4) with IdentityTransform
Transforming constraintlayout-core-1.0.4.jar (androidx.constraintlayout:constraintlayout-core:1.0.4) with IdentityTransform
Transforming constraintlayout-core-1.0.4.jar (androidx.constraintlayout:constraintlayout-core:1.0.4) with DexingNoClasspathTransform
Transforming constraintlayout-core-1.0.4.jar (androidx.constraintlayout:constraintlayout-core:1.0.4) with DexingOutputSplitTransform
Transforming disklrucache-4.16.0.jar (com.github.bumptech.glide:disklrucache:4.16.0) with JetifyTransform
Transforming disklrucache-4.16.0.jar (com.github.bumptech.glide:disklrucache:4.16.0) with IdentityTransform
Transforming disklrucache-4.16.0.jar (com.github.bumptech.glide:disklrucache:4.16.0) with IdentityTransform
Transforming disklrucache-4.16.0.jar (com.github.bumptech.glide:disklrucache:4.16.0) with DexingNoClasspathTransform
Transforming disklrucache-4.16.0.jar (com.github.bumptech.glide:disklrucache:4.16.0) with DexingOutputSplitTransform
Transforming annotations-4.16.0.jar (com.github.bumptech.glide:annotations:4.16.0) with JetifyTransform
Transforming annotations-4.16.0.jar (com.github.bumptech.glide:annotations:4.16.0) with IdentityTransform
Transforming annotations-4.16.0.jar (com.github.bumptech.glide:annotations:4.16.0) with IdentityTransform
Transforming annotations-4.16.0.jar (com.github.bumptech.glide:annotations:4.16.0) with DexingNoClasspathTransform
Transforming annotations-4.16.0.jar (com.github.bumptech.glide:annotations:4.16.0) with DexingOutputSplitTransform
Transforming cronet-api-72.3626.96.aar (org.chromium.net:cronet-api:72.3626.96) with JetifyTransform
Transforming cronet-api-72.3626.96.aar (org.chromium.net:cronet-api:72.3626.96) with AarToClassTransform
Transforming cronet-api-72.3626.96.aar (org.chromium.net:cronet-api:72.3626.96) with IdentityTransform
Transforming cronet-api-72.3626.96.aar (org.chromium.net:cronet-api:72.3626.96) with DexingNoClasspathTransform
Transforming cronet-api-72.3626.96.aar (org.chromium.net:cronet-api:72.3626.96) with DexingOutputSplitTransform
Transforming failureaccess-1.0.1.jar (com.google.guava:failureaccess:1.0.1) with JetifyTransform
Transforming failureaccess-1.0.1.jar (com.google.guava:failureaccess:1.0.1) with IdentityTransform
Transforming failureaccess-1.0.1.jar (com.google.guava:failureaccess:1.0.1) with IdentityTransform
Transforming failureaccess-1.0.1.jar (com.google.guava:failureaccess:1.0.1) with DexingNoClasspathTransform
Transforming failureaccess-1.0.1.jar (com.google.guava:failureaccess:1.0.1) with DexingOutputSplitTransform
Caching disabled for task ':app:mergeExtDexDebug' because:
  Build cache is disabled
Skipping task ':app:mergeExtDexDebug' as it is up-to-date.
Resolve mutations for :app:mergeLibDexDebug (Thread[Execution worker Thread 2,5,main]) started.
:app:mergeLibDexDebug (Thread[Execution worker Thread 2,5,main]) started.

> Task :app:mergeLibDexDebug UP-TO-DATE
Caching disabled for task ':app:mergeLibDexDebug' because:
  Build cache is disabled
Skipping task ':app:mergeLibDexDebug' as it is up-to-date.
Resolve mutations for :app:mergeDebugJniLibFolders (Thread[Execution worker Thread 2,5,main]) started.
:app:mergeDebugJniLibFolders (Thread[Execution worker Thread 7,5,main]) started.

> Task :app:mergeDebugJniLibFolders UP-TO-DATE
Caching disabled for task ':app:mergeDebugJniLibFolders' because:
  Build cache is disabled
Skipping task ':app:mergeDebugJniLibFolders' as it is up-to-date.
Resolve mutations for :app:mergeDebugNativeLibs (Thread[Execution worker Thread 7,5,main]) started.
:app:mergeDebugNativeLibs (Thread[Execution worker Thread 7,5,main]) started.

> Task :app:mergeDebugNativeLibs NO-SOURCE
Transforming viewbinding-8.4.1.aar (androidx.databinding:viewbinding:8.4.1) with JetifyTransform
Transforming viewbinding-8.4.1.aar (androidx.databinding:viewbinding:8.4.1) with ExtractAarTransform
Transforming viewbinding-8.4.1.aar (androidx.databinding:viewbinding:8.4.1) with AarTransform
Transforming material-1.12.0.aar (com.google.android.material:material:1.12.0) with JetifyTransform
Transforming material-1.12.0.aar (com.google.android.material:material:1.12.0) with ExtractAarTransform
Transforming material-1.12.0.aar (com.google.android.material:material:1.12.0) with AarTransform
Transforming constraintlayout-2.1.4.aar (androidx.constraintlayout:constraintlayout:2.1.4) with JetifyTransform
Transforming constraintlayout-2.1.4.aar (androidx.constraintlayout:constraintlayout:2.1.4) with ExtractAarTransform
Transforming constraintlayout-2.1.4.aar (androidx.constraintlayout:constraintlayout:2.1.4) with AarTransform
Transforming appcompat-resources-1.6.1.aar (androidx.appcompat:appcompat-resources:1.6.1) with JetifyTransform
Transforming appcompat-resources-1.6.1.aar (androidx.appcompat:appcompat-resources:1.6.1) with ExtractAarTransform
Transforming appcompat-resources-1.6.1.aar (androidx.appcompat:appcompat-resources:1.6.1) with AarTransform
Transforming appcompat-1.6.1.aar (androidx.appcompat:appcompat:1.6.1) with JetifyTransform
Transforming appcompat-1.6.1.aar (androidx.appcompat:appcompat:1.6.1) with ExtractAarTransform
Transforming appcompat-1.6.1.aar (androidx.appcompat:appcompat:1.6.1) with AarTransform
Transforming browser-1.8.0.aar (androidx.browser:browser:1.8.0) with JetifyTransform
Transforming browser-1.8.0.aar (androidx.browser:browser:1.8.0) with ExtractAarTransform
Transforming browser-1.8.0.aar (androidx.browser:browser:1.8.0) with AarTransform
Transforming webkit-1.11.0.aar (androidx.webkit:webkit:1.11.0) with JetifyTransform
Transforming webkit-1.11.0.aar (androidx.webkit:webkit:1.11.0) with ExtractAarTransform
Transforming webkit-1.11.0.aar (androidx.webkit:webkit:1.11.0) with AarTransform
Transforming media3-exoplayer-hls-1.3.1.aar (androidx.media3:media3-exoplayer-hls:1.3.1) with JetifyTransform
Transforming media3-exoplayer-hls-1.3.1.aar (androidx.media3:media3-exoplayer-hls:1.3.1) with ExtractAarTransform
Transforming media3-exoplayer-hls-1.3.1.aar (androidx.media3:media3-exoplayer-hls:1.3.1) with AarTransform
Transforming media3-exoplayer-1.3.1.aar (androidx.media3:media3-exoplayer:1.3.1) with JetifyTransform
Transforming media3-exoplayer-1.3.1.aar (androidx.media3:media3-exoplayer:1.3.1) with ExtractAarTransform
Transforming media3-exoplayer-1.3.1.aar (androidx.media3:media3-exoplayer:1.3.1) with AarTransform
Transforming media3-datasource-cronet-1.3.1.aar (androidx.media3:media3-datasource-cronet:1.3.1) with JetifyTransform
Transforming media3-datasource-cronet-1.3.1.aar (androidx.media3:media3-datasource-cronet:1.3.1) with ExtractAarTransform
Transforming media3-datasource-cronet-1.3.1.aar (androidx.media3:media3-datasource-cronet:1.3.1) with AarTransform
Transforming media3-session-1.3.1.aar (androidx.media3:media3-session:1.3.1) with JetifyTransform
Transforming media3-session-1.3.1.aar (androidx.media3:media3-session:1.3.1) with ExtractAarTransform
Transforming media3-session-1.3.1.aar (androidx.media3:media3-session:1.3.1) with AarTransform
Transforming media3-extractor-1.3.1.aar (androidx.media3:media3-extractor:1.3.1) with JetifyTransform
Transforming media3-extractor-1.3.1.aar (androidx.media3:media3-extractor:1.3.1) with ExtractAarTransform
Transforming media3-extractor-1.3.1.aar (androidx.media3:media3-extractor:1.3.1) with AarTransform
Transforming media3-container-1.3.1.aar (androidx.media3:media3-container:1.3.1) with JetifyTransform
Transforming media3-container-1.3.1.aar (androidx.media3:media3-container:1.3.1) with ExtractAarTransform
Transforming media3-container-1.3.1.aar (androidx.media3:media3-container:1.3.1) with AarTransform
Transforming media3-datasource-1.3.1.aar (androidx.media3:media3-datasource:1.3.1) with JetifyTransform
Transforming media3-datasource-1.3.1.aar (androidx.media3:media3-datasource:1.3.1) with ExtractAarTransform
Transforming media3-datasource-1.3.1.aar (androidx.media3:media3-datasource:1.3.1) with AarTransform
Transforming media3-decoder-1.3.1.aar (androidx.media3:media3-decoder:1.3.1) with JetifyTransform
Transforming media3-decoder-1.3.1.aar (androidx.media3:media3-decoder:1.3.1) with ExtractAarTransform
Transforming media3-decoder-1.3.1.aar (androidx.media3:media3-decoder:1.3.1) with AarTransform
Transforming media3-database-1.3.1.aar (androidx.media3:media3-database:1.3.1) with JetifyTransform
Transforming media3-database-1.3.1.aar (androidx.media3:media3-database:1.3.1) with ExtractAarTransform
Transforming media3-database-1.3.1.aar (androidx.media3:media3-database:1.3.1) with AarTransform
Transforming media3-common-1.3.1.aar (androidx.media3:media3-common:1.3.1) with JetifyTransform
Transforming media3-common-1.3.1.aar (androidx.media3:media3-common:1.3.1) with ExtractAarTransform
Transforming media3-common-1.3.1.aar (androidx.media3:media3-common:1.3.1) with AarTransform
Transforming media3-ui-1.3.1.aar (androidx.media3:media3-ui:1.3.1) with JetifyTransform
Transforming media3-ui-1.3.1.aar (androidx.media3:media3-ui:1.3.1) with ExtractAarTransform
Transforming media3-ui-1.3.1.aar (androidx.media3:media3-ui:1.3.1) with AarTransform
Transforming media-1.7.0.aar (androidx.media:media:1.7.0) with JetifyTransform
Transforming media-1.7.0.aar (androidx.media:media:1.7.0) with ExtractAarTransform
Transforming media-1.7.0.aar (androidx.media:media:1.7.0) with AarTransform
Transforming viewpager2-1.1.0-beta02.aar (androidx.viewpager2:viewpager2:1.1.0-beta02) with JetifyTransform
Transforming viewpager2-1.1.0-beta02.aar (androidx.viewpager2:viewpager2:1.1.0-beta02) with ExtractAarTransform
Transforming viewpager2-1.1.0-beta02.aar (androidx.viewpager2:viewpager2:1.1.0-beta02) with AarTransform
Transforming recyclerview-1.3.2.aar (androidx.recyclerview:recyclerview:1.3.2) with JetifyTransform
Transforming recyclerview-1.3.2.aar (androidx.recyclerview:recyclerview:1.3.2) with ExtractAarTransform
Transforming recyclerview-1.3.2.aar (androidx.recyclerview:recyclerview:1.3.2) with AarTransform
Transforming emoji2-views-helper-1.2.0.aar (androidx.emoji2:emoji2-views-helper:1.2.0) with JetifyTransform
Transforming emoji2-views-helper-1.2.0.aar (androidx.emoji2:emoji2-views-helper:1.2.0) with ExtractAarTransform
Transforming emoji2-views-helper-1.2.0.aar (androidx.emoji2:emoji2-views-helper:1.2.0) with AarTransform
Transforming emoji2-1.2.0.aar (androidx.emoji2:emoji2:1.2.0) with JetifyTransform
Transforming emoji2-1.2.0.aar (androidx.emoji2:emoji2:1.2.0) with ExtractAarTransform
Transforming emoji2-1.2.0.aar (androidx.emoji2:emoji2:1.2.0) with AarTransform
Transforming glide-4.16.0.aar (com.github.bumptech.glide:glide:4.16.0) with JetifyTransform
Transforming glide-4.16.0.aar (com.github.bumptech.glide:glide:4.16.0) with ExtractAarTransform
Transforming glide-4.16.0.aar (com.github.bumptech.glide:glide:4.16.0) with AarTransform
Transforming play-services-cronet-18.0.1.aar (com.google.android.gms:play-services-cronet:18.0.1) with JetifyTransform
Transforming play-services-cronet-18.0.1.aar (com.google.android.gms:play-services-cronet:18.0.1) with ExtractAarTransform
Transforming play-services-cronet-18.0.1.aar (com.google.android.gms:play-services-cronet:18.0.1) with AarTransform
Transforming play-services-base-18.0.1.aar (com.google.android.gms:play-services-base:18.0.1) with JetifyTransform
Transforming play-services-base-18.0.1.aar (com.google.android.gms:play-services-base:18.0.1) with ExtractAarTransform
Transforming play-services-base-18.0.1.aar (com.google.android.gms:play-services-base:18.0.1) with AarTransform
Transforming play-services-tasks-18.0.1.aar (com.google.android.gms:play-services-tasks:18.0.1) with JetifyTransform
Transforming play-services-tasks-18.0.1.aar (com.google.android.gms:play-services-tasks:18.0.1) with ExtractAarTransform
Transforming play-services-tasks-18.0.1.aar (com.google.android.gms:play-services-tasks:18.0.1) with AarTransform
Transforming play-services-basement-18.0.0.aar (com.google.android.gms:play-services-basement:18.0.0) with JetifyTransform
Transforming play-services-basement-18.0.0.aar (com.google.android.gms:play-services-basement:18.0.0) with ExtractAarTransform
Transforming play-services-basement-18.0.0.aar (com.google.android.gms:play-services-basement:18.0.0) with AarTransform
Transforming fragment-1.3.6.aar (androidx.fragment:fragment:1.3.6) with JetifyTransform
Transforming fragment-1.3.6.aar (androidx.fragment:fragment:1.3.6) with ExtractAarTransform
Transforming fragment-1.3.6.aar (androidx.fragment:fragment:1.3.6) with AarTransform
Transforming fragment-1.3.6.aar (androidx.fragment:fragment:1.3.6) with JetifyTransform
Transforming fragment-1.3.6.aar (androidx.fragment:fragment:1.3.6) with ExtractAarTransform
Transforming fragment-1.3.6.aar (androidx.fragment:fragment:1.3.6) with AarTransform
Transforming activity-1.8.0.aar (androidx.activity:activity:1.8.0) with JetifyTransform
Transforming activity-1.8.0.aar (androidx.activity:activity:1.8.0) with ExtractAarTransform
Transforming activity-1.8.0.aar (androidx.activity:activity:1.8.0) with AarTransform
Transforming drawerlayout-1.1.1.aar (androidx.drawerlayout:drawerlayout:1.1.1) with JetifyTransform
Transforming drawerlayout-1.1.1.aar (androidx.drawerlayout:drawerlayout:1.1.1) with ExtractAarTransform
Transforming drawerlayout-1.1.1.aar (androidx.drawerlayout:drawerlayout:1.1.1) with AarTransform
Transforming coordinatorlayout-1.1.0.aar (androidx.coordinatorlayout:coordinatorlayout:1.1.0) with JetifyTransform
Transforming coordinatorlayout-1.1.0.aar (androidx.coordinatorlayout:coordinatorlayout:1.1.0) with ExtractAarTransform
Transforming coordinatorlayout-1.1.0.aar (androidx.coordinatorlayout:coordinatorlayout:1.1.0) with AarTransform
Transforming transition-1.5.0.aar (androidx.transition:transition:1.5.0) with JetifyTransform
Transforming transition-1.5.0.aar (androidx.transition:transition:1.5.0) with ExtractAarTransform
Transforming transition-1.5.0.aar (androidx.transition:transition:1.5.0) with AarTransform
Transforming dynamicanimation-1.0.0.aar (androidx.dynamicanimation:dynamicanimation:1.0.0) with JetifyTransform
Transforming dynamicanimation-1.0.0.aar (androidx.dynamicanimation:dynamicanimation:1.0.0) with ExtractAarTransform
Transforming dynamicanimation-1.0.0.aar (androidx.dynamicanimation:dynamicanimation:1.0.0) with AarTransform
Transforming vectordrawable-animated-1.1.0.aar (androidx.vectordrawable:vectordrawable-animated:1.1.0) with JetifyTransform
Transforming vectordrawable-animated-1.1.0.aar (androidx.vectordrawable:vectordrawable-animated:1.1.0) with ExtractAarTransform
Transforming vectordrawable-animated-1.1.0.aar (androidx.vectordrawable:vectordrawable-animated:1.1.0) with AarTransform
Transforming vectordrawable-1.1.0.aar (androidx.vectordrawable:vectordrawable:1.1.0) with JetifyTransform
Transforming vectordrawable-1.1.0.aar (androidx.vectordrawable:vectordrawable:1.1.0) with ExtractAarTransform
Transforming vectordrawable-1.1.0.aar (androidx.vectordrawable:vectordrawable:1.1.0) with AarTransform
Transforming vectordrawable-1.1.0.aar (androidx.vectordrawable:vectordrawable:1.1.0) with JetifyTransform
Transforming vectordrawable-1.1.0.aar (androidx.vectordrawable:vectordrawable:1.1.0) with ExtractAarTransform
Transforming vectordrawable-1.1.0.aar (androidx.vectordrawable:vectordrawable:1.1.0) with AarTransform
Transforming viewpager-1.0.0.aar (androidx.viewpager:viewpager:1.0.0) with JetifyTransform
Transforming viewpager-1.0.0.aar (androidx.viewpager:viewpager:1.0.0) with ExtractAarTransform
Transforming viewpager-1.0.0.aar (androidx.viewpager:viewpager:1.0.0) with AarTransform
Transforming legacy-support-core-utils-1.0.0.aar (androidx.legacy:legacy-support-core-utils:1.0.0) with JetifyTransform
Transforming legacy-support-core-utils-1.0.0.aar (androidx.legacy:legacy-support-core-utils:1.0.0) with ExtractAarTransform
Transforming legacy-support-core-utils-1.0.0.aar (androidx.legacy:legacy-support-core-utils:1.0.0) with AarTransform
Transforming loader-1.0.0.aar (androidx.loader:loader:1.0.0) with JetifyTransform
Transforming loader-1.0.0.aar (androidx.loader:loader:1.0.0) with ExtractAarTransform
Transforming loader-1.0.0.aar (androidx.loader:loader:1.0.0) with AarTransform
Transforming loader-1.0.0.aar (androidx.loader:loader:1.0.0) with JetifyTransform
Transforming loader-1.0.0.aar (androidx.loader:loader:1.0.0) with ExtractAarTransform
Transforming loader-1.0.0.aar (androidx.loader:loader:1.0.0) with AarTransform
Transforming customview-1.1.0.aar (androidx.customview:customview:1.1.0) with JetifyTransform
Transforming customview-1.1.0.aar (androidx.customview:customview:1.1.0) with ExtractAarTransform
Transforming customview-1.1.0.aar (androidx.customview:customview:1.1.0) with AarTransform
Transforming customview-1.1.0.aar (androidx.customview:customview:1.1.0) with JetifyTransform
Transforming customview-1.1.0.aar (androidx.customview:customview:1.1.0) with ExtractAarTransform
Transforming customview-1.1.0.aar (androidx.customview:customview:1.1.0) with AarTransform
Transforming core-1.13.1.aar (androidx.core:core:1.13.1) with JetifyTransform
Transforming core-1.13.1.aar (androidx.core:core:1.13.1) with ExtractAarTransform
Transforming core-1.13.1.aar (androidx.core:core:1.13.1) with AarTransform
Transforming core-1.13.1.aar (androidx.core:core:1.13.1) with JetifyTransform
Transforming core-1.13.1.aar (androidx.core:core:1.13.1) with ExtractAarTransform
Transforming core-1.13.1.aar (androidx.core:core:1.13.1) with AarTransform
Transforming customview-poolingcontainer-1.0.0.aar (androidx.customview:customview-poolingcontainer:1.0.0) with JetifyTransform
Transforming customview-poolingcontainer-1.0.0.aar (androidx.customview:customview-poolingcontainer:1.0.0) with ExtractAarTransform
Transforming customview-poolingcontainer-1.0.0.aar (androidx.customview:customview-poolingcontainer:1.0.0) with AarTransform
Transforming savedstate-1.2.1.aar (androidx.savedstate:savedstate:1.2.1) with JetifyTransform
Transforming savedstate-1.2.1.aar (androidx.savedstate:savedstate:1.2.1) with ExtractAarTransform
Transforming savedstate-1.2.1.aar (androidx.savedstate:savedstate:1.2.1) with AarTransform
Transforming lifecycle-common-jvm-2.8.2.jar (androidx.lifecycle:lifecycle-common-jvm:2.8.2) with JetifyTransform
Transforming lifecycle-common-jvm-2.8.2.jar (androidx.lifecycle:lifecycle-common-jvm:2.8.2) with ExtractJniTransform
Transforming lifecycle-livedata-core-ktx-2.8.2.aar (androidx.lifecycle:lifecycle-livedata-core-ktx:2.8.2) with JetifyTransform
Transforming lifecycle-livedata-core-ktx-2.8.2.aar (androidx.lifecycle:lifecycle-livedata-core-ktx:2.8.2) with ExtractAarTransform
Transforming lifecycle-livedata-core-ktx-2.8.2.aar (androidx.lifecycle:lifecycle-livedata-core-ktx:2.8.2) with AarTransform
Transforming lifecycle-viewmodel-2.8.2.aar (androidx.lifecycle:lifecycle-viewmodel:2.8.2) with JetifyTransform
Transforming lifecycle-viewmodel-2.8.2.aar (androidx.lifecycle:lifecycle-viewmodel:2.8.2) with ExtractAarTransform
Transforming lifecycle-viewmodel-2.8.2.aar (androidx.lifecycle:lifecycle-viewmodel:2.8.2) with AarTransform
Transforming lifecycle-viewmodel-release.aar (androidx.lifecycle:lifecycle-viewmodel-android:2.8.2) with JetifyTransform
Transforming lifecycle-viewmodel-release.aar (androidx.lifecycle:lifecycle-viewmodel-android:2.8.2) with ExtractAarTransform
Transforming lifecycle-viewmodel-release.aar (androidx.lifecycle:lifecycle-viewmodel-android:2.8.2) with AarTransform
Transforming lifecycle-runtime-release.aar (androidx.lifecycle:lifecycle-runtime-android:2.8.2) with JetifyTransform
Transforming lifecycle-runtime-release.aar (androidx.lifecycle:lifecycle-runtime-android:2.8.2) with ExtractAarTransform
Transforming lifecycle-runtime-release.aar (androidx.lifecycle:lifecycle-runtime-android:2.8.2) with AarTransform
Transforming lifecycle-livedata-2.8.2.aar (androidx.lifecycle:lifecycle-livedata:2.8.2) with JetifyTransform
Transforming lifecycle-livedata-2.8.2.aar (androidx.lifecycle:lifecycle-livedata:2.8.2) with ExtractAarTransform
Transforming lifecycle-livedata-2.8.2.aar (androidx.lifecycle:lifecycle-livedata:2.8.2) with AarTransform
Transforming lifecycle-process-2.8.2.aar (androidx.lifecycle:lifecycle-process:2.8.2) with JetifyTransform
Transforming lifecycle-process-2.8.2.aar (androidx.lifecycle:lifecycle-process:2.8.2) with ExtractAarTransform
Transforming lifecycle-process-2.8.2.aar (androidx.lifecycle:lifecycle-process:2.8.2) with AarTransform
Transforming lifecycle-livedata-core-2.8.2.aar (androidx.lifecycle:lifecycle-livedata-core:2.8.2) with JetifyTransform
Transforming lifecycle-livedata-core-2.8.2.aar (androidx.lifecycle:lifecycle-livedata-core:2.8.2) with ExtractAarTransform
Transforming lifecycle-livedata-core-2.8.2.aar (androidx.lifecycle:lifecycle-livedata-core:2.8.2) with AarTransform
Transforming lifecycle-runtime-ktx-release.aar (androidx.lifecycle:lifecycle-runtime-ktx-android:2.8.2) with JetifyTransform
Transforming lifecycle-runtime-ktx-release.aar (androidx.lifecycle:lifecycle-runtime-ktx-android:2.8.2) with ExtractAarTransform
Transforming lifecycle-runtime-ktx-release.aar (androidx.lifecycle:lifecycle-runtime-ktx-android:2.8.2) with AarTransform
Transforming lifecycle-viewmodel-savedstate-2.8.2.aar (androidx.lifecycle:lifecycle-viewmodel-savedstate:2.8.2) with JetifyTransform
Transforming lifecycle-viewmodel-savedstate-2.8.2.aar (androidx.lifecycle:lifecycle-viewmodel-savedstate:2.8.2) with ExtractAarTransform
Transforming lifecycle-viewmodel-savedstate-2.8.2.aar (androidx.lifecycle:lifecycle-viewmodel-savedstate:2.8.2) with AarTransform
Transforming core-ktx-1.13.1.aar (androidx.core:core-ktx:1.13.1) with JetifyTransform
Transforming core-ktx-1.13.1.aar (androidx.core:core-ktx:1.13.1) with ExtractAarTransform
Transforming core-ktx-1.13.1.aar (androidx.core:core-ktx:1.13.1) with AarTransform
Transforming room-common-2.6.1.jar (androidx.room:room-common:2.6.1) with JetifyTransform
Transforming room-common-2.6.1.jar (androidx.room:room-common:2.6.1) with ExtractJniTransform
Transforming room-runtime-2.6.1.aar (androidx.room:room-runtime:2.6.1) with JetifyTransform
Transforming room-runtime-2.6.1.aar (androidx.room:room-runtime:2.6.1) with ExtractAarTransform
Transforming room-runtime-2.6.1.aar (androidx.room:room-runtime:2.6.1) with AarTransform
Transforming room-ktx-2.6.1.aar (androidx.room:room-ktx:2.6.1) with JetifyTransform
Transforming room-ktx-2.6.1.aar (androidx.room:room-ktx:2.6.1) with ExtractAarTransform
Transforming room-ktx-2.6.1.aar (androidx.room:room-ktx:2.6.1) with AarTransform
Transforming annotation-experimental-1.4.0.aar (androidx.annotation:annotation-experimental:1.4.0) with JetifyTransform
Transforming annotation-experimental-1.4.0.aar (androidx.annotation:annotation-experimental:1.4.0) with ExtractAarTransform
Transforming annotation-experimental-1.4.0.aar (androidx.annotation:annotation-experimental:1.4.0) with AarTransform
Transforming sqlite-framework-2.4.0.aar (androidx.sqlite:sqlite-framework:2.4.0) with JetifyTransform
Transforming sqlite-framework-2.4.0.aar (androidx.sqlite:sqlite-framework:2.4.0) with ExtractAarTransform
Transforming sqlite-framework-2.4.0.aar (androidx.sqlite:sqlite-framework:2.4.0) with AarTransform
Transforming sqlite-2.4.0.aar (androidx.sqlite:sqlite:2.4.0) with JetifyTransform
Transforming sqlite-2.4.0.aar (androidx.sqlite:sqlite:2.4.0) with ExtractAarTransform
Transforming sqlite-2.4.0.aar (androidx.sqlite:sqlite:2.4.0) with AarTransform
Transforming kotlinx-coroutines-core-jvm-1.7.3.jar (org.jetbrains.kotlinx:kotlinx-coroutines-core-jvm:1.7.3) with JetifyTransform
Transforming kotlinx-coroutines-core-jvm-1.7.3.jar (org.jetbrains.kotlinx:kotlinx-coroutines-core-jvm:1.7.3) with ExtractJniTransform
Transforming kotlinx-coroutines-android-1.7.3.jar (org.jetbrains.kotlinx:kotlinx-coroutines-android:1.7.3) with JetifyTransform
Transforming kotlinx-coroutines-android-1.7.3.jar (org.jetbrains.kotlinx:kotlinx-coroutines-android:1.7.3) with ExtractJniTransform
Transforming kotlin-stdlib-jdk8-1.8.22.jar (org.jetbrains.kotlin:kotlin-stdlib-jdk8:1.8.22) with JetifyTransform
Transforming kotlin-stdlib-jdk8-1.8.22.jar (org.jetbrains.kotlin:kotlin-stdlib-jdk8:1.8.22) with ExtractJniTransform
Transforming localbroadcastmanager-1.1.0.aar (androidx.localbroadcastmanager:localbroadcastmanager:1.1.0) with JetifyTransform
Transforming localbroadcastmanager-1.1.0.aar (androidx.localbroadcastmanager:localbroadcastmanager:1.1.0) with ExtractAarTransform
Transforming localbroadcastmanager-1.1.0.aar (androidx.localbroadcastmanager:localbroadcastmanager:1.1.0) with AarTransform
Transforming localbroadcastmanager-1.1.0.aar (androidx.localbroadcastmanager:localbroadcastmanager:1.1.0) with JetifyTransform
Transforming localbroadcastmanager-1.1.0.aar (androidx.localbroadcastmanager:localbroadcastmanager:1.1.0) with ExtractAarTransform
Transforming localbroadcastmanager-1.1.0.aar (androidx.localbroadcastmanager:localbroadcastmanager:1.1.0) with AarTransform
Transforming interpolator-1.0.0.aar (androidx.interpolator:interpolator:1.0.0) with JetifyTransform
Transforming interpolator-1.0.0.aar (androidx.interpolator:interpolator:1.0.0) with ExtractAarTransform
Transforming interpolator-1.0.0.aar (androidx.interpolator:interpolator:1.0.0) with AarTransform
Transforming interpolator-1.0.0.aar (androidx.interpolator:interpolator:1.0.0) with JetifyTransform
Transforming interpolator-1.0.0.aar (androidx.interpolator:interpolator:1.0.0) with ExtractAarTransform
Transforming interpolator-1.0.0.aar (androidx.interpolator:interpolator:1.0.0) with AarTransform
Transforming cursoradapter-1.0.0.aar (androidx.cursoradapter:cursoradapter:1.0.0) with JetifyTransform
Transforming cursoradapter-1.0.0.aar (androidx.cursoradapter:cursoradapter:1.0.0) with ExtractAarTransform
Transforming cursoradapter-1.0.0.aar (androidx.cursoradapter:cursoradapter:1.0.0) with AarTransform
Transforming resourceinspection-annotation-1.0.1.jar (androidx.resourceinspection:resourceinspection-annotation:1.0.1) with JetifyTransform
Transforming resourceinspection-annotation-1.0.1.jar (androidx.resourceinspection:resourceinspection-annotation:1.0.1) with ExtractJniTransform
Transforming cardview-1.0.0.aar (androidx.cardview:cardview:1.0.0) with JetifyTransform
Transforming cardview-1.0.0.aar (androidx.cardview:cardview:1.0.0) with ExtractAarTransform
Transforming cardview-1.0.0.aar (androidx.cardview:cardview:1.0.0) with AarTransform
Transforming versionedparcelable-1.1.1.aar (androidx.versionedparcelable:versionedparcelable:1.1.1) with JetifyTransform
Transforming versionedparcelable-1.1.1.aar (androidx.versionedparcelable:versionedparcelable:1.1.1) with ExtractAarTransform
Transforming versionedparcelable-1.1.1.aar (androidx.versionedparcelable:versionedparcelable:1.1.1) with AarTransform
Transforming collection-1.2.0.jar (androidx.collection:collection:1.2.0) with JetifyTransform
Transforming collection-1.2.0.jar (androidx.collection:collection:1.2.0) with ExtractJniTransform
Transforming exifinterface-1.3.6.aar (androidx.exifinterface:exifinterface:1.3.6) with JetifyTransform
Transforming exifinterface-1.3.6.aar (androidx.exifinterface:exifinterface:1.3.6) with ExtractAarTransform
Transforming exifinterface-1.3.6.aar (androidx.exifinterface:exifinterface:1.3.6) with AarTransform
Transforming core-runtime-2.2.0.aar (androidx.arch.core:core-runtime:2.2.0) with JetifyTransform
Transforming core-runtime-2.2.0.aar (androidx.arch.core:core-runtime:2.2.0) with ExtractAarTransform
Transforming core-runtime-2.2.0.aar (androidx.arch.core:core-runtime:2.2.0) with AarTransform
Transforming gifdecoder-4.16.0.aar (com.github.bumptech.glide:gifdecoder:4.16.0) with JetifyTransform
Transforming gifdecoder-4.16.0.aar (com.github.bumptech.glide:gifdecoder:4.16.0) with ExtractAarTransform
Transforming gifdecoder-4.16.0.aar (com.github.bumptech.glide:gifdecoder:4.16.0) with AarTransform
Transforming profileinstaller-1.3.1.aar (androidx.profileinstaller:profileinstaller:1.3.1) with JetifyTransform
Transforming profileinstaller-1.3.1.aar (androidx.profileinstaller:profileinstaller:1.3.1) with ExtractAarTransform
Transforming profileinstaller-1.3.1.aar (androidx.profileinstaller:profileinstaller:1.3.1) with AarTransform
Transforming startup-runtime-1.1.1.aar (androidx.startup:startup-runtime:1.1.1) with JetifyTransform
Transforming startup-runtime-1.1.1.aar (androidx.startup:startup-runtime:1.1.1) with ExtractAarTransform
Transforming startup-runtime-1.1.1.aar (androidx.startup:startup-runtime:1.1.1) with AarTransform
Transforming tracing-1.0.0.aar (androidx.tracing:tracing:1.0.0) with JetifyTransform
Transforming tracing-1.0.0.aar (androidx.tracing:tracing:1.0.0) with ExtractAarTransform
Transforming tracing-1.0.0.aar (androidx.tracing:tracing:1.0.0) with AarTransform
Transforming core-common-2.2.0.jar (androidx.arch.core:core-common:2.2.0) with JetifyTransform
Transforming core-common-2.2.0.jar (androidx.arch.core:core-common:2.2.0) with ExtractJniTransform
Transforming documentfile-1.0.0.aar (androidx.documentfile:documentfile:1.0.0) with JetifyTransform
Transforming documentfile-1.0.0.aar (androidx.documentfile:documentfile:1.0.0) with ExtractAarTransform
Transforming documentfile-1.0.0.aar (androidx.documentfile:documentfile:1.0.0) with AarTransform
Transforming print-1.0.0.aar (androidx.print:print:1.0.0) with JetifyTransform
Transforming print-1.0.0.aar (androidx.print:print:1.0.0) with ExtractAarTransform
Transforming print-1.0.0.aar (androidx.print:print:1.0.0) with AarTransform
Transforming concurrent-futures-1.1.0.jar (androidx.concurrent:concurrent-futures:1.1.0) with JetifyTransform
Transforming concurrent-futures-1.1.0.jar (androidx.concurrent:concurrent-futures:1.1.0) with ExtractJniTransform
Transforming annotation-jvm-1.8.0.jar (androidx.annotation:annotation-jvm:1.8.0) with JetifyTransform
Transforming annotation-jvm-1.8.0.jar (androidx.annotation:annotation-jvm:1.8.0) with ExtractJniTransform
Transforming kotlin-stdlib-jdk7-1.8.22.jar (org.jetbrains.kotlin:kotlin-stdlib-jdk7:1.8.22) with JetifyTransform
Transforming kotlin-stdlib-jdk7-1.8.22.jar (org.jetbrains.kotlin:kotlin-stdlib-jdk7:1.8.22) with ExtractJniTransform
Transforming kotlin-stdlib-1.9.23.jar (org.jetbrains.kotlin:kotlin-stdlib:1.9.23) with JetifyTransform
Transforming kotlin-stdlib-1.9.23.jar (org.jetbrains.kotlin:kotlin-stdlib:1.9.23) with ExtractJniTransform
Transforming gson-2.10.1.jar (com.google.code.gson:gson:2.10.1) with JetifyTransform
Transforming gson-2.10.1.jar (com.google.code.gson:gson:2.10.1) with ExtractJniTransform
Transforming annotations-23.0.0.jar (org.jetbrains:annotations:23.0.0) with JetifyTransform
Transforming annotations-23.0.0.jar (org.jetbrains:annotations:23.0.0) with ExtractJniTransform
Transforming guava-32.1.3-android.jar (com.google.guava:guava:32.1.3-android) with JetifyTransform
Transforming guava-32.1.3-android.jar (com.google.guava:guava:32.1.3-android) with ExtractJniTransform
Transforming listenablefuture-9999.0-empty-to-avoid-conflict-with-guava.jar (com.google.guava:listenablefuture:9999.0-empty-to-avoid-conflict-with-guava) with JetifyTransform
Transforming listenablefuture-9999.0-empty-to-avoid-conflict-with-guava.jar (com.google.guava:listenablefuture:9999.0-empty-to-avoid-conflict-with-guava) with ExtractJniTransform
Transforming error_prone_annotations-2.15.0.jar (com.google.errorprone:error_prone_annotations:2.15.0) with JetifyTransform
Transforming error_prone_annotations-2.15.0.jar (com.google.errorprone:error_prone_annotations:2.15.0) with ExtractJniTransform
Transforming constraintlayout-core-1.0.4.jar (androidx.constraintlayout:constraintlayout-core:1.0.4) with JetifyTransform
Transforming constraintlayout-core-1.0.4.jar (androidx.constraintlayout:constraintlayout-core:1.0.4) with ExtractJniTransform
Transforming disklrucache-4.16.0.jar (com.github.bumptech.glide:disklrucache:4.16.0) with JetifyTransform
Transforming disklrucache-4.16.0.jar (com.github.bumptech.glide:disklrucache:4.16.0) with ExtractJniTransform
Transforming annotations-4.16.0.jar (com.github.bumptech.glide:annotations:4.16.0) with JetifyTransform
Transforming annotations-4.16.0.jar (com.github.bumptech.glide:annotations:4.16.0) with ExtractJniTransform
Transforming cronet-api-72.3626.96.aar (org.chromium.net:cronet-api:72.3626.96) with JetifyTransform
Transforming cronet-api-72.3626.96.aar (org.chromium.net:cronet-api:72.3626.96) with ExtractAarTransform
Transforming cronet-api-72.3626.96.aar (org.chromium.net:cronet-api:72.3626.96) with AarTransform
Transforming failureaccess-1.0.1.jar (com.google.guava:failureaccess:1.0.1) with JetifyTransform
Transforming failureaccess-1.0.1.jar (com.google.guava:failureaccess:1.0.1) with ExtractJniTransform
Skipping task ':app:mergeDebugNativeLibs' as it has no source files and no previous output files.
Resolve mutations for :app:stripDebugDebugSymbols (Thread[Execution worker Thread 7,5,main]) started.
:app:stripDebugDebugSymbols (Thread[Execution worker Thread 7,5,main]) started.

> Task :app:stripDebugDebugSymbols NO-SOURCE
Skipping task ':app:stripDebugDebugSymbols' as it has no source files and no previous output files.
Resolve mutations for :app:validateSigningDebug (Thread[Execution worker Thread 7,5,main]) started.
:app:validateSigningDebug (Thread[Execution worker Thread 7,5,main]) started.

> Task :app:validateSigningDebug UP-TO-DATE
Caching disabled for task ':app:validateSigningDebug' because:
  Build cache is disabled
Skipping task ':app:validateSigningDebug' as it is up-to-date.
Resolve mutations for :app:writeDebugAppMetadata (Thread[Execution worker Thread 7,5,main]) started.
:app:writeDebugAppMetadata (Thread[Execution worker Thread 7,5,main]) started.

> Task :app:writeDebugAppMetadata UP-TO-DATE
Caching disabled for task ':app:writeDebugAppMetadata' because:
  Build cache is disabled
Skipping task ':app:writeDebugAppMetadata' as it is up-to-date.
Resolve mutations for :app:writeDebugSigningConfigVersions (Thread[Execution worker Thread 7,5,main]) started.
:app:writeDebugSigningConfigVersions (Thread[Execution worker Thread 7,5,main]) started.

> Task :app:writeDebugSigningConfigVersions UP-TO-DATE
Caching disabled for task ':app:writeDebugSigningConfigVersions' because:
  Build cache is disabled
Skipping task ':app:writeDebugSigningConfigVersions' as it is up-to-date.

> Task :app:compileDebugKotlin
Transforming R.jar with ClasspathEntrySnapshotTransform
Transforming jetified-viewbinding-8.4.1-api.jar with ClasspathEntrySnapshotTransform
Transforming material-1.12.0-api.jar with ClasspathEntrySnapshotTransform
Transforming appcompat-1.6.1-api.jar with ClasspathEntrySnapshotTransform
Transforming jetified-glide-4.16.0-api.jar with ClasspathEntrySnapshotTransform
Transforming jetified-viewpager2-1.1.0-beta02-api.jar with ClasspathEntrySnapshotTransform
Transforming jetified-media3-datasource-cronet-1.3.1-api.jar with ClasspathEntrySnapshotTransform
Transforming jetified-play-services-cronet-18.0.1-api.jar with ClasspathEntrySnapshotTransform
Transforming jetified-play-services-base-18.0.1-api.jar with ClasspathEntrySnapshotTransform
Transforming jetified-play-services-tasks-18.0.1-api.jar with ClasspathEntrySnapshotTransform
Transforming jetified-play-services-basement-18.0.0-api.jar with ClasspathEntrySnapshotTransform
Transforming fragment-1.3.6-api.jar with ClasspathEntrySnapshotTransform
Transforming jetified-activity-1.8.0-api.jar with ClasspathEntrySnapshotTransform
Transforming browser-1.8.0-api.jar with ClasspathEntrySnapshotTransform
Transforming webkit-1.11.0-api.jar with ClasspathEntrySnapshotTransform
Transforming media-1.7.0-api.jar with ClasspathEntrySnapshotTransform
Transforming recyclerview-1.3.2-api.jar with ClasspathEntrySnapshotTransform
Transforming jetified-appcompat-resources-1.6.1-api.jar with ClasspathEntrySnapshotTransform
Transforming drawerlayout-1.1.1-api.jar with ClasspathEntrySnapshotTransform
Transforming coordinatorlayout-1.1.0-api.jar with ClasspathEntrySnapshotTransform
Transforming dynamicanimation-1.0.0-api.jar with ClasspathEntrySnapshotTransform
Transforming transition-1.5.0-api.jar with ClasspathEntrySnapshotTransform
Transforming vectordrawable-animated-1.1.0-api.jar with ClasspathEntrySnapshotTransform
Transforming vectordrawable-1.1.0-api.jar with ClasspathEntrySnapshotTransform
Transforming viewpager-1.0.0-api.jar with ClasspathEntrySnapshotTransform
Transforming customview-1.1.0-api.jar with ClasspathEntrySnapshotTransform
Transforming legacy-support-core-utils-1.0.0-api.jar with ClasspathEntrySnapshotTransform
Transforming loader-1.0.0-api.jar with ClasspathEntrySnapshotTransform
Transforming core-1.13.1-api.jar with ClasspathEntrySnapshotTransform
Transforming jetified-lifecycle-common-jvm-2.8.2.jar with ClasspathEntrySnapshotTransform
Transforming jetified-lifecycle-livedata-core-ktx-2.8.2-api.jar with ClasspathEntrySnapshotTransform
Transforming lifecycle-livedata-2.8.2-api.jar with ClasspathEntrySnapshotTransform
Transforming lifecycle-viewmodel-2.8.2-api.jar with ClasspathEntrySnapshotTransform
Transforming jetified-lifecycle-viewmodel-release-api.jar with ClasspathEntrySnapshotTransform
Transforming jetified-lifecycle-runtime-release-api.jar with ClasspathEntrySnapshotTransform
Transforming lifecycle-livedata-core-2.8.2-api.jar with ClasspathEntrySnapshotTransform
Transforming jetified-lifecycle-runtime-ktx-release-api.jar with ClasspathEntrySnapshotTransform
Transforming jetified-lifecycle-viewmodel-savedstate-2.8.2-api.jar with ClasspathEntrySnapshotTransform
Transforming jetified-core-ktx-1.13.1-api.jar with ClasspathEntrySnapshotTransform
Transforming room-common-2.6.1.jar with ClasspathEntrySnapshotTransform
Transforming room-runtime-2.6.1-api.jar with ClasspathEntrySnapshotTransform
Transforming jetified-room-ktx-2.6.1-api.jar with ClasspathEntrySnapshotTransform
Transforming jetified-media3-exoplayer-1.3.1-api.jar with ClasspathEntrySnapshotTransform
Transforming jetified-media3-session-1.3.1-api.jar with ClasspathEntrySnapshotTransform
Transforming jetified-media3-common-1.3.1-api.jar with ClasspathEntrySnapshotTransform
Transforming jetified-annotation-experimental-1.4.0-api.jar with ClasspathEntrySnapshotTransform
Transforming jetified-savedstate-1.2.1-api.jar with ClasspathEntrySnapshotTransform
Transforming localbroadcastmanager-1.1.0-api.jar with ClasspathEntrySnapshotTransform
Transforming cursoradapter-1.0.0-api.jar with ClasspathEntrySnapshotTransform
Transforming cardview-1.0.0-api.jar with ClasspathEntrySnapshotTransform
Transforming sqlite-framework-2.4.0-api.jar with ClasspathEntrySnapshotTransform
Transforming sqlite-2.4.0-api.jar with ClasspathEntrySnapshotTransform
Transforming jetified-gifdecoder-4.16.0-api.jar with ClasspathEntrySnapshotTransform
Transforming versionedparcelable-1.1.1-api.jar with ClasspathEntrySnapshotTransform
Transforming collection-1.2.0.jar with ClasspathEntrySnapshotTransform
Transforming interpolator-1.0.0-api.jar with ClasspathEntrySnapshotTransform
Transforming documentfile-1.0.0-api.jar with ClasspathEntrySnapshotTransform
Transforming print-1.0.0-api.jar with ClasspathEntrySnapshotTransform
Transforming core-runtime-2.2.0-api.jar with ClasspathEntrySnapshotTransform
Transforming core-common-2.2.0.jar with ClasspathEntrySnapshotTransform
Transforming jetified-annotation-jvm-1.8.0.jar with ClasspathEntrySnapshotTransform
Transforming jetified-kotlinx-coroutines-core-jvm-1.7.3.jar with ClasspathEntrySnapshotTransform
Transforming jetified-kotlinx-coroutines-android-1.7.3.jar with ClasspathEntrySnapshotTransform
Transforming jetified-kotlin-stdlib-jdk8-1.8.22.jar with ClasspathEntrySnapshotTransform
Transforming jetified-kotlin-stdlib-jdk7-1.8.22.jar with ClasspathEntrySnapshotTransform
Transforming jetified-kotlin-stdlib-1.9.23.jar with ClasspathEntrySnapshotTransform
Transforming constraintlayout-2.1.4-api.jar with ClasspathEntrySnapshotTransform
Transforming jetified-media3-exoplayer-hls-1.3.1-api.jar with ClasspathEntrySnapshotTransform
Transforming jetified-media3-ui-1.3.1-api.jar with ClasspathEntrySnapshotTransform
Transforming jetified-gson-2.10.1.jar with ClasspathEntrySnapshotTransform
Transforming jetified-annotations-23.0.0.jar with ClasspathEntrySnapshotTransform
Transforming jetified-guava-32.1.3-android.jar with ClasspathEntrySnapshotTransform
Transforming jetified-listenablefuture-9999.0-empty-to-avoid-conflict-with-guava.jar with ClasspathEntrySnapshotTransform
Transforming jetified-tracing-1.0.0-api.jar with ClasspathEntrySnapshotTransform
Transforming jetified-resourceinspection-annotation-1.0.1.jar with ClasspathEntrySnapshotTransform
Transforming exifinterface-1.3.6-api.jar with ClasspathEntrySnapshotTransform
Transforming jetified-failureaccess-1.0.1.jar with ClasspathEntrySnapshotTransform
Transforming jetified-media3-container-1.3.1-api.jar with ClasspathEntrySnapshotTransform
Transforming jetified-media3-database-1.3.1-api.jar with ClasspathEntrySnapshotTransform
Transforming jetified-media3-datasource-1.3.1-api.jar with ClasspathEntrySnapshotTransform
Transforming jetified-cronet-api-72.3626.96-api.jar with ClasspathEntrySnapshotTransform
Transforming jetified-media3-decoder-1.3.1-api.jar with ClasspathEntrySnapshotTransform
Transforming jetified-media3-extractor-1.3.1-api.jar with ClasspathEntrySnapshotTransform
Transforming jetified-disklrucache-4.16.0.jar with ClasspathEntrySnapshotTransform
Transforming jetified-annotations-4.16.0.jar with ClasspathEntrySnapshotTransform
Transforming android.jar with ClasspathEntrySnapshotTransform
Transforming core-lambda-stubs.jar with ClasspathEntrySnapshotTransform
Transforming debug with ClasspathEntrySnapshotTransform
Caching disabled for task ':app:compileDebugKotlin' because:
  Build cache is disabled
Task ':app:compileDebugKotlin' is not up-to-date because:
  Input property 'classpathSnapshotProperties.classpathSnapshot' file /data/user/0/com.itsaky.androidide/files/home/.gradle/caches/transforms-4/67bf404ee84659abf6a2922dfd9eb585/transformed/R_jar-snapshot.bin has been removed.
  Input property 'classpathSnapshotProperties.classpathSnapshot' file /data/user/0/com.itsaky.androidide/files/home/.gradle/caches/transforms-4/2811684e614052480eff038dc98c87e0/transformed/R_jar-snapshot.bin has been added.
  Input property 'classpathSnapshotProperties.classpathSnapshot' file /data/user/0/com.itsaky.androidide/files/home/.gradle/caches/transforms-4/0beed0ca65d72057d6df2295da942f3b/transformed/jetified-media3-datasource-cronet-1_3_1-api_jar-snapshot.bin has been added.
file or directory '/storage/emulated/0/AndroidIDEProjects/Mydownloader/app/src/debug/kotlin', not found
file or directory '/storage/emulated/0/AndroidIDEProjects/Mydownloader/app/src/debug/kotlin', not found
file or directory '/storage/emulated/0/AndroidIDEProjects/Mydownloader/app/src/debug/java', not found
file or directory '/storage/emulated/0/AndroidIDEProjects/Mydownloader/app/src/debug/kotlin', not found
file or directory '/storage/emulated/0/AndroidIDEProjects/Mydownloader/app/src/debug/java', not found
file or directory '/storage/emulated/0/AndroidIDEProjects/Mydownloader/app/src/debug/kotlin', not found
file or directory '/storage/emulated/0/AndroidIDEProjects/Mydownloader/app/src/debug/kotlin', not found
file or directory '/storage/emulated/0/AndroidIDEProjects/Mydownloader/app/src/debug/java', not found
file or directory '/storage/emulated/0/AndroidIDEProjects/Mydownloader/app/src/debug/kotlin', not found
file or directory '/storage/emulated/0/AndroidIDEProjects/Mydownloader/app/src/debug/java', not found
file or directory '/storage/emulated/0/AndroidIDEProjects/Mydownloader/app/src/main/kotlin', not found
file or directory '/storage/emulated/0/AndroidIDEProjects/Mydownloader/app/src/main/kotlin', not found
file or directory '/storage/emulated/0/AndroidIDEProjects/Mydownloader/app/src/main/kotlin', not found
file or directory '/storage/emulated/0/AndroidIDEProjects/Mydownloader/app/src/main/kotlin', not found
file or directory '/storage/emulated/0/AndroidIDEProjects/Mydownloader/app/src/main/kotlin', not found
file or directory '/storage/emulated/0/AndroidIDEProjects/Mydownloader/app/src/main/kotlin', not found
file or directory '/storage/emulated/0/AndroidIDEProjects/Mydownloader/app/src/debug/java', not found
file or directory '/storage/emulated/0/AndroidIDEProjects/Mydownloader/app/src/debug/kotlin', not found
file or directory '/storage/emulated/0/AndroidIDEProjects/Mydownloader/app/src/debug/kotlin', not found
file or directory '/storage/emulated/0/AndroidIDEProjects/Mydownloader/app/src/debug/java', not found
file or directory '/storage/emulated/0/AndroidIDEProjects/Mydownloader/app/src/debug/kotlin', not found
file or directory '/storage/emulated/0/AndroidIDEProjects/Mydownloader/app/src/debug/java', not found
file or directory '/storage/emulated/0/AndroidIDEProjects/Mydownloader/app/src/debug/kotlin', not found
file or directory '/storage/emulated/0/AndroidIDEProjects/Mydownloader/app/src/debug/kotlin', not found
file or directory '/storage/emulated/0/AndroidIDEProjects/Mydownloader/app/src/debug/java', not found
file or directory '/storage/emulated/0/AndroidIDEProjects/Mydownloader/app/src/debug/kotlin', not found
file or directory '/storage/emulated/0/AndroidIDEProjects/Mydownloader/app/src/debug/java', not found
file or directory '/storage/emulated/0/AndroidIDEProjects/Mydownloader/app/src/main/kotlin', not found
file or directory '/storage/emulated/0/AndroidIDEProjects/Mydownloader/app/src/main/kotlin', not found
file or directory '/storage/emulated/0/AndroidIDEProjects/Mydownloader/app/src/main/kotlin', not found
file or directory '/storage/emulated/0/AndroidIDEProjects/Mydownloader/app/src/main/kotlin', not found
file or directory '/storage/emulated/0/AndroidIDEProjects/Mydownloader/app/src/main/kotlin', not found
file or directory '/storage/emulated/0/AndroidIDEProjects/Mydownloader/app/src/main/kotlin', not found
file or directory '/storage/emulated/0/AndroidIDEProjects/Mydownloader/app/src/debug/java', not found
file or directory '/storage/emulated/0/AndroidIDEProjects/Mydownloader/app/src/debug/kotlin', not found
file or directory '/storage/emulated/0/AndroidIDEProjects/Mydownloader/app/src/debug/kotlin', not found
file or directory '/storage/emulated/0/AndroidIDEProjects/Mydownloader/app/src/debug/java', not found
file or directory '/storage/emulated/0/AndroidIDEProjects/Mydownloader/app/src/debug/kotlin', not found
file or directory '/storage/emulated/0/AndroidIDEProjects/Mydownloader/app/src/debug/java', not found
file or directory '/storage/emulated/0/AndroidIDEProjects/Mydownloader/app/src/debug/kotlin', not found
file or directory '/storage/emulated/0/AndroidIDEProjects/Mydownloader/app/src/debug/kotlin', not found
file or directory '/storage/emulated/0/AndroidIDEProjects/Mydownloader/app/src/debug/java', not found
file or directory '/storage/emulated/0/AndroidIDEProjects/Mydownloader/app/src/debug/kotlin', not found
file or directory '/storage/emulated/0/AndroidIDEProjects/Mydownloader/app/src/debug/java', not found
file or directory '/storage/emulated/0/AndroidIDEProjects/Mydownloader/app/src/main/kotlin', not found
file or directory '/storage/emulated/0/AndroidIDEProjects/Mydownloader/app/src/main/kotlin', not found
file or directory '/storage/emulated/0/AndroidIDEProjects/Mydownloader/app/src/main/kotlin', not found
file or directory '/storage/emulated/0/AndroidIDEProjects/Mydownloader/app/src/main/kotlin', not found
file or directory '/storage/emulated/0/AndroidIDEProjects/Mydownloader/app/src/main/kotlin', not found
file or directory '/storage/emulated/0/AndroidIDEProjects/Mydownloader/app/src/main/kotlin', not found
file or directory '/storage/emulated/0/AndroidIDEProjects/Mydownloader/app/src/debug/java', not found
file or directory '/storage/emulated/0/AndroidIDEProjects/Mydownloader/app/src/debug/kotlin', not found
file or directory '/storage/emulated/0/AndroidIDEProjects/Mydownloader/app/src/debug/kotlin', not found
file or directory '/storage/emulated/0/AndroidIDEProjects/Mydownloader/app/src/debug/java', not found
file or directory '/storage/emulated/0/AndroidIDEProjects/Mydownloader/app/src/debug/kotlin', not found
file or directory '/storage/emulated/0/AndroidIDEProjects/Mydownloader/app/src/debug/java', not found
file or directory '/storage/emulated/0/AndroidIDEProjects/Mydownloader/app/src/debug/kotlin', not found
file or directory '/storage/emulated/0/AndroidIDEProjects/Mydownloader/app/src/debug/kotlin', not found
file or directory '/storage/emulated/0/AndroidIDEProjects/Mydownloader/app/src/debug/java', not found
file or directory '/storage/emulated/0/AndroidIDEProjects/Mydownloader/app/src/debug/kotlin', not found
file or directory '/storage/emulated/0/AndroidIDEProjects/Mydownloader/app/src/debug/java', not found
file or directory '/storage/emulated/0/AndroidIDEProjects/Mydownloader/app/src/main/kotlin', not found
file or directory '/storage/emulated/0/AndroidIDEProjects/Mydownloader/app/src/main/kotlin', not found
file or directory '/storage/emulated/0/AndroidIDEProjects/Mydownloader/app/src/main/kotlin', not found
file or directory '/storage/emulated/0/AndroidIDEProjects/Mydownloader/app/src/main/kotlin', not found
file or directory '/storage/emulated/0/AndroidIDEProjects/Mydownloader/app/src/main/kotlin', not found
file or directory '/storage/emulated/0/AndroidIDEProjects/Mydownloader/app/src/main/kotlin', not found
file or directory '/storage/emulated/0/AndroidIDEProjects/Mydownloader/app/src/debug/java', not found
Kotlin source files: /storage/emulated/0/AndroidIDEProjects/Mydownloader/app/src/main/java/com/omymaxz/download/AdBlockerJSInterface.kt, /storage/emulated/0/AndroidIDEProjects/Mydownloader/app/src/main/java/com/omymaxz/download/UserScriptManagerActivity.kt, /storage/emulated/0/AndroidIDEProjects/Mydownloader/app/src/main/java/com/omymaxz/download/HistoryItem.kt, /storage/emulated/0/AndroidIDEProjects/Mydownloader/app/src/main/java/com/omymaxz/download/MainActivity.kt, /storage/emulated/0/AndroidIDEProjects/Mydownloader/app/src/main/java/com/omymaxz/download/MediaForegroundService.kt, /storage/emulated/0/AndroidIDEProjects/Mydownloader/app/src/main/java/com/omymaxz/download/BookmarkDao.kt, /storage/emulated/0/AndroidIDEProjects/Mydownloader/app/src/main/java/com/omymaxz/download/Bookmark.kt, /storage/emulated/0/AndroidIDEProjects/Mydownloader/app/src/main/java/com/omymaxz/download/Converter.kt, /storage/emulated/0/AndroidIDEProjects/Mydownloader/app/src/main/java/com/omymaxz/download/Tab.kt, /storage/emulated/0/AndroidIDEProjects/Mydownloader/app/src/main/java/com/omymaxz/download/BookmarkAdapter.kt, /storage/emulated/0/AndroidIDEProjects/Mydownloader/app/src/main/java/com/omymaxz/download/AppDatabase.kt, /storage/emulated/0/AndroidIDEProjects/Mydownloader/app/src/main/java/com/omymaxz/download/MediaListAdapter.kt, /storage/emulated/0/AndroidIDEProjects/Mydownloader/app/src/main/java/com/omymaxz/download/MediaModels.kt, /storage/emulated/0/AndroidIDEProjects/Mydownloader/app/src/main/java/com/omymaxz/download/VideoFormat.kt, /storage/emulated/0/AndroidIDEProjects/Mydownloader/app/src/main/java/com/omymaxz/download/HistoryAdapter.kt, /storage/emulated/0/AndroidIDEProjects/Mydownloader/app/src/main/java/com/omymaxz/download/HistoryActivity.kt, /storage/emulated/0/AndroidIDEProjects/Mydownloader/app/src/main/java/com/omymaxz/download/UserScriptDao.kt, /storage/emulated/0/AndroidIDEProjects/Mydownloader/app/src/main/java/com/omymaxz/download/UserScript.kt, /storage/emulated/0/AndroidIDEProjects/Mydownloader/app/src/main/java/com/omymaxz/download/TabAdapter.kt, /storage/emulated/0/AndroidIDEProjects/Mydownloader/app/src/main/java/com/omymaxz/download/GMApi.kt, /storage/emulated/0/AndroidIDEProjects/Mydownloader/app/src/main/java/com/omymaxz/download/AddEditScriptActivity.kt, /storage/emulated/0/AndroidIDEProjects/Mydownloader/app/src/main/java/com/omymaxz/download/UserScriptAdapter.kt, /storage/emulated/0/AndroidIDEProjects/Mydownloader/app/src/main/java/com/omymaxz/download/WebViewForegroundService.kt, /storage/emulated/0/AndroidIDEProjects/Mydownloader/app/src/main/java/com/omymaxz/download/WebViewManager.kt, /storage/emulated/0/AndroidIDEProjects/Mydownloader/app/src/main/java/com/omymaxz/download/MediaDetectionService.kt, /storage/emulated/0/AndroidIDEProjects/Mydownloader/app/src/main/java/com/omymaxz/download/BackupRestoreManager.kt, /storage/emulated/0/AndroidIDEProjects/Mydownloader/app/src/main/java/com/omymaxz/download/UserscriptInterface.kt, /storage/emulated/0/AndroidIDEProjects/Mydownloader/app/src/main/java/com/omymaxz/download/RedirectLogic.kt, /storage/emulated/0/AndroidIDEProjects/Mydownloader/app/src/main/java/com/omymaxz/download/HlsDownloadHelper.kt, /storage/emulated/0/AndroidIDEProjects/Mydownloader/app/src/main/java/com/omymaxz/download/HlsDownloadService.kt
Java source files: /storage/emulated/0/AndroidIDEProjects/Mydownloader/app/build/generated/data_binding_base_class_source_out/debug/out/com/omymaxz/download/databinding/ActivityAddEditScriptBinding.java, /storage/emulated/0/AndroidIDEProjects/Mydownloader/app/build/generated/data_binding_base_class_source_out/debug/out/com/omymaxz/download/databinding/ActivityHistoryBinding.java, /storage/emulated/0/AndroidIDEProjects/Mydownloader/app/build/generated/data_binding_base_class_source_out/debug/out/com/omymaxz/download/databinding/ActivityMainBinding.java, /storage/emulated/0/AndroidIDEProjects/Mydownloader/app/build/generated/data_binding_base_class_source_out/debug/out/com/omymaxz/download/databinding/ActivityUserScriptManagerBinding.java, /storage/emulated/0/AndroidIDEProjects/Mydownloader/app/build/generated/data_binding_base_class_source_out/debug/out/com/omymaxz/download/databinding/DialogMediaListBinding.java, /storage/emulated/0/AndroidIDEProjects/Mydownloader/app/build/generated/data_binding_base_class_source_out/debug/out/com/omymaxz/download/databinding/DialogTabsBinding.java, /storage/emulated/0/AndroidIDEProjects/Mydownloader/app/build/generated/data_binding_base_class_source_out/debug/out/com/omymaxz/download/databinding/ItemBookmarkBinding.java, /storage/emulated/0/AndroidIDEProjects/Mydownloader/app/build/generated/data_binding_base_class_source_out/debug/out/com/omymaxz/download/databinding/ItemHistoryBinding.java, /storage/emulated/0/AndroidIDEProjects/Mydownloader/app/build/generated/data_binding_base_class_source_out/debug/out/com/omymaxz/download/databinding/ItemTabBinding.java, /storage/emulated/0/AndroidIDEProjects/Mydownloader/app/build/generated/data_binding_base_class_source_out/debug/out/com/omymaxz/download/databinding/ItemUserScriptBinding.java, /storage/emulated/0/AndroidIDEProjects/Mydownloader/app/build/generated/data_binding_base_class_source_out/debug/out/com/omymaxz/download/databinding/ListItemMediaBinding.java, /storage/emulated/0/AndroidIDEProjects/Mydownloader/app/build/generated/source/kapt/debug/com/omymaxz/download/BookmarkDao_Impl.java, /storage/emulated/0/AndroidIDEProjects/Mydownloader/app/build/generated/source/kapt/debug/com/omymaxz/download/UserScriptDao_Impl.java, /storage/emulated/0/AndroidIDEProjects/Mydownloader/app/build/generated/source/kapt/debug/com/omymaxz/download/AppDatabase_Impl.java
Script source files: 
Script file extensions: 
Using Kotlin/JVM incremental compilation
[KOTLIN] Kotlin compilation 'jdkHome' argument: null
i: found daemon on port 17525 (11002900 ms old), trying to connect
i: connected to the daemon
Options for KOTLIN DAEMON: IncrementalCompilationOptions(super=CompilationOptions(compilerMode=INCREMENTAL_COMPILER, targetPlatform=JVM, reportCategories=[0, 3], reportSeverity=2, requestedCompilationResults=[0], kotlinScriptExtensions=[]), areFileChangesKnown=true, modifiedFiles=[/storage/emulated/0/AndroidIDEProjects/Mydownloader/app/src/main/java/com/omymaxz/download/MainActivity.kt, /storage/emulated/0/AndroidIDEProjects/Mydownloader/app/src/main/java/com/omymaxz/download/HlsDownloadHelper.kt, /storage/emulated/0/AndroidIDEProjects/Mydownloader/app/src/main/java/com/omymaxz/download/HlsDownloadService.kt, /data/user/0/com.itsaky.androidide/files/home/.gradle/caches/transforms-4/2811684e614052480eff038dc98c87e0/transformed/R_jar-snapshot.bin, /data/user/0/com.itsaky.androidide/files/home/.gradle/caches/transforms-4/0beed0ca65d72057d6df2295da942f3b/transformed/jetified-media3-datasource-cronet-1_3_1-api_jar-snapshot.bin, /data/user/0/com.itsaky.androidide/files/home/.gradle/caches/transforms-4/3bcd5d36dcdbc5197b6ec17a8a4ec05b/transformed/jetified-play-services-cronet-18_0_1-api_jar-snapshot.bin, /data/user/0/com.itsaky.androidide/files/home/.gradle/caches/transforms-4/92bbe6ac515c691801e68f6ece54894a/transformed/jetified-play-services-base-18_0_1-api_jar-snapshot.bin, /data/user/0/com.itsaky.androidide/files/home/.gradle/caches/transforms-4/0edc6e2144ebf9e015bdcbe2cf6f592c/transformed/jetified-play-services-tasks-18_0_1-api_jar-snapshot.bin, /data/user/0/com.itsaky.androidide/files/home/.gradle/caches/transforms-4/ed885c7c1359389a9ed642c0713f4833/transformed/jetified-play-services-basement-18_0_0-api_jar-snapshot.bin, /data/user/0/com.itsaky.androidide/files/home/.gradle/caches/transforms-4/4c2ecc3c80bae1b53da0c657b624ef0a/transformed/jetified-media3-exoplayer-hls-1_3_1-api_jar-snapshot.bin, /data/user/0/com.itsaky.androidide/files/home/.gradle/caches/transforms-4/51f05ccdc2ac67b95e5af9920671a040/transformed/jetified-cronet-api-72_3626_96-api_jar-snapshot.bin], deletedFiles=[/data/user/0/com.itsaky.androidide/files/home/.gradle/caches/transforms-4/67bf404ee84659abf6a2922dfd9eb585/transformed/R_jar-snapshot.bin], classpathChanges=ToBeComputedByIncrementalCompiler, workingDir=/storage/emulated/0/AndroidIDEProjects/Mydownloader/app/build/kotlin/compileDebugKotlin/cacheable, multiModuleICSettings=MultiModuleICSettings(buildHistoryFile=/storage/emulated/0/AndroidIDEProjects/Mydownloader/app/build/kotlin/compileDebugKotlin/local-state/build-history.bin, useModuleDetection=true), usePreciseJavaTracking=true, outputFiles=[/storage/emulated/0/AndroidIDEProjects/Mydownloader/app/build/tmp/kotlin-classes/debug, /storage/emulated/0/AndroidIDEProjects/Mydownloader/app/build/kotlin/compileDebugKotlin/cacheable, /storage/emulated/0/AndroidIDEProjects/Mydownloader/app/build/kotlin/compileDebugKotlin/local-state])
e: file:///storage/emulated/0/AndroidIDEProjects/Mydownloader/app/src/main/java/com/omymaxz/download/HlsDownloadHelper.kt:157:21 Unresolved reference: Util
Restoring task outputs to pre-compilation state

> Task :app:compileDebugKotlin FAILED

FAILURE: Build failed with an exception.

* What went wrong:
Execution failed for task ':app:compileDebugKotlin'.
> A failure occurred while executing org.jetbrains.kotlin.compilerRunner.GradleCompilerRunnerWithWorkers$GradleKotlinCompilerWorkAction
   > Compilation error. See log for more details

* Try:
> Run with --stacktrace option to get the stack trace.
> Run with --debug option to get more log output.
> Run with --scan to get full insights.
> Get more help at https://help.gradle.org.

BUILD FAILED in 28s
32 actionable tasks: 2 executed, 30 up-to-date
