Run tasks : [:app:assembleDebug]
The client will now receive all logging from the daemon (pid: 13837). The daemon log file: /data/user/0/com.itsaky.androidide/files/home/.gradle/daemon/8.6/daemon-13837.out.log
Starting 10th build in daemon [uptime: 4 hrs 24 mins 35.59 secs, performance: 99%, GC rate: 0.00/s, heap usage: 3% of 2 GiB]
Closing daemon's stdin at end of input.
The daemon will no longer process any standard input.
Using 8 worker leases.
Watching the file system is configured to be enabled if available
File system watching is inactive
Transforming build-info-2.7.1-beta.jar (com.itsaky.androidide:build-info:2.7.1-beta) with ExternalDependencyInstrumentingArtifactTransform
Transforming gradle-plugin-config-2.7.1-beta.jar (com.itsaky.androidide:gradle-plugin-config:2.7.1-beta) with ExternalDependencyInstrumentingArtifactTransform
Transforming annotations-13.0.jar (org.jetbrains:annotations:13.0) with ExternalDependencyInstrumentingArtifactTransform
Transforming gradle-plugin-2.7.1-beta.jar (com.itsaky.androidide:gradle-plugin:2.7.1-beta) with ExternalDependencyInstrumentingArtifactTransform
Transforming kotlin-stdlib-1.9.21.jar (org.jetbrains.kotlin:kotlin-stdlib:1.9.21) with ExternalDependencyInstrumentingArtifactTransform
Starting Build
Settings evaluated using settings file '/storage/emulated/0/AndroidIDEProjects/Mydownloader/settings.gradle.kts'.
Projects loaded. Root project using build file '/storage/emulated/0/AndroidIDEProjects/Mydownloader/build.gradle.kts'.
Included projects: [root project 'MyDownloader', project ':app']

> Configure project :
Evaluating root project 'MyDownloader' using build file '/storage/emulated/0/AndroidIDEProjects/Mydownloader/build.gradle.kts'.
Transforming gradle-plugin-2.7.1-beta.jar (com.itsaky.androidide:gradle-plugin:2.7.1-beta) with ExternalDependencyInstrumentingArtifactTransform
Transforming annotations-13.0.jar (org.jetbrains:annotations:13.0) with ExternalDependencyInstrumentingArtifactTransform
Transforming gradle-plugin-config-2.7.1-beta.jar (com.itsaky.androidide:gradle-plugin-config:2.7.1-beta) with ExternalDependencyInstrumentingArtifactTransform
Transforming build-info-2.7.1-beta.jar (com.itsaky.androidide:build-info:2.7.1-beta) with ExternalDependencyInstrumentingArtifactTransform
Transforming gradle-8.4.1.jar (com.android.tools.build:gradle:8.4.1) with ExternalDependencyInstrumentingArtifactTransform
Transforming jetifier-processor-1.0.0-beta10.jar (com.android.tools.build.jetifier:jetifier-processor:1.0.0-beta10) with ExternalDependencyInstrumentingArtifactTransform
Transforming sdk-common-31.4.1.jar (com.android.tools:sdk-common:31.4.1) with ExternalDependencyInstrumentingArtifactTransform
Transforming builder-8.4.1.jar (com.android.tools.build:builder:8.4.1) with ExternalDependencyInstrumentingArtifactTransform
Transforming repository-31.4.1.jar (com.android.tools:repository:31.4.1) with ExternalDependencyInstrumentingArtifactTransform
Transforming sdklib-31.4.1.jar (com.android.tools:sdklib:31.4.1) with ExternalDependencyInstrumentingArtifactTransform
Transforming gradle-settings-api-8.4.1.jar (com.android.tools.build:gradle-settings-api:8.4.1) with ExternalDependencyInstrumentingArtifactTransform
Transforming manifest-merger-31.4.1.jar (com.android.tools.build:manifest-merger:31.4.1) with ExternalDependencyInstrumentingArtifactTransform
Transforming tracker-31.4.1.jar (com.android.tools.analytics-library:tracker:31.4.1) with ExternalDependencyInstrumentingArtifactTransform
Transforming jetifier-core-1.0.0-beta10.jar (com.android.tools.build.jetifier:jetifier-core:1.0.0-beta10) with ExternalDependencyInstrumentingArtifactTransform
Transforming android-test-plugin-host-emulator-control-proto-31.4.1.jar (com.android.tools.utp:android-test-plugin-host-emulator-control-proto:31.4.1) with ExternalDependencyInstrumentingArtifactTransform
Transforming gradle-api-8.4.1.jar (com.android.tools.build:gradle-api:8.4.1) with ExternalDependencyInstrumentingArtifactTransform
Transforming databinding-compiler-common-8.4.1.jar (androidx.databinding:databinding-compiler-common:8.4.1) with ExternalDependencyInstrumentingArtifactTransform
Transforming layoutlib-api-31.4.1.jar (com.android.tools.layoutlib:layoutlib-api:31.4.1) with ExternalDependencyInstrumentingArtifactTransform
Transforming dvlib-31.4.1.jar (com.android.tools:dvlib:31.4.1) with ExternalDependencyInstrumentingArtifactTransform
Transforming common-31.4.1.jar (com.android.tools:common:31.4.1) with ExternalDependencyInstrumentingArtifactTransform
Transforming shared-31.4.1.jar (com.android.tools.analytics-library:shared:31.4.1) with ExternalDependencyInstrumentingArtifactTransform
Transforming aaptcompiler-8.4.1.jar (com.android.tools.build:aaptcompiler:8.4.1) with ExternalDependencyInstrumentingArtifactTransform
Transforming kotlin-stdlib-jdk8-1.9.20.jar (org.jetbrains.kotlin:kotlin-stdlib-jdk8:1.9.20) with ExternalDependencyInstrumentingArtifactTransform
Transforming builder-test-api-8.4.1.jar (com.android.tools.build:builder-test-api:8.4.1) with ExternalDependencyInstrumentingArtifactTransform
Transforming kotlin-stdlib-jdk7-1.9.20.jar (org.jetbrains.kotlin:kotlin-stdlib-jdk7:1.9.20) with ExternalDependencyInstrumentingArtifactTransform
Transforming android-test-plugin-host-retention-proto-31.4.1.jar (com.android.tools.utp:android-test-plugin-host-retention-proto:31.4.1) with ExternalDependencyInstrumentingArtifactTransform
Transforming kotlin-stdlib-1.9.20.jar (org.jetbrains.kotlin:kotlin-stdlib:1.9.20) with ExternalDependencyInstrumentingArtifactTransform
Transforming kotlin-gradle-plugin-api-1.9.23.jar (org.jetbrains.kotlin:kotlin-gradle-plugin-api:1.9.23) with ExternalDependencyInstrumentingArtifactTransform
Transforming lint-model-31.4.1.jar (com.android.tools.lint:lint-model:31.4.1) with ExternalDependencyInstrumentingArtifactTransform
Transforming bundletool-1.15.6.jar (com.android.tools.build:bundletool:1.15.6) with ExternalDependencyInstrumentingArtifactTransform
Transforming ddmlib-31.4.1.jar (com.android.tools.ddms:ddmlib:31.4.1) with ExternalDependencyInstrumentingArtifactTransform
Transforming lint-typedef-remover-31.4.1.jar (com.android.tools.lint:lint-typedef-remover:31.4.1) with ExternalDependencyInstrumentingArtifactTransform
Transforming kotlin-gradle-plugin-1.9.23-gradle82.jar (org.jetbrains.kotlin:kotlin-gradle-plugin:1.9.23) with ExternalDependencyInstrumentingArtifactTransform
Transforming kotlin-gradle-plugin-model-1.9.23.jar (org.jetbrains.kotlin:kotlin-gradle-plugin-model:1.9.23) with ExternalDependencyInstrumentingArtifactTransform
Transforming databinding-common-8.4.1.jar (androidx.databinding:databinding-common:8.4.1) with ExternalDependencyInstrumentingArtifactTransform
Transforming android-device-provider-gradle-proto-31.4.1.jar (com.android.tools.utp:android-device-provider-gradle-proto:31.4.1) with ExternalDependencyInstrumentingArtifactTransform
Transforming builder-model-8.4.1.jar (com.android.tools.build:builder-model:8.4.1) with ExternalDependencyInstrumentingArtifactTransform
Transforming android-test-plugin-host-additional-test-output-proto-31.4.1.jar (com.android.tools.utp:android-test-plugin-host-additional-test-output-proto:31.4.1) with ExternalDependencyInstrumentingArtifactTransform
Transforming android-test-plugin-host-coverage-proto-31.4.1.jar (com.android.tools.utp:android-test-plugin-host-coverage-proto:31.4.1) with ExternalDependencyInstrumentingArtifactTransform
Transforming android-test-plugin-result-listener-gradle-proto-31.4.1.jar (com.android.tools.utp:android-test-plugin-result-listener-gradle-proto:31.4.1) with ExternalDependencyInstrumentingArtifactTransform
Transforming crash-31.4.1.jar (com.android.tools.analytics-library:crash:31.4.1) with ExternalDependencyInstrumentingArtifactTransform
Transforming android-test-plugin-host-apk-installer-proto-31.4.1.jar (com.android.tools.utp:android-test-plugin-host-apk-installer-proto:31.4.1) with ExternalDependencyInstrumentingArtifactTransform
Transforming transform-api-2.0.0-deprecated-use-gradle-api.jar (com.android.tools.build:transform-api:2.0.0-deprecated-use-gradle-api) with ExternalDependencyInstrumentingArtifactTransform
Transforming commons-io-2.13.0.jar (commons-io:commons-io:2.13.0) with ExternalDependencyInstrumentingArtifactTransform
Transforming asm-commons-9.6.jar (org.ow2.asm:asm-commons:9.6) with ExternalDependencyInstrumentingArtifactTransform
Transforming asm-util-9.6.jar (org.ow2.asm:asm-util:9.6) with ExternalDependencyInstrumentingArtifactTransform
Transforming asm-analysis-9.6.jar (org.ow2.asm:asm-analysis:9.6) with ExternalDependencyInstrumentingArtifactTransform
Transforming asm-tree-9.6.jar (org.ow2.asm:asm-tree:9.6) with ExternalDependencyInstrumentingArtifactTransform
Transforming kotlin-reflect-1.9.20.jar (org.jetbrains.kotlin:kotlin-reflect:1.9.20) with ExternalDependencyInstrumentingArtifactTransform
Transforming asm-9.6.jar (org.ow2.asm:asm:9.6) with ExternalDependencyInstrumentingArtifactTransform
Transforming apkzlib-8.4.1.jar (com.android.tools.build:apkzlib:8.4.1) with ExternalDependencyInstrumentingArtifactTransform
Transforming jopt-simple-4.9.jar (net.sf.jopt-simple:jopt-simple:4.9) with ExternalDependencyInstrumentingArtifactTransform
Transforming javapoet-1.10.0.jar (com.squareup:javapoet:1.10.0) with ExternalDependencyInstrumentingArtifactTransform
Transforming protobuf-java-util-3.22.3.jar (com.google.protobuf:protobuf-java-util:3.22.3) with ExternalDependencyInstrumentingArtifactTransform
Transforming grpc-protobuf-1.57.0.jar (io.grpc:grpc-protobuf:1.57.0) with ExternalDependencyInstrumentingArtifactTransform
Transforming tink-1.7.0.jar (com.google.crypto.tink:tink:1.7.0) with ExternalDependencyInstrumentingArtifactTransform
Transforming protos-31.4.1.jar (com.android.tools.analytics-library:protos:31.4.1) with ExternalDependencyInstrumentingArtifactTransform
Transforming proto-google-common-protos-2.17.0.jar (com.google.api.grpc:proto-google-common-protos:2.17.0) with ExternalDependencyInstrumentingArtifactTransform
Transforming protobuf-java-3.22.3.jar (com.google.protobuf:protobuf-java:3.22.3) with ExternalDependencyInstrumentingArtifactTransform
Transforming grpc-netty-1.57.0.jar (io.grpc:grpc-netty:1.57.0) with ExternalDependencyInstrumentingArtifactTransform
Transforming grpc-core-1.57.0.jar (io.grpc:grpc-core:1.57.0) with ExternalDependencyInstrumentingArtifactTransform
Transforming bcpkix-jdk18on-1.77.jar (org.bouncycastle:bcpkix-jdk18on:1.77) with ExternalDependencyInstrumentingArtifactTransform
Transforming gson-2.10.1.jar (com.google.code.gson:gson:2.10.1) with ExternalDependencyInstrumentingArtifactTransform
Transforming aapt2-proto-8.4.1-11315950.jar (com.android.tools.build:aapt2-proto:8.4.1-11315950) with ExternalDependencyInstrumentingArtifactTransform
Transforming android-test-plugin-host-logcat-proto-31.4.1.jar (com.android.tools.utp:android-test-plugin-host-logcat-proto:31.4.1) with ExternalDependencyInstrumentingArtifactTransform
Transforming core-proto-0.0.9-alpha02.jar (com.google.testing.platform:core-proto:0.0.9-alpha02) with ExternalDependencyInstrumentingArtifactTransform
Transforming jaxb-runtime-2.3.2.jar (org.glassfish.jaxb:jaxb-runtime:2.3.2) with ExternalDependencyInstrumentingArtifactTransform
Transforming android-device-provider-ddmlib-proto-31.4.1.jar (com.android.tools.utp:android-device-provider-ddmlib-proto:31.4.1) with ExternalDependencyInstrumentingArtifactTransform
Transforming kotlin-gradle-plugin-idea-proto-1.9.23.jar (org.jetbrains.kotlin:kotlin-gradle-plugin-idea-proto:1.9.23) with ExternalDependencyInstrumentingArtifactTransform
Transforming httpmime-4.5.6.jar (org.apache.httpcomponents:httpmime:4.5.6) with ExternalDependencyInstrumentingArtifactTransform
Transforming kotlin-klib-commonizer-api-1.9.23.jar (org.jetbrains.kotlin:kotlin-klib-commonizer-api:1.9.23) with ExternalDependencyInstrumentingArtifactTransform
Transforming kotlin-native-utils-1.9.23.jar (org.jetbrains.kotlin:kotlin-native-utils:1.9.23) with ExternalDependencyInstrumentingArtifactTransform
Transforming kotlin-util-klib-1.9.23.jar (org.jetbrains.kotlin:kotlin-util-klib:1.9.23) with ExternalDependencyInstrumentingArtifactTransform
Transforming kotlin-build-tools-api-1.9.23.jar (org.jetbrains.kotlin:kotlin-build-tools-api:1.9.23) with ExternalDependencyInstrumentingArtifactTransform
Transforming kotlin-android-extensions-1.9.23.jar (org.jetbrains.kotlin:kotlin-android-extensions:1.9.23) with ExternalDependencyInstrumentingArtifactTransform
Transforming kxml2-2.3.0.jar (net.sf.kxml:kxml2:2.3.0) with ExternalDependencyInstrumentingArtifactTransform
Transforming kotlin-gradle-plugin-idea-1.9.23.jar (org.jetbrains.kotlin:kotlin-gradle-plugin-idea:1.9.23) with ExternalDependencyInstrumentingArtifactTransform
Transforming kotlin-scripting-compiler-embeddable-1.9.23.jar (org.jetbrains.kotlin:kotlin-scripting-compiler-embeddable:1.9.23) with ExternalDependencyInstrumentingArtifactTransform
Transforming kotlin-scripting-compiler-impl-embeddable-1.9.23.jar (org.jetbrains.kotlin:kotlin-scripting-compiler-impl-embeddable:1.9.23) with ExternalDependencyInstrumentingArtifactTransform
Transforming jimfs-1.1.jar (com.google.jimfs:jimfs:1.1) with ExternalDependencyInstrumentingArtifactTransform
Transforming grpc-stub-1.57.0.jar (io.grpc:grpc-stub:1.57.0) with ExternalDependencyInstrumentingArtifactTransform
Transforming grpc-context-1.57.0.jar (io.grpc:grpc-context:1.57.0) with ExternalDependencyInstrumentingArtifactTransform
Transforming grpc-protobuf-lite-1.57.0.jar (io.grpc:grpc-protobuf-lite:1.57.0) with ExternalDependencyInstrumentingArtifactTransform
Transforming kotlin-compiler-runner-1.9.23.jar (org.jetbrains.kotlin:kotlin-compiler-runner:1.9.23) with ExternalDependencyInstrumentingArtifactTransform
Transforming dagger-2.28.3.jar (com.google.dagger:dagger:2.28.3) with ExternalDependencyInstrumentingArtifactTransform
Transforming guava-32.0.1-jre.jar (com.google.guava:guava:32.0.1-jre) with ExternalDependencyInstrumentingArtifactTransform
Transforming grpc-api-1.57.0.jar (io.grpc:grpc-api:1.57.0) with ExternalDependencyInstrumentingArtifactTransform
Transforming kotlin-compiler-embeddable-1.9.23.jar (org.jetbrains.kotlin:kotlin-compiler-embeddable:1.9.23) with ExternalDependencyInstrumentingArtifactTransform
Transforming tensorflow-lite-metadata-0.1.0-rc2.jar (org.tensorflow:tensorflow-lite-metadata:0.1.0-rc2) with ExternalDependencyInstrumentingArtifactTransform
Transforming trove4j-1.0.20200330.jar (org.jetbrains.intellij.deps:trove4j:1.0.20200330) with ExternalDependencyInstrumentingArtifactTransform
Transforming commons-compress-1.21.jar (org.apache.commons:commons-compress:1.21) with ExternalDependencyInstrumentingArtifactTransform
Transforming httpcore-4.4.16.jar (org.apache.httpcomponents:httpcore:4.4.16) with ExternalDependencyInstrumentingArtifactTransform
Transforming javax.activation-1.2.0.jar (com.sun.activation:javax.activation:1.2.0) with ExternalDependencyInstrumentingArtifactTransform
Transforming signflinger-8.4.1.jar (com.android:signflinger:8.4.1) with ExternalDependencyInstrumentingArtifactTransform
Transforming zipflinger-8.4.1.jar (com.android:zipflinger:8.4.1) with ExternalDependencyInstrumentingArtifactTransform
Transforming annotations-31.4.1.jar (com.android.tools:annotations:31.4.1) with ExternalDependencyInstrumentingArtifactTransform
Transforming juniversalchardet-1.0.3.jar (com.googlecode.juniversalchardet:juniversalchardet:1.0.3) with ExternalDependencyInstrumentingArtifactTransform
Transforming javax.annotation-api-1.3.2.jar (javax.annotation:javax.annotation-api:1.3.2) with ExternalDependencyInstrumentingArtifactTransform
Transforming stax-ex-1.8.1.jar (org.jvnet.staxex:stax-ex:1.8.1) with ExternalDependencyInstrumentingArtifactTransform
Transforming flatbuffers-java-1.12.0.jar (com.google.flatbuffers:flatbuffers-java:1.12.0) with ExternalDependencyInstrumentingArtifactTransform
Transforming jakarta.xml.bind-api-2.3.2.jar (jakarta.xml.bind:jakarta.xml.bind-api:2.3.2) with ExternalDependencyInstrumentingArtifactTransform
Transforming javax.inject-1.jar (javax.inject:javax.inject:1) with ExternalDependencyInstrumentingArtifactTransform
Transforming txw2-2.3.2.jar (org.glassfish.jaxb:txw2:2.3.2) with ExternalDependencyInstrumentingArtifactTransform
Transforming istack-commons-runtime-3.0.8.jar (com.sun.istack:istack-commons-runtime:3.0.8) with ExternalDependencyInstrumentingArtifactTransform
Transforming jakarta.activation-api-1.2.1.jar (jakarta.activation:jakarta.activation-api:1.2.1) with ExternalDependencyInstrumentingArtifactTransform
Transforming bcprov-jdk18on-1.77.jar (org.bouncycastle:bcprov-jdk18on:1.77) with ExternalDependencyInstrumentingArtifactTransform
Transforming error_prone_annotations-2.18.0.jar (com.google.errorprone:error_prone_annotations:2.18.0) with ExternalDependencyInstrumentingArtifactTransform
Transforming bcutil-jdk18on-1.77.jar (org.bouncycastle:bcutil-jdk18on:1.77) with ExternalDependencyInstrumentingArtifactTransform
Transforming auto-value-annotations-1.6.2.jar (com.google.auto.value:auto-value-annotations:1.6.2) with ExternalDependencyInstrumentingArtifactTransform
Transforming jdom2-2.0.6.jar (org.jdom:jdom2:2.0.6) with ExternalDependencyInstrumentingArtifactTransform
Transforming jna-platform-5.6.0.jar (net.java.dev.jna:jna-platform:5.6.0) with ExternalDependencyInstrumentingArtifactTransform
Transforming httpclient-4.5.14.jar (org.apache.httpcomponents:httpclient:4.5.14) with ExternalDependencyInstrumentingArtifactTransform
Transforming baseLibrary-8.4.1.jar (com.android.databinding:baseLibrary:8.4.1) with ExternalDependencyInstrumentingArtifactTransform
Transforming slf4j-api-1.7.30.jar (org.slf4j:slf4j-api:1.7.30) with ExternalDependencyInstrumentingArtifactTransform
Transforming jose4j-0.7.0.jar (org.bitbucket.b_c:jose4j:0.7.0) with ExternalDependencyInstrumentingArtifactTransform
Transforming annotations-4.1.1.4.jar (com.google.android:annotations:4.1.1.4) with ExternalDependencyInstrumentingArtifactTransform
Transforming perfmark-api-0.26.0.jar (io.perfmark:perfmark-api:0.26.0) with ExternalDependencyInstrumentingArtifactTransform
Transforming netty-codec-http2-4.1.93.Final.jar (io.netty:netty-codec-http2:4.1.93.Final) with ExternalDependencyInstrumentingArtifactTransform
Transforming netty-codec-http-4.1.93.Final.jar (io.netty:netty-codec-http:4.1.93.Final) with ExternalDependencyInstrumentingArtifactTransform
Transforming netty-handler-4.1.93.Final.jar (io.netty:netty-handler:4.1.93.Final) with ExternalDependencyInstrumentingArtifactTransform
Transforming jsr305-3.0.2.jar (com.google.code.findbugs:jsr305:3.0.2) with ExternalDependencyInstrumentingArtifactTransform
Transforming netty-handler-proxy-4.1.93.Final.jar (io.netty:netty-handler-proxy:4.1.93.Final) with ExternalDependencyInstrumentingArtifactTransform
Transforming checker-qual-3.33.0.jar (org.checkerframework:checker-qual:3.33.0) with ExternalDependencyInstrumentingArtifactTransform
Transforming FastInfoset-1.2.16.jar (com.sun.xml.fastinfoset:FastInfoset:1.2.16) with ExternalDependencyInstrumentingArtifactTransform
Transforming javawriter-2.5.0.jar (com.squareup:javawriter:2.5.0) with ExternalDependencyInstrumentingArtifactTransform
Transforming apksig-8.4.1.jar (com.android.tools.build:apksig:8.4.1) with ExternalDependencyInstrumentingArtifactTransform
Transforming kotlin-tooling-core-1.9.23.jar (org.jetbrains.kotlin:kotlin-tooling-core:1.9.23) with ExternalDependencyInstrumentingArtifactTransform
Transforming animal-sniffer-annotations-1.23.jar (org.codehaus.mojo:animal-sniffer-annotations:1.23) with ExternalDependencyInstrumentingArtifactTransform
Transforming kotlin-project-model-1.9.23.jar (org.jetbrains.kotlin:kotlin-project-model:1.9.23) with ExternalDependencyInstrumentingArtifactTransform
Transforming kotlin-util-io-1.9.23.jar (org.jetbrains.kotlin:kotlin-util-io:1.9.23) with ExternalDependencyInstrumentingArtifactTransform
Transforming kotlin-gradle-plugin-annotations-1.9.23.jar (org.jetbrains.kotlin:kotlin-gradle-plugin-annotations:1.9.23) with ExternalDependencyInstrumentingArtifactTransform
Transforming kotlinx-coroutines-core-jvm-1.5.0.jar (org.jetbrains.kotlinx:kotlinx-coroutines-core-jvm:1.5.0) with ExternalDependencyInstrumentingArtifactTransform
Transforming kotlin-scripting-jvm-1.9.23.jar (org.jetbrains.kotlin:kotlin-scripting-jvm:1.9.23) with ExternalDependencyInstrumentingArtifactTransform
Transforming commons-codec-1.11.jar (commons-codec:commons-codec:1.11) with ExternalDependencyInstrumentingArtifactTransform
Transforming kotlin-scripting-common-1.9.23.jar (org.jetbrains.kotlin:kotlin-scripting-common:1.9.23) with ExternalDependencyInstrumentingArtifactTransform
Transforming failureaccess-1.0.1.jar (com.google.guava:failureaccess:1.0.1) with ExternalDependencyInstrumentingArtifactTransform
Transforming commons-logging-1.2.jar (commons-logging:commons-logging:1.2) with ExternalDependencyInstrumentingArtifactTransform
Transforming netty-codec-socks-4.1.93.Final.jar (io.netty:netty-codec-socks:4.1.93.Final) with ExternalDependencyInstrumentingArtifactTransform
Transforming kotlin-daemon-embeddable-1.9.23.jar (org.jetbrains.kotlin:kotlin-daemon-embeddable:1.9.23) with ExternalDependencyInstrumentingArtifactTransform
Transforming netty-transport-4.1.93.Final.jar (io.netty:netty-transport:4.1.93.Final) with ExternalDependencyInstrumentingArtifactTransform
Transforming listenablefuture-9999.0-empty-to-avoid-conflict-with-guava.jar (com.google.guava:listenablefuture:9999.0-empty-to-avoid-conflict-with-guava) with ExternalDependencyInstrumentingArtifactTransform
Transforming kotlin-daemon-client-1.9.23.jar (org.jetbrains.kotlin:kotlin-daemon-client:1.9.23) with ExternalDependencyInstrumentingArtifactTransform
Transforming netty-common-4.1.93.Final.jar (io.netty:netty-common:4.1.93.Final) with ExternalDependencyInstrumentingArtifactTransform
Transforming netty-buffer-4.1.93.Final.jar (io.netty:netty-buffer:4.1.93.Final) with ExternalDependencyInstrumentingArtifactTransform
Transforming j2objc-annotations-2.8.jar (com.google.j2objc:j2objc-annotations:2.8) with ExternalDependencyInstrumentingArtifactTransform
Transforming jna-5.6.0.jar (net.java.dev.jna:jna:5.6.0) with ExternalDependencyInstrumentingArtifactTransform
Transforming netty-codec-4.1.93.Final.jar (io.netty:netty-codec:4.1.93.Final) with ExternalDependencyInstrumentingArtifactTransform
Transforming netty-resolver-4.1.93.Final.jar (io.netty:netty-resolver:4.1.93.Final) with ExternalDependencyInstrumentingArtifactTransform
Transforming netty-transport-native-unix-common-4.1.93.Final.jar (io.netty:netty-transport-native-unix-common:4.1.93.Final) with ExternalDependencyInstrumentingArtifactTransform

> Configure project :app
Evaluating project ':app' using build file '/storage/emulated/0/AndroidIDEProjects/Mydownloader/app/build.gradle.kts'.
WARNING: The option setting 'android.aapt2FromMavenOverride=/data/user/0/com.itsaky.androidide/files/home/.androidide/aapt2' is experimental.
Using default execution profile
Using Kotlin Gradle Plugin gradle82 variant
Trying to apply plugin 'com.itsaky.androidide' to project ':app'
LogSender is disabled. Dependency will not be added to project ':app'.
All projects evaluated.
Task path ':app:assembleDebug' matched project ':app'
Task name matched 'assembleDebug'
Selected primary task 'assembleDebug' from project :app
Tasks to be executed: [task ':app:preBuild', task ':app:preDebugBuild', task ':app:mergeDebugNativeDebugMetadata', task ':app:checkKotlinGradlePluginConfigurationErrors', task ':app:dataBindingMergeDependencyArtifactsDebug', task ':app:generateDebugResValues', task ':app:generateDebugResources', task ':app:mergeDebugResources', task ':app:packageDebugResources', task ':app:parseDebugLocalResources', task ':app:dataBindingGenBaseClassesDebug', task ':app:checkDebugAarMetadata', task ':app:mapDebugSourceSetPaths', task ':app:createDebugCompatibleScreenManifests', task ':app:extractDeepLinksDebug', task ':app:processDebugMainManifest', task ':app:processDebugManifest', task ':app:processDebugManifestForPackage', task ':app:processDebugResources', task ':app:kaptGenerateStubsDebugKotlin', task ':app:kaptDebugKotlin', task ':app:compileDebugKotlin', task ':app:javaPreCompileDebug', task ':app:compileDebugJavaWithJavac', task ':app:mergeDebugShaders', task ':app:compileDebugShaders', task ':app:generateDebugAssets', task ':app:mergeDebugAssets', task ':app:compressDebugAssets', task ':app:desugarDebugFileDependencies', task ':app:dexBuilderDebug', task ':app:mergeDebugGlobalSynthetics', task ':app:processDebugJavaRes', task ':app:mergeDebugJavaResource', task ':app:checkDebugDuplicateClasses', task ':app:mergeDebugStartupProfile', task ':app:mergeExtDexDebug', task ':app:mergeLibDexDebug', task ':app:mergeProjectDexDebug', task ':app:mergeDebugJniLibFolders', task ':app:mergeDebugNativeLibs', task ':app:stripDebugDebugSymbols', task ':app:validateSigningDebug', task ':app:writeDebugAppMetadata', task ':app:writeDebugSigningConfigVersions', task ':app:packageDebug', task ':app:createDebugApkListingFileRedirect', task ':app:assembleDebug']
Tasks that were excluded: []
Resolve mutations for :app:preBuild (Thread[Execution worker,5,main]) started.
:app:preBuild (Thread[Execution worker,5,main]) started.

> Task :app:preBuild UP-TO-DATE
Skipping task ':app:preBuild' as it has no actions.
Resolve mutations for :app:preDebugBuild (Thread[Execution worker,5,main]) started.
:app:preDebugBuild (Thread[Execution worker,5,main]) started.

> Task :app:preDebugBuild UP-TO-DATE
Skipping task ':app:preDebugBuild' as it has no actions.
Resolve mutations for :app:mergeDebugNativeDebugMetadata (Thread[Execution worker,5,main]) started.
:app:mergeDebugNativeDebugMetadata (Thread[Execution worker,5,main]) started.

> Task :app:mergeDebugNativeDebugMetadata NO-SOURCE
Skipping task ':app:mergeDebugNativeDebugMetadata' as it has no source files and no previous output files.
Resolve mutations for :app:checkKotlinGradlePluginConfigurationErrors (Thread[Execution worker,5,main]) started.
:app:checkKotlinGradlePluginConfigurationErrors (Thread[Execution worker,5,main]) started.

> Task :app:checkKotlinGradlePluginConfigurationErrors
Caching disabled for task ':app:checkKotlinGradlePluginConfigurationErrors' because:
  Build cache is disabled
Task ':app:checkKotlinGradlePluginConfigurationErrors' is not up-to-date because:
  Task has not declared any outputs despite executing actions.
Resolve mutations for :app:dataBindingMergeDependencyArtifactsDebug (Thread[Execution worker,5,main]) started.
:app:dataBindingMergeDependencyArtifactsDebug (Thread[Execution worker,5,main]) started.

> Task :app:dataBindingMergeDependencyArtifactsDebug UP-TO-DATE
Transforming material-1.12.0.aar (com.google.android.material:material:1.12.0) with JetifyTransform
Transforming material-1.12.0.aar (com.google.android.material:material:1.12.0) with ExtractAarTransform
Transforming material-1.12.0.aar (com.google.android.material:material:1.12.0) with AarTransform
Transforming appcompat-1.6.1.aar (androidx.appcompat:appcompat:1.6.1) with JetifyTransform
Transforming appcompat-1.6.1.aar (androidx.appcompat:appcompat:1.6.1) with ExtractAarTransform
Transforming appcompat-1.6.1.aar (androidx.appcompat:appcompat:1.6.1) with AarTransform
Transforming play-services-cronet-18.0.1.aar (com.google.android.gms:play-services-cronet:18.0.1) with JetifyTransform
Transforming play-services-cronet-18.0.1.aar (com.google.android.gms:play-services-cronet:18.0.1) with ExtractAarTransform
Transforming glide-4.16.0.aar (com.github.bumptech.glide:glide:4.16.0) with JetifyTransform
Transforming glide-4.16.0.aar (com.github.bumptech.glide:glide:4.16.0) with ExtractAarTransform
Transforming glide-4.16.0.aar (com.github.bumptech.glide:glide:4.16.0) with AarTransform
Transforming viewpager2-1.1.0-beta02.aar (androidx.viewpager2:viewpager2:1.1.0-beta02) with JetifyTransform
Transforming viewbinding-8.4.1.aar (androidx.databinding:viewbinding:8.4.1) with JetifyTransform
Transforming viewpager2-1.1.0-beta02.aar (androidx.viewpager2:viewpager2:1.1.0-beta02) with ExtractAarTransform
Transforming viewbinding-8.4.1.aar (androidx.databinding:viewbinding:8.4.1) with ExtractAarTransform
Transforming play-services-cronet-18.0.1.aar (com.google.android.gms:play-services-cronet:18.0.1) with AarTransform
Transforming viewbinding-8.4.1.aar (androidx.databinding:viewbinding:8.4.1) with AarTransform
Transforming media3-datasource-cronet-1.3.1.aar (androidx.media3:media3-datasource-cronet:1.3.1) with JetifyTransform
Transforming media3-datasource-cronet-1.3.1.aar (androidx.media3:media3-datasource-cronet:1.3.1) with ExtractAarTransform
Transforming viewpager2-1.1.0-beta02.aar (androidx.viewpager2:viewpager2:1.1.0-beta02) with AarTransform
Transforming media3-datasource-cronet-1.3.1.aar (androidx.media3:media3-datasource-cronet:1.3.1) with AarTransform
Transforming play-services-base-18.0.1.aar (com.google.android.gms:play-services-base:18.0.1) with JetifyTransform
Transforming play-services-base-18.0.1.aar (com.google.android.gms:play-services-base:18.0.1) with ExtractAarTransform
Transforming play-services-tasks-18.0.1.aar (com.google.android.gms:play-services-tasks:18.0.1) with JetifyTransform
Transforming play-services-tasks-18.0.1.aar (com.google.android.gms:play-services-tasks:18.0.1) with JetifyTransform
Transforming play-services-basement-18.0.0.aar (com.google.android.gms:play-services-basement:18.0.0) with JetifyTransform
Transforming play-services-basement-18.0.0.aar (com.google.android.gms:play-services-basement:18.0.0) with ExtractAarTransform
Transforming play-services-base-18.0.1.aar (com.google.android.gms:play-services-base:18.0.1) with AarTransform
Transforming play-services-basement-18.0.0.aar (com.google.android.gms:play-services-basement:18.0.0) with AarTransform
Transforming play-services-basement-18.0.0.aar (com.google.android.gms:play-services-basement:18.0.0) with JetifyTransform
Transforming play-services-basement-18.0.0.aar (com.google.android.gms:play-services-basement:18.0.0) with ExtractAarTransform
Transforming play-services-basement-18.0.0.aar (com.google.android.gms:play-services-basement:18.0.0) with AarTransform
Transforming play-services-basement-18.0.0.aar (com.google.android.gms:play-services-basement:18.0.0) with JetifyTransform
Transforming play-services-tasks-18.0.1.aar (com.google.android.gms:play-services-tasks:18.0.1) with ExtractAarTransform
Transforming play-services-tasks-18.0.1.aar (com.google.android.gms:play-services-tasks:18.0.1) with ExtractAarTransform
Transforming play-services-basement-18.0.0.aar (com.google.android.gms:play-services-basement:18.0.0) with ExtractAarTransform
Transforming play-services-basement-18.0.0.aar (com.google.android.gms:play-services-basement:18.0.0) with AarTransform
Transforming fragment-1.3.6.aar (androidx.fragment:fragment:1.3.6) with JetifyTransform
Transforming fragment-1.3.6.aar (androidx.fragment:fragment:1.3.6) with ExtractAarTransform
Transforming fragment-1.3.6.aar (androidx.fragment:fragment:1.3.6) with AarTransform
Transforming fragment-1.3.6.aar (androidx.fragment:fragment:1.3.6) with JetifyTransform
Transforming fragment-1.3.6.aar (androidx.fragment:fragment:1.3.6) with JetifyTransform
Transforming fragment-1.3.6.aar (androidx.fragment:fragment:1.3.6) with ExtractAarTransform
Transforming fragment-1.3.6.aar (androidx.fragment:fragment:1.3.6) with ExtractAarTransform
Transforming fragment-1.3.6.aar (androidx.fragment:fragment:1.3.6) with AarTransform
Transforming fragment-1.3.6.aar (androidx.fragment:fragment:1.3.6) with AarTransform
Transforming activity-1.8.0.aar (androidx.activity:activity:1.8.0) with JetifyTransform
Transforming activity-1.8.0.aar (androidx.activity:activity:1.8.0) with ExtractAarTransform
Transforming activity-1.8.0.aar (androidx.activity:activity:1.8.0) with AarTransform
Transforming browser-1.8.0.aar (androidx.browser:browser:1.8.0) with JetifyTransform
Transforming browser-1.8.0.aar (androidx.browser:browser:1.8.0) with ExtractAarTransform
Transforming browser-1.8.0.aar (androidx.browser:browser:1.8.0) with AarTransform
Transforming webkit-1.11.0.aar (androidx.webkit:webkit:1.11.0) with JetifyTransform
Transforming webkit-1.11.0.aar (androidx.webkit:webkit:1.11.0) with ExtractAarTransform
Transforming webkit-1.11.0.aar (androidx.webkit:webkit:1.11.0) with AarTransform
Transforming media-1.7.0.aar (androidx.media:media:1.7.0) with JetifyTransform
Transforming recyclerview-1.3.2.aar (androidx.recyclerview:recyclerview:1.3.2) with JetifyTransform
Transforming recyclerview-1.3.2.aar (androidx.recyclerview:recyclerview:1.3.2) with ExtractAarTransform
Transforming recyclerview-1.3.2.aar (androidx.recyclerview:recyclerview:1.3.2) with AarTransform
Transforming appcompat-resources-1.6.1.aar (androidx.appcompat:appcompat-resources:1.6.1) with JetifyTransform
Transforming drawerlayout-1.1.1.aar (androidx.drawerlayout:drawerlayout:1.1.1) with JetifyTransform
Transforming drawerlayout-1.1.1.aar (androidx.drawerlayout:drawerlayout:1.1.1) with ExtractAarTransform
Transforming drawerlayout-1.1.1.aar (androidx.drawerlayout:drawerlayout:1.1.1) with AarTransform
Transforming play-services-tasks-18.0.1.aar (com.google.android.gms:play-services-tasks:18.0.1) with AarTransform
Transforming play-services-tasks-18.0.1.aar (com.google.android.gms:play-services-tasks:18.0.1) with AarTransform
Transforming media-1.7.0.aar (androidx.media:media:1.7.0) with ExtractAarTransform
Transforming media-1.7.0.aar (androidx.media:media:1.7.0) with AarTransform
Transforming appcompat-resources-1.6.1.aar (androidx.appcompat:appcompat-resources:1.6.1) with ExtractAarTransform
Transforming coordinatorlayout-1.1.0.aar (androidx.coordinatorlayout:coordinatorlayout:1.1.0) with JetifyTransform
Transforming appcompat-resources-1.6.1.aar (androidx.appcompat:appcompat-resources:1.6.1) with AarTransform
Transforming dynamicanimation-1.0.0.aar (androidx.dynamicanimation:dynamicanimation:1.0.0) with JetifyTransform
Transforming dynamicanimation-1.0.0.aar (androidx.dynamicanimation:dynamicanimation:1.0.0) with ExtractAarTransform
Transforming dynamicanimation-1.0.0.aar (androidx.dynamicanimation:dynamicanimation:1.0.0) with AarTransform
Transforming transition-1.5.0.aar (androidx.transition:transition:1.5.0) with JetifyTransform
Transforming transition-1.5.0.aar (androidx.transition:transition:1.5.0) with ExtractAarTransform
Transforming transition-1.5.0.aar (androidx.transition:transition:1.5.0) with AarTransform
Transforming vectordrawable-animated-1.1.0.aar (androidx.vectordrawable:vectordrawable-animated:1.1.0) with JetifyTransform
Transforming coordinatorlayout-1.1.0.aar (androidx.coordinatorlayout:coordinatorlayout:1.1.0) with ExtractAarTransform
Transforming coordinatorlayout-1.1.0.aar (androidx.coordinatorlayout:coordinatorlayout:1.1.0) with AarTransform
Transforming vectordrawable-animated-1.1.0.aar (androidx.vectordrawable:vectordrawable-animated:1.1.0) with ExtractAarTransform
Transforming vectordrawable-1.1.0.aar (androidx.vectordrawable:vectordrawable:1.1.0) with JetifyTransform
Transforming vectordrawable-animated-1.1.0.aar (androidx.vectordrawable:vectordrawable-animated:1.1.0) with AarTransform
Transforming vectordrawable-1.1.0.aar (androidx.vectordrawable:vectordrawable:1.1.0) with JetifyTransform
Transforming vectordrawable-1.1.0.aar (androidx.vectordrawable:vectordrawable:1.1.0) with ExtractAarTransform
Transforming vectordrawable-1.1.0.aar (androidx.vectordrawable:vectordrawable:1.1.0) with ExtractAarTransform
Transforming vectordrawable-1.1.0.aar (androidx.vectordrawable:vectordrawable:1.1.0) with AarTransform
Transforming viewpager-1.0.0.aar (androidx.viewpager:viewpager:1.0.0) with JetifyTransform
Transforming vectordrawable-1.1.0.aar (androidx.vectordrawable:vectordrawable:1.1.0) with AarTransform
Transforming viewpager-1.0.0.aar (androidx.viewpager:viewpager:1.0.0) with ExtractAarTransform
Transforming viewpager-1.0.0.aar (androidx.viewpager:viewpager:1.0.0) with AarTransform
Transforming customview-1.1.0.aar (androidx.customview:customview:1.1.0) with JetifyTransform
Transforming customview-1.1.0.aar (androidx.customview:customview:1.1.0) with JetifyTransform
Transforming customview-1.1.0.aar (androidx.customview:customview:1.1.0) with JetifyTransform
Transforming customview-1.1.0.aar (androidx.customview:customview:1.1.0) with ExtractAarTransform
Transforming customview-1.1.0.aar (androidx.customview:customview:1.1.0) with ExtractAarTransform
Transforming customview-1.1.0.aar (androidx.customview:customview:1.1.0) with ExtractAarTransform
Transforming customview-1.1.0.aar (androidx.customview:customview:1.1.0) with AarTransform
Transforming customview-1.1.0.aar (androidx.customview:customview:1.1.0) with AarTransform
Transforming customview-1.1.0.aar (androidx.customview:customview:1.1.0) with JetifyTransform
Transforming customview-1.1.0.aar (androidx.customview:customview:1.1.0) with AarTransform
Transforming customview-1.1.0.aar (androidx.customview:customview:1.1.0) with ExtractAarTransform
Transforming customview-1.1.0.aar (androidx.customview:customview:1.1.0) with AarTransform
Transforming legacy-support-core-utils-1.0.0.aar (androidx.legacy:legacy-support-core-utils:1.0.0) with JetifyTransform
Transforming legacy-support-core-utils-1.0.0.aar (androidx.legacy:legacy-support-core-utils:1.0.0) with ExtractAarTransform
Transforming legacy-support-core-utils-1.0.0.aar (androidx.legacy:legacy-support-core-utils:1.0.0) with AarTransform
Transforming loader-1.0.0.aar (androidx.loader:loader:1.0.0) with JetifyTransform
Transforming loader-1.0.0.aar (androidx.loader:loader:1.0.0) with JetifyTransform
Transforming loader-1.0.0.aar (androidx.loader:loader:1.0.0) with ExtractAarTransform
Transforming loader-1.0.0.aar (androidx.loader:loader:1.0.0) with ExtractAarTransform
Transforming loader-1.0.0.aar (androidx.loader:loader:1.0.0) with AarTransform
Transforming loader-1.0.0.aar (androidx.loader:loader:1.0.0) with AarTransform
Transforming core-1.13.1.aar (androidx.core:core:1.13.1) with JetifyTransform
Transforming core-1.13.1.aar (androidx.core:core:1.13.1) with ExtractAarTransform
Transforming core-1.13.1.aar (androidx.core:core:1.13.1) with AarTransform
Transforming core-1.13.1.aar (androidx.core:core:1.13.1) with JetifyTransform
Transforming core-1.13.1.aar (androidx.core:core:1.13.1) with ExtractAarTransform
Transforming core-1.13.1.aar (androidx.core:core:1.13.1) with AarTransform
Transforming core-1.13.1.aar (androidx.core:core:1.13.1) with JetifyTransform
Transforming core-1.13.1.aar (androidx.core:core:1.13.1) with JetifyTransform
Transforming core-1.13.1.aar (androidx.core:core:1.13.1) with ExtractAarTransform
Transforming core-1.13.1.aar (androidx.core:core:1.13.1) with AarTransform
Transforming core-1.13.1.aar (androidx.core:core:1.13.1) with ExtractAarTransform
Transforming core-1.13.1.aar (androidx.core:core:1.13.1) with JetifyTransform
Transforming core-1.13.1.aar (androidx.core:core:1.13.1) with JetifyTransform
Transforming core-1.13.1.aar (androidx.core:core:1.13.1) with ExtractAarTransform
Transforming core-1.13.1.aar (androidx.core:core:1.13.1) with AarTransform
Transforming core-1.13.1.aar (androidx.core:core:1.13.1) with AarTransform
Transforming core-1.13.1.aar (androidx.core:core:1.13.1) with ExtractAarTransform
Transforming core-1.13.1.aar (androidx.core:core:1.13.1) with JetifyTransform
Transforming core-1.13.1.aar (androidx.core:core:1.13.1) with AarTransform
Transforming core-1.13.1.aar (androidx.core:core:1.13.1) with ExtractAarTransform
Transforming core-1.13.1.aar (androidx.core:core:1.13.1) with AarTransform
Transforming core-1.13.1.aar (androidx.core:core:1.13.1) with JetifyTransform
Transforming core-1.13.1.aar (androidx.core:core:1.13.1) with ExtractAarTransform
Transforming core-1.13.1.aar (androidx.core:core:1.13.1) with AarTransform
Transforming lifecycle-livedata-core-ktx-2.8.2.aar (androidx.lifecycle:lifecycle-livedata-core-ktx:2.8.2) with JetifyTransform
Transforming lifecycle-livedata-core-ktx-2.8.2.aar (androidx.lifecycle:lifecycle-livedata-core-ktx:2.8.2) with ExtractAarTransform
Transforming lifecycle-livedata-2.8.2.aar (androidx.lifecycle:lifecycle-livedata:2.8.2) with JetifyTransform
Transforming lifecycle-livedata-2.8.2.aar (androidx.lifecycle:lifecycle-livedata:2.8.2) with ExtractAarTransform
Transforming lifecycle-livedata-core-ktx-2.8.2.aar (androidx.lifecycle:lifecycle-livedata-core-ktx:2.8.2) with AarTransform
Transforming lifecycle-livedata-2.8.2.aar (androidx.lifecycle:lifecycle-livedata:2.8.2) with AarTransform
Transforming lifecycle-viewmodel-2.8.2.aar (androidx.lifecycle:lifecycle-viewmodel:2.8.2) with JetifyTransform
Transforming lifecycle-viewmodel-2.8.2.aar (androidx.lifecycle:lifecycle-viewmodel:2.8.2) with ExtractAarTransform
Transforming lifecycle-viewmodel-2.8.2.aar (androidx.lifecycle:lifecycle-viewmodel:2.8.2) with AarTransform
Transforming lifecycle-viewmodel-release.aar (androidx.lifecycle:lifecycle-viewmodel-android:2.8.2) with JetifyTransform
Transforming lifecycle-viewmodel-release.aar (androidx.lifecycle:lifecycle-viewmodel-android:2.8.2) with ExtractAarTransform
Transforming lifecycle-viewmodel-release.aar (androidx.lifecycle:lifecycle-viewmodel-android:2.8.2) with AarTransform
Transforming lifecycle-runtime-release.aar (androidx.lifecycle:lifecycle-runtime-android:2.8.2) with JetifyTransform
Transforming lifecycle-runtime-release.aar (androidx.lifecycle:lifecycle-runtime-android:2.8.2) with ExtractAarTransform
Transforming lifecycle-runtime-release.aar (androidx.lifecycle:lifecycle-runtime-android:2.8.2) with AarTransform
Transforming room-runtime-2.6.1.aar (androidx.room:room-runtime:2.6.1) with JetifyTransform
Transforming room-runtime-2.6.1.aar (androidx.room:room-runtime:2.6.1) with ExtractAarTransform
Transforming room-runtime-2.6.1.aar (androidx.room:room-runtime:2.6.1) with AarTransform
Transforming lifecycle-livedata-core-2.8.2.aar (androidx.lifecycle:lifecycle-livedata-core:2.8.2) with JetifyTransform
Transforming lifecycle-livedata-core-2.8.2.aar (androidx.lifecycle:lifecycle-livedata-core:2.8.2) with ExtractAarTransform
Transforming lifecycle-livedata-core-2.8.2.aar (androidx.lifecycle:lifecycle-livedata-core:2.8.2) with AarTransform
Transforming lifecycle-runtime-ktx-release.aar (androidx.lifecycle:lifecycle-runtime-ktx-android:2.8.2) with JetifyTransform
Transforming lifecycle-runtime-ktx-release.aar (androidx.lifecycle:lifecycle-runtime-ktx-android:2.8.2) with ExtractAarTransform
Transforming lifecycle-runtime-ktx-release.aar (androidx.lifecycle:lifecycle-runtime-ktx-android:2.8.2) with AarTransform
Transforming media3-exoplayer-1.3.1.aar (androidx.media3:media3-exoplayer:1.3.1) with JetifyTransform
Transforming media3-exoplayer-1.3.1.aar (androidx.media3:media3-exoplayer:1.3.1) with ExtractAarTransform
Transforming lifecycle-viewmodel-savedstate-2.8.2.aar (androidx.lifecycle:lifecycle-viewmodel-savedstate:2.8.2) with JetifyTransform
Transforming lifecycle-viewmodel-savedstate-2.8.2.aar (androidx.lifecycle:lifecycle-viewmodel-savedstate:2.8.2) with ExtractAarTransform
Transforming media3-exoplayer-1.3.1.aar (androidx.media3:media3-exoplayer:1.3.1) with AarTransform
Transforming core-ktx-1.13.1.aar (androidx.core:core-ktx:1.13.1) with JetifyTransform
Transforming core-ktx-1.13.1.aar (androidx.core:core-ktx:1.13.1) with ExtractAarTransform
Transforming room-ktx-2.6.1.aar (androidx.room:room-ktx:2.6.1) with JetifyTransform
Transforming lifecycle-viewmodel-savedstate-2.8.2.aar (androidx.lifecycle:lifecycle-viewmodel-savedstate:2.8.2) with AarTransform
Transforming room-ktx-2.6.1.aar (androidx.room:room-ktx:2.6.1) with ExtractAarTransform
Transforming core-ktx-1.13.1.aar (androidx.core:core-ktx:1.13.1) with AarTransform
Transforming room-ktx-2.6.1.aar (androidx.room:room-ktx:2.6.1) with AarTransform
Transforming media3-session-1.3.1.aar (androidx.media3:media3-session:1.3.1) with JetifyTransform
Transforming media3-session-1.3.1.aar (androidx.media3:media3-session:1.3.1) with ExtractAarTransform
Transforming annotation-experimental-1.4.0.aar (androidx.annotation:annotation-experimental:1.4.0) with JetifyTransform
Transforming annotation-experimental-1.4.0.aar (androidx.annotation:annotation-experimental:1.4.0) with ExtractAarTransform
Transforming media3-session-1.3.1.aar (androidx.media3:media3-session:1.3.1) with AarTransform
Transforming annotation-experimental-1.4.0.aar (androidx.annotation:annotation-experimental:1.4.0) with AarTransform
Transforming media3-common-1.3.1.aar (androidx.media3:media3-common:1.3.1) with JetifyTransform
Transforming media3-common-1.3.1.aar (androidx.media3:media3-common:1.3.1) with ExtractAarTransform
Transforming savedstate-1.2.1.aar (androidx.savedstate:savedstate:1.2.1) with JetifyTransform
Transforming media3-common-1.3.1.aar (androidx.media3:media3-common:1.3.1) with AarTransform
Transforming savedstate-1.2.1.aar (androidx.savedstate:savedstate:1.2.1) with ExtractAarTransform
Transforming savedstate-1.2.1.aar (androidx.savedstate:savedstate:1.2.1) with AarTransform
Transforming localbroadcastmanager-1.1.0.aar (androidx.localbroadcastmanager:localbroadcastmanager:1.1.0) with JetifyTransform
Transforming localbroadcastmanager-1.1.0.aar (androidx.localbroadcastmanager:localbroadcastmanager:1.1.0) with JetifyTransform
Transforming localbroadcastmanager-1.1.0.aar (androidx.localbroadcastmanager:localbroadcastmanager:1.1.0) with ExtractAarTransform
Transforming localbroadcastmanager-1.1.0.aar (androidx.localbroadcastmanager:localbroadcastmanager:1.1.0) with ExtractAarTransform
Transforming localbroadcastmanager-1.1.0.aar (androidx.localbroadcastmanager:localbroadcastmanager:1.1.0) with AarTransform
Transforming localbroadcastmanager-1.1.0.aar (androidx.localbroadcastmanager:localbroadcastmanager:1.1.0) with AarTransform
Transforming cursoradapter-1.0.0.aar (androidx.cursoradapter:cursoradapter:1.0.0) with JetifyTransform
Transforming sqlite-framework-2.4.0.aar (androidx.sqlite:sqlite-framework:2.4.0) with JetifyTransform
Transforming sqlite-framework-2.4.0.aar (androidx.sqlite:sqlite-framework:2.4.0) with ExtractAarTransform
Transforming sqlite-framework-2.4.0.aar (androidx.sqlite:sqlite-framework:2.4.0) with AarTransform
Transforming cursoradapter-1.0.0.aar (androidx.cursoradapter:cursoradapter:1.0.0) with ExtractAarTransform
Transforming cursoradapter-1.0.0.aar (androidx.cursoradapter:cursoradapter:1.0.0) with AarTransform
Transforming cardview-1.0.0.aar (androidx.cardview:cardview:1.0.0) with JetifyTransform
Transforming cardview-1.0.0.aar (androidx.cardview:cardview:1.0.0) with ExtractAarTransform
Transforming cardview-1.0.0.aar (androidx.cardview:cardview:1.0.0) with AarTransform
Transforming sqlite-2.4.0.aar (androidx.sqlite:sqlite:2.4.0) with JetifyTransform
Transforming sqlite-2.4.0.aar (androidx.sqlite:sqlite:2.4.0) with ExtractAarTransform
Transforming sqlite-2.4.0.aar (androidx.sqlite:sqlite:2.4.0) with AarTransform
Transforming gifdecoder-4.16.0.aar (com.github.bumptech.glide:gifdecoder:4.16.0) with JetifyTransform
Transforming gifdecoder-4.16.0.aar (com.github.bumptech.glide:gifdecoder:4.16.0) with ExtractAarTransform
Transforming gifdecoder-4.16.0.aar (com.github.bumptech.glide:gifdecoder:4.16.0) with AarTransform
Transforming versionedparcelable-1.1.1.aar (androidx.versionedparcelable:versionedparcelable:1.1.1) with JetifyTransform
Transforming versionedparcelable-1.1.1.aar (androidx.versionedparcelable:versionedparcelable:1.1.1) with ExtractAarTransform
Transforming versionedparcelable-1.1.1.aar (androidx.versionedparcelable:versionedparcelable:1.1.1) with AarTransform
Transforming interpolator-1.0.0.aar (androidx.interpolator:interpolator:1.0.0) with JetifyTransform
Transforming interpolator-1.0.0.aar (androidx.interpolator:interpolator:1.0.0) with ExtractAarTransform
Transforming interpolator-1.0.0.aar (androidx.interpolator:interpolator:1.0.0) with AarTransform
Transforming documentfile-1.0.0.aar (androidx.documentfile:documentfile:1.0.0) with JetifyTransform
Transforming documentfile-1.0.0.aar (androidx.documentfile:documentfile:1.0.0) with ExtractAarTransform
Transforming documentfile-1.0.0.aar (androidx.documentfile:documentfile:1.0.0) with AarTransform
Transforming print-1.0.0.aar (androidx.print:print:1.0.0) with JetifyTransform
Transforming print-1.0.0.aar (androidx.print:print:1.0.0) with ExtractAarTransform
Transforming print-1.0.0.aar (androidx.print:print:1.0.0) with AarTransform
Transforming core-runtime-2.2.0.aar (androidx.arch.core:core-runtime:2.2.0) with JetifyTransform
Transforming core-runtime-2.2.0.aar (androidx.arch.core:core-runtime:2.2.0) with ExtractAarTransform
Transforming core-runtime-2.2.0.aar (androidx.arch.core:core-runtime:2.2.0) with AarTransform
Transforming constraintlayout-2.1.4.aar (androidx.constraintlayout:constraintlayout:2.1.4) with JetifyTransform
Transforming constraintlayout-2.1.4.aar (androidx.constraintlayout:constraintlayout:2.1.4) with ExtractAarTransform
Transforming constraintlayout-2.1.4.aar (androidx.constraintlayout:constraintlayout:2.1.4) with AarTransform
Transforming media3-exoplayer-hls-1.3.1.aar (androidx.media3:media3-exoplayer-hls:1.3.1) with JetifyTransform
Transforming media3-exoplayer-hls-1.3.1.aar (androidx.media3:media3-exoplayer-hls:1.3.1) with ExtractAarTransform
Transforming media3-ui-1.3.1.aar (androidx.media3:media3-ui:1.3.1) with JetifyTransform
Transforming tracing-1.0.0.aar (androidx.tracing:tracing:1.0.0) with JetifyTransform
Transforming tracing-1.0.0.aar (androidx.tracing:tracing:1.0.0) with ExtractAarTransform
Transforming media3-exoplayer-hls-1.3.1.aar (androidx.media3:media3-exoplayer-hls:1.3.1) with AarTransform
Transforming media3-ui-1.3.1.aar (androidx.media3:media3-ui:1.3.1) with ExtractAarTransform
Transforming exifinterface-1.3.6.aar (androidx.exifinterface:exifinterface:1.3.6) with JetifyTransform
Transforming exifinterface-1.3.6.aar (androidx.exifinterface:exifinterface:1.3.6) with ExtractAarTransform
Transforming exifinterface-1.3.6.aar (androidx.exifinterface:exifinterface:1.3.6) with AarTransform
Transforming tracing-1.0.0.aar (androidx.tracing:tracing:1.0.0) with AarTransform
Transforming media3-container-1.3.1.aar (androidx.media3:media3-container:1.3.1) with JetifyTransform
Transforming media3-container-1.3.1.aar (androidx.media3:media3-container:1.3.1) with ExtractAarTransform
Transforming media3-container-1.3.1.aar (androidx.media3:media3-container:1.3.1) with AarTransform
Transforming media3-database-1.3.1.aar (androidx.media3:media3-database:1.3.1) with JetifyTransform
Transforming media3-database-1.3.1.aar (androidx.media3:media3-database:1.3.1) with ExtractAarTransform
Transforming media3-database-1.3.1.aar (androidx.media3:media3-database:1.3.1) with AarTransform
Transforming media3-datasource-1.3.1.aar (androidx.media3:media3-datasource:1.3.1) with JetifyTransform
Transforming media3-datasource-1.3.1.aar (androidx.media3:media3-datasource:1.3.1) with ExtractAarTransform
Transforming media3-datasource-1.3.1.aar (androidx.media3:media3-datasource:1.3.1) with AarTransform
Transforming cronet-api-72.3626.96.aar (org.chromium.net:cronet-api:72.3626.96) with JetifyTransform
Transforming cronet-api-72.3626.96.aar (org.chromium.net:cronet-api:72.3626.96) with ExtractAarTransform
Transforming cronet-api-72.3626.96.aar (org.chromium.net:cronet-api:72.3626.96) with AarTransform
Transforming media3-decoder-1.3.1.aar (androidx.media3:media3-decoder:1.3.1) with JetifyTransform
Transforming media3-decoder-1.3.1.aar (androidx.media3:media3-decoder:1.3.1) with ExtractAarTransform
Transforming media3-extractor-1.3.1.aar (androidx.media3:media3-extractor:1.3.1) with JetifyTransform
Transforming media3-decoder-1.3.1.aar (androidx.media3:media3-decoder:1.3.1) with AarTransform
Transforming media3-extractor-1.3.1.aar (androidx.media3:media3-extractor:1.3.1) with ExtractAarTransform
Transforming media3-extractor-1.3.1.aar (androidx.media3:media3-extractor:1.3.1) with AarTransform
Transforming media3-ui-1.3.1.aar (androidx.media3:media3-ui:1.3.1) with AarTransform
Transforming viewbinding-8.4.1.aar (androidx.databinding:viewbinding:8.4.1) with JetifyTransform
Transforming viewbinding-8.4.1.aar (androidx.databinding:viewbinding:8.4.1) with ExtractAarTransform
Transforming viewbinding-8.4.1.aar (androidx.databinding:viewbinding:8.4.1) with AarTransform
Transforming material-1.12.0.aar (com.google.android.material:material:1.12.0) with JetifyTransform
Transforming material-1.12.0.aar (com.google.android.material:material:1.12.0) with ExtractAarTransform
Transforming material-1.12.0.aar (com.google.android.material:material:1.12.0) with AarTransform
Transforming constraintlayout-2.1.4.aar (androidx.constraintlayout:constraintlayout:2.1.4) with JetifyTransform
Transforming constraintlayout-2.1.4.aar (androidx.constraintlayout:constraintlayout:2.1.4) with ExtractAarTransform
Transforming constraintlayout-2.1.4.aar (androidx.constraintlayout:constraintlayout:2.1.4) with AarTransform
Transforming appcompat-resources-1.6.1.aar (androidx.appcompat:appcompat-resources:1.6.1) with JetifyTransform
Transforming appcompat-resources-1.6.1.aar (androidx.appcompat:appcompat-resources:1.6.1) with ExtractAarTransform
Transforming appcompat-resources-1.6.1.aar (androidx.appcompat:appcompat-resources:1.6.1) with AarTransform
Transforming appcompat-1.6.1.aar (androidx.appcompat:appcompat:1.6.1) with JetifyTransform
Transforming appcompat-1.6.1.aar (androidx.appcompat:appcompat:1.6.1) with ExtractAarTransform
Transforming appcompat-1.6.1.aar (androidx.appcompat:appcompat:1.6.1) with AarTransform
Transforming browser-1.8.0.aar (androidx.browser:browser:1.8.0) with JetifyTransform
Transforming browser-1.8.0.aar (androidx.browser:browser:1.8.0) with ExtractAarTransform
Transforming browser-1.8.0.aar (androidx.browser:browser:1.8.0) with AarTransform
Transforming webkit-1.11.0.aar (androidx.webkit:webkit:1.11.0) with JetifyTransform
Transforming webkit-1.11.0.aar (androidx.webkit:webkit:1.11.0) with ExtractAarTransform
Transforming webkit-1.11.0.aar (androidx.webkit:webkit:1.11.0) with AarTransform
Transforming media3-exoplayer-hls-1.3.1.aar (androidx.media3:media3-exoplayer-hls:1.3.1) with JetifyTransform
Transforming media3-exoplayer-hls-1.3.1.aar (androidx.media3:media3-exoplayer-hls:1.3.1) with ExtractAarTransform
Transforming media3-exoplayer-hls-1.3.1.aar (androidx.media3:media3-exoplayer-hls:1.3.1) with AarTransform
Transforming media3-exoplayer-1.3.1.aar (androidx.media3:media3-exoplayer:1.3.1) with JetifyTransform
Transforming media3-exoplayer-1.3.1.aar (androidx.media3:media3-exoplayer:1.3.1) with ExtractAarTransform
Transforming media3-exoplayer-1.3.1.aar (androidx.media3:media3-exoplayer:1.3.1) with AarTransform
Transforming media3-datasource-cronet-1.3.1.aar (androidx.media3:media3-datasource-cronet:1.3.1) with JetifyTransform
Transforming media3-datasource-cronet-1.3.1.aar (androidx.media3:media3-datasource-cronet:1.3.1) with ExtractAarTransform
Transforming media3-datasource-cronet-1.3.1.aar (androidx.media3:media3-datasource-cronet:1.3.1) with AarTransform
Transforming media3-session-1.3.1.aar (androidx.media3:media3-session:1.3.1) with JetifyTransform
Transforming media3-session-1.3.1.aar (androidx.media3:media3-session:1.3.1) with ExtractAarTransform
Transforming media3-session-1.3.1.aar (androidx.media3:media3-session:1.3.1) with AarTransform
Transforming media3-extractor-1.3.1.aar (androidx.media3:media3-extractor:1.3.1) with JetifyTransform
Transforming media3-extractor-1.3.1.aar (androidx.media3:media3-extractor:1.3.1) with ExtractAarTransform
Transforming media3-extractor-1.3.1.aar (androidx.media3:media3-extractor:1.3.1) with AarTransform
Transforming media3-container-1.3.1.aar (androidx.media3:media3-container:1.3.1) with JetifyTransform
Transforming media3-container-1.3.1.aar (androidx.media3:media3-container:1.3.1) with ExtractAarTransform
Transforming media3-container-1.3.1.aar (androidx.media3:media3-container:1.3.1) with AarTransform
Transforming media3-datasource-1.3.1.aar (androidx.media3:media3-datasource:1.3.1) with JetifyTransform
Transforming media3-datasource-1.3.1.aar (androidx.media3:media3-datasource:1.3.1) with ExtractAarTransform
Transforming media3-datasource-1.3.1.aar (androidx.media3:media3-datasource:1.3.1) with AarTransform
Transforming media3-decoder-1.3.1.aar (androidx.media3:media3-decoder:1.3.1) with JetifyTransform
Transforming media3-decoder-1.3.1.aar (androidx.media3:media3-decoder:1.3.1) with ExtractAarTransform
Transforming media3-decoder-1.3.1.aar (androidx.media3:media3-decoder:1.3.1) with AarTransform
Transforming media3-database-1.3.1.aar (androidx.media3:media3-database:1.3.1) with JetifyTransform
Transforming media3-database-1.3.1.aar (androidx.media3:media3-database:1.3.1) with ExtractAarTransform
Transforming media3-database-1.3.1.aar (androidx.media3:media3-database:1.3.1) with AarTransform
Transforming media3-common-1.3.1.aar (androidx.media3:media3-common:1.3.1) with JetifyTransform
Transforming media3-common-1.3.1.aar (androidx.media3:media3-common:1.3.1) with ExtractAarTransform
Transforming media3-common-1.3.1.aar (androidx.media3:media3-common:1.3.1) with AarTransform
Transforming media3-ui-1.3.1.aar (androidx.media3:media3-ui:1.3.1) with JetifyTransform
Transforming media3-ui-1.3.1.aar (androidx.media3:media3-ui:1.3.1) with ExtractAarTransform
Transforming media3-ui-1.3.1.aar (androidx.media3:media3-ui:1.3.1) with AarTransform
Transforming media-1.7.0.aar (androidx.media:media:1.7.0) with JetifyTransform
Transforming media-1.7.0.aar (androidx.media:media:1.7.0) with ExtractAarTransform
Transforming media-1.7.0.aar (androidx.media:media:1.7.0) with AarTransform
Transforming viewpager2-1.1.0-beta02.aar (androidx.viewpager2:viewpager2:1.1.0-beta02) with JetifyTransform
Transforming viewpager2-1.1.0-beta02.aar (androidx.viewpager2:viewpager2:1.1.0-beta02) with ExtractAarTransform
Transforming viewpager2-1.1.0-beta02.aar (androidx.viewpager2:viewpager2:1.1.0-beta02) with AarTransform
Transforming recyclerview-1.3.2.aar (androidx.recyclerview:recyclerview:1.3.2) with JetifyTransform
Transforming recyclerview-1.3.2.aar (androidx.recyclerview:recyclerview:1.3.2) with ExtractAarTransform
Transforming recyclerview-1.3.2.aar (androidx.recyclerview:recyclerview:1.3.2) with AarTransform
Transforming glide-4.16.0.aar (com.github.bumptech.glide:glide:4.16.0) with JetifyTransform
Transforming glide-4.16.0.aar (com.github.bumptech.glide:glide:4.16.0) with ExtractAarTransform
Transforming glide-4.16.0.aar (com.github.bumptech.glide:glide:4.16.0) with AarTransform
Transforming play-services-cronet-18.0.1.aar (com.google.android.gms:play-services-cronet:18.0.1) with JetifyTransform
Transforming play-services-cronet-18.0.1.aar (com.google.android.gms:play-services-cronet:18.0.1) with ExtractAarTransform
Transforming play-services-cronet-18.0.1.aar (com.google.android.gms:play-services-cronet:18.0.1) with AarTransform
Transforming fragment-1.3.6.aar (androidx.fragment:fragment:1.3.6) with JetifyTransform
Transforming fragment-1.3.6.aar (androidx.fragment:fragment:1.3.6) with ExtractAarTransform
Transforming fragment-1.3.6.aar (androidx.fragment:fragment:1.3.6) with AarTransform
Transforming activity-1.8.0.aar (androidx.activity:activity:1.8.0) with JetifyTransform
Transforming activity-1.8.0.aar (androidx.activity:activity:1.8.0) with ExtractAarTransform
Transforming activity-1.8.0.aar (androidx.activity:activity:1.8.0) with AarTransform
Transforming drawerlayout-1.1.1.aar (androidx.drawerlayout:drawerlayout:1.1.1) with JetifyTransform
Transforming drawerlayout-1.1.1.aar (androidx.drawerlayout:drawerlayout:1.1.1) with ExtractAarTransform
Transforming drawerlayout-1.1.1.aar (androidx.drawerlayout:drawerlayout:1.1.1) with AarTransform
Transforming coordinatorlayout-1.1.0.aar (androidx.coordinatorlayout:coordinatorlayout:1.1.0) with JetifyTransform
Transforming coordinatorlayout-1.1.0.aar (androidx.coordinatorlayout:coordinatorlayout:1.1.0) with ExtractAarTransform
Transforming coordinatorlayout-1.1.0.aar (androidx.coordinatorlayout:coordinatorlayout:1.1.0) with AarTransform
Transforming transition-1.5.0.aar (androidx.transition:transition:1.5.0) with JetifyTransform
Transforming transition-1.5.0.aar (androidx.transition:transition:1.5.0) with ExtractAarTransform
Transforming transition-1.5.0.aar (androidx.transition:transition:1.5.0) with AarTransform
Transforming dynamicanimation-1.0.0.aar (androidx.dynamicanimation:dynamicanimation:1.0.0) with JetifyTransform
Transforming dynamicanimation-1.0.0.aar (androidx.dynamicanimation:dynamicanimation:1.0.0) with ExtractAarTransform
Transforming dynamicanimation-1.0.0.aar (androidx.dynamicanimation:dynamicanimation:1.0.0) with AarTransform
Transforming vectordrawable-animated-1.1.0.aar (androidx.vectordrawable:vectordrawable-animated:1.1.0) with JetifyTransform
Transforming vectordrawable-animated-1.1.0.aar (androidx.vectordrawable:vectordrawable-animated:1.1.0) with ExtractAarTransform
Transforming vectordrawable-animated-1.1.0.aar (androidx.vectordrawable:vectordrawable-animated:1.1.0) with AarTransform
Transforming vectordrawable-1.1.0.aar (androidx.vectordrawable:vectordrawable:1.1.0) with JetifyTransform
Transforming vectordrawable-1.1.0.aar (androidx.vectordrawable:vectordrawable:1.1.0) with ExtractAarTransform
Transforming vectordrawable-1.1.0.aar (androidx.vectordrawable:vectordrawable:1.1.0) with AarTransform
Transforming viewpager-1.0.0.aar (androidx.viewpager:viewpager:1.0.0) with JetifyTransform
Transforming viewpager-1.0.0.aar (androidx.viewpager:viewpager:1.0.0) with ExtractAarTransform
Transforming viewpager-1.0.0.aar (androidx.viewpager:viewpager:1.0.0) with AarTransform
Transforming loader-1.0.0.aar (androidx.loader:loader:1.0.0) with JetifyTransform
Transforming loader-1.0.0.aar (androidx.loader:loader:1.0.0) with ExtractAarTransform
Transforming loader-1.0.0.aar (androidx.loader:loader:1.0.0) with AarTransform
Transforming customview-1.1.0.aar (androidx.customview:customview:1.1.0) with JetifyTransform
Transforming customview-1.1.0.aar (androidx.customview:customview:1.1.0) with ExtractAarTransform
Transforming customview-1.1.0.aar (androidx.customview:customview:1.1.0) with AarTransform
Transforming core-1.13.1.aar (androidx.core:core:1.13.1) with JetifyTransform
Transforming core-1.13.1.aar (androidx.core:core:1.13.1) with ExtractAarTransform
Transforming core-1.13.1.aar (androidx.core:core:1.13.1) with AarTransform
Transforming savedstate-1.2.1.aar (androidx.savedstate:savedstate:1.2.1) with JetifyTransform
Transforming savedstate-1.2.1.aar (androidx.savedstate:savedstate:1.2.1) with ExtractAarTransform
Transforming savedstate-1.2.1.aar (androidx.savedstate:savedstate:1.2.1) with AarTransform
Transforming lifecycle-livedata-core-ktx-2.8.2.aar (androidx.lifecycle:lifecycle-livedata-core-ktx:2.8.2) with JetifyTransform
Transforming lifecycle-livedata-core-ktx-2.8.2.aar (androidx.lifecycle:lifecycle-livedata-core-ktx:2.8.2) with ExtractAarTransform
Transforming lifecycle-livedata-core-ktx-2.8.2.aar (androidx.lifecycle:lifecycle-livedata-core-ktx:2.8.2) with AarTransform
Transforming lifecycle-viewmodel-release.aar (androidx.lifecycle:lifecycle-viewmodel-android:2.8.2) with JetifyTransform
Transforming lifecycle-viewmodel-release.aar (androidx.lifecycle:lifecycle-viewmodel-android:2.8.2) with ExtractAarTransform
Transforming lifecycle-viewmodel-release.aar (androidx.lifecycle:lifecycle-viewmodel-android:2.8.2) with AarTransform
Transforming lifecycle-runtime-release.aar (androidx.lifecycle:lifecycle-runtime-android:2.8.2) with JetifyTransform
Transforming lifecycle-runtime-release.aar (androidx.lifecycle:lifecycle-runtime-android:2.8.2) with ExtractAarTransform
Transforming lifecycle-runtime-release.aar (androidx.lifecycle:lifecycle-runtime-android:2.8.2) with AarTransform
Transforming lifecycle-livedata-core-2.8.2.aar (androidx.lifecycle:lifecycle-livedata-core:2.8.2) with JetifyTransform
Transforming lifecycle-livedata-core-2.8.2.aar (androidx.lifecycle:lifecycle-livedata-core:2.8.2) with ExtractAarTransform
Transforming lifecycle-livedata-core-2.8.2.aar (androidx.lifecycle:lifecycle-livedata-core:2.8.2) with AarTransform
Transforming lifecycle-runtime-ktx-release.aar (androidx.lifecycle:lifecycle-runtime-ktx-android:2.8.2) with JetifyTransform
Transforming lifecycle-runtime-ktx-release.aar (androidx.lifecycle:lifecycle-runtime-ktx-android:2.8.2) with ExtractAarTransform
Transforming lifecycle-runtime-ktx-release.aar (androidx.lifecycle:lifecycle-runtime-ktx-android:2.8.2) with AarTransform
Transforming lifecycle-viewmodel-savedstate-2.8.2.aar (androidx.lifecycle:lifecycle-viewmodel-savedstate:2.8.2) with JetifyTransform
Transforming lifecycle-viewmodel-savedstate-2.8.2.aar (androidx.lifecycle:lifecycle-viewmodel-savedstate:2.8.2) with ExtractAarTransform
Transforming lifecycle-viewmodel-savedstate-2.8.2.aar (androidx.lifecycle:lifecycle-viewmodel-savedstate:2.8.2) with AarTransform
Transforming core-ktx-1.13.1.aar (androidx.core:core-ktx:1.13.1) with JetifyTransform
Transforming emoji2-views-helper-1.2.0.aar (androidx.emoji2:emoji2-views-helper:1.2.0) with JetifyTransform
Transforming core-ktx-1.13.1.aar (androidx.core:core-ktx:1.13.1) with ExtractAarTransform
Transforming core-ktx-1.13.1.aar (androidx.core:core-ktx:1.13.1) with AarTransform
Transforming room-runtime-2.6.1.aar (androidx.room:room-runtime:2.6.1) with JetifyTransform
Transforming emoji2-views-helper-1.2.0.aar (androidx.emoji2:emoji2-views-helper:1.2.0) with ExtractAarTransform
Transforming room-runtime-2.6.1.aar (androidx.room:room-runtime:2.6.1) with ExtractAarTransform
Transforming room-runtime-2.6.1.aar (androidx.room:room-runtime:2.6.1) with AarTransform
Transforming room-ktx-2.6.1.aar (androidx.room:room-ktx:2.6.1) with JetifyTransform
Transforming room-ktx-2.6.1.aar (androidx.room:room-ktx:2.6.1) with ExtractAarTransform
Transforming room-ktx-2.6.1.aar (androidx.room:room-ktx:2.6.1) with AarTransform
Transforming annotation-experimental-1.4.0.aar (androidx.annotation:annotation-experimental:1.4.0) with JetifyTransform
Transforming annotation-experimental-1.4.0.aar (androidx.annotation:annotation-experimental:1.4.0) with ExtractAarTransform
Transforming annotation-experimental-1.4.0.aar (androidx.annotation:annotation-experimental:1.4.0) with AarTransform
Transforming sqlite-framework-2.4.0.aar (androidx.sqlite:sqlite-framework:2.4.0) with JetifyTransform
Transforming sqlite-framework-2.4.0.aar (androidx.sqlite:sqlite-framework:2.4.0) with ExtractAarTransform
Transforming sqlite-framework-2.4.0.aar (androidx.sqlite:sqlite-framework:2.4.0) with AarTransform
Transforming sqlite-2.4.0.aar (androidx.sqlite:sqlite:2.4.0) with JetifyTransform
Transforming sqlite-2.4.0.aar (androidx.sqlite:sqlite:2.4.0) with ExtractAarTransform
Transforming sqlite-2.4.0.aar (androidx.sqlite:sqlite:2.4.0) with AarTransform
Transforming localbroadcastmanager-1.1.0.aar (androidx.localbroadcastmanager:localbroadcastmanager:1.1.0) with JetifyTransform
Transforming localbroadcastmanager-1.1.0.aar (androidx.localbroadcastmanager:localbroadcastmanager:1.1.0) with ExtractAarTransform
Transforming localbroadcastmanager-1.1.0.aar (androidx.localbroadcastmanager:localbroadcastmanager:1.1.0) with AarTransform
Transforming interpolator-1.0.0.aar (androidx.interpolator:interpolator:1.0.0) with JetifyTransform
Transforming interpolator-1.0.0.aar (androidx.interpolator:interpolator:1.0.0) with ExtractAarTransform
Transforming interpolator-1.0.0.aar (androidx.interpolator:interpolator:1.0.0) with AarTransform
Transforming cursoradapter-1.0.0.aar (androidx.cursoradapter:cursoradapter:1.0.0) with JetifyTransform
Transforming cursoradapter-1.0.0.aar (androidx.cursoradapter:cursoradapter:1.0.0) with ExtractAarTransform
Transforming cursoradapter-1.0.0.aar (androidx.cursoradapter:cursoradapter:1.0.0) with AarTransform
Transforming cardview-1.0.0.aar (androidx.cardview:cardview:1.0.0) with JetifyTransform
Transforming emoji2-1.2.0.aar (androidx.emoji2:emoji2:1.2.0) with JetifyTransform
Transforming emoji2-1.2.0.aar (androidx.emoji2:emoji2:1.2.0) with ExtractAarTransform
Transforming emoji2-views-helper-1.2.0.aar (androidx.emoji2:emoji2-views-helper:1.2.0) with AarTransform
Transforming cardview-1.0.0.aar (androidx.cardview:cardview:1.0.0) with ExtractAarTransform
Transforming cardview-1.0.0.aar (androidx.cardview:cardview:1.0.0) with AarTransform
Transforming versionedparcelable-1.1.1.aar (androidx.versionedparcelable:versionedparcelable:1.1.1) with JetifyTransform
Transforming versionedparcelable-1.1.1.aar (androidx.versionedparcelable:versionedparcelable:1.1.1) with ExtractAarTransform
Transforming versionedparcelable-1.1.1.aar (androidx.versionedparcelable:versionedparcelable:1.1.1) with AarTransform
Transforming exifinterface-1.3.6.aar (androidx.exifinterface:exifinterface:1.3.6) with JetifyTransform
Transforming exifinterface-1.3.6.aar (androidx.exifinterface:exifinterface:1.3.6) with ExtractAarTransform
Transforming exifinterface-1.3.6.aar (androidx.exifinterface:exifinterface:1.3.6) with AarTransform
Transforming core-runtime-2.2.0.aar (androidx.arch.core:core-runtime:2.2.0) with JetifyTransform
Transforming emoji2-1.2.0.aar (androidx.emoji2:emoji2:1.2.0) with AarTransform
Transforming customview-poolingcontainer-1.0.0.aar (androidx.customview:customview-poolingcontainer:1.0.0) with JetifyTransform
Transforming core-runtime-2.2.0.aar (androidx.arch.core:core-runtime:2.2.0) with ExtractAarTransform
Transforming core-runtime-2.2.0.aar (androidx.arch.core:core-runtime:2.2.0) with AarTransform
Transforming gifdecoder-4.16.0.aar (com.github.bumptech.glide:gifdecoder:4.16.0) with JetifyTransform
Transforming gifdecoder-4.16.0.aar (com.github.bumptech.glide:gifdecoder:4.16.0) with ExtractAarTransform
Transforming gifdecoder-4.16.0.aar (com.github.bumptech.glide:gifdecoder:4.16.0) with AarTransform
Transforming customview-poolingcontainer-1.0.0.aar (androidx.customview:customview-poolingcontainer:1.0.0) with ExtractAarTransform
Transforming tracing-1.0.0.aar (androidx.tracing:tracing:1.0.0) with JetifyTransform
Transforming tracing-1.0.0.aar (androidx.tracing:tracing:1.0.0) with ExtractAarTransform
Transforming tracing-1.0.0.aar (androidx.tracing:tracing:1.0.0) with AarTransform
Transforming customview-poolingcontainer-1.0.0.aar (androidx.customview:customview-poolingcontainer:1.0.0) with AarTransform
Transforming lifecycle-process-2.8.2.aar (androidx.lifecycle:lifecycle-process:2.8.2) with JetifyTransform
Transforming lifecycle-process-2.8.2.aar (androidx.lifecycle:lifecycle-process:2.8.2) with ExtractAarTransform
Transforming lifecycle-process-2.8.2.aar (androidx.lifecycle:lifecycle-process:2.8.2) with AarTransform
Transforming profileinstaller-1.3.1.aar (androidx.profileinstaller:profileinstaller:1.3.1) with JetifyTransform
Transforming profileinstaller-1.3.1.aar (androidx.profileinstaller:profileinstaller:1.3.1) with ExtractAarTransform
Transforming profileinstaller-1.3.1.aar (androidx.profileinstaller:profileinstaller:1.3.1) with AarTransform
Transforming startup-runtime-1.1.1.aar (androidx.startup:startup-runtime:1.1.1) with JetifyTransform
Transforming startup-runtime-1.1.1.aar (androidx.startup:startup-runtime:1.1.1) with ExtractAarTransform
Transforming startup-runtime-1.1.1.aar (androidx.startup:startup-runtime:1.1.1) with AarTransform
Caching disabled for task ':app:dataBindingMergeDependencyArtifactsDebug' because:
  Build cache is disabled
Skipping task ':app:dataBindingMergeDependencyArtifactsDebug' as it is up-to-date.
Resolve mutations for :app:generateDebugResValues (Thread[Execution worker,5,main]) started.
:app:generateDebugResValues (Thread[Execution worker,5,main]) started.

> Task :app:generateDebugResValues UP-TO-DATE
Caching disabled for task ':app:generateDebugResValues' because:
  Build cache is disabled
Skipping task ':app:generateDebugResValues' as it is up-to-date.
Resolve mutations for :app:generateDebugResources (Thread[Execution worker,5,main]) started.
:app:generateDebugResources (Thread[Execution worker Thread 5,5,main]) started.

> Task :app:generateDebugResources
Caching disabled for task ':app:generateDebugResources' because:
  Build cache is disabled
Task ':app:generateDebugResources' is not up-to-date because:
  Input property 'resources.main.sourceDirectories' file /storage/emulated/0/AndroidIDEProjects/Mydownloader/app/src/main/res/values/strings.xml has changed.
Resolve mutations for :app:mergeDebugResources (Thread[Execution worker Thread 5,5,main]) started.
:app:mergeDebugResources (Thread[Execution worker Thread 5,5,main]) started.

> Task :app:mergeDebugResources
Transforming viewbinding-8.4.1.aar (androidx.databinding:viewbinding:8.4.1) with JetifyTransform
Transforming viewbinding-8.4.1.aar (androidx.databinding:viewbinding:8.4.1) with ExtractAarTransform
Transforming viewbinding-8.4.1.aar (androidx.databinding:viewbinding:8.4.1) with AarTransform
Transforming material-1.12.0.aar (com.google.android.material:material:1.12.0) with JetifyTransform
Transforming material-1.12.0.aar (com.google.android.material:material:1.12.0) with ExtractAarTransform
Transforming material-1.12.0.aar (com.google.android.material:material:1.12.0) with AarTransform
Transforming constraintlayout-2.1.4.aar (androidx.constraintlayout:constraintlayout:2.1.4) with JetifyTransform
Transforming constraintlayout-2.1.4.aar (androidx.constraintlayout:constraintlayout:2.1.4) with ExtractAarTransform
Transforming constraintlayout-2.1.4.aar (androidx.constraintlayout:constraintlayout:2.1.4) with AarTransform
Transforming appcompat-resources-1.6.1.aar (androidx.appcompat:appcompat-resources:1.6.1) with JetifyTransform
Transforming appcompat-resources-1.6.1.aar (androidx.appcompat:appcompat-resources:1.6.1) with ExtractAarTransform
Transforming appcompat-resources-1.6.1.aar (androidx.appcompat:appcompat-resources:1.6.1) with AarTransform
Transforming appcompat-1.6.1.aar (androidx.appcompat:appcompat:1.6.1) with JetifyTransform
Transforming appcompat-1.6.1.aar (androidx.appcompat:appcompat:1.6.1) with ExtractAarTransform
Transforming appcompat-1.6.1.aar (androidx.appcompat:appcompat:1.6.1) with AarTransform
Transforming browser-1.8.0.aar (androidx.browser:browser:1.8.0) with JetifyTransform
Transforming browser-1.8.0.aar (androidx.browser:browser:1.8.0) with ExtractAarTransform
Transforming browser-1.8.0.aar (androidx.browser:browser:1.8.0) with AarTransform
Transforming webkit-1.11.0.aar (androidx.webkit:webkit:1.11.0) with JetifyTransform
Transforming webkit-1.11.0.aar (androidx.webkit:webkit:1.11.0) with ExtractAarTransform
Transforming webkit-1.11.0.aar (androidx.webkit:webkit:1.11.0) with AarTransform
Transforming media3-exoplayer-hls-1.3.1.aar (androidx.media3:media3-exoplayer-hls:1.3.1) with JetifyTransform
Transforming media3-exoplayer-hls-1.3.1.aar (androidx.media3:media3-exoplayer-hls:1.3.1) with ExtractAarTransform
Transforming media3-exoplayer-hls-1.3.1.aar (androidx.media3:media3-exoplayer-hls:1.3.1) with AarTransform
Transforming media3-exoplayer-1.3.1.aar (androidx.media3:media3-exoplayer:1.3.1) with JetifyTransform
Transforming media3-exoplayer-1.3.1.aar (androidx.media3:media3-exoplayer:1.3.1) with ExtractAarTransform
Transforming media3-exoplayer-1.3.1.aar (androidx.media3:media3-exoplayer:1.3.1) with AarTransform
Transforming media3-datasource-cronet-1.3.1.aar (androidx.media3:media3-datasource-cronet:1.3.1) with JetifyTransform
Transforming media3-datasource-cronet-1.3.1.aar (androidx.media3:media3-datasource-cronet:1.3.1) with ExtractAarTransform
Transforming media3-datasource-cronet-1.3.1.aar (androidx.media3:media3-datasource-cronet:1.3.1) with AarTransform
Transforming media3-session-1.3.1.aar (androidx.media3:media3-session:1.3.1) with JetifyTransform
Transforming media3-session-1.3.1.aar (androidx.media3:media3-session:1.3.1) with ExtractAarTransform
Transforming media3-session-1.3.1.aar (androidx.media3:media3-session:1.3.1) with AarTransform
Transforming media3-extractor-1.3.1.aar (androidx.media3:media3-extractor:1.3.1) with JetifyTransform
Transforming media3-extractor-1.3.1.aar (androidx.media3:media3-extractor:1.3.1) with ExtractAarTransform
Transforming media3-extractor-1.3.1.aar (androidx.media3:media3-extractor:1.3.1) with AarTransform
Transforming media3-container-1.3.1.aar (androidx.media3:media3-container:1.3.1) with JetifyTransform
Transforming media3-container-1.3.1.aar (androidx.media3:media3-container:1.3.1) with ExtractAarTransform
Transforming media3-container-1.3.1.aar (androidx.media3:media3-container:1.3.1) with AarTransform
Transforming media3-datasource-1.3.1.aar (androidx.media3:media3-datasource:1.3.1) with JetifyTransform
Transforming media3-datasource-1.3.1.aar (androidx.media3:media3-datasource:1.3.1) with ExtractAarTransform
Transforming media3-datasource-1.3.1.aar (androidx.media3:media3-datasource:1.3.1) with AarTransform
Transforming media3-decoder-1.3.1.aar (androidx.media3:media3-decoder:1.3.1) with JetifyTransform
Transforming media3-decoder-1.3.1.aar (androidx.media3:media3-decoder:1.3.1) with ExtractAarTransform
Transforming media3-decoder-1.3.1.aar (androidx.media3:media3-decoder:1.3.1) with AarTransform
Transforming media3-database-1.3.1.aar (androidx.media3:media3-database:1.3.1) with JetifyTransform
Transforming media3-database-1.3.1.aar (androidx.media3:media3-database:1.3.1) with ExtractAarTransform
Transforming media3-database-1.3.1.aar (androidx.media3:media3-database:1.3.1) with AarTransform
Transforming media3-common-1.3.1.aar (androidx.media3:media3-common:1.3.1) with JetifyTransform
Transforming media3-common-1.3.1.aar (androidx.media3:media3-common:1.3.1) with ExtractAarTransform
Transforming media3-common-1.3.1.aar (androidx.media3:media3-common:1.3.1) with AarTransform
Transforming media3-ui-1.3.1.aar (androidx.media3:media3-ui:1.3.1) with JetifyTransform
Transforming media3-ui-1.3.1.aar (androidx.media3:media3-ui:1.3.1) with ExtractAarTransform
Transforming media3-ui-1.3.1.aar (androidx.media3:media3-ui:1.3.1) with AarTransform
Transforming media-1.7.0.aar (androidx.media:media:1.7.0) with JetifyTransform
Transforming media-1.7.0.aar (androidx.media:media:1.7.0) with ExtractAarTransform
Transforming media-1.7.0.aar (androidx.media:media:1.7.0) with AarTransform
Transforming viewpager2-1.1.0-beta02.aar (androidx.viewpager2:viewpager2:1.1.0-beta02) with JetifyTransform
Transforming viewpager2-1.1.0-beta02.aar (androidx.viewpager2:viewpager2:1.1.0-beta02) with ExtractAarTransform
Transforming viewpager2-1.1.0-beta02.aar (androidx.viewpager2:viewpager2:1.1.0-beta02) with AarTransform
Transforming recyclerview-1.3.2.aar (androidx.recyclerview:recyclerview:1.3.2) with JetifyTransform
Transforming recyclerview-1.3.2.aar (androidx.recyclerview:recyclerview:1.3.2) with ExtractAarTransform
Transforming recyclerview-1.3.2.aar (androidx.recyclerview:recyclerview:1.3.2) with AarTransform
Transforming emoji2-views-helper-1.2.0.aar (androidx.emoji2:emoji2-views-helper:1.2.0) with JetifyTransform
Transforming emoji2-views-helper-1.2.0.aar (androidx.emoji2:emoji2-views-helper:1.2.0) with ExtractAarTransform
Transforming emoji2-views-helper-1.2.0.aar (androidx.emoji2:emoji2-views-helper:1.2.0) with AarTransform
Transforming emoji2-1.2.0.aar (androidx.emoji2:emoji2:1.2.0) with JetifyTransform
Transforming emoji2-1.2.0.aar (androidx.emoji2:emoji2:1.2.0) with ExtractAarTransform
Transforming emoji2-1.2.0.aar (androidx.emoji2:emoji2:1.2.0) with AarTransform
Transforming glide-4.16.0.aar (com.github.bumptech.glide:glide:4.16.0) with JetifyTransform
Transforming glide-4.16.0.aar (com.github.bumptech.glide:glide:4.16.0) with ExtractAarTransform
Transforming glide-4.16.0.aar (com.github.bumptech.glide:glide:4.16.0) with AarTransform
Transforming play-services-cronet-18.0.1.aar (com.google.android.gms:play-services-cronet:18.0.1) with JetifyTransform
Transforming play-services-cronet-18.0.1.aar (com.google.android.gms:play-services-cronet:18.0.1) with ExtractAarTransform
Transforming play-services-cronet-18.0.1.aar (com.google.android.gms:play-services-cronet:18.0.1) with AarTransform
Transforming play-services-base-18.0.1.aar (com.google.android.gms:play-services-base:18.0.1) with JetifyTransform
Transforming play-services-base-18.0.1.aar (com.google.android.gms:play-services-base:18.0.1) with ExtractAarTransform
Transforming play-services-base-18.0.1.aar (com.google.android.gms:play-services-base:18.0.1) with AarTransform
Transforming play-services-tasks-18.0.1.aar (com.google.android.gms:play-services-tasks:18.0.1) with JetifyTransform
Transforming play-services-tasks-18.0.1.aar (com.google.android.gms:play-services-tasks:18.0.1) with ExtractAarTransform
Transforming play-services-tasks-18.0.1.aar (com.google.android.gms:play-services-tasks:18.0.1) with AarTransform
Transforming play-services-basement-18.0.0.aar (com.google.android.gms:play-services-basement:18.0.0) with JetifyTransform
Transforming play-services-basement-18.0.0.aar (com.google.android.gms:play-services-basement:18.0.0) with ExtractAarTransform
Transforming play-services-basement-18.0.0.aar (com.google.android.gms:play-services-basement:18.0.0) with AarTransform
Transforming fragment-1.3.6.aar (androidx.fragment:fragment:1.3.6) with JetifyTransform
Transforming fragment-1.3.6.aar (androidx.fragment:fragment:1.3.6) with ExtractAarTransform
Transforming fragment-1.3.6.aar (androidx.fragment:fragment:1.3.6) with AarTransform
Transforming fragment-1.3.6.aar (androidx.fragment:fragment:1.3.6) with JetifyTransform
Transforming fragment-1.3.6.aar (androidx.fragment:fragment:1.3.6) with ExtractAarTransform
Transforming fragment-1.3.6.aar (androidx.fragment:fragment:1.3.6) with AarTransform
Transforming activity-1.8.0.aar (androidx.activity:activity:1.8.0) with JetifyTransform
Transforming activity-1.8.0.aar (androidx.activity:activity:1.8.0) with ExtractAarTransform
Transforming activity-1.8.0.aar (androidx.activity:activity:1.8.0) with AarTransform
Transforming drawerlayout-1.1.1.aar (androidx.drawerlayout:drawerlayout:1.1.1) with JetifyTransform
Transforming drawerlayout-1.1.1.aar (androidx.drawerlayout:drawerlayout:1.1.1) with ExtractAarTransform
Transforming drawerlayout-1.1.1.aar (androidx.drawerlayout:drawerlayout:1.1.1) with AarTransform
Transforming coordinatorlayout-1.1.0.aar (androidx.coordinatorlayout:coordinatorlayout:1.1.0) with JetifyTransform
Transforming coordinatorlayout-1.1.0.aar (androidx.coordinatorlayout:coordinatorlayout:1.1.0) with ExtractAarTransform
Transforming coordinatorlayout-1.1.0.aar (androidx.coordinatorlayout:coordinatorlayout:1.1.0) with AarTransform
Transforming transition-1.5.0.aar (androidx.transition:transition:1.5.0) with JetifyTransform
Transforming transition-1.5.0.aar (androidx.transition:transition:1.5.0) with ExtractAarTransform
Transforming transition-1.5.0.aar (androidx.transition:transition:1.5.0) with AarTransform
Transforming dynamicanimation-1.0.0.aar (androidx.dynamicanimation:dynamicanimation:1.0.0) with JetifyTransform
Transforming dynamicanimation-1.0.0.aar (androidx.dynamicanimation:dynamicanimation:1.0.0) with ExtractAarTransform
Transforming dynamicanimation-1.0.0.aar (androidx.dynamicanimation:dynamicanimation:1.0.0) with AarTransform
Transforming vectordrawable-animated-1.1.0.aar (androidx.vectordrawable:vectordrawable-animated:1.1.0) with JetifyTransform
Transforming vectordrawable-animated-1.1.0.aar (androidx.vectordrawable:vectordrawable-animated:1.1.0) with ExtractAarTransform
Transforming vectordrawable-animated-1.1.0.aar (androidx.vectordrawable:vectordrawable-animated:1.1.0) with AarTransform
Transforming vectordrawable-1.1.0.aar (androidx.vectordrawable:vectordrawable:1.1.0) with JetifyTransform
Transforming vectordrawable-1.1.0.aar (androidx.vectordrawable:vectordrawable:1.1.0) with ExtractAarTransform
Transforming vectordrawable-1.1.0.aar (androidx.vectordrawable:vectordrawable:1.1.0) with AarTransform
Transforming vectordrawable-1.1.0.aar (androidx.vectordrawable:vectordrawable:1.1.0) with JetifyTransform
Transforming vectordrawable-1.1.0.aar (androidx.vectordrawable:vectordrawable:1.1.0) with ExtractAarTransform
Transforming vectordrawable-1.1.0.aar (androidx.vectordrawable:vectordrawable:1.1.0) with AarTransform
Transforming viewpager-1.0.0.aar (androidx.viewpager:viewpager:1.0.0) with JetifyTransform
Transforming viewpager-1.0.0.aar (androidx.viewpager:viewpager:1.0.0) with ExtractAarTransform
Transforming viewpager-1.0.0.aar (androidx.viewpager:viewpager:1.0.0) with AarTransform
Transforming legacy-support-core-utils-1.0.0.aar (androidx.legacy:legacy-support-core-utils:1.0.0) with JetifyTransform
Transforming legacy-support-core-utils-1.0.0.aar (androidx.legacy:legacy-support-core-utils:1.0.0) with ExtractAarTransform
Transforming legacy-support-core-utils-1.0.0.aar (androidx.legacy:legacy-support-core-utils:1.0.0) with AarTransform
Transforming loader-1.0.0.aar (androidx.loader:loader:1.0.0) with JetifyTransform
Transforming loader-1.0.0.aar (androidx.loader:loader:1.0.0) with ExtractAarTransform
Transforming loader-1.0.0.aar (androidx.loader:loader:1.0.0) with AarTransform
Transforming loader-1.0.0.aar (androidx.loader:loader:1.0.0) with JetifyTransform
Transforming loader-1.0.0.aar (androidx.loader:loader:1.0.0) with ExtractAarTransform
Transforming loader-1.0.0.aar (androidx.loader:loader:1.0.0) with AarTransform
Transforming customview-1.1.0.aar (androidx.customview:customview:1.1.0) with JetifyTransform
Transforming customview-1.1.0.aar (androidx.customview:customview:1.1.0) with ExtractAarTransform
Transforming customview-1.1.0.aar (androidx.customview:customview:1.1.0) with AarTransform
Transforming customview-1.1.0.aar (androidx.customview:customview:1.1.0) with JetifyTransform
Transforming customview-1.1.0.aar (androidx.customview:customview:1.1.0) with ExtractAarTransform
Transforming customview-1.1.0.aar (androidx.customview:customview:1.1.0) with AarTransform
Transforming core-1.13.1.aar (androidx.core:core:1.13.1) with JetifyTransform
Transforming core-1.13.1.aar (androidx.core:core:1.13.1) with ExtractAarTransform
Transforming core-1.13.1.aar (androidx.core:core:1.13.1) with AarTransform
Transforming core-1.13.1.aar (androidx.core:core:1.13.1) with JetifyTransform
Transforming core-1.13.1.aar (androidx.core:core:1.13.1) with ExtractAarTransform
Transforming core-1.13.1.aar (androidx.core:core:1.13.1) with AarTransform
Transforming customview-poolingcontainer-1.0.0.aar (androidx.customview:customview-poolingcontainer:1.0.0) with JetifyTransform
Transforming customview-poolingcontainer-1.0.0.aar (androidx.customview:customview-poolingcontainer:1.0.0) with ExtractAarTransform
Transforming customview-poolingcontainer-1.0.0.aar (androidx.customview:customview-poolingcontainer:1.0.0) with AarTransform
Transforming savedstate-1.2.1.aar (androidx.savedstate:savedstate:1.2.1) with JetifyTransform
Transforming savedstate-1.2.1.aar (androidx.savedstate:savedstate:1.2.1) with ExtractAarTransform
Transforming savedstate-1.2.1.aar (androidx.savedstate:savedstate:1.2.1) with AarTransform
Transforming lifecycle-livedata-core-ktx-2.8.2.aar (androidx.lifecycle:lifecycle-livedata-core-ktx:2.8.2) with JetifyTransform
Transforming lifecycle-livedata-core-ktx-2.8.2.aar (androidx.lifecycle:lifecycle-livedata-core-ktx:2.8.2) with ExtractAarTransform
Transforming lifecycle-livedata-core-ktx-2.8.2.aar (androidx.lifecycle:lifecycle-livedata-core-ktx:2.8.2) with AarTransform
Transforming lifecycle-viewmodel-2.8.2.aar (androidx.lifecycle:lifecycle-viewmodel:2.8.2) with JetifyTransform
Transforming lifecycle-viewmodel-2.8.2.aar (androidx.lifecycle:lifecycle-viewmodel:2.8.2) with ExtractAarTransform
Transforming lifecycle-viewmodel-2.8.2.aar (androidx.lifecycle:lifecycle-viewmodel:2.8.2) with AarTransform
Transforming lifecycle-viewmodel-release.aar (androidx.lifecycle:lifecycle-viewmodel-android:2.8.2) with JetifyTransform
Transforming lifecycle-viewmodel-release.aar (androidx.lifecycle:lifecycle-viewmodel-android:2.8.2) with ExtractAarTransform
Transforming lifecycle-viewmodel-release.aar (androidx.lifecycle:lifecycle-viewmodel-android:2.8.2) with AarTransform
Transforming lifecycle-runtime-release.aar (androidx.lifecycle:lifecycle-runtime-android:2.8.2) with JetifyTransform
Transforming lifecycle-runtime-release.aar (androidx.lifecycle:lifecycle-runtime-android:2.8.2) with ExtractAarTransform
Transforming lifecycle-runtime-release.aar (androidx.lifecycle:lifecycle-runtime-android:2.8.2) with AarTransform
Transforming lifecycle-livedata-2.8.2.aar (androidx.lifecycle:lifecycle-livedata:2.8.2) with JetifyTransform
Transforming lifecycle-livedata-2.8.2.aar (androidx.lifecycle:lifecycle-livedata:2.8.2) with ExtractAarTransform
Transforming lifecycle-livedata-2.8.2.aar (androidx.lifecycle:lifecycle-livedata:2.8.2) with AarTransform
Transforming lifecycle-process-2.8.2.aar (androidx.lifecycle:lifecycle-process:2.8.2) with JetifyTransform
Transforming lifecycle-process-2.8.2.aar (androidx.lifecycle:lifecycle-process:2.8.2) with ExtractAarTransform
Transforming lifecycle-process-2.8.2.aar (androidx.lifecycle:lifecycle-process:2.8.2) with AarTransform
Transforming lifecycle-livedata-core-2.8.2.aar (androidx.lifecycle:lifecycle-livedata-core:2.8.2) with JetifyTransform
Transforming lifecycle-livedata-core-2.8.2.aar (androidx.lifecycle:lifecycle-livedata-core:2.8.2) with ExtractAarTransform
Transforming lifecycle-livedata-core-2.8.2.aar (androidx.lifecycle:lifecycle-livedata-core:2.8.2) with AarTransform
Transforming lifecycle-runtime-ktx-release.aar (androidx.lifecycle:lifecycle-runtime-ktx-android:2.8.2) with JetifyTransform
Transforming lifecycle-runtime-ktx-release.aar (androidx.lifecycle:lifecycle-runtime-ktx-android:2.8.2) with ExtractAarTransform
Transforming lifecycle-runtime-ktx-release.aar (androidx.lifecycle:lifecycle-runtime-ktx-android:2.8.2) with AarTransform
Transforming lifecycle-viewmodel-savedstate-2.8.2.aar (androidx.lifecycle:lifecycle-viewmodel-savedstate:2.8.2) with JetifyTransform
Transforming lifecycle-viewmodel-savedstate-2.8.2.aar (androidx.lifecycle:lifecycle-viewmodel-savedstate:2.8.2) with ExtractAarTransform
Transforming lifecycle-viewmodel-savedstate-2.8.2.aar (androidx.lifecycle:lifecycle-viewmodel-savedstate:2.8.2) with AarTransform
Transforming core-ktx-1.13.1.aar (androidx.core:core-ktx:1.13.1) with JetifyTransform
Transforming core-ktx-1.13.1.aar (androidx.core:core-ktx:1.13.1) with ExtractAarTransform
Transforming core-ktx-1.13.1.aar (androidx.core:core-ktx:1.13.1) with AarTransform
Transforming room-runtime-2.6.1.aar (androidx.room:room-runtime:2.6.1) with JetifyTransform
Transforming room-runtime-2.6.1.aar (androidx.room:room-runtime:2.6.1) with ExtractAarTransform
Transforming room-runtime-2.6.1.aar (androidx.room:room-runtime:2.6.1) with AarTransform
Transforming room-ktx-2.6.1.aar (androidx.room:room-ktx:2.6.1) with JetifyTransform
Transforming room-ktx-2.6.1.aar (androidx.room:room-ktx:2.6.1) with ExtractAarTransform
Transforming room-ktx-2.6.1.aar (androidx.room:room-ktx:2.6.1) with AarTransform
Transforming annotation-experimental-1.4.0.aar (androidx.annotation:annotation-experimental:1.4.0) with JetifyTransform
Transforming annotation-experimental-1.4.0.aar (androidx.annotation:annotation-experimental:1.4.0) with ExtractAarTransform
Transforming annotation-experimental-1.4.0.aar (androidx.annotation:annotation-experimental:1.4.0) with AarTransform
Transforming sqlite-framework-2.4.0.aar (androidx.sqlite:sqlite-framework:2.4.0) with JetifyTransform
Transforming sqlite-framework-2.4.0.aar (androidx.sqlite:sqlite-framework:2.4.0) with ExtractAarTransform
Transforming sqlite-framework-2.4.0.aar (androidx.sqlite:sqlite-framework:2.4.0) with AarTransform
Transforming sqlite-2.4.0.aar (androidx.sqlite:sqlite:2.4.0) with JetifyTransform
Transforming sqlite-2.4.0.aar (androidx.sqlite:sqlite:2.4.0) with ExtractAarTransform
Transforming sqlite-2.4.0.aar (androidx.sqlite:sqlite:2.4.0) with AarTransform
Transforming localbroadcastmanager-1.1.0.aar (androidx.localbroadcastmanager:localbroadcastmanager:1.1.0) with JetifyTransform
Transforming localbroadcastmanager-1.1.0.aar (androidx.localbroadcastmanager:localbroadcastmanager:1.1.0) with ExtractAarTransform
Transforming localbroadcastmanager-1.1.0.aar (androidx.localbroadcastmanager:localbroadcastmanager:1.1.0) with AarTransform
Transforming localbroadcastmanager-1.1.0.aar (androidx.localbroadcastmanager:localbroadcastmanager:1.1.0) with JetifyTransform
Transforming localbroadcastmanager-1.1.0.aar (androidx.localbroadcastmanager:localbroadcastmanager:1.1.0) with ExtractAarTransform
Transforming localbroadcastmanager-1.1.0.aar (androidx.localbroadcastmanager:localbroadcastmanager:1.1.0) with AarTransform
Transforming interpolator-1.0.0.aar (androidx.interpolator:interpolator:1.0.0) with JetifyTransform
Transforming interpolator-1.0.0.aar (androidx.interpolator:interpolator:1.0.0) with ExtractAarTransform
Transforming interpolator-1.0.0.aar (androidx.interpolator:interpolator:1.0.0) with AarTransform
Transforming interpolator-1.0.0.aar (androidx.interpolator:interpolator:1.0.0) with JetifyTransform
Transforming interpolator-1.0.0.aar (androidx.interpolator:interpolator:1.0.0) with ExtractAarTransform
Transforming interpolator-1.0.0.aar (androidx.interpolator:interpolator:1.0.0) with AarTransform
Transforming cursoradapter-1.0.0.aar (androidx.cursoradapter:cursoradapter:1.0.0) with JetifyTransform
Transforming cursoradapter-1.0.0.aar (androidx.cursoradapter:cursoradapter:1.0.0) with ExtractAarTransform
Transforming cursoradapter-1.0.0.aar (androidx.cursoradapter:cursoradapter:1.0.0) with AarTransform
Transforming cardview-1.0.0.aar (androidx.cardview:cardview:1.0.0) with JetifyTransform
Transforming cardview-1.0.0.aar (androidx.cardview:cardview:1.0.0) with ExtractAarTransform
Transforming cardview-1.0.0.aar (androidx.cardview:cardview:1.0.0) with AarTransform
Transforming versionedparcelable-1.1.1.aar (androidx.versionedparcelable:versionedparcelable:1.1.1) with JetifyTransform
Transforming versionedparcelable-1.1.1.aar (androidx.versionedparcelable:versionedparcelable:1.1.1) with ExtractAarTransform
Transforming versionedparcelable-1.1.1.aar (androidx.versionedparcelable:versionedparcelable:1.1.1) with AarTransform
Transforming exifinterface-1.3.6.aar (androidx.exifinterface:exifinterface:1.3.6) with JetifyTransform
Transforming exifinterface-1.3.6.aar (androidx.exifinterface:exifinterface:1.3.6) with ExtractAarTransform
Transforming exifinterface-1.3.6.aar (androidx.exifinterface:exifinterface:1.3.6) with AarTransform
Transforming core-runtime-2.2.0.aar (androidx.arch.core:core-runtime:2.2.0) with JetifyTransform
Transforming core-runtime-2.2.0.aar (androidx.arch.core:core-runtime:2.2.0) with ExtractAarTransform
Transforming core-runtime-2.2.0.aar (androidx.arch.core:core-runtime:2.2.0) with AarTransform
Transforming gifdecoder-4.16.0.aar (com.github.bumptech.glide:gifdecoder:4.16.0) with JetifyTransform
Transforming gifdecoder-4.16.0.aar (com.github.bumptech.glide:gifdecoder:4.16.0) with ExtractAarTransform
Transforming gifdecoder-4.16.0.aar (com.github.bumptech.glide:gifdecoder:4.16.0) with AarTransform
Transforming profileinstaller-1.3.1.aar (androidx.profileinstaller:profileinstaller:1.3.1) with JetifyTransform
Transforming profileinstaller-1.3.1.aar (androidx.profileinstaller:profileinstaller:1.3.1) with ExtractAarTransform
Transforming profileinstaller-1.3.1.aar (androidx.profileinstaller:profileinstaller:1.3.1) with AarTransform
Transforming startup-runtime-1.1.1.aar (androidx.startup:startup-runtime:1.1.1) with JetifyTransform
Transforming startup-runtime-1.1.1.aar (androidx.startup:startup-runtime:1.1.1) with ExtractAarTransform
Transforming startup-runtime-1.1.1.aar (androidx.startup:startup-runtime:1.1.1) with AarTransform
Transforming tracing-1.0.0.aar (androidx.tracing:tracing:1.0.0) with JetifyTransform
Transforming tracing-1.0.0.aar (androidx.tracing:tracing:1.0.0) with ExtractAarTransform
Transforming tracing-1.0.0.aar (androidx.tracing:tracing:1.0.0) with AarTransform
Transforming documentfile-1.0.0.aar (androidx.documentfile:documentfile:1.0.0) with JetifyTransform
Transforming documentfile-1.0.0.aar (androidx.documentfile:documentfile:1.0.0) with ExtractAarTransform
Transforming documentfile-1.0.0.aar (androidx.documentfile:documentfile:1.0.0) with AarTransform
Transforming print-1.0.0.aar (androidx.print:print:1.0.0) with JetifyTransform
Transforming print-1.0.0.aar (androidx.print:print:1.0.0) with ExtractAarTransform
Transforming print-1.0.0.aar (androidx.print:print:1.0.0) with AarTransform
Transforming cronet-api-72.3626.96.aar (org.chromium.net:cronet-api:72.3626.96) with JetifyTransform
Transforming cronet-api-72.3626.96.aar (org.chromium.net:cronet-api:72.3626.96) with ExtractAarTransform
Transforming cronet-api-72.3626.96.aar (org.chromium.net:cronet-api:72.3626.96) with AarTransform
Caching disabled for task ':app:mergeDebugResources' because:
  Build cache is disabled
Task ':app:mergeDebugResources' is not up-to-date because:
  Input property 'resourcesComputer.librarySourceSets' file /data/user/0/com.itsaky.androidide/files/home/.gradle/caches/transforms-4/06dd1e6745e59f8df9a6daaa975afc4d/transformed/jetified-play-services-cronet-18.0.1/res/values has been added.
  Input property 'resourcesComputer.librarySourceSets' file /data/user/0/com.itsaky.androidide/files/home/.gradle/caches/transforms-4/71f869aa1a8b2770b62a6bcaa6474d13/transformed/jetified-play-services-base-18.0.1/res/values has been added.
  Input property 'resourcesComputer.librarySourceSets' file /data/user/0/com.itsaky.androidide/files/home/.gradle/caches/transforms-4/667bbcc47242df69cb761b1f243dca79/transformed/jetified-play-services-basement-18.0.0/res/values has been added.
Changed Resource sets: full task run!
Compiling XML table /storage/emulated/0/AndroidIDEProjects/Mydownloader/app/build/intermediates/incremental/debug/mergeDebugResources/merged.dir/values-hi/values-hi.xml to /storage/emulated/0/AndroidIDEProjects/Mydownloader/app/build/intermediates/merged_res/debug/mergeDebugResources/values-hi_values-hi.arsc.flat
Compiling XML table /storage/emulated/0/AndroidIDEProjects/Mydownloader/app/build/intermediates/incremental/debug/mergeDebugResources/merged.dir/values/values.xml to /storage/emulated/0/AndroidIDEProjects/Mydownloader/app/build/intermediates/merged_res/debug/mergeDebugResources/values_values.arsc.flat
Compiling XML table /storage/emulated/0/AndroidIDEProjects/Mydownloader/app/build/intermediates/incremental/debug/mergeDebugResources/merged.dir/values-watch-v21/values-watch-v21.xml to /storage/emulated/0/AndroidIDEProjects/Mydownloader/app/build/intermediates/merged_res/debug/mergeDebugResources/values-watch-v21_values-watch-v21.arsc.flat
Compiling XML table /storage/emulated/0/AndroidIDEProjects/Mydownloader/app/build/intermediates/incremental/debug/mergeDebugResources/merged.dir/values-v16/values-v16.xml to /storage/emulated/0/AndroidIDEProjects/Mydownloader/app/build/intermediates/merged_res/debug/mergeDebugResources/values-v16_values-v16.arsc.flat
Compiling XML table /storage/emulated/0/AndroidIDEProjects/Mydownloader/app/build/intermediates/incremental/debug/mergeDebugResources/merged.dir/values-v17/values-v17.xml to /storage/emulated/0/AndroidIDEProjects/Mydownloader/app/build/intermediates/merged_res/debug/mergeDebugResources/values-v17_values-v17.arsc.flat
Compiling XML table /storage/emulated/0/AndroidIDEProjects/Mydownloader/app/build/intermediates/incremental/debug/mergeDebugResources/merged.dir/values-pt/values-pt.xml to /storage/emulated/0/AndroidIDEProjects/Mydownloader/app/build/intermediates/merged_res/debug/mergeDebugResources/values-pt_values-pt.arsc.flat
Compiling XML table /storage/emulated/0/AndroidIDEProjects/Mydownloader/app/build/intermediates/incremental/debug/mergeDebugResources/merged.dir/values-zh-rHK/values-zh-rHK.xml to /storage/emulated/0/AndroidIDEProjects/Mydownloader/app/build/intermediates/merged_res/debug/mergeDebugResources/values-zh-rHK_values-zh-rHK.arsc.flat
Compiling XML table /storage/emulated/0/AndroidIDEProjects/Mydownloader/app/build/intermediates/incremental/debug/mergeDebugResources/merged.dir/values-it/values-it.xml to /storage/emulated/0/AndroidIDEProjects/Mydownloader/app/build/intermediates/merged_res/debug/mergeDebugResources/values-it_values-it.arsc.flat
Compiling XML table /storage/emulated/0/AndroidIDEProjects/Mydownloader/app/build/intermediates/incremental/debug/mergeDebugResources/merged.dir/values-v18/values-v18.xml to /storage/emulated/0/AndroidIDEProjects/Mydownloader/app/build/intermediates/merged_res/debug/mergeDebugResources/values-v18_values-v18.arsc.flat
Compiling XML table /storage/emulated/0/AndroidIDEProjects/Mydownloader/app/build/intermediates/incremental/debug/mergeDebugResources/merged.dir/values-is/values-is.xml to /storage/emulated/0/AndroidIDEProjects/Mydownloader/app/build/intermediates/merged_res/debug/mergeDebugResources/values-is_values-is.arsc.flat
Compiling XML table /storage/emulated/0/AndroidIDEProjects/Mydownloader/app/build/intermediates/incremental/debug/mergeDebugResources/merged.dir/values-v21/values-v21.xml to /storage/emulated/0/AndroidIDEProjects/Mydownloader/app/build/intermediates/merged_res/debug/mergeDebugResources/values-v21_values-v21.arsc.flat
Compiling XML table /storage/emulated/0/AndroidIDEProjects/Mydownloader/app/build/intermediates/incremental/debug/mergeDebugResources/merged.dir/values-watch-v20/values-watch-v20.xml to /storage/emulated/0/AndroidIDEProjects/Mydownloader/app/build/intermediates/merged_res/debug/mergeDebugResources/values-watch-v20_values-watch-v20.arsc.flat
Compiling XML table /storage/emulated/0/AndroidIDEProjects/Mydownloader/app/build/intermediates/incremental/debug/mergeDebugResources/merged.dir/values-ldltr-v21/values-ldltr-v21.xml to /storage/emulated/0/AndroidIDEProjects/Mydownloader/app/build/intermediates/merged_res/debug/mergeDebugResources/values-ldltr-v21_values-ldltr-v21.arsc.flat
Compiling XML table /storage/emulated/0/AndroidIDEProjects/Mydownloader/app/build/intermediates/incremental/debug/mergeDebugResources/merged.dir/values-hr/values-hr.xml to /storage/emulated/0/AndroidIDEProjects/Mydownloader/app/build/intermediates/merged_res/debug/mergeDebugResources/values-hr_values-hr.arsc.flat
Compiling XML table /storage/emulated/0/AndroidIDEProjects/Mydownloader/app/build/intermediates/incremental/debug/mergeDebugResources/merged.dir/values-am/values-am.xml to /storage/emulated/0/AndroidIDEProjects/Mydownloader/app/build/intermediates/merged_res/debug/mergeDebugResources/values-am_values-am.arsc.flat
Compiling XML table /storage/emulated/0/AndroidIDEProjects/Mydownloader/app/build/intermediates/incremental/debug/mergeDebugResources/merged.dir/values-v23/values-v23.xml to /storage/emulated/0/AndroidIDEProjects/Mydownloader/app/build/intermediates/merged_res/debug/mergeDebugResources/values-v23_values-v23.arsc.flat
Compiling XML table /storage/emulated/0/AndroidIDEProjects/Mydownloader/app/build/intermediates/incremental/debug/mergeDebugResources/merged.dir/values-es-rUS/values-es-rUS.xml to /storage/emulated/0/AndroidIDEProjects/Mydownloader/app/build/intermediates/merged_res/debug/mergeDebugResources/values-es-rUS_values-es-rUS.arsc.flat
Compiling XML table /storage/emulated/0/AndroidIDEProjects/Mydownloader/app/build/intermediates/incremental/debug/mergeDebugResources/merged.dir/values-zu/values-zu.xml to /storage/emulated/0/AndroidIDEProjects/Mydownloader/app/build/intermediates/merged_res/debug/mergeDebugResources/values-zu_values-zu.arsc.flat
Compiling XML table /storage/emulated/0/AndroidIDEProjects/Mydownloader/app/build/intermediates/incremental/debug/mergeDebugResources/merged.dir/values-ja/values-ja.xml to /storage/emulated/0/AndroidIDEProjects/Mydownloader/app/build/intermediates/merged_res/debug/mergeDebugResources/values-ja_values-ja.arsc.flat
Compiling XML table /storage/emulated/0/AndroidIDEProjects/Mydownloader/app/build/intermediates/incremental/debug/mergeDebugResources/merged.dir/values-w360dp-port-v13/values-w360dp-port-v13.xml to /storage/emulated/0/AndroidIDEProjects/Mydownloader/app/build/intermediates/merged_res/debug/mergeDebugResources/values-w360dp-port-v13_values-w360dp-port-v13.arsc.flat
Compiling XML table /storage/emulated/0/AndroidIDEProjects/Mydownloader/app/build/intermediates/incremental/debug/mergeDebugResources/merged.dir/values-bg/values-bg.xml to /storage/emulated/0/AndroidIDEProjects/Mydownloader/app/build/intermediates/merged_res/debug/mergeDebugResources/values-bg_values-bg.arsc.flat

Resolve mutations for :app:packageDebugResources (Thread[Execution worker Thread 4,5,main]) started.
:app:packageDebugResources (Thread[Execution worker Thread 4,5,main]) started.

> Task :app:packageDebugResources
Caching disabled for task ':app:packageDebugResources' because:
  Build cache is disabled
Task ':app:packageDebugResources' is not up-to-date because:
  Input property 'resourcesComputer.resources.main.sourceDirectories' file /storage/emulated/0/AndroidIDEProjects/Mydownloader/app/src/main/res/values/strings.xml has changed.
Resolve mutations for :app:parseDebugLocalResources (Thread[Execution worker Thread 4,5,main]) started.
:app:parseDebugLocalResources (Thread[Execution worker Thread 4,5,main]) started.
Resolve mutations for :app:checkDebugAarMetadata (Thread[included builds,5,main]) started.
:app:checkDebugAarMetadata (Thread[included builds,5,main]) started.
Resolve mutations for :app:mapDebugSourceSetPaths (Thread[Execution worker Thread 3,5,main]) started.
:app:mapDebugSourceSetPaths (Thread[Execution worker Thread 3,5,main]) started.

> Task :app:mapDebugSourceSetPaths
Caching disabled for task ':app:mapDebugSourceSetPaths' because:
  Build cache is disabled
Task ':app:mapDebugSourceSetPaths' is not up-to-date because:
  Input property 'librarySourceSets' file /data/user/0/com.itsaky.androidide/files/home/.gradle/caches/transforms-4/06dd1e6745e59f8df9a6daaa975afc4d/transformed/jetified-play-services-cronet-18.0.1/res/values has been added.
  Input property 'librarySourceSets' file /data/user/0/com.itsaky.androidide/files/home/.gradle/caches/transforms-4/71f869aa1a8b2770b62a6bcaa6474d13/transformed/jetified-play-services-base-18.0.1/res/values has been added.
  Input property 'librarySourceSets' file /data/user/0/com.itsaky.androidide/files/home/.gradle/caches/transforms-4/667bbcc47242df69cb761b1f243dca79/transformed/jetified-play-services-basement-18.0.0/res/values has been added.
Resolve mutations for :app:createDebugCompatibleScreenManifests (Thread[Execution worker Thread 3,5,main]) started.
:app:createDebugCompatibleScreenManifests (Thread[Execution worker Thread 3,5,main]) started.

> Task :app:createDebugCompatibleScreenManifests UP-TO-DATE
Caching disabled for task ':app:createDebugCompatibleScreenManifests' because:
  Build cache is disabled
Skipping task ':app:createDebugCompatibleScreenManifests' as it is up-to-date.
Resolve mutations for :app:extractDeepLinksDebug (Thread[Execution worker Thread 3,5,main]) started.
:app:extractDeepLinksDebug (Thread[Execution worker Thread 3,5,main]) started.

> Task :app:extractDeepLinksDebug UP-TO-DATE
Caching disabled for task ':app:extractDeepLinksDebug' because:
  Build cache is disabled
Skipping task ':app:extractDeepLinksDebug' as it is up-to-date.
Resolve mutations for :app:processDebugMainManifest (Thread[Execution worker Thread 3,5,main]) started.
:app:processDebugMainManifest (Thread[Execution worker Thread 3,5,main]) started.

> Task :app:checkDebugAarMetadata
Transforming viewbinding-8.4.1.aar (androidx.databinding:viewbinding:8.4.1) with JetifyTransform
Transforming viewbinding-8.4.1.aar (androidx.databinding:viewbinding:8.4.1) with ExtractAarTransform
Transforming viewbinding-8.4.1.aar (androidx.databinding:viewbinding:8.4.1) with AarTransform
Transforming material-1.12.0.aar (com.google.android.material:material:1.12.0) with JetifyTransform
Transforming material-1.12.0.aar (com.google.android.material:material:1.12.0) with ExtractAarTransform
Transforming material-1.12.0.aar (com.google.android.material:material:1.12.0) with AarTransform
Transforming constraintlayout-2.1.4.aar (androidx.constraintlayout:constraintlayout:2.1.4) with JetifyTransform
Transforming constraintlayout-2.1.4.aar (androidx.constraintlayout:constraintlayout:2.1.4) with ExtractAarTransform
Transforming constraintlayout-2.1.4.aar (androidx.constraintlayout:constraintlayout:2.1.4) with AarTransform
Transforming appcompat-resources-1.6.1.aar (androidx.appcompat:appcompat-resources:1.6.1) with JetifyTransform
Transforming appcompat-resources-1.6.1.aar (androidx.appcompat:appcompat-resources:1.6.1) with ExtractAarTransform
Transforming appcompat-resources-1.6.1.aar (androidx.appcompat:appcompat-resources:1.6.1) with AarTransform
Transforming appcompat-1.6.1.aar (androidx.appcompat:appcompat:1.6.1) with JetifyTransform
Transforming appcompat-1.6.1.aar (androidx.appcompat:appcompat:1.6.1) with ExtractAarTransform
Transforming appcompat-1.6.1.aar (androidx.appcompat:appcompat:1.6.1) with AarTransform
Transforming browser-1.8.0.aar (androidx.browser:browser:1.8.0) with JetifyTransform
Transforming browser-1.8.0.aar (androidx.browser:browser:1.8.0) with ExtractAarTransform
Transforming browser-1.8.0.aar (androidx.browser:browser:1.8.0) with AarTransform
Transforming webkit-1.11.0.aar (androidx.webkit:webkit:1.11.0) with JetifyTransform
Transforming webkit-1.11.0.aar (androidx.webkit:webkit:1.11.0) with ExtractAarTransform
Transforming webkit-1.11.0.aar (androidx.webkit:webkit:1.11.0) with AarTransform
Transforming media3-exoplayer-hls-1.3.1.aar (androidx.media3:media3-exoplayer-hls:1.3.1) with JetifyTransform
Transforming media3-exoplayer-hls-1.3.1.aar (androidx.media3:media3-exoplayer-hls:1.3.1) with ExtractAarTransform
Transforming media3-exoplayer-hls-1.3.1.aar (androidx.media3:media3-exoplayer-hls:1.3.1) with AarTransform
Transforming media3-exoplayer-1.3.1.aar (androidx.media3:media3-exoplayer:1.3.1) with JetifyTransform
Transforming media3-exoplayer-1.3.1.aar (androidx.media3:media3-exoplayer:1.3.1) with ExtractAarTransform
Transforming media3-exoplayer-1.3.1.aar (androidx.media3:media3-exoplayer:1.3.1) with AarTransform
Transforming media3-datasource-cronet-1.3.1.aar (androidx.media3:media3-datasource-cronet:1.3.1) with JetifyTransform
Transforming media3-datasource-cronet-1.3.1.aar (androidx.media3:media3-datasource-cronet:1.3.1) with ExtractAarTransform
Transforming media3-datasource-cronet-1.3.1.aar (androidx.media3:media3-datasource-cronet:1.3.1) with AarTransform
Transforming media3-session-1.3.1.aar (androidx.media3:media3-session:1.3.1) with JetifyTransform
Transforming media3-session-1.3.1.aar (androidx.media3:media3-session:1.3.1) with ExtractAarTransform
Transforming media3-session-1.3.1.aar (androidx.media3:media3-session:1.3.1) with AarTransform
Transforming media3-extractor-1.3.1.aar (androidx.media3:media3-extractor:1.3.1) with JetifyTransform
Transforming media3-extractor-1.3.1.aar (androidx.media3:media3-extractor:1.3.1) with ExtractAarTransform
Transforming media3-extractor-1.3.1.aar (androidx.media3:media3-extractor:1.3.1) with AarTransform
Transforming media3-container-1.3.1.aar (androidx.media3:media3-container:1.3.1) with JetifyTransform
Transforming media3-container-1.3.1.aar (androidx.media3:media3-container:1.3.1) with ExtractAarTransform
Transforming media3-container-1.3.1.aar (androidx.media3:media3-container:1.3.1) with AarTransform
Transforming media3-datasource-1.3.1.aar (androidx.media3:media3-datasource:1.3.1) with JetifyTransform
Transforming media3-datasource-1.3.1.aar (androidx.media3:media3-datasource:1.3.1) with ExtractAarTransform
Transforming media3-datasource-1.3.1.aar (androidx.media3:media3-datasource:1.3.1) with AarTransform
Transforming media3-decoder-1.3.1.aar (androidx.media3:media3-decoder:1.3.1) with JetifyTransform
Transforming media3-decoder-1.3.1.aar (androidx.media3:media3-decoder:1.3.1) with ExtractAarTransform
Transforming media3-decoder-1.3.1.aar (androidx.media3:media3-decoder:1.3.1) with AarTransform
Transforming media3-database-1.3.1.aar (androidx.media3:media3-database:1.3.1) with JetifyTransform
Transforming media3-database-1.3.1.aar (androidx.media3:media3-database:1.3.1) with ExtractAarTransform
Transforming media3-database-1.3.1.aar (androidx.media3:media3-database:1.3.1) with AarTransform
Transforming media3-common-1.3.1.aar (androidx.media3:media3-common:1.3.1) with JetifyTransform
Transforming media3-common-1.3.1.aar (androidx.media3:media3-common:1.3.1) with ExtractAarTransform
Transforming media3-common-1.3.1.aar (androidx.media3:media3-common:1.3.1) with AarTransform
Transforming media3-ui-1.3.1.aar (androidx.media3:media3-ui:1.3.1) with JetifyTransform
Transforming media3-ui-1.3.1.aar (androidx.media3:media3-ui:1.3.1) with ExtractAarTransform
Transforming media3-ui-1.3.1.aar (androidx.media3:media3-ui:1.3.1) with AarTransform
Transforming media-1.7.0.aar (androidx.media:media:1.7.0) with JetifyTransform
Transforming media-1.7.0.aar (androidx.media:media:1.7.0) with ExtractAarTransform
Transforming media-1.7.0.aar (androidx.media:media:1.7.0) with AarTransform
Transforming viewpager2-1.1.0-beta02.aar (androidx.viewpager2:viewpager2:1.1.0-beta02) with JetifyTransform
Transforming viewpager2-1.1.0-beta02.aar (androidx.viewpager2:viewpager2:1.1.0-beta02) with ExtractAarTransform
Transforming viewpager2-1.1.0-beta02.aar (androidx.viewpager2:viewpager2:1.1.0-beta02) with AarTransform
Transforming recyclerview-1.3.2.aar (androidx.recyclerview:recyclerview:1.3.2) with JetifyTransform
Transforming recyclerview-1.3.2.aar (androidx.recyclerview:recyclerview:1.3.2) with ExtractAarTransform
Transforming recyclerview-1.3.2.aar (androidx.recyclerview:recyclerview:1.3.2) with AarTransform
Transforming emoji2-views-helper-1.2.0.aar (androidx.emoji2:emoji2-views-helper:1.2.0) with JetifyTransform
Transforming emoji2-views-helper-1.2.0.aar (androidx.emoji2:emoji2-views-helper:1.2.0) with ExtractAarTransform
Transforming emoji2-views-helper-1.2.0.aar (androidx.emoji2:emoji2-views-helper:1.2.0) with AarTransform
Transforming emoji2-1.2.0.aar (androidx.emoji2:emoji2:1.2.0) with JetifyTransform
Transforming emoji2-1.2.0.aar (androidx.emoji2:emoji2:1.2.0) with ExtractAarTransform
Transforming emoji2-1.2.0.aar (androidx.emoji2:emoji2:1.2.0) with AarTransform
Transforming glide-4.16.0.aar (com.github.bumptech.glide:glide:4.16.0) with JetifyTransform
Transforming glide-4.16.0.aar (com.github.bumptech.glide:glide:4.16.0) with ExtractAarTransform
Transforming glide-4.16.0.aar (com.github.bumptech.glide:glide:4.16.0) with AarTransform
Transforming play-services-cronet-18.0.1.aar (com.google.android.gms:play-services-cronet:18.0.1) with JetifyTransform
Transforming play-services-cronet-18.0.1.aar (com.google.android.gms:play-services-cronet:18.0.1) with ExtractAarTransform
Transforming play-services-cronet-18.0.1.aar (com.google.android.gms:play-services-cronet:18.0.1) with AarTransform
Transforming play-services-base-18.0.1.aar (com.google.android.gms:play-services-base:18.0.1) with JetifyTransform
Transforming play-services-base-18.0.1.aar (com.google.android.gms:play-services-base:18.0.1) with ExtractAarTransform
Transforming play-services-base-18.0.1.aar (com.google.android.gms:play-services-base:18.0.1) with AarTransform
Transforming play-services-tasks-18.0.1.aar (com.google.android.gms:play-services-tasks:18.0.1) with JetifyTransform
Transforming play-services-tasks-18.0.1.aar (com.google.android.gms:play-services-tasks:18.0.1) with ExtractAarTransform
Transforming play-services-tasks-18.0.1.aar (com.google.android.gms:play-services-tasks:18.0.1) with AarTransform
Transforming play-services-basement-18.0.0.aar (com.google.android.gms:play-services-basement:18.0.0) with JetifyTransform
Transforming play-services-basement-18.0.0.aar (com.google.android.gms:play-services-basement:18.0.0) with ExtractAarTransform
Transforming play-services-basement-18.0.0.aar (com.google.android.gms:play-services-basement:18.0.0) with AarTransform
Transforming fragment-1.3.6.aar (androidx.fragment:fragment:1.3.6) with JetifyTransform
Transforming fragment-1.3.6.aar (androidx.fragment:fragment:1.3.6) with ExtractAarTransform
Transforming fragment-1.3.6.aar (androidx.fragment:fragment:1.3.6) with AarTransform
Transforming fragment-1.3.6.aar (androidx.fragment:fragment:1.3.6) with JetifyTransform
Transforming fragment-1.3.6.aar (androidx.fragment:fragment:1.3.6) with ExtractAarTransform
Transforming fragment-1.3.6.aar (androidx.fragment:fragment:1.3.6) with AarTransform
Transforming activity-1.8.0.aar (androidx.activity:activity:1.8.0) with JetifyTransform
Transforming activity-1.8.0.aar (androidx.activity:activity:1.8.0) with ExtractAarTransform
Transforming activity-1.8.0.aar (androidx.activity:activity:1.8.0) with AarTransform
Transforming drawerlayout-1.1.1.aar (androidx.drawerlayout:drawerlayout:1.1.1) with JetifyTransform
Transforming drawerlayout-1.1.1.aar (androidx.drawerlayout:drawerlayout:1.1.1) with ExtractAarTransform
Transforming drawerlayout-1.1.1.aar (androidx.drawerlayout:drawerlayout:1.1.1) with AarTransform
Transforming coordinatorlayout-1.1.0.aar (androidx.coordinatorlayout:coordinatorlayout:1.1.0) with JetifyTransform
Transforming coordinatorlayout-1.1.0.aar (androidx.coordinatorlayout:coordinatorlayout:1.1.0) with ExtractAarTransform
Transforming coordinatorlayout-1.1.0.aar (androidx.coordinatorlayout:coordinatorlayout:1.1.0) with AarTransform
Transforming transition-1.5.0.aar (androidx.transition:transition:1.5.0) with JetifyTransform
Transforming transition-1.5.0.aar (androidx.transition:transition:1.5.0) with ExtractAarTransform
Transforming transition-1.5.0.aar (androidx.transition:transition:1.5.0) with AarTransform
Transforming dynamicanimation-1.0.0.aar (androidx.dynamicanimation:dynamicanimation:1.0.0) with JetifyTransform
Transforming dynamicanimation-1.0.0.aar (androidx.dynamicanimation:dynamicanimation:1.0.0) with ExtractAarTransform
Transforming dynamicanimation-1.0.0.aar (androidx.dynamicanimation:dynamicanimation:1.0.0) with AarTransform
Transforming vectordrawable-animated-1.1.0.aar (androidx.vectordrawable:vectordrawable-animated:1.1.0) with JetifyTransform
Transforming vectordrawable-animated-1.1.0.aar (androidx.vectordrawable:vectordrawable-animated:1.1.0) with ExtractAarTransform
Transforming vectordrawable-animated-1.1.0.aar (androidx.vectordrawable:vectordrawable-animated:1.1.0) with AarTransform
Transforming vectordrawable-1.1.0.aar (androidx.vectordrawable:vectordrawable:1.1.0) with JetifyTransform
Transforming vectordrawable-1.1.0.aar (androidx.vectordrawable:vectordrawable:1.1.0) with ExtractAarTransform
Transforming vectordrawable-1.1.0.aar (androidx.vectordrawable:vectordrawable:1.1.0) with AarTransform
Transforming vectordrawable-1.1.0.aar (androidx.vectordrawable:vectordrawable:1.1.0) with JetifyTransform
Transforming vectordrawable-1.1.0.aar (androidx.vectordrawable:vectordrawable:1.1.0) with ExtractAarTransform
Transforming vectordrawable-1.1.0.aar (androidx.vectordrawable:vectordrawable:1.1.0) with AarTransform
Transforming viewpager-1.0.0.aar (androidx.viewpager:viewpager:1.0.0) with JetifyTransform
Transforming viewpager-1.0.0.aar (androidx.viewpager:viewpager:1.0.0) with ExtractAarTransform
Transforming viewpager-1.0.0.aar (androidx.viewpager:viewpager:1.0.0) with AarTransform
Transforming legacy-support-core-utils-1.0.0.aar (androidx.legacy:legacy-support-core-utils:1.0.0) with JetifyTransform
Transforming legacy-support-core-utils-1.0.0.aar (androidx.legacy:legacy-support-core-utils:1.0.0) with ExtractAarTransform
Transforming legacy-support-core-utils-1.0.0.aar (androidx.legacy:legacy-support-core-utils:1.0.0) with AarTransform
Transforming loader-1.0.0.aar (androidx.loader:loader:1.0.0) with JetifyTransform
Transforming loader-1.0.0.aar (androidx.loader:loader:1.0.0) with ExtractAarTransform
Transforming loader-1.0.0.aar (androidx.loader:loader:1.0.0) with AarTransform
Transforming loader-1.0.0.aar (androidx.loader:loader:1.0.0) with JetifyTransform
Transforming loader-1.0.0.aar (androidx.loader:loader:1.0.0) with ExtractAarTransform
Transforming loader-1.0.0.aar (androidx.loader:loader:1.0.0) with AarTransform
Transforming customview-1.1.0.aar (androidx.customview:customview:1.1.0) with JetifyTransform
Transforming customview-1.1.0.aar (androidx.customview:customview:1.1.0) with ExtractAarTransform
Transforming customview-1.1.0.aar (androidx.customview:customview:1.1.0) with AarTransform
Transforming customview-1.1.0.aar (androidx.customview:customview:1.1.0) with JetifyTransform
Transforming customview-1.1.0.aar (androidx.customview:customview:1.1.0) with ExtractAarTransform
Transforming customview-1.1.0.aar (androidx.customview:customview:1.1.0) with AarTransform
Transforming core-1.13.1.aar (androidx.core:core:1.13.1) with JetifyTransform
Transforming core-1.13.1.aar (androidx.core:core:1.13.1) with ExtractAarTransform
Transforming core-1.13.1.aar (androidx.core:core:1.13.1) with AarTransform
Transforming core-1.13.1.aar (androidx.core:core:1.13.1) with JetifyTransform
Transforming core-1.13.1.aar (androidx.core:core:1.13.1) with ExtractAarTransform
Transforming core-1.13.1.aar (androidx.core:core:1.13.1) with AarTransform
Transforming customview-poolingcontainer-1.0.0.aar (androidx.customview:customview-poolingcontainer:1.0.0) with JetifyTransform
Transforming customview-poolingcontainer-1.0.0.aar (androidx.customview:customview-poolingcontainer:1.0.0) with ExtractAarTransform
Transforming customview-poolingcontainer-1.0.0.aar (androidx.customview:customview-poolingcontainer:1.0.0) with AarTransform
Transforming savedstate-1.2.1.aar (androidx.savedstate:savedstate:1.2.1) with JetifyTransform
Transforming savedstate-1.2.1.aar (androidx.savedstate:savedstate:1.2.1) with ExtractAarTransform
Transforming savedstate-1.2.1.aar (androidx.savedstate:savedstate:1.2.1) with AarTransform
Transforming lifecycle-livedata-core-ktx-2.8.2.aar (androidx.lifecycle:lifecycle-livedata-core-ktx:2.8.2) with JetifyTransform
Transforming lifecycle-livedata-core-ktx-2.8.2.aar (androidx.lifecycle:lifecycle-livedata-core-ktx:2.8.2) with ExtractAarTransform
Transforming lifecycle-livedata-core-ktx-2.8.2.aar (androidx.lifecycle:lifecycle-livedata-core-ktx:2.8.2) with AarTransform
Transforming lifecycle-viewmodel-2.8.2.aar (androidx.lifecycle:lifecycle-viewmodel:2.8.2) with JetifyTransform
Transforming lifecycle-viewmodel-2.8.2.aar (androidx.lifecycle:lifecycle-viewmodel:2.8.2) with ExtractAarTransform
Transforming lifecycle-viewmodel-2.8.2.aar (androidx.lifecycle:lifecycle-viewmodel:2.8.2) with AarTransform
Transforming lifecycle-viewmodel-release.aar (androidx.lifecycle:lifecycle-viewmodel-android:2.8.2) with JetifyTransform
Transforming lifecycle-viewmodel-release.aar (androidx.lifecycle:lifecycle-viewmodel-android:2.8.2) with ExtractAarTransform
Transforming lifecycle-viewmodel-release.aar (androidx.lifecycle:lifecycle-viewmodel-android:2.8.2) with AarTransform
Transforming lifecycle-runtime-release.aar (androidx.lifecycle:lifecycle-runtime-android:2.8.2) with JetifyTransform
Transforming lifecycle-runtime-release.aar (androidx.lifecycle:lifecycle-runtime-android:2.8.2) with ExtractAarTransform
Transforming lifecycle-runtime-release.aar (androidx.lifecycle:lifecycle-runtime-android:2.8.2) with AarTransform
Transforming lifecycle-livedata-2.8.2.aar (androidx.lifecycle:lifecycle-livedata:2.8.2) with JetifyTransform
Transforming lifecycle-livedata-2.8.2.aar (androidx.lifecycle:lifecycle-livedata:2.8.2) with ExtractAarTransform
Transforming lifecycle-livedata-2.8.2.aar (androidx.lifecycle:lifecycle-livedata:2.8.2) with AarTransform
Transforming lifecycle-process-2.8.2.aar (androidx.lifecycle:lifecycle-process:2.8.2) with JetifyTransform
Transforming lifecycle-process-2.8.2.aar (androidx.lifecycle:lifecycle-process:2.8.2) with ExtractAarTransform
Transforming lifecycle-process-2.8.2.aar (androidx.lifecycle:lifecycle-process:2.8.2) with AarTransform
Transforming lifecycle-livedata-core-2.8.2.aar (androidx.lifecycle:lifecycle-livedata-core:2.8.2) with JetifyTransform
Transforming lifecycle-livedata-core-2.8.2.aar (androidx.lifecycle:lifecycle-livedata-core:2.8.2) with ExtractAarTransform
Transforming lifecycle-livedata-core-2.8.2.aar (androidx.lifecycle:lifecycle-livedata-core:2.8.2) with AarTransform
Transforming lifecycle-runtime-ktx-release.aar (androidx.lifecycle:lifecycle-runtime-ktx-android:2.8.2) with JetifyTransform
Transforming lifecycle-runtime-ktx-release.aar (androidx.lifecycle:lifecycle-runtime-ktx-android:2.8.2) with ExtractAarTransform
Transforming lifecycle-runtime-ktx-release.aar (androidx.lifecycle:lifecycle-runtime-ktx-android:2.8.2) with AarTransform
Transforming lifecycle-viewmodel-savedstate-2.8.2.aar (androidx.lifecycle:lifecycle-viewmodel-savedstate:2.8.2) with JetifyTransform
Transforming lifecycle-viewmodel-savedstate-2.8.2.aar (androidx.lifecycle:lifecycle-viewmodel-savedstate:2.8.2) with ExtractAarTransform
Transforming lifecycle-viewmodel-savedstate-2.8.2.aar (androidx.lifecycle:lifecycle-viewmodel-savedstate:2.8.2) with AarTransform
Transforming core-ktx-1.13.1.aar (androidx.core:core-ktx:1.13.1) with JetifyTransform
Transforming core-ktx-1.13.1.aar (androidx.core:core-ktx:1.13.1) with ExtractAarTransform
Transforming core-ktx-1.13.1.aar (androidx.core:core-ktx:1.13.1) with AarTransform
Transforming room-runtime-2.6.1.aar (androidx.room:room-runtime:2.6.1) with JetifyTransform
Transforming room-runtime-2.6.1.aar (androidx.room:room-runtime:2.6.1) with ExtractAarTransform
Transforming room-runtime-2.6.1.aar (androidx.room:room-runtime:2.6.1) with AarTransform
Transforming room-ktx-2.6.1.aar (androidx.room:room-ktx:2.6.1) with JetifyTransform
Transforming room-ktx-2.6.1.aar (androidx.room:room-ktx:2.6.1) with ExtractAarTransform
Transforming room-ktx-2.6.1.aar (androidx.room:room-ktx:2.6.1) with AarTransform
Transforming annotation-experimental-1.4.0.aar (androidx.annotation:annotation-experimental:1.4.0) with JetifyTransform
Transforming annotation-experimental-1.4.0.aar (androidx.annotation:annotation-experimental:1.4.0) with ExtractAarTransform
Transforming annotation-experimental-1.4.0.aar (androidx.annotation:annotation-experimental:1.4.0) with AarTransform
Transforming sqlite-framework-2.4.0.aar (androidx.sqlite:sqlite-framework:2.4.0) with JetifyTransform
Transforming sqlite-framework-2.4.0.aar (androidx.sqlite:sqlite-framework:2.4.0) with ExtractAarTransform
Transforming sqlite-framework-2.4.0.aar (androidx.sqlite:sqlite-framework:2.4.0) with AarTransform
Transforming sqlite-2.4.0.aar (androidx.sqlite:sqlite:2.4.0) with JetifyTransform
Transforming sqlite-2.4.0.aar (androidx.sqlite:sqlite:2.4.0) with ExtractAarTransform
Transforming sqlite-2.4.0.aar (androidx.sqlite:sqlite:2.4.0) with AarTransform
Transforming localbroadcastmanager-1.1.0.aar (androidx.localbroadcastmanager:localbroadcastmanager:1.1.0) with JetifyTransform
Transforming localbroadcastmanager-1.1.0.aar (androidx.localbroadcastmanager:localbroadcastmanager:1.1.0) with ExtractAarTransform
Transforming localbroadcastmanager-1.1.0.aar (androidx.localbroadcastmanager:localbroadcastmanager:1.1.0) with AarTransform
Transforming localbroadcastmanager-1.1.0.aar (androidx.localbroadcastmanager:localbroadcastmanager:1.1.0) with JetifyTransform
Transforming localbroadcastmanager-1.1.0.aar (androidx.localbroadcastmanager:localbroadcastmanager:1.1.0) with ExtractAarTransform
Transforming localbroadcastmanager-1.1.0.aar (androidx.localbroadcastmanager:localbroadcastmanager:1.1.0) with AarTransform
Transforming interpolator-1.0.0.aar (androidx.interpolator:interpolator:1.0.0) with JetifyTransform
Transforming interpolator-1.0.0.aar (androidx.interpolator:interpolator:1.0.0) with ExtractAarTransform
Transforming interpolator-1.0.0.aar (androidx.interpolator:interpolator:1.0.0) with AarTransform
Transforming interpolator-1.0.0.aar (androidx.interpolator:interpolator:1.0.0) with JetifyTransform
Transforming interpolator-1.0.0.aar (androidx.interpolator:interpolator:1.0.0) with ExtractAarTransform
Transforming interpolator-1.0.0.aar (androidx.interpolator:interpolator:1.0.0) with AarTransform
Transforming cursoradapter-1.0.0.aar (androidx.cursoradapter:cursoradapter:1.0.0) with JetifyTransform
Transforming cursoradapter-1.0.0.aar (androidx.cursoradapter:cursoradapter:1.0.0) with ExtractAarTransform
Transforming cursoradapter-1.0.0.aar (androidx.cursoradapter:cursoradapter:1.0.0) with AarTransform
Transforming cardview-1.0.0.aar (androidx.cardview:cardview:1.0.0) with JetifyTransform
Transforming cardview-1.0.0.aar (androidx.cardview:cardview:1.0.0) with ExtractAarTransform
Transforming cardview-1.0.0.aar (androidx.cardview:cardview:1.0.0) with AarTransform
Transforming versionedparcelable-1.1.1.aar (androidx.versionedparcelable:versionedparcelable:1.1.1) with JetifyTransform
Transforming versionedparcelable-1.1.1.aar (androidx.versionedparcelable:versionedparcelable:1.1.1) with ExtractAarTransform
Transforming versionedparcelable-1.1.1.aar (androidx.versionedparcelable:versionedparcelable:1.1.1) with AarTransform
Transforming exifinterface-1.3.6.aar (androidx.exifinterface:exifinterface:1.3.6) with JetifyTransform
Transforming exifinterface-1.3.6.aar (androidx.exifinterface:exifinterface:1.3.6) with ExtractAarTransform
Transforming exifinterface-1.3.6.aar (androidx.exifinterface:exifinterface:1.3.6) with AarTransform
Transforming core-runtime-2.2.0.aar (androidx.arch.core:core-runtime:2.2.0) with JetifyTransform
Transforming core-runtime-2.2.0.aar (androidx.arch.core:core-runtime:2.2.0) with ExtractAarTransform
Transforming core-runtime-2.2.0.aar (androidx.arch.core:core-runtime:2.2.0) with AarTransform
Transforming gifdecoder-4.16.0.aar (com.github.bumptech.glide:gifdecoder:4.16.0) with JetifyTransform
Transforming gifdecoder-4.16.0.aar (com.github.bumptech.glide:gifdecoder:4.16.0) with ExtractAarTransform
Transforming gifdecoder-4.16.0.aar (com.github.bumptech.glide:gifdecoder:4.16.0) with AarTransform
Transforming profileinstaller-1.3.1.aar (androidx.profileinstaller:profileinstaller:1.3.1) with JetifyTransform
Transforming profileinstaller-1.3.1.aar (androidx.profileinstaller:profileinstaller:1.3.1) with ExtractAarTransform
Transforming profileinstaller-1.3.1.aar (androidx.profileinstaller:profileinstaller:1.3.1) with AarTransform
Transforming startup-runtime-1.1.1.aar (androidx.startup:startup-runtime:1.1.1) with JetifyTransform
Transforming startup-runtime-1.1.1.aar (androidx.startup:startup-runtime:1.1.1) with ExtractAarTransform
Transforming startup-runtime-1.1.1.aar (androidx.startup:startup-runtime:1.1.1) with AarTransform
Transforming tracing-1.0.0.aar (androidx.tracing:tracing:1.0.0) with JetifyTransform
Transforming tracing-1.0.0.aar (androidx.tracing:tracing:1.0.0) with ExtractAarTransform
Transforming tracing-1.0.0.aar (androidx.tracing:tracing:1.0.0) with AarTransform
Transforming documentfile-1.0.0.aar (androidx.documentfile:documentfile:1.0.0) with JetifyTransform
Transforming documentfile-1.0.0.aar (androidx.documentfile:documentfile:1.0.0) with ExtractAarTransform
Transforming documentfile-1.0.0.aar (androidx.documentfile:documentfile:1.0.0) with AarTransform
Transforming print-1.0.0.aar (androidx.print:print:1.0.0) with JetifyTransform
Transforming print-1.0.0.aar (androidx.print:print:1.0.0) with ExtractAarTransform
Transforming print-1.0.0.aar (androidx.print:print:1.0.0) with AarTransform
Transforming cronet-api-72.3626.96.aar (org.chromium.net:cronet-api:72.3626.96) with JetifyTransform
Transforming cronet-api-72.3626.96.aar (org.chromium.net:cronet-api:72.3626.96) with ExtractAarTransform
Transforming cronet-api-72.3626.96.aar (org.chromium.net:cronet-api:72.3626.96) with AarTransform
Caching disabled for task ':app:checkDebugAarMetadata' because:
  Build cache is disabled
Task ':app:checkDebugAarMetadata' is not up-to-date because:
  Input property 'aarMetadataFiles' file /data/user/0/com.itsaky.androidide/files/home/.gradle/caches/transforms-4/3458b70419626c2d087475b090bfe874/transformed/jetified-media3-common-1.3.1/META-INF/com/android/build/gradle/aar-metadata.properties has been added.
  Input property 'aarMetadataFiles' file /data/user/0/com.itsaky.androidide/files/home/.gradle/caches/transforms-4/b608119cbdfa854a0ef370ed1e76c663/transformed/jetified-media3-ui-1.3.1/META-INF/com/android/build/gradle/aar-metadata.properties has been added.

> Task :app:parseDebugLocalResources
Transforming android.jar with PlatformAttrTransform
Transforming android.jar with PlatformAttrTransform
Caching disabled for task ':app:parseDebugLocalResources' because:
  Build cache is disabled
Task ':app:parseDebugLocalResources' is not up-to-date because:
  Input property 'inputResourcesDir' file /storage/emulated/0/AndroidIDEProjects/Mydownloader/app/build/intermediates/packaged_res/debug/packageDebugResources/values/values.xml has changed.
Transforming android.jar with PlatformAttrTransform

> Task :app:processDebugMainManifest
Transforming viewbinding-8.4.1.aar (androidx.databinding:viewbinding:8.4.1) with JetifyTransform
Transforming viewbinding-8.4.1.aar (androidx.databinding:viewbinding:8.4.1) with ExtractAarTransform
Transforming viewbinding-8.4.1.aar (androidx.databinding:viewbinding:8.4.1) with AarTransform
Transforming material-1.12.0.aar (com.google.android.material:material:1.12.0) with JetifyTransform
Transforming material-1.12.0.aar (com.google.android.material:material:1.12.0) with ExtractAarTransform
Transforming material-1.12.0.aar (com.google.android.material:material:1.12.0) with AarTransform
Transforming constraintlayout-2.1.4.aar (androidx.constraintlayout:constraintlayout:2.1.4) with JetifyTransform
Transforming constraintlayout-2.1.4.aar (androidx.constraintlayout:constraintlayout:2.1.4) with ExtractAarTransform
Transforming constraintlayout-2.1.4.aar (androidx.constraintlayout:constraintlayout:2.1.4) with AarTransform
Transforming appcompat-resources-1.6.1.aar (androidx.appcompat:appcompat-resources:1.6.1) with JetifyTransform
Transforming appcompat-resources-1.6.1.aar (androidx.appcompat:appcompat-resources:1.6.1) with ExtractAarTransform
Transforming appcompat-resources-1.6.1.aar (androidx.appcompat:appcompat-resources:1.6.1) with AarTransform
Transforming appcompat-1.6.1.aar (androidx.appcompat:appcompat:1.6.1) with JetifyTransform
Transforming appcompat-1.6.1.aar (androidx.appcompat:appcompat:1.6.1) with ExtractAarTransform
Transforming appcompat-1.6.1.aar (androidx.appcompat:appcompat:1.6.1) with AarTransform
Transforming browser-1.8.0.aar (androidx.browser:browser:1.8.0) with JetifyTransform
Transforming browser-1.8.0.aar (androidx.browser:browser:1.8.0) with ExtractAarTransform
Transforming browser-1.8.0.aar (androidx.browser:browser:1.8.0) with AarTransform
Transforming webkit-1.11.0.aar (androidx.webkit:webkit:1.11.0) with JetifyTransform
Transforming webkit-1.11.0.aar (androidx.webkit:webkit:1.11.0) with ExtractAarTransform
Transforming webkit-1.11.0.aar (androidx.webkit:webkit:1.11.0) with AarTransform
Transforming media3-exoplayer-hls-1.3.1.aar (androidx.media3:media3-exoplayer-hls:1.3.1) with JetifyTransform
Transforming media3-exoplayer-hls-1.3.1.aar (androidx.media3:media3-exoplayer-hls:1.3.1) with ExtractAarTransform
Transforming media3-exoplayer-hls-1.3.1.aar (androidx.media3:media3-exoplayer-hls:1.3.1) with AarTransform
Transforming media3-exoplayer-1.3.1.aar (androidx.media3:media3-exoplayer:1.3.1) with JetifyTransform
Transforming media3-exoplayer-1.3.1.aar (androidx.media3:media3-exoplayer:1.3.1) with ExtractAarTransform
Transforming media3-exoplayer-1.3.1.aar (androidx.media3:media3-exoplayer:1.3.1) with AarTransform
Transforming media3-datasource-cronet-1.3.1.aar (androidx.media3:media3-datasource-cronet:1.3.1) with JetifyTransform
Transforming media3-datasource-cronet-1.3.1.aar (androidx.media3:media3-datasource-cronet:1.3.1) with ExtractAarTransform
Transforming media3-datasource-cronet-1.3.1.aar (androidx.media3:media3-datasource-cronet:1.3.1) with AarTransform
Transforming media3-session-1.3.1.aar (androidx.media3:media3-session:1.3.1) with JetifyTransform
Transforming media3-session-1.3.1.aar (androidx.media3:media3-session:1.3.1) with ExtractAarTransform
Transforming media3-session-1.3.1.aar (androidx.media3:media3-session:1.3.1) with AarTransform
Transforming media3-extractor-1.3.1.aar (androidx.media3:media3-extractor:1.3.1) with JetifyTransform
Transforming media3-extractor-1.3.1.aar (androidx.media3:media3-extractor:1.3.1) with ExtractAarTransform
Transforming media3-extractor-1.3.1.aar (androidx.media3:media3-extractor:1.3.1) with AarTransform
Transforming media3-container-1.3.1.aar (androidx.media3:media3-container:1.3.1) with JetifyTransform
Transforming media3-container-1.3.1.aar (androidx.media3:media3-container:1.3.1) with ExtractAarTransform
Transforming media3-container-1.3.1.aar (androidx.media3:media3-container:1.3.1) with AarTransform
Transforming media3-datasource-1.3.1.aar (androidx.media3:media3-datasource:1.3.1) with JetifyTransform
Transforming media3-datasource-1.3.1.aar (androidx.media3:media3-datasource:1.3.1) with ExtractAarTransform
Transforming media3-datasource-1.3.1.aar (androidx.media3:media3-datasource:1.3.1) with AarTransform
Transforming media3-decoder-1.3.1.aar (androidx.media3:media3-decoder:1.3.1) with JetifyTransform
Transforming media3-decoder-1.3.1.aar (androidx.media3:media3-decoder:1.3.1) with ExtractAarTransform
Transforming media3-decoder-1.3.1.aar (androidx.media3:media3-decoder:1.3.1) with AarTransform
Transforming media3-database-1.3.1.aar (androidx.media3:media3-database:1.3.1) with JetifyTransform
Transforming media3-database-1.3.1.aar (androidx.media3:media3-database:1.3.1) with ExtractAarTransform
Transforming media3-database-1.3.1.aar (androidx.media3:media3-database:1.3.1) with AarTransform
Transforming media3-common-1.3.1.aar (androidx.media3:media3-common:1.3.1) with JetifyTransform
Transforming media3-common-1.3.1.aar (androidx.media3:media3-common:1.3.1) with ExtractAarTransform
Transforming media3-common-1.3.1.aar (androidx.media3:media3-common:1.3.1) with AarTransform
Transforming media3-ui-1.3.1.aar (androidx.media3:media3-ui:1.3.1) with JetifyTransform
Transforming media3-ui-1.3.1.aar (androidx.media3:media3-ui:1.3.1) with ExtractAarTransform
Transforming media3-ui-1.3.1.aar (androidx.media3:media3-ui:1.3.1) with AarTransform
Transforming media-1.7.0.aar (androidx.media:media:1.7.0) with JetifyTransform
Transforming media-1.7.0.aar (androidx.media:media:1.7.0) with ExtractAarTransform
Transforming media-1.7.0.aar (androidx.media:media:1.7.0) with AarTransform
Transforming viewpager2-1.1.0-beta02.aar (androidx.viewpager2:viewpager2:1.1.0-beta02) with JetifyTransform
Transforming viewpager2-1.1.0-beta02.aar (androidx.viewpager2:viewpager2:1.1.0-beta02) with ExtractAarTransform
Transforming viewpager2-1.1.0-beta02.aar (androidx.viewpager2:viewpager2:1.1.0-beta02) with AarTransform
Transforming recyclerview-1.3.2.aar (androidx.recyclerview:recyclerview:1.3.2) with JetifyTransform
Transforming recyclerview-1.3.2.aar (androidx.recyclerview:recyclerview:1.3.2) with ExtractAarTransform
Transforming recyclerview-1.3.2.aar (androidx.recyclerview:recyclerview:1.3.2) with AarTransform
Transforming emoji2-views-helper-1.2.0.aar (androidx.emoji2:emoji2-views-helper:1.2.0) with JetifyTransform
Transforming emoji2-views-helper-1.2.0.aar (androidx.emoji2:emoji2-views-helper:1.2.0) with ExtractAarTransform
Transforming emoji2-views-helper-1.2.0.aar (androidx.emoji2:emoji2-views-helper:1.2.0) with AarTransform
Transforming emoji2-1.2.0.aar (androidx.emoji2:emoji2:1.2.0) with JetifyTransform
Transforming emoji2-1.2.0.aar (androidx.emoji2:emoji2:1.2.0) with ExtractAarTransform
Transforming emoji2-1.2.0.aar (androidx.emoji2:emoji2:1.2.0) with AarTransform
Transforming glide-4.16.0.aar (com.github.bumptech.glide:glide:4.16.0) with JetifyTransform
Transforming glide-4.16.0.aar (com.github.bumptech.glide:glide:4.16.0) with ExtractAarTransform
Transforming glide-4.16.0.aar (com.github.bumptech.glide:glide:4.16.0) with AarTransform
Transforming play-services-cronet-18.0.1.aar (com.google.android.gms:play-services-cronet:18.0.1) with JetifyTransform
Transforming play-services-cronet-18.0.1.aar (com.google.android.gms:play-services-cronet:18.0.1) with ExtractAarTransform
Transforming play-services-cronet-18.0.1.aar (com.google.android.gms:play-services-cronet:18.0.1) with AarTransform
Transforming play-services-base-18.0.1.aar (com.google.android.gms:play-services-base:18.0.1) with JetifyTransform
Transforming play-services-base-18.0.1.aar (com.google.android.gms:play-services-base:18.0.1) with ExtractAarTransform
Transforming play-services-base-18.0.1.aar (com.google.android.gms:play-services-base:18.0.1) with AarTransform
Transforming play-services-tasks-18.0.1.aar (com.google.android.gms:play-services-tasks:18.0.1) with JetifyTransform
Transforming play-services-tasks-18.0.1.aar (com.google.android.gms:play-services-tasks:18.0.1) with ExtractAarTransform
Transforming play-services-tasks-18.0.1.aar (com.google.android.gms:play-services-tasks:18.0.1) with AarTransform
Transforming play-services-basement-18.0.0.aar (com.google.android.gms:play-services-basement:18.0.0) with JetifyTransform
Transforming play-services-basement-18.0.0.aar (com.google.android.gms:play-services-basement:18.0.0) with ExtractAarTransform
Transforming play-services-basement-18.0.0.aar (com.google.android.gms:play-services-basement:18.0.0) with AarTransform
Transforming fragment-1.3.6.aar (androidx.fragment:fragment:1.3.6) with JetifyTransform
Transforming fragment-1.3.6.aar (androidx.fragment:fragment:1.3.6) with ExtractAarTransform
Transforming fragment-1.3.6.aar (androidx.fragment:fragment:1.3.6) with AarTransform
Transforming fragment-1.3.6.aar (androidx.fragment:fragment:1.3.6) with JetifyTransform
Transforming fragment-1.3.6.aar (androidx.fragment:fragment:1.3.6) with ExtractAarTransform
Transforming fragment-1.3.6.aar (androidx.fragment:fragment:1.3.6) with AarTransform
Transforming activity-1.8.0.aar (androidx.activity:activity:1.8.0) with JetifyTransform
Transforming activity-1.8.0.aar (androidx.activity:activity:1.8.0) with ExtractAarTransform
Transforming activity-1.8.0.aar (androidx.activity:activity:1.8.0) with AarTransform
Transforming drawerlayout-1.1.1.aar (androidx.drawerlayout:drawerlayout:1.1.1) with JetifyTransform
Transforming drawerlayout-1.1.1.aar (androidx.drawerlayout:drawerlayout:1.1.1) with ExtractAarTransform
Transforming drawerlayout-1.1.1.aar (androidx.drawerlayout:drawerlayout:1.1.1) with AarTransform
Transforming coordinatorlayout-1.1.0.aar (androidx.coordinatorlayout:coordinatorlayout:1.1.0) with JetifyTransform
Transforming coordinatorlayout-1.1.0.aar (androidx.coordinatorlayout:coordinatorlayout:1.1.0) with ExtractAarTransform
Transforming coordinatorlayout-1.1.0.aar (androidx.coordinatorlayout:coordinatorlayout:1.1.0) with AarTransform
Transforming transition-1.5.0.aar (androidx.transition:transition:1.5.0) with JetifyTransform
Transforming transition-1.5.0.aar (androidx.transition:transition:1.5.0) with ExtractAarTransform
Transforming transition-1.5.0.aar (androidx.transition:transition:1.5.0) with AarTransform
Transforming dynamicanimation-1.0.0.aar (androidx.dynamicanimation:dynamicanimation:1.0.0) with JetifyTransform
Transforming dynamicanimation-1.0.0.aar (androidx.dynamicanimation:dynamicanimation:1.0.0) with ExtractAarTransform
Transforming dynamicanimation-1.0.0.aar (androidx.dynamicanimation:dynamicanimation:1.0.0) with AarTransform
Transforming vectordrawable-animated-1.1.0.aar (androidx.vectordrawable:vectordrawable-animated:1.1.0) with JetifyTransform
Transforming vectordrawable-animated-1.1.0.aar (androidx.vectordrawable:vectordrawable-animated:1.1.0) with ExtractAarTransform
Transforming vectordrawable-animated-1.1.0.aar (androidx.vectordrawable:vectordrawable-animated:1.1.0) with AarTransform
Transforming vectordrawable-1.1.0.aar (androidx.vectordrawable:vectordrawable:1.1.0) with JetifyTransform
Transforming vectordrawable-1.1.0.aar (androidx.vectordrawable:vectordrawable:1.1.0) with ExtractAarTransform
Transforming vectordrawable-1.1.0.aar (androidx.vectordrawable:vectordrawable:1.1.0) with AarTransform
Transforming vectordrawable-1.1.0.aar (androidx.vectordrawable:vectordrawable:1.1.0) with JetifyTransform
Transforming vectordrawable-1.1.0.aar (androidx.vectordrawable:vectordrawable:1.1.0) with ExtractAarTransform
Transforming vectordrawable-1.1.0.aar (androidx.vectordrawable:vectordrawable:1.1.0) with AarTransform
Transforming viewpager-1.0.0.aar (androidx.viewpager:viewpager:1.0.0) with JetifyTransform
Transforming viewpager-1.0.0.aar (androidx.viewpager:viewpager:1.0.0) with ExtractAarTransform
Transforming viewpager-1.0.0.aar (androidx.viewpager:viewpager:1.0.0) with AarTransform
Transforming legacy-support-core-utils-1.0.0.aar (androidx.legacy:legacy-support-core-utils:1.0.0) with JetifyTransform
Transforming legacy-support-core-utils-1.0.0.aar (androidx.legacy:legacy-support-core-utils:1.0.0) with ExtractAarTransform
Transforming legacy-support-core-utils-1.0.0.aar (androidx.legacy:legacy-support-core-utils:1.0.0) with AarTransform
Transforming loader-1.0.0.aar (androidx.loader:loader:1.0.0) with JetifyTransform
Transforming loader-1.0.0.aar (androidx.loader:loader:1.0.0) with ExtractAarTransform
Transforming loader-1.0.0.aar (androidx.loader:loader:1.0.0) with AarTransform
Transforming loader-1.0.0.aar (androidx.loader:loader:1.0.0) with JetifyTransform
Transforming loader-1.0.0.aar (androidx.loader:loader:1.0.0) with ExtractAarTransform
Transforming loader-1.0.0.aar (androidx.loader:loader:1.0.0) with AarTransform
Transforming customview-1.1.0.aar (androidx.customview:customview:1.1.0) with JetifyTransform
Transforming customview-1.1.0.aar (androidx.customview:customview:1.1.0) with ExtractAarTransform
Transforming customview-1.1.0.aar (androidx.customview:customview:1.1.0) with AarTransform
Transforming customview-1.1.0.aar (androidx.customview:customview:1.1.0) with JetifyTransform
Transforming customview-1.1.0.aar (androidx.customview:customview:1.1.0) with ExtractAarTransform
Transforming customview-1.1.0.aar (androidx.customview:customview:1.1.0) with AarTransform
Transforming core-1.13.1.aar (androidx.core:core:1.13.1) with JetifyTransform
Transforming core-1.13.1.aar (androidx.core:core:1.13.1) with ExtractAarTransform
Transforming core-1.13.1.aar (androidx.core:core:1.13.1) with AarTransform
Transforming core-1.13.1.aar (androidx.core:core:1.13.1) with JetifyTransform
Transforming core-1.13.1.aar (androidx.core:core:1.13.1) with ExtractAarTransform
Transforming core-1.13.1.aar (androidx.core:core:1.13.1) with AarTransform
Transforming customview-poolingcontainer-1.0.0.aar (androidx.customview:customview-poolingcontainer:1.0.0) with JetifyTransform
Transforming customview-poolingcontainer-1.0.0.aar (androidx.customview:customview-poolingcontainer:1.0.0) with ExtractAarTransform
Transforming customview-poolingcontainer-1.0.0.aar (androidx.customview:customview-poolingcontainer:1.0.0) with AarTransform
Transforming savedstate-1.2.1.aar (androidx.savedstate:savedstate:1.2.1) with JetifyTransform
Transforming savedstate-1.2.1.aar (androidx.savedstate:savedstate:1.2.1) with ExtractAarTransform
Transforming savedstate-1.2.1.aar (androidx.savedstate:savedstate:1.2.1) with AarTransform
Transforming lifecycle-livedata-core-ktx-2.8.2.aar (androidx.lifecycle:lifecycle-livedata-core-ktx:2.8.2) with JetifyTransform
Transforming lifecycle-livedata-core-ktx-2.8.2.aar (androidx.lifecycle:lifecycle-livedata-core-ktx:2.8.2) with ExtractAarTransform
Transforming lifecycle-livedata-core-ktx-2.8.2.aar (androidx.lifecycle:lifecycle-livedata-core-ktx:2.8.2) with AarTransform
Transforming lifecycle-viewmodel-2.8.2.aar (androidx.lifecycle:lifecycle-viewmodel:2.8.2) with JetifyTransform
Transforming lifecycle-viewmodel-2.8.2.aar (androidx.lifecycle:lifecycle-viewmodel:2.8.2) with ExtractAarTransform
Transforming lifecycle-viewmodel-2.8.2.aar (androidx.lifecycle:lifecycle-viewmodel:2.8.2) with AarTransform
Transforming lifecycle-viewmodel-release.aar (androidx.lifecycle:lifecycle-viewmodel-android:2.8.2) with JetifyTransform
Transforming lifecycle-viewmodel-release.aar (androidx.lifecycle:lifecycle-viewmodel-android:2.8.2) with ExtractAarTransform
Transforming lifecycle-viewmodel-release.aar (androidx.lifecycle:lifecycle-viewmodel-android:2.8.2) with AarTransform
Transforming lifecycle-runtime-release.aar (androidx.lifecycle:lifecycle-runtime-android:2.8.2) with JetifyTransform
Transforming lifecycle-runtime-release.aar (androidx.lifecycle:lifecycle-runtime-android:2.8.2) with ExtractAarTransform
Transforming lifecycle-runtime-release.aar (androidx.lifecycle:lifecycle-runtime-android:2.8.2) with AarTransform
Transforming lifecycle-livedata-2.8.2.aar (androidx.lifecycle:lifecycle-livedata:2.8.2) with JetifyTransform
Transforming lifecycle-livedata-2.8.2.aar (androidx.lifecycle:lifecycle-livedata:2.8.2) with ExtractAarTransform
Transforming lifecycle-livedata-2.8.2.aar (androidx.lifecycle:lifecycle-livedata:2.8.2) with AarTransform
Transforming lifecycle-process-2.8.2.aar (androidx.lifecycle:lifecycle-process:2.8.2) with JetifyTransform
Transforming lifecycle-process-2.8.2.aar (androidx.lifecycle:lifecycle-process:2.8.2) with ExtractAarTransform
Transforming lifecycle-process-2.8.2.aar (androidx.lifecycle:lifecycle-process:2.8.2) with AarTransform
Transforming lifecycle-livedata-core-2.8.2.aar (androidx.lifecycle:lifecycle-livedata-core:2.8.2) with JetifyTransform
Transforming lifecycle-livedata-core-2.8.2.aar (androidx.lifecycle:lifecycle-livedata-core:2.8.2) with ExtractAarTransform
Transforming lifecycle-livedata-core-2.8.2.aar (androidx.lifecycle:lifecycle-livedata-core:2.8.2) with AarTransform
Transforming lifecycle-runtime-ktx-release.aar (androidx.lifecycle:lifecycle-runtime-ktx-android:2.8.2) with JetifyTransform
Transforming lifecycle-runtime-ktx-release.aar (androidx.lifecycle:lifecycle-runtime-ktx-android:2.8.2) with ExtractAarTransform
Transforming lifecycle-runtime-ktx-release.aar (androidx.lifecycle:lifecycle-runtime-ktx-android:2.8.2) with AarTransform
Transforming lifecycle-viewmodel-savedstate-2.8.2.aar (androidx.lifecycle:lifecycle-viewmodel-savedstate:2.8.2) with JetifyTransform
Transforming lifecycle-viewmodel-savedstate-2.8.2.aar (androidx.lifecycle:lifecycle-viewmodel-savedstate:2.8.2) with ExtractAarTransform
Transforming lifecycle-viewmodel-savedstate-2.8.2.aar (androidx.lifecycle:lifecycle-viewmodel-savedstate:2.8.2) with AarTransform
Transforming core-ktx-1.13.1.aar (androidx.core:core-ktx:1.13.1) with JetifyTransform
Transforming core-ktx-1.13.1.aar (androidx.core:core-ktx:1.13.1) with ExtractAarTransform
Transforming core-ktx-1.13.1.aar (androidx.core:core-ktx:1.13.1) with AarTransform
Transforming room-runtime-2.6.1.aar (androidx.room:room-runtime:2.6.1) with JetifyTransform
Transforming room-runtime-2.6.1.aar (androidx.room:room-runtime:2.6.1) with ExtractAarTransform
Transforming room-runtime-2.6.1.aar (androidx.room:room-runtime:2.6.1) with AarTransform
Transforming room-ktx-2.6.1.aar (androidx.room:room-ktx:2.6.1) with JetifyTransform
Transforming room-ktx-2.6.1.aar (androidx.room:room-ktx:2.6.1) with ExtractAarTransform
Transforming room-ktx-2.6.1.aar (androidx.room:room-ktx:2.6.1) with AarTransform
Transforming annotation-experimental-1.4.0.aar (androidx.annotation:annotation-experimental:1.4.0) with JetifyTransform
Transforming annotation-experimental-1.4.0.aar (androidx.annotation:annotation-experimental:1.4.0) with ExtractAarTransform
Transforming annotation-experimental-1.4.0.aar (androidx.annotation:annotation-experimental:1.4.0) with AarTransform
Transforming sqlite-framework-2.4.0.aar (androidx.sqlite:sqlite-framework:2.4.0) with JetifyTransform
Transforming sqlite-framework-2.4.0.aar (androidx.sqlite:sqlite-framework:2.4.0) with ExtractAarTransform
Transforming sqlite-framework-2.4.0.aar (androidx.sqlite:sqlite-framework:2.4.0) with AarTransform
Transforming sqlite-2.4.0.aar (androidx.sqlite:sqlite:2.4.0) with JetifyTransform
Transforming sqlite-2.4.0.aar (androidx.sqlite:sqlite:2.4.0) with ExtractAarTransform
Transforming sqlite-2.4.0.aar (androidx.sqlite:sqlite:2.4.0) with AarTransform
Transforming localbroadcastmanager-1.1.0.aar (androidx.localbroadcastmanager:localbroadcastmanager:1.1.0) with JetifyTransform
Transforming localbroadcastmanager-1.1.0.aar (androidx.localbroadcastmanager:localbroadcastmanager:1.1.0) with ExtractAarTransform
Transforming localbroadcastmanager-1.1.0.aar (androidx.localbroadcastmanager:localbroadcastmanager:1.1.0) with AarTransform
Transforming localbroadcastmanager-1.1.0.aar (androidx.localbroadcastmanager:localbroadcastmanager:1.1.0) with JetifyTransform
Transforming localbroadcastmanager-1.1.0.aar (androidx.localbroadcastmanager:localbroadcastmanager:1.1.0) with ExtractAarTransform
Transforming localbroadcastmanager-1.1.0.aar (androidx.localbroadcastmanager:localbroadcastmanager:1.1.0) with AarTransform
Transforming interpolator-1.0.0.aar (androidx.interpolator:interpolator:1.0.0) with JetifyTransform
Transforming interpolator-1.0.0.aar (androidx.interpolator:interpolator:1.0.0) with ExtractAarTransform
Transforming interpolator-1.0.0.aar (androidx.interpolator:interpolator:1.0.0) with AarTransform
Transforming interpolator-1.0.0.aar (androidx.interpolator:interpolator:1.0.0) with JetifyTransform
Transforming interpolator-1.0.0.aar (androidx.interpolator:interpolator:1.0.0) with ExtractAarTransform
Transforming interpolator-1.0.0.aar (androidx.interpolator:interpolator:1.0.0) with AarTransform
Transforming cursoradapter-1.0.0.aar (androidx.cursoradapter:cursoradapter:1.0.0) with JetifyTransform
Transforming cursoradapter-1.0.0.aar (androidx.cursoradapter:cursoradapter:1.0.0) with ExtractAarTransform
Transforming cursoradapter-1.0.0.aar (androidx.cursoradapter:cursoradapter:1.0.0) with AarTransform
Transforming cardview-1.0.0.aar (androidx.cardview:cardview:1.0.0) with JetifyTransform
Transforming cardview-1.0.0.aar (androidx.cardview:cardview:1.0.0) with ExtractAarTransform
Transforming cardview-1.0.0.aar (androidx.cardview:cardview:1.0.0) with AarTransform
Transforming versionedparcelable-1.1.1.aar (androidx.versionedparcelable:versionedparcelable:1.1.1) with JetifyTransform
Transforming versionedparcelable-1.1.1.aar (androidx.versionedparcelable:versionedparcelable:1.1.1) with ExtractAarTransform
Transforming versionedparcelable-1.1.1.aar (androidx.versionedparcelable:versionedparcelable:1.1.1) with AarTransform
Transforming exifinterface-1.3.6.aar (androidx.exifinterface:exifinterface:1.3.6) with JetifyTransform
Transforming exifinterface-1.3.6.aar (androidx.exifinterface:exifinterface:1.3.6) with ExtractAarTransform
Transforming exifinterface-1.3.6.aar (androidx.exifinterface:exifinterface:1.3.6) with AarTransform
Transforming core-runtime-2.2.0.aar (androidx.arch.core:core-runtime:2.2.0) with JetifyTransform
Transforming core-runtime-2.2.0.aar (androidx.arch.core:core-runtime:2.2.0) with ExtractAarTransform
Transforming core-runtime-2.2.0.aar (androidx.arch.core:core-runtime:2.2.0) with AarTransform
Transforming gifdecoder-4.16.0.aar (com.github.bumptech.glide:gifdecoder:4.16.0) with JetifyTransform
Transforming gifdecoder-4.16.0.aar (com.github.bumptech.glide:gifdecoder:4.16.0) with ExtractAarTransform
Transforming gifdecoder-4.16.0.aar (com.github.bumptech.glide:gifdecoder:4.16.0) with AarTransform
Transforming profileinstaller-1.3.1.aar (androidx.profileinstaller:profileinstaller:1.3.1) with JetifyTransform
Transforming profileinstaller-1.3.1.aar (androidx.profileinstaller:profileinstaller:1.3.1) with ExtractAarTransform
Transforming profileinstaller-1.3.1.aar (androidx.profileinstaller:profileinstaller:1.3.1) with AarTransform
Transforming startup-runtime-1.1.1.aar (androidx.startup:startup-runtime:1.1.1) with JetifyTransform
Transforming startup-runtime-1.1.1.aar (androidx.startup:startup-runtime:1.1.1) with ExtractAarTransform
Transforming startup-runtime-1.1.1.aar (androidx.startup:startup-runtime:1.1.1) with AarTransform
Transforming tracing-1.0.0.aar (androidx.tracing:tracing:1.0.0) with JetifyTransform
Transforming tracing-1.0.0.aar (androidx.tracing:tracing:1.0.0) with ExtractAarTransform
Transforming tracing-1.0.0.aar (androidx.tracing:tracing:1.0.0) with AarTransform
Transforming documentfile-1.0.0.aar (androidx.documentfile:documentfile:1.0.0) with JetifyTransform
Transforming documentfile-1.0.0.aar (androidx.documentfile:documentfile:1.0.0) with ExtractAarTransform
Transforming documentfile-1.0.0.aar (androidx.documentfile:documentfile:1.0.0) with AarTransform
Transforming print-1.0.0.aar (androidx.print:print:1.0.0) with JetifyTransform
Transforming print-1.0.0.aar (androidx.print:print:1.0.0) with ExtractAarTransform
Transforming print-1.0.0.aar (androidx.print:print:1.0.0) with AarTransform
Transforming cronet-api-72.3626.96.aar (org.chromium.net:cronet-api:72.3626.96) with JetifyTransform
Transforming cronet-api-72.3626.96.aar (org.chromium.net:cronet-api:72.3626.96) with ExtractAarTransform
Transforming cronet-api-72.3626.96.aar (org.chromium.net:cronet-api:72.3626.96) with AarTransform
Transforming viewbinding-8.4.1.aar (androidx.databinding:viewbinding:8.4.1) with JetifyTransform
Transforming viewbinding-8.4.1.aar (androidx.databinding:viewbinding:8.4.1) with ExtractAarTransform
Transforming viewbinding-8.4.1.aar (androidx.databinding:viewbinding:8.4.1) with AarTransform
Transforming material-1.12.0.aar (com.google.android.material:material:1.12.0) with JetifyTransform
Transforming material-1.12.0.aar (com.google.android.material:material:1.12.0) with ExtractAarTransform
Transforming material-1.12.0.aar (com.google.android.material:material:1.12.0) with AarTransform
Transforming constraintlayout-2.1.4.aar (androidx.constraintlayout:constraintlayout:2.1.4) with JetifyTransform
Transforming constraintlayout-2.1.4.aar (androidx.constraintlayout:constraintlayout:2.1.4) with ExtractAarTransform
Transforming constraintlayout-2.1.4.aar (androidx.constraintlayout:constraintlayout:2.1.4) with AarTransform
Transforming appcompat-resources-1.6.1.aar (androidx.appcompat:appcompat-resources:1.6.1) with JetifyTransform
Transforming appcompat-resources-1.6.1.aar (androidx.appcompat:appcompat-resources:1.6.1) with ExtractAarTransform
Transforming appcompat-resources-1.6.1.aar (androidx.appcompat:appcompat-resources:1.6.1) with AarTransform
Transforming appcompat-1.6.1.aar (androidx.appcompat:appcompat:1.6.1) with JetifyTransform
Transforming appcompat-1.6.1.aar (androidx.appcompat:appcompat:1.6.1) with ExtractAarTransform
Transforming appcompat-1.6.1.aar (androidx.appcompat:appcompat:1.6.1) with AarTransform
Transforming browser-1.8.0.aar (androidx.browser:browser:1.8.0) with JetifyTransform
Transforming browser-1.8.0.aar (androidx.browser:browser:1.8.0) with ExtractAarTransform
Transforming browser-1.8.0.aar (androidx.browser:browser:1.8.0) with AarTransform
Transforming webkit-1.11.0.aar (androidx.webkit:webkit:1.11.0) with JetifyTransform
Transforming webkit-1.11.0.aar (androidx.webkit:webkit:1.11.0) with ExtractAarTransform
Transforming webkit-1.11.0.aar (androidx.webkit:webkit:1.11.0) with AarTransform
Transforming media3-exoplayer-hls-1.3.1.aar (androidx.media3:media3-exoplayer-hls:1.3.1) with JetifyTransform
Transforming media3-exoplayer-hls-1.3.1.aar (androidx.media3:media3-exoplayer-hls:1.3.1) with ExtractAarTransform
Transforming media3-exoplayer-hls-1.3.1.aar (androidx.media3:media3-exoplayer-hls:1.3.1) with AarTransform
Transforming media3-exoplayer-1.3.1.aar (androidx.media3:media3-exoplayer:1.3.1) with JetifyTransform
Transforming media3-exoplayer-1.3.1.aar (androidx.media3:media3-exoplayer:1.3.1) with ExtractAarTransform
Transforming media3-exoplayer-1.3.1.aar (androidx.media3:media3-exoplayer:1.3.1) with AarTransform
Transforming media3-datasource-cronet-1.3.1.aar (androidx.media3:media3-datasource-cronet:1.3.1) with JetifyTransform
Transforming media3-datasource-cronet-1.3.1.aar (androidx.media3:media3-datasource-cronet:1.3.1) with ExtractAarTransform
Transforming media3-datasource-cronet-1.3.1.aar (androidx.media3:media3-datasource-cronet:1.3.1) with AarTransform
Transforming media3-session-1.3.1.aar (androidx.media3:media3-session:1.3.1) with JetifyTransform
Transforming media3-session-1.3.1.aar (androidx.media3:media3-session:1.3.1) with ExtractAarTransform
Transforming media3-session-1.3.1.aar (androidx.media3:media3-session:1.3.1) with AarTransform
Transforming media3-extractor-1.3.1.aar (androidx.media3:media3-extractor:1.3.1) with JetifyTransform
Transforming media3-extractor-1.3.1.aar (androidx.media3:media3-extractor:1.3.1) with ExtractAarTransform
Transforming media3-extractor-1.3.1.aar (androidx.media3:media3-extractor:1.3.1) with AarTransform
Transforming media3-container-1.3.1.aar (androidx.media3:media3-container:1.3.1) with JetifyTransform
Transforming media3-container-1.3.1.aar (androidx.media3:media3-container:1.3.1) with ExtractAarTransform
Transforming media3-container-1.3.1.aar (androidx.media3:media3-container:1.3.1) with AarTransform
Transforming media3-datasource-1.3.1.aar (androidx.media3:media3-datasource:1.3.1) with JetifyTransform
Transforming media3-datasource-1.3.1.aar (androidx.media3:media3-datasource:1.3.1) with ExtractAarTransform
Transforming media3-datasource-1.3.1.aar (androidx.media3:media3-datasource:1.3.1) with AarTransform
Transforming media3-decoder-1.3.1.aar (androidx.media3:media3-decoder:1.3.1) with JetifyTransform
Transforming media3-decoder-1.3.1.aar (androidx.media3:media3-decoder:1.3.1) with ExtractAarTransform
Transforming media3-decoder-1.3.1.aar (androidx.media3:media3-decoder:1.3.1) with AarTransform
Transforming media3-database-1.3.1.aar (androidx.media3:media3-database:1.3.1) with JetifyTransform
Transforming media3-database-1.3.1.aar (androidx.media3:media3-database:1.3.1) with ExtractAarTransform
Transforming media3-database-1.3.1.aar (androidx.media3:media3-database:1.3.1) with AarTransform
Transforming media3-common-1.3.1.aar (androidx.media3:media3-common:1.3.1) with JetifyTransform
Transforming media3-common-1.3.1.aar (androidx.media3:media3-common:1.3.1) with ExtractAarTransform
Transforming media3-common-1.3.1.aar (androidx.media3:media3-common:1.3.1) with AarTransform
Transforming media3-ui-1.3.1.aar (androidx.media3:media3-ui:1.3.1) with JetifyTransform
Transforming media3-ui-1.3.1.aar (androidx.media3:media3-ui:1.3.1) with ExtractAarTransform
Transforming media3-ui-1.3.1.aar (androidx.media3:media3-ui:1.3.1) with AarTransform
Transforming media-1.7.0.aar (androidx.media:media:1.7.0) with JetifyTransform
Transforming media-1.7.0.aar (androidx.media:media:1.7.0) with ExtractAarTransform
Transforming media-1.7.0.aar (androidx.media:media:1.7.0) with AarTransform
Transforming viewpager2-1.1.0-beta02.aar (androidx.viewpager2:viewpager2:1.1.0-beta02) with JetifyTransform
Transforming viewpager2-1.1.0-beta02.aar (androidx.viewpager2:viewpager2:1.1.0-beta02) with ExtractAarTransform
Transforming viewpager2-1.1.0-beta02.aar (androidx.viewpager2:viewpager2:1.1.0-beta02) with AarTransform
Transforming recyclerview-1.3.2.aar (androidx.recyclerview:recyclerview:1.3.2) with JetifyTransform
Transforming recyclerview-1.3.2.aar (androidx.recyclerview:recyclerview:1.3.2) with ExtractAarTransform
Transforming recyclerview-1.3.2.aar (androidx.recyclerview:recyclerview:1.3.2) with AarTransform
Transforming emoji2-views-helper-1.2.0.aar (androidx.emoji2:emoji2-views-helper:1.2.0) with JetifyTransform
Transforming emoji2-views-helper-1.2.0.aar (androidx.emoji2:emoji2-views-helper:1.2.0) with ExtractAarTransform
Transforming emoji2-views-helper-1.2.0.aar (androidx.emoji2:emoji2-views-helper:1.2.0) with AarTransform
Transforming emoji2-1.2.0.aar (androidx.emoji2:emoji2:1.2.0) with JetifyTransform
Transforming emoji2-1.2.0.aar (androidx.emoji2:emoji2:1.2.0) with ExtractAarTransform
Transforming emoji2-1.2.0.aar (androidx.emoji2:emoji2:1.2.0) with AarTransform
Transforming glide-4.16.0.aar (com.github.bumptech.glide:glide:4.16.0) with JetifyTransform
Transforming glide-4.16.0.aar (com.github.bumptech.glide:glide:4.16.0) with ExtractAarTransform
Transforming glide-4.16.0.aar (com.github.bumptech.glide:glide:4.16.0) with AarTransform
Transforming play-services-cronet-18.0.1.aar (com.google.android.gms:play-services-cronet:18.0.1) with JetifyTransform
Transforming play-services-cronet-18.0.1.aar (com.google.android.gms:play-services-cronet:18.0.1) with ExtractAarTransform
Transforming play-services-cronet-18.0.1.aar (com.google.android.gms:play-services-cronet:18.0.1) with AarTransform
Transforming play-services-base-18.0.1.aar (com.google.android.gms:play-services-base:18.0.1) with JetifyTransform
Transforming play-services-base-18.0.1.aar (com.google.android.gms:play-services-base:18.0.1) with ExtractAarTransform
Transforming play-services-base-18.0.1.aar (com.google.android.gms:play-services-base:18.0.1) with AarTransform
Transforming play-services-tasks-18.0.1.aar (com.google.android.gms:play-services-tasks:18.0.1) with JetifyTransform
Transforming play-services-tasks-18.0.1.aar (com.google.android.gms:play-services-tasks:18.0.1) with ExtractAarTransform
Transforming play-services-tasks-18.0.1.aar (com.google.android.gms:play-services-tasks:18.0.1) with AarTransform
Transforming play-services-basement-18.0.0.aar (com.google.android.gms:play-services-basement:18.0.0) with JetifyTransform
Transforming play-services-basement-18.0.0.aar (com.google.android.gms:play-services-basement:18.0.0) with ExtractAarTransform
Transforming play-services-basement-18.0.0.aar (com.google.android.gms:play-services-basement:18.0.0) with AarTransform
Transforming fragment-1.3.6.aar (androidx.fragment:fragment:1.3.6) with JetifyTransform
Transforming fragment-1.3.6.aar (androidx.fragment:fragment:1.3.6) with ExtractAarTransform
Transforming fragment-1.3.6.aar (androidx.fragment:fragment:1.3.6) with AarTransform
Transforming fragment-1.3.6.aar (androidx.fragment:fragment:1.3.6) with JetifyTransform
Transforming fragment-1.3.6.aar (androidx.fragment:fragment:1.3.6) with ExtractAarTransform
Transforming fragment-1.3.6.aar (androidx.fragment:fragment:1.3.6) with AarTransform
Transforming activity-1.8.0.aar (androidx.activity:activity:1.8.0) with JetifyTransform
Transforming activity-1.8.0.aar (androidx.activity:activity:1.8.0) with ExtractAarTransform
Transforming activity-1.8.0.aar (androidx.activity:activity:1.8.0) with AarTransform
Transforming drawerlayout-1.1.1.aar (androidx.drawerlayout:drawerlayout:1.1.1) with JetifyTransform
Transforming drawerlayout-1.1.1.aar (androidx.drawerlayout:drawerlayout:1.1.1) with ExtractAarTransform
Transforming drawerlayout-1.1.1.aar (androidx.drawerlayout:drawerlayout:1.1.1) with AarTransform
Transforming coordinatorlayout-1.1.0.aar (androidx.coordinatorlayout:coordinatorlayout:1.1.0) with JetifyTransform
Transforming coordinatorlayout-1.1.0.aar (androidx.coordinatorlayout:coordinatorlayout:1.1.0) with ExtractAarTransform
Transforming coordinatorlayout-1.1.0.aar (androidx.coordinatorlayout:coordinatorlayout:1.1.0) with AarTransform
Transforming transition-1.5.0.aar (androidx.transition:transition:1.5.0) with JetifyTransform
Transforming transition-1.5.0.aar (androidx.transition:transition:1.5.0) with ExtractAarTransform
Transforming transition-1.5.0.aar (androidx.transition:transition:1.5.0) with AarTransform
Transforming dynamicanimation-1.0.0.aar (androidx.dynamicanimation:dynamicanimation:1.0.0) with JetifyTransform
Transforming dynamicanimation-1.0.0.aar (androidx.dynamicanimation:dynamicanimation:1.0.0) with ExtractAarTransform
Transforming dynamicanimation-1.0.0.aar (androidx.dynamicanimation:dynamicanimation:1.0.0) with AarTransform
Transforming vectordrawable-animated-1.1.0.aar (androidx.vectordrawable:vectordrawable-animated:1.1.0) with JetifyTransform
Transforming vectordrawable-animated-1.1.0.aar (androidx.vectordrawable:vectordrawable-animated:1.1.0) with ExtractAarTransform
Transforming vectordrawable-animated-1.1.0.aar (androidx.vectordrawable:vectordrawable-animated:1.1.0) with AarTransform
Transforming vectordrawable-1.1.0.aar (androidx.vectordrawable:vectordrawable:1.1.0) with JetifyTransform
Transforming vectordrawable-1.1.0.aar (androidx.vectordrawable:vectordrawable:1.1.0) with ExtractAarTransform
Transforming vectordrawable-1.1.0.aar (androidx.vectordrawable:vectordrawable:1.1.0) with AarTransform
Transforming vectordrawable-1.1.0.aar (androidx.vectordrawable:vectordrawable:1.1.0) with JetifyTransform
Transforming vectordrawable-1.1.0.aar (androidx.vectordrawable:vectordrawable:1.1.0) with ExtractAarTransform
Transforming vectordrawable-1.1.0.aar (androidx.vectordrawable:vectordrawable:1.1.0) with AarTransform
Transforming viewpager-1.0.0.aar (androidx.viewpager:viewpager:1.0.0) with JetifyTransform
Transforming viewpager-1.0.0.aar (androidx.viewpager:viewpager:1.0.0) with ExtractAarTransform
Transforming viewpager-1.0.0.aar (androidx.viewpager:viewpager:1.0.0) with AarTransform
Transforming legacy-support-core-utils-1.0.0.aar (androidx.legacy:legacy-support-core-utils:1.0.0) with JetifyTransform
Transforming legacy-support-core-utils-1.0.0.aar (androidx.legacy:legacy-support-core-utils:1.0.0) with ExtractAarTransform
Transforming legacy-support-core-utils-1.0.0.aar (androidx.legacy:legacy-support-core-utils:1.0.0) with AarTransform
Transforming loader-1.0.0.aar (androidx.loader:loader:1.0.0) with JetifyTransform
Transforming loader-1.0.0.aar (androidx.loader:loader:1.0.0) with ExtractAarTransform
Transforming loader-1.0.0.aar (androidx.loader:loader:1.0.0) with AarTransform
Transforming loader-1.0.0.aar (androidx.loader:loader:1.0.0) with JetifyTransform
Transforming loader-1.0.0.aar (androidx.loader:loader:1.0.0) with ExtractAarTransform
Transforming loader-1.0.0.aar (androidx.loader:loader:1.0.0) with AarTransform
Transforming customview-1.1.0.aar (androidx.customview:customview:1.1.0) with JetifyTransform
Transforming customview-1.1.0.aar (androidx.customview:customview:1.1.0) with ExtractAarTransform
Transforming customview-1.1.0.aar (androidx.customview:customview:1.1.0) with AarTransform
Transforming customview-1.1.0.aar (androidx.customview:customview:1.1.0) with JetifyTransform
Transforming customview-1.1.0.aar (androidx.customview:customview:1.1.0) with ExtractAarTransform
Transforming customview-1.1.0.aar (androidx.customview:customview:1.1.0) with AarTransform
Transforming core-1.13.1.aar (androidx.core:core:1.13.1) with JetifyTransform
Transforming core-1.13.1.aar (androidx.core:core:1.13.1) with ExtractAarTransform
Transforming core-1.13.1.aar (androidx.core:core:1.13.1) with AarTransform
Transforming core-1.13.1.aar (androidx.core:core:1.13.1) with JetifyTransform
Transforming core-1.13.1.aar (androidx.core:core:1.13.1) with ExtractAarTransform
Transforming core-1.13.1.aar (androidx.core:core:1.13.1) with AarTransform
Transforming customview-poolingcontainer-1.0.0.aar (androidx.customview:customview-poolingcontainer:1.0.0) with JetifyTransform
Transforming customview-poolingcontainer-1.0.0.aar (androidx.customview:customview-poolingcontainer:1.0.0) with ExtractAarTransform
Transforming customview-poolingcontainer-1.0.0.aar (androidx.customview:customview-poolingcontainer:1.0.0) with AarTransform
Transforming savedstate-1.2.1.aar (androidx.savedstate:savedstate:1.2.1) with JetifyTransform
Transforming savedstate-1.2.1.aar (androidx.savedstate:savedstate:1.2.1) with ExtractAarTransform
Transforming savedstate-1.2.1.aar (androidx.savedstate:savedstate:1.2.1) with AarTransform
Transforming lifecycle-livedata-core-ktx-2.8.2.aar (androidx.lifecycle:lifecycle-livedata-core-ktx:2.8.2) with JetifyTransform
Transforming lifecycle-livedata-core-ktx-2.8.2.aar (androidx.lifecycle:lifecycle-livedata-core-ktx:2.8.2) with ExtractAarTransform
Transforming lifecycle-livedata-core-ktx-2.8.2.aar (androidx.lifecycle:lifecycle-livedata-core-ktx:2.8.2) with AarTransform
Transforming lifecycle-viewmodel-2.8.2.aar (androidx.lifecycle:lifecycle-viewmodel:2.8.2) with JetifyTransform
Transforming lifecycle-viewmodel-2.8.2.aar (androidx.lifecycle:lifecycle-viewmodel:2.8.2) with ExtractAarTransform
Transforming lifecycle-viewmodel-2.8.2.aar (androidx.lifecycle:lifecycle-viewmodel:2.8.2) with AarTransform
Transforming lifecycle-viewmodel-release.aar (androidx.lifecycle:lifecycle-viewmodel-android:2.8.2) with JetifyTransform
Transforming lifecycle-viewmodel-release.aar (androidx.lifecycle:lifecycle-viewmodel-android:2.8.2) with ExtractAarTransform
Transforming lifecycle-viewmodel-release.aar (androidx.lifecycle:lifecycle-viewmodel-android:2.8.2) with AarTransform
Transforming lifecycle-runtime-release.aar (androidx.lifecycle:lifecycle-runtime-android:2.8.2) with JetifyTransform
Transforming lifecycle-runtime-release.aar (androidx.lifecycle:lifecycle-runtime-android:2.8.2) with ExtractAarTransform
Transforming lifecycle-runtime-release.aar (androidx.lifecycle:lifecycle-runtime-android:2.8.2) with AarTransform
Transforming lifecycle-livedata-2.8.2.aar (androidx.lifecycle:lifecycle-livedata:2.8.2) with JetifyTransform
Transforming lifecycle-livedata-2.8.2.aar (androidx.lifecycle:lifecycle-livedata:2.8.2) with ExtractAarTransform
Transforming lifecycle-livedata-2.8.2.aar (androidx.lifecycle:lifecycle-livedata:2.8.2) with AarTransform
Transforming lifecycle-process-2.8.2.aar (androidx.lifecycle:lifecycle-process:2.8.2) with JetifyTransform
Transforming lifecycle-process-2.8.2.aar (androidx.lifecycle:lifecycle-process:2.8.2) with ExtractAarTransform
Transforming lifecycle-process-2.8.2.aar (androidx.lifecycle:lifecycle-process:2.8.2) with AarTransform
Transforming lifecycle-livedata-core-2.8.2.aar (androidx.lifecycle:lifecycle-livedata-core:2.8.2) with JetifyTransform
Transforming lifecycle-livedata-core-2.8.2.aar (androidx.lifecycle:lifecycle-livedata-core:2.8.2) with ExtractAarTransform
Transforming lifecycle-livedata-core-2.8.2.aar (androidx.lifecycle:lifecycle-livedata-core:2.8.2) with AarTransform
Transforming lifecycle-runtime-ktx-release.aar (androidx.lifecycle:lifecycle-runtime-ktx-android:2.8.2) with JetifyTransform
Transforming lifecycle-runtime-ktx-release.aar (androidx.lifecycle:lifecycle-runtime-ktx-android:2.8.2) with ExtractAarTransform
Transforming lifecycle-runtime-ktx-release.aar (androidx.lifecycle:lifecycle-runtime-ktx-android:2.8.2) with AarTransform
Transforming lifecycle-viewmodel-savedstate-2.8.2.aar (androidx.lifecycle:lifecycle-viewmodel-savedstate:2.8.2) with JetifyTransform
Transforming lifecycle-viewmodel-savedstate-2.8.2.aar (androidx.lifecycle:lifecycle-viewmodel-savedstate:2.8.2) with ExtractAarTransform
Transforming lifecycle-viewmodel-savedstate-2.8.2.aar (androidx.lifecycle:lifecycle-viewmodel-savedstate:2.8.2) with AarTransform
Transforming core-ktx-1.13.1.aar (androidx.core:core-ktx:1.13.1) with JetifyTransform
Transforming core-ktx-1.13.1.aar (androidx.core:core-ktx:1.13.1) with ExtractAarTransform
Transforming core-ktx-1.13.1.aar (androidx.core:core-ktx:1.13.1) with AarTransform
Transforming room-runtime-2.6.1.aar (androidx.room:room-runtime:2.6.1) with JetifyTransform
Transforming room-runtime-2.6.1.aar (androidx.room:room-runtime:2.6.1) with ExtractAarTransform
Transforming room-runtime-2.6.1.aar (androidx.room:room-runtime:2.6.1) with AarTransform
Transforming room-ktx-2.6.1.aar (androidx.room:room-ktx:2.6.1) with JetifyTransform
Transforming room-ktx-2.6.1.aar (androidx.room:room-ktx:2.6.1) with ExtractAarTransform
Transforming room-ktx-2.6.1.aar (androidx.room:room-ktx:2.6.1) with AarTransform
Transforming annotation-experimental-1.4.0.aar (androidx.annotation:annotation-experimental:1.4.0) with JetifyTransform
Transforming annotation-experimental-1.4.0.aar (androidx.annotation:annotation-experimental:1.4.0) with ExtractAarTransform
Transforming annotation-experimental-1.4.0.aar (androidx.annotation:annotation-experimental:1.4.0) with AarTransform
Transforming sqlite-framework-2.4.0.aar (androidx.sqlite:sqlite-framework:2.4.0) with JetifyTransform
Transforming sqlite-framework-2.4.0.aar (androidx.sqlite:sqlite-framework:2.4.0) with ExtractAarTransform
Transforming sqlite-framework-2.4.0.aar (androidx.sqlite:sqlite-framework:2.4.0) with AarTransform
Transforming sqlite-2.4.0.aar (androidx.sqlite:sqlite:2.4.0) with JetifyTransform
Transforming sqlite-2.4.0.aar (androidx.sqlite:sqlite:2.4.0) with ExtractAarTransform
Transforming sqlite-2.4.0.aar (androidx.sqlite:sqlite:2.4.0) with AarTransform
Transforming localbroadcastmanager-1.1.0.aar (androidx.localbroadcastmanager:localbroadcastmanager:1.1.0) with JetifyTransform
Transforming localbroadcastmanager-1.1.0.aar (androidx.localbroadcastmanager:localbroadcastmanager:1.1.0) with ExtractAarTransform
Transforming localbroadcastmanager-1.1.0.aar (androidx.localbroadcastmanager:localbroadcastmanager:1.1.0) with AarTransform
Transforming localbroadcastmanager-1.1.0.aar (androidx.localbroadcastmanager:localbroadcastmanager:1.1.0) with JetifyTransform
Transforming localbroadcastmanager-1.1.0.aar (androidx.localbroadcastmanager:localbroadcastmanager:1.1.0) with ExtractAarTransform
Transforming localbroadcastmanager-1.1.0.aar (androidx.localbroadcastmanager:localbroadcastmanager:1.1.0) with AarTransform
Transforming interpolator-1.0.0.aar (androidx.interpolator:interpolator:1.0.0) with JetifyTransform
Transforming interpolator-1.0.0.aar (androidx.interpolator:interpolator:1.0.0) with ExtractAarTransform
Transforming interpolator-1.0.0.aar (androidx.interpolator:interpolator:1.0.0) with AarTransform
Transforming interpolator-1.0.0.aar (androidx.interpolator:interpolator:1.0.0) with JetifyTransform
Transforming interpolator-1.0.0.aar (androidx.interpolator:interpolator:1.0.0) with ExtractAarTransform
Transforming interpolator-1.0.0.aar (androidx.interpolator:interpolator:1.0.0) with AarTransform
Transforming cursoradapter-1.0.0.aar (androidx.cursoradapter:cursoradapter:1.0.0) with JetifyTransform
Transforming cursoradapter-1.0.0.aar (androidx.cursoradapter:cursoradapter:1.0.0) with ExtractAarTransform
Transforming cursoradapter-1.0.0.aar (androidx.cursoradapter:cursoradapter:1.0.0) with AarTransform
Transforming cardview-1.0.0.aar (androidx.cardview:cardview:1.0.0) with JetifyTransform
Transforming cardview-1.0.0.aar (androidx.cardview:cardview:1.0.0) with ExtractAarTransform
Transforming cardview-1.0.0.aar (androidx.cardview:cardview:1.0.0) with AarTransform
Transforming versionedparcelable-1.1.1.aar (androidx.versionedparcelable:versionedparcelable:1.1.1) with JetifyTransform
Transforming versionedparcelable-1.1.1.aar (androidx.versionedparcelable:versionedparcelable:1.1.1) with ExtractAarTransform
Transforming versionedparcelable-1.1.1.aar (androidx.versionedparcelable:versionedparcelable:1.1.1) with AarTransform
Transforming exifinterface-1.3.6.aar (androidx.exifinterface:exifinterface:1.3.6) with JetifyTransform
Transforming exifinterface-1.3.6.aar (androidx.exifinterface:exifinterface:1.3.6) with ExtractAarTransform
Transforming exifinterface-1.3.6.aar (androidx.exifinterface:exifinterface:1.3.6) with AarTransform
Transforming core-runtime-2.2.0.aar (androidx.arch.core:core-runtime:2.2.0) with JetifyTransform
Transforming core-runtime-2.2.0.aar (androidx.arch.core:core-runtime:2.2.0) with ExtractAarTransform
Transforming core-runtime-2.2.0.aar (androidx.arch.core:core-runtime:2.2.0) with AarTransform
Transforming gifdecoder-4.16.0.aar (com.github.bumptech.glide:gifdecoder:4.16.0) with JetifyTransform
Transforming gifdecoder-4.16.0.aar (com.github.bumptech.glide:gifdecoder:4.16.0) with ExtractAarTransform
Transforming gifdecoder-4.16.0.aar (com.github.bumptech.glide:gifdecoder:4.16.0) with AarTransform
Transforming profileinstaller-1.3.1.aar (androidx.profileinstaller:profileinstaller:1.3.1) with JetifyTransform
Transforming profileinstaller-1.3.1.aar (androidx.profileinstaller:profileinstaller:1.3.1) with ExtractAarTransform
Transforming profileinstaller-1.3.1.aar (androidx.profileinstaller:profileinstaller:1.3.1) with AarTransform
Transforming startup-runtime-1.1.1.aar (androidx.startup:startup-runtime:1.1.1) with JetifyTransform
Transforming startup-runtime-1.1.1.aar (androidx.startup:startup-runtime:1.1.1) with ExtractAarTransform
Transforming startup-runtime-1.1.1.aar (androidx.startup:startup-runtime:1.1.1) with AarTransform
Transforming tracing-1.0.0.aar (androidx.tracing:tracing:1.0.0) with JetifyTransform
Transforming tracing-1.0.0.aar (androidx.tracing:tracing:1.0.0) with ExtractAarTransform
Transforming tracing-1.0.0.aar (androidx.tracing:tracing:1.0.0) with AarTransform
Transforming documentfile-1.0.0.aar (androidx.documentfile:documentfile:1.0.0) with JetifyTransform
Transforming documentfile-1.0.0.aar (androidx.documentfile:documentfile:1.0.0) with ExtractAarTransform
Transforming documentfile-1.0.0.aar (androidx.documentfile:documentfile:1.0.0) with AarTransform
Transforming print-1.0.0.aar (androidx.print:print:1.0.0) with JetifyTransform
Transforming print-1.0.0.aar (androidx.print:print:1.0.0) with ExtractAarTransform
Transforming print-1.0.0.aar (androidx.print:print:1.0.0) with AarTransform
Transforming cronet-api-72.3626.96.aar (org.chromium.net:cronet-api:72.3626.96) with JetifyTransform
Transforming cronet-api-72.3626.96.aar (org.chromium.net:cronet-api:72.3626.96) with ExtractAarTransform
Transforming cronet-api-72.3626.96.aar (org.chromium.net:cronet-api:72.3626.96) with AarTransform
Caching disabled for task ':app:processDebugMainManifest' because:
  Build cache is disabled
Task ':app:processDebugMainManifest' is not up-to-date because:
  Input property 'mainManifest' file /storage/emulated/0/AndroidIDEProjects/Mydownloader/app/src/main/AndroidManifest.xml has changed.
  Input property 'manifests' file /data/user/0/com.itsaky.androidide/files/home/.gradle/caches/transforms-4/e262fcb5d7a1ee19f70d32ae524bde92/transformed/jetified-media3-exoplayer-hls-1.3.1/AndroidManifest.xml has been added.
  Input property 'manifests' file /data/user/0/com.itsaky.androidide/files/home/.gradle/caches/transforms-4/1675ab0bfc013ae7e093c5783e2ef06f/transformed/jetified-media3-datasource-cronet-1.3.1/AndroidManifest.xml has been added.
Loading library manifest /data/user/0/com.itsaky.androidide/files/home/.gradle/caches/transforms-4/01d20510357f802e40da85154bd45715/transformed/jetified-viewbinding-8.4.1/AndroidManifest.xml
Loading library manifest /data/user/0/com.itsaky.androidide/files/home/.gradle/caches/transforms-4/9de46fe3a8c3336e01a0ae3ddf1db3f5/transformed/material-1.12.0/AndroidManifest.xml
Loading library manifest /data/user/0/com.itsaky.androidide/files/home/.gradle/caches/transforms-4/2ac2852312bcaf6fe7c14f21c0bf323b/transformed/constraintlayout-2.1.4/AndroidManifest.xml
Loading library manifest /data/user/0/com.itsaky.androidide/files/home/.gradle/caches/transforms-4/462bf22a91145fdfb4a2c2fb2edd0b35/transformed/jetified-appcompat-resources-1.6.1/AndroidManifest.xml
Loading library manifest /data/user/0/com.itsaky.androidide/files/home/.gradle/caches/transforms-4/1cfc409c71bc2d66b07dec446f5ec086/transformed/appcompat-1.6.1/AndroidManifest.xml
Loading library manifest /data/user/0/com.itsaky.androidide/files/home/.gradle/caches/transforms-4/28155a02ec53db40b318cd2df217caff/transformed/browser-1.8.0/AndroidManifest.xml
Loading library manifest /data/user/0/com.itsaky.androidide/files/home/.gradle/caches/transforms-4/726cf85b4a3126ef8e58c1fc2b7d8f21/transformed/webkit-1.11.0/AndroidManifest.xml
Loading library manifest /data/user/0/com.itsaky.androidide/files/home/.gradle/caches/transforms-4/e262fcb5d7a1ee19f70d32ae524bde92/transformed/jetified-media3-exoplayer-hls-1.3.1/AndroidManifest.xml
Loading library manifest /data/user/0/com.itsaky.androidide/files/home/.gradle/caches/transforms-4/36e7ff31a147ef5761f53fd5f98d2d13/transformed/jetified-media3-exoplayer-1.3.1/AndroidManifest.xml
Loading library manifest /data/user/0/com.itsaky.androidide/files/home/.gradle/caches/transforms-4/1675ab0bfc013ae7e093c5783e2ef06f/transformed/jetified-media3-datasource-cronet-1.3.1/AndroidManifest.xml
Loading library manifest /data/user/0/com.itsaky.androidide/files/home/.gradle/caches/transforms-4/84148b0b8fea3c48c6da4208ba964a07/transformed/jetified-media3-session-1.3.1/AndroidManifest.xml
Loading library manifest /data/user/0/com.itsaky.androidide/files/home/.gradle/caches/transforms-4/6f3884b7f2c1b7a91dc6feb70a1d909d/transformed/jetified-media3-extractor-1.3.1/AndroidManifest.xml
Loading library manifest /data/user/0/com.itsaky.androidide/files/home/.gradle/caches/transforms-4/c971da6572b78ca7fbafe857b4444855/transformed/jetified-media3-container-1.3.1/AndroidManifest.xml
Loading library manifest /data/user/0/com.itsaky.androidide/files/home/.gradle/caches/transforms-4/509a6daf3e173f299cde2185cf8a119b/transformed/jetified-media3-datasource-1.3.1/AndroidManifest.xml
Loading library manifest /data/user/0/com.itsaky.androidide/files/home/.gradle/caches/transforms-4/ec17fc7c3579be7fb1b9cb304612e8c0/transformed/jetified-media3-decoder-1.3.1/AndroidManifest.xml
Loading library manifest /data/user/0/com.itsaky.androidide/files/home/.gradle/caches/transforms-4/a34dc372f9d7ba134ef65283570ae24c/transformed/jetified-media3-database-1.3.1/AndroidManifest.xml
Loading library manifest /data/user/0/com.itsaky.androidide/files/home/.gradle/caches/transforms-4/3458b70419626c2d087475b090bfe874/transformed/jetified-media3-common-1.3.1/AndroidManifest.xml
Loading library manifest /data/user/0/com.itsaky.androidide/files/home/.gradle/caches/transforms-4/b608119cbdfa854a0ef370ed1e76c663/transformed/jetified-media3-ui-1.3.1/AndroidManifest.xml
Loading library manifest /data/user/0/com.itsaky.androidide/files/home/.gradle/caches/transforms-4/61b894c72f1c185022aeb5a926e965d3/transformed/media-1.7.0/AndroidManifest.xml
Loading library manifest /data/user/0/com.itsaky.androidide/files/home/.gradle/caches/transforms-4/aae3b8c8271a30ff1ed07f07ddf76d97/transformed/jetified-viewpager2-1.1.0-beta02/AndroidManifest.xml
Loading library manifest /data/user/0/com.itsaky.androidide/files/home/.gradle/caches/transforms-4/cd0488f9b0ba10fd05c12a77254e16fb/transformed/recyclerview-1.3.2/AndroidManifest.xml
Loading library manifest /data/user/0/com.itsaky.androidide/files/home/.gradle/caches/transforms-4/df818ca28712b4b1fefa50940a6a9559/transformed/jetified-emoji2-views-helper-1.2.0/AndroidManifest.xml
Loading library manifest /data/user/0/com.itsaky.androidide/files/home/.gradle/caches/transforms-4/d2b4e48c0738bc4dbf4f45b68df56892/transformed/jetified-emoji2-1.2.0/AndroidManifest.xml
Loading library manifest /data/user/0/com.itsaky.androidide/files/home/.gradle/caches/transforms-4/7b77ac5d22eb8407ccec9a3964610b0c/transformed/jetified-glide-4.16.0/AndroidManifest.xml
Loading library manifest /data/user/0/com.itsaky.androidide/files/home/.gradle/caches/transforms-4/06dd1e6745e59f8df9a6daaa975afc4d/transformed/jetified-play-services-cronet-18.0.1/AndroidManifest.xml
Loading library manifest /data/user/0/com.itsaky.androidide/files/home/.gradle/caches/transforms-4/71f869aa1a8b2770b62a6bcaa6474d13/transformed/jetified-play-services-base-18.0.1/AndroidManifest.xml
Loading library manifest /data/user/0/com.itsaky.androidide/files/home/.gradle/caches/transforms-4/761d42ced587a8cab4e023efa0de017c/transformed/jetified-play-services-tasks-18.0.1/AndroidManifest.xml
Loading library manifest /data/user/0/com.itsaky.androidide/files/home/.gradle/caches/transforms-4/667bbcc47242df69cb761b1f243dca79/transformed/jetified-play-services-basement-18.0.0/AndroidManifest.xml
Loading library manifest /data/user/0/com.itsaky.androidide/files/home/.gradle/caches/transforms-4/c61c4ec194a6c26cd815ba8db768ca91/transformed/fragment-1.3.6/AndroidManifest.xml
Loading library manifest /data/user/0/com.itsaky.androidide/files/home/.gradle/caches/transforms-4/cbbe2c25d2e4d56c70361b301b856687/transformed/jetified-activity-1.8.0/AndroidManifest.xml
Loading library manifest /data/user/0/com.itsaky.androidide/files/home/.gradle/caches/transforms-4/a5b785964c08f7123f2c3c13ec4b5722/transformed/drawerlayout-1.1.1/AndroidManifest.xml
Loading library manifest /data/user/0/com.itsaky.androidide/files/home/.gradle/caches/transforms-4/aafebd4f45ee54278252248e7d9dfbbc/transformed/coordinatorlayout-1.1.0/AndroidManifest.xml
Loading library manifest /data/user/0/com.itsaky.androidide/files/home/.gradle/caches/transforms-4/abc3f93256f3307d8e9e30a7414c1e55/transformed/transition-1.5.0/AndroidManifest.xml
Loading library manifest /data/user/0/com.itsaky.androidide/files/home/.gradle/caches/transforms-4/60ece17c82191eee91d6936eab04a624/transformed/dynamicanimation-1.0.0/AndroidManifest.xml
Loading library manifest /data/user/0/com.itsaky.androidide/files/home/.gradle/caches/transforms-4/061005f06f9afda5fe5bf4061c3459b5/transformed/vectordrawable-animated-1.1.0/AndroidManifest.xml
Loading library manifest /data/user/0/com.itsaky.androidide/files/home/.gradle/caches/transforms-4/1d59b5ec702b19ad32f3ac18780883ca/transformed/vectordrawable-1.1.0/AndroidManifest.xml
Loading library manifest /data/user/0/com.itsaky.androidide/files/home/.gradle/caches/transforms-4/e390c14854ba36f90dd9b61ff5a0d594/transformed/viewpager-1.0.0/AndroidManifest.xml
Loading library manifest /data/user/0/com.itsaky.androidide/files/home/.gradle/caches/transforms-4/1a7ea55372c5a1dcd2a6b00391d10d34/transformed/legacy-support-core-utils-1.0.0/AndroidManifest.xml
Loading library manifest /data/user/0/com.itsaky.androidide/files/home/.gradle/caches/transforms-4/020313bf102df726b98d295ba091536c/transformed/loader-1.0.0/AndroidManifest.xml
Loading library manifest /data/user/0/com.itsaky.androidide/files/home/.gradle/caches/transforms-4/79818f48fa2729efb2855d0581d2d026/transformed/customview-1.1.0/AndroidManifest.xml
Loading library manifest /data/user/0/com.itsaky.androidide/files/home/.gradle/caches/transforms-4/a206cdbc524ef62d4101b79abaf38e40/transformed/core-1.13.1/AndroidManifest.xml
Loading library manifest /data/user/0/com.itsaky.androidide/files/home/.gradle/caches/transforms-4/c8e715af8ca924fa76f74ea413b7879d/transformed/jetified-customview-poolingcontainer-1.0.0/AndroidManifest.xml
Loading library manifest /data/user/0/com.itsaky.androidide/files/home/.gradle/caches/transforms-4/ccdf4eb9c71515b2f81199209723ce7b/transformed/jetified-savedstate-1.2.1/AndroidManifest.xml
Loading library manifest /data/user/0/com.itsaky.androidide/files/home/.gradle/caches/transforms-4/a1d3bb5c81a25720c8b634c4bf54108a/transformed/jetified-lifecycle-livedata-core-ktx-2.8.2/AndroidManifest.xml
Loading library manifest /data/user/0/com.itsaky.androidide/files/home/.gradle/caches/transforms-4/5831edd9f4f63d09ce3f31576538b86e/transformed/lifecycle-viewmodel-2.8.2/AndroidManifest.xml
Loading library manifest /data/user/0/com.itsaky.androidide/files/home/.gradle/caches/transforms-4/f41856756cb80d5cad9ff7f5babf0d75/transformed/jetified-lifecycle-viewmodel-release/AndroidManifest.xml
Loading library manifest /data/user/0/com.itsaky.androidide/files/home/.gradle/caches/transforms-4/acda47e2f896b98cd5627deda44eeeea/transformed/jetified-lifecycle-runtime-release/AndroidManifest.xml
Loading library manifest /data/user/0/com.itsaky.androidide/files/home/.gradle/caches/transforms-4/c36be1278c3eaff1e67fe454a6f3fe7c/transformed/lifecycle-livedata-2.8.2/AndroidManifest.xml
Loading library manifest /data/user/0/com.itsaky.androidide/files/home/.gradle/caches/transforms-4/e8c50fed21dd5357abdedd84fc81b3bd/transformed/jetified-lifecycle-process-2.8.2/AndroidManifest.xml
Loading library manifest /data/user/0/com.itsaky.androidide/files/home/.gradle/caches/transforms-4/eb971880fb9e9269d75c09a97baa67e8/transformed/lifecycle-livedata-core-2.8.2/AndroidManifest.xml
Loading library manifest /data/user/0/com.itsaky.androidide/files/home/.gradle/caches/transforms-4/b0c1ed57466820f07bd84163be090355/transformed/jetified-lifecycle-runtime-ktx-release/AndroidManifest.xml
Loading library manifest /data/user/0/com.itsaky.androidide/files/home/.gradle/caches/transforms-4/bcd22428a144cfd701bd56769b1b217f/transformed/jetified-lifecycle-viewmodel-savedstate-2.8.2/AndroidManifest.xml
Loading library manifest /data/user/0/com.itsaky.androidide/files/home/.gradle/caches/transforms-4/edbd3ff1fc40c2a2539ae59adb567542/transformed/jetified-core-ktx-1.13.1/AndroidManifest.xml
Loading library manifest /data/user/0/com.itsaky.androidide/files/home/.gradle/caches/transforms-4/46f576c80dab9a9dcb51a40ad30beea2/transformed/room-runtime-2.6.1/AndroidManifest.xml
Loading library manifest /data/user/0/com.itsaky.androidide/files/home/.gradle/caches/transforms-4/8f818a88ce564a571d33d0e30feedd67/transformed/jetified-room-ktx-2.6.1/AndroidManifest.xml
Loading library manifest /data/user/0/com.itsaky.androidide/files/home/.gradle/caches/transforms-4/608182548490b23dc90c53d230cb342d/transformed/jetified-annotation-experimental-1.4.0/AndroidManifest.xml
Loading library manifest /data/user/0/com.itsaky.androidide/files/home/.gradle/caches/transforms-4/41cb4e32ea28938ae030d99fdab4fcbb/transformed/sqlite-framework-2.4.0/AndroidManifest.xml
Loading library manifest /data/user/0/com.itsaky.androidide/files/home/.gradle/caches/transforms-4/75852a163916c4b7d2af6517c3193f85/transformed/sqlite-2.4.0/AndroidManifest.xml
Loading library manifest /data/user/0/com.itsaky.androidide/files/home/.gradle/caches/transforms-4/76188860b5a31f9c187b32d638914d60/transformed/localbroadcastmanager-1.1.0/AndroidManifest.xml
Loading library manifest /data/user/0/com.itsaky.androidide/files/home/.gradle/caches/transforms-4/3debe97734235d515348afaac10e8d32/transformed/interpolator-1.0.0/AndroidManifest.xml
Loading library manifest /data/user/0/com.itsaky.androidide/files/home/.gradle/caches/transforms-4/182796d2b86b2a388d09038a4fbfe547/transformed/cursoradapter-1.0.0/AndroidManifest.xml
Loading library manifest /data/user/0/com.itsaky.androidide/files/home/.gradle/caches/transforms-4/529f67e62b04d6f6a6be70d6b04ac3ad/transformed/cardview-1.0.0/AndroidManifest.xml
Loading library manifest /data/user/0/com.itsaky.androidide/files/home/.gradle/caches/transforms-4/03d5cac8029da95384b3d2d53c574224/transformed/versionedparcelable-1.1.1/AndroidManifest.xml
Loading library manifest /data/user/0/com.itsaky.androidide/files/home/.gradle/caches/transforms-4/77848aa859d866e0a7b17a41b385c9f0/transformed/exifinterface-1.3.6/AndroidManifest.xml
Loading library manifest /data/user/0/com.itsaky.androidide/files/home/.gradle/caches/transforms-4/b073198e3b101e2087e2201e7ecb98c0/transformed/core-runtime-2.2.0/AndroidManifest.xml
Loading library manifest /data/user/0/com.itsaky.androidide/files/home/.gradle/caches/transforms-4/c76b59e3a1ef2b78c0f1c2b851a33759/transformed/jetified-gifdecoder-4.16.0/AndroidManifest.xml
Loading library manifest /data/user/0/com.itsaky.androidide/files/home/.gradle/caches/transforms-4/299841805456c1093d07afa28f5508db/transformed/jetified-profileinstaller-1.3.1/AndroidManifest.xml
Loading library manifest /data/user/0/com.itsaky.androidide/files/home/.gradle/caches/transforms-4/446f09e6eff5bab9ed91954500001ced/transformed/jetified-startup-runtime-1.1.1/AndroidManifest.xml
Loading library manifest /data/user/0/com.itsaky.androidide/files/home/.gradle/caches/transforms-4/862ea7163f60f0ec6274372e4c630249/transformed/jetified-tracing-1.0.0/AndroidManifest.xml
Loading library manifest /data/user/0/com.itsaky.androidide/files/home/.gradle/caches/transforms-4/cb2f944eb6c9f8b8c1c15a25ceb88820/transformed/documentfile-1.0.0/AndroidManifest.xml
Loading library manifest /data/user/0/com.itsaky.androidide/files/home/.gradle/caches/transforms-4/1f78a357bb1531056305524171da44e8/transformed/print-1.0.0/AndroidManifest.xml
Loading library manifest /data/user/0/com.itsaky.androidide/files/home/.gradle/caches/transforms-4/48d2873c2e693738514a31ecccf0632c/transformed/jetified-cronet-api-72.3626.96/AndroidManifest.xml
Merging main manifest /storage/emulated/0/AndroidIDEProjects/Mydownloader/app/src/main/AndroidManifest.xml

Merging library manifest /data/user/0/com.itsaky.androidide/files/home/.gradle/caches/transforms-4/01d20510357f802e40da85154bd45715/transformed/jetified-viewbinding-8.4.1/AndroidManifest.xml
Merging manifest with lower [androidx.databinding:viewbinding:8.4.1] AndroidManifest.xml:2:1-7:12
uses-sdk defined in both files...
Merging uses-sdk with lower [androidx.databinding:viewbinding:8.4.1] AndroidManifest.xml:5:5-44
Merging library manifest /data/user/0/com.itsaky.androidide/files/home/.gradle/caches/transforms-4/9de46fe3a8c3336e01a0ae3ddf1db3f5/transformed/material-1.12.0/AndroidManifest.xml
Merging manifest with lower [com.google.android.material:material:1.12.0] AndroidManifest.xml:17:1-24:12
uses-sdk defined in both files...
Merging uses-sdk with lower [com.google.android.material:material:1.12.0] AndroidManifest.xml:20:5-44
application defined in both files...
Merging application with lower [com.google.android.material:material:1.12.0] AndroidManifest.xml:22:5-20
Merging library manifest /data/user/0/com.itsaky.androidide/files/home/.gradle/caches/transforms-4/2ac2852312bcaf6fe7c14f21c0bf323b/transformed/constraintlayout-2.1.4/AndroidManifest.xml
Merging manifest with lower [androidx.constraintlayout:constraintlayout:2.1.4] AndroidManifest.xml:2:1-11:12
uses-sdk defined in both files...
Merging uses-sdk with lower [androidx.constraintlayout:constraintlayout:2.1.4] AndroidManifest.xml:5:5-7:41
application defined in both files...
Merging application with lower [androidx.constraintlayout:constraintlayout:2.1.4] AndroidManifest.xml:9:5-20
Merging library manifest /data/user/0/com.itsaky.androidide/files/home/.gradle/caches/transforms-4/462bf22a91145fdfb4a2c2fb2edd0b35/transformed/jetified-appcompat-resources-1.6.1/AndroidManifest.xml
Merging manifest with lower [androidx.appcompat:appcompat-resources:1.6.1] AndroidManifest.xml:17:1-22:12
uses-sdk defined in both files...
Merging uses-sdk with lower [androidx.appcompat:appcompat-resources:1.6.1] AndroidManifest.xml:20:5-44
Merging library manifest /data/user/0/com.itsaky.androidide/files/home/.gradle/caches/transforms-4/1cfc409c71bc2d66b07dec446f5ec086/transformed/appcompat-1.6.1/AndroidManifest.xml
Merging manifest with lower [androidx.appcompat:appcompat:1.6.1] AndroidManifest.xml:17:1-22:12
uses-sdk defined in both files...
Merging uses-sdk with lower [androidx.appcompat:appcompat:1.6.1] AndroidManifest.xml:20:5-44
Merging library manifest /data/user/0/com.itsaky.androidide/files/home/.gradle/caches/transforms-4/28155a02ec53db40b318cd2df217caff/transformed/browser-1.8.0/AndroidManifest.xml
Merging manifest with lower [androidx.browser:browser:1.8.0] AndroidManifest.xml:2:1-7:12
uses-sdk defined in both files...
Merging uses-sdk with lower [androidx.browser:browser:1.8.0] AndroidManifest.xml:5:5-44
Merging library manifest /data/user/0/com.itsaky.androidide/files/home/.gradle/caches/transforms-4/726cf85b4a3126ef8e58c1fc2b7d8f21/transformed/webkit-1.11.0/AndroidManifest.xml
Merging manifest with lower [androidx.webkit:webkit:1.11.0] AndroidManifest.xml:2:1-7:12
uses-sdk defined in both files...
Merging uses-sdk with lower [androidx.webkit:webkit:1.11.0] AndroidManifest.xml:5:5-44
Merging library manifest /data/user/0/com.itsaky.androidide/files/home/.gradle/caches/transforms-4/e262fcb5d7a1ee19f70d32ae524bde92/transformed/jetified-media3-exoplayer-hls-1.3.1/AndroidManifest.xml
Merging manifest with lower [androidx.media3:media3-exoplayer-hls:1.3.1] AndroidManifest.xml:17:1-22:12
uses-sdk defined in both files...
Merging uses-sdk with lower [androidx.media3:media3-exoplayer-hls:1.3.1] AndroidManifest.xml:20:5-44
Merging library manifest /data/user/0/com.itsaky.androidide/files/home/.gradle/caches/transforms-4/36e7ff31a147ef5761f53fd5f98d2d13/transformed/jetified-media3-exoplayer-1.3.1/AndroidManifest.xml
Merging manifest with lower [androidx.media3:media3-exoplayer:1.3.1] AndroidManifest.xml:17:1-24:12
uses-sdk defined in both files...
Merging uses-sdk with lower [androidx.media3:media3-exoplayer:1.3.1] AndroidManifest.xml:20:5-44
uses-permission#android.permission.ACCESS_NETWORK_STATE defined in both files...
Merging uses-permission#android.permission.ACCESS_NETWORK_STATE with lower [androidx.media3:media3-exoplayer:1.3.1] AndroidManifest.xml:22:5-79
Merging library manifest /data/user/0/com.itsaky.androidide/files/home/.gradle/caches/transforms-4/1675ab0bfc013ae7e093c5783e2ef06f/transformed/jetified-media3-datasource-cronet-1.3.1/AndroidManifest.xml
Merging manifest with lower [androidx.media3:media3-datasource-cronet:1.3.1] AndroidManifest.xml:17:1-24:12
uses-sdk defined in both files...
Merging uses-sdk with lower [androidx.media3:media3-datasource-cronet:1.3.1] AndroidManifest.xml:20:5-44
uses-permission#android.permission.ACCESS_NETWORK_STATE defined in both files...
Merging uses-permission#android.permission.ACCESS_NETWORK_STATE with lower [androidx.media3:media3-datasource-cronet:1.3.1] AndroidManifest.xml:22:5-79
Merging library manifest /data/user/0/com.itsaky.androidide/files/home/.gradle/caches/transforms-4/84148b0b8fea3c48c6da4208ba964a07/transformed/jetified-media3-session-1.3.1/AndroidManifest.xml
Merging manifest with lower [androidx.media3:media3-session:1.3.1] AndroidManifest.xml:17:1-22:12
uses-sdk defined in both files...
Merging uses-sdk with lower [androidx.media3:media3-session:1.3.1] AndroidManifest.xml:20:5-44
Merging library manifest /data/user/0/com.itsaky.androidide/files/home/.gradle/caches/transforms-4/6f3884b7f2c1b7a91dc6feb70a1d909d/transformed/jetified-media3-extractor-1.3.1/AndroidManifest.xml
Merging manifest with lower [androidx.media3:media3-extractor:1.3.1] AndroidManifest.xml:17:1-22:12
uses-sdk defined in both files...
Merging uses-sdk with lower [androidx.media3:media3-extractor:1.3.1] AndroidManifest.xml:20:5-44
Merging library manifest /data/user/0/com.itsaky.androidide/files/home/.gradle/caches/transforms-4/c971da6572b78ca7fbafe857b4444855/transformed/jetified-media3-container-1.3.1/AndroidManifest.xml
Merging manifest with lower [androidx.media3:media3-container:1.3.1] AndroidManifest.xml:17:1-22:12
uses-sdk defined in both files...
Merging uses-sdk with lower [androidx.media3:media3-container:1.3.1] AndroidManifest.xml:20:5-44
Merging library manifest /data/user/0/com.itsaky.androidide/files/home/.gradle/caches/transforms-4/509a6daf3e173f299cde2185cf8a119b/transformed/jetified-media3-datasource-1.3.1/AndroidManifest.xml
Merging manifest with lower [androidx.media3:media3-datasource:1.3.1] AndroidManifest.xml:17:1-22:12
uses-sdk defined in both files...
Merging uses-sdk with lower [androidx.media3:media3-datasource:1.3.1] AndroidManifest.xml:20:5-44
Merging library manifest /data/user/0/com.itsaky.androidide/files/home/.gradle/caches/transforms-4/ec17fc7c3579be7fb1b9cb304612e8c0/transformed/jetified-media3-decoder-1.3.1/AndroidManifest.xml
Merging manifest with lower [androidx.media3:media3-decoder:1.3.1] AndroidManifest.xml:17:1-22:12
uses-sdk defined in both files...
Merging uses-sdk with lower [androidx.media3:media3-decoder:1.3.1] AndroidManifest.xml:20:5-44
Merging library manifest /data/user/0/com.itsaky.androidide/files/home/.gradle/caches/transforms-4/a34dc372f9d7ba134ef65283570ae24c/transformed/jetified-media3-database-1.3.1/AndroidManifest.xml
Merging manifest with lower [androidx.media3:media3-database:1.3.1] AndroidManifest.xml:17:1-22:12
uses-sdk defined in both files...
Merging uses-sdk with lower [androidx.media3:media3-database:1.3.1] AndroidManifest.xml:20:5-44
Merging library manifest /data/user/0/com.itsaky.androidide/files/home/.gradle/caches/transforms-4/3458b70419626c2d087475b090bfe874/transformed/jetified-media3-common-1.3.1/AndroidManifest.xml
Merging manifest with lower [androidx.media3:media3-common:1.3.1] AndroidManifest.xml:17:1-24:12
uses-sdk defined in both files...
Merging uses-sdk with lower [androidx.media3:media3-common:1.3.1] AndroidManifest.xml:20:5-44
uses-permission#android.permission.ACCESS_NETWORK_STATE defined in both files...
Merging uses-permission#android.permission.ACCESS_NETWORK_STATE with lower [androidx.media3:media3-common:1.3.1] AndroidManifest.xml:22:5-79
Merging library manifest /data/user/0/com.itsaky.androidide/files/home/.gradle/caches/transforms-4/b608119cbdfa854a0ef370ed1e76c663/transformed/jetified-media3-ui-1.3.1/AndroidManifest.xml
Merging manifest with lower [androidx.media3:media3-ui:1.3.1] AndroidManifest.xml:17:1-22:12
uses-sdk defined in both files...
Merging uses-sdk with lower [androidx.media3:media3-ui:1.3.1] AndroidManifest.xml:20:5-44
Merging library manifest /data/user/0/com.itsaky.androidide/files/home/.gradle/caches/transforms-4/61b894c72f1c185022aeb5a926e965d3/transformed/media-1.7.0/AndroidManifest.xml
Merging manifest with lower [androidx.media:media:1.7.0] AndroidManifest.xml:2:1-7:12
uses-sdk defined in both files...
Merging uses-sdk with lower [androidx.media:media:1.7.0] AndroidManifest.xml:5:5-44
Merging library manifest /data/user/0/com.itsaky.androidide/files/home/.gradle/caches/transforms-4/aae3b8c8271a30ff1ed07f07ddf76d97/transformed/jetified-viewpager2-1.1.0-beta02/AndroidManifest.xml
Merging manifest with lower [androidx.viewpager2:viewpager2:1.1.0-beta02] AndroidManifest.xml:2:1-7:12
uses-sdk defined in both files...
Merging uses-sdk with lower [androidx.viewpager2:viewpager2:1.1.0-beta02] AndroidManifest.xml:5:5-44
Merging library manifest /data/user/0/com.itsaky.androidide/files/home/.gradle/caches/transforms-4/cd0488f9b0ba10fd05c12a77254e16fb/transformed/recyclerview-1.3.2/AndroidManifest.xml
Merging manifest with lower [androidx.recyclerview:recyclerview:1.3.2] AndroidManifest.xml:17:1-22:12
uses-sdk defined in both files...
Merging uses-sdk with lower [androidx.recyclerview:recyclerview:1.3.2] AndroidManifest.xml:20:5-44
Merging library manifest /data/user/0/com.itsaky.androidide/files/home/.gradle/caches/transforms-4/df818ca28712b4b1fefa50940a6a9559/transformed/jetified-emoji2-views-helper-1.2.0/AndroidManifest.xml
Merging manifest with lower [androidx.emoji2:emoji2-views-helper:1.2.0] AndroidManifest.xml:2:1-7:12
uses-sdk defined in both files...
Merging uses-sdk with lower [androidx.emoji2:emoji2-views-helper:1.2.0] AndroidManifest.xml:5:5-44
Merging library manifest /data/user/0/com.itsaky.androidide/files/home/.gradle/caches/transforms-4/d2b4e48c0738bc4dbf4f45b68df56892/transformed/jetified-emoji2-1.2.0/AndroidManifest.xml
Merging manifest with lower [androidx.emoji2:emoji2:1.2.0] AndroidManifest.xml:17:1-35:12
uses-sdk defined in both files...
Merging uses-sdk with lower [androidx.emoji2:emoji2:1.2.0] AndroidManifest.xml:21:5-44
application defined in both files...
Merging application with lower [androidx.emoji2:emoji2:1.2.0] AndroidManifest.xml:23:5-33:19
Adopted [provider: null]
Merging library manifest /data/user/0/com.itsaky.androidide/files/home/.gradle/caches/transforms-4/7b77ac5d22eb8407ccec9a3964610b0c/transformed/jetified-glide-4.16.0/AndroidManifest.xml
Merging manifest with lower [com.github.bumptech.glide:glide:4.16.0] AndroidManifest.xml:2:1-9:12
uses-sdk defined in both files...
Merging uses-sdk with lower [com.github.bumptech.glide:glide:4.16.0] AndroidManifest.xml:5:5-7:41
Merging library manifest /data/user/0/com.itsaky.androidide/files/home/.gradle/caches/transforms-4/06dd1e6745e59f8df9a6daaa975afc4d/transformed/jetified-play-services-cronet-18.0.1/AndroidManifest.xml
Merging manifest with lower [com.google.android.gms:play-services-cronet:18.0.1] AndroidManifest.xml:2:1-9:12
uses-sdk defined in both files...
Merging uses-sdk with lower [com.google.android.gms:play-services-cronet:18.0.1] AndroidManifest.xml:5:5-44
application defined in both files...
Merging application with lower [com.google.android.gms:play-services-cronet:18.0.1] AndroidManifest.xml:7:5-20
Merging library manifest /data/user/0/com.itsaky.androidide/files/home/.gradle/caches/transforms-4/71f869aa1a8b2770b62a6bcaa6474d13/transformed/jetified-play-services-base-18.0.1/AndroidManifest.xml
Merging manifest with lower [com.google.android.gms:play-services-base:18.0.1] AndroidManifest.xml:16:1-24:12
uses-sdk defined in both files...
Merging uses-sdk with lower [com.google.android.gms:play-services-base:18.0.1] AndroidManifest.xml:18:5-43
application defined in both files...
Merging application with lower [com.google.android.gms:play-services-base:18.0.1] AndroidManifest.xml:19:5-23:19
Adopted [activity: null]
Merging library manifest /data/user/0/com.itsaky.androidide/files/home/.gradle/caches/transforms-4/761d42ced587a8cab4e023efa0de017c/transformed/jetified-play-services-tasks-18.0.1/AndroidManifest.xml
Merging manifest with lower [com.google.android.gms:play-services-tasks:18.0.1] AndroidManifest.xml:2:1-6:12
uses-sdk defined in both files...
Merging uses-sdk with lower [com.google.android.gms:play-services-tasks:18.0.1] AndroidManifest.xml:4:5-43
application defined in both files...
Merging application with lower [com.google.android.gms:play-services-tasks:18.0.1] AndroidManifest.xml:5:5-20
Merging library manifest /data/user/0/com.itsaky.androidide/files/home/.gradle/caches/transforms-4/667bbcc47242df69cb761b1f243dca79/transformed/jetified-play-services-basement-18.0.0/AndroidManifest.xml
Merging manifest with lower [com.google.android.gms:play-services-basement:18.0.0] AndroidManifest.xml:16:1-26:12
uses-sdk defined in both files...
Merging uses-sdk with lower [com.google.android.gms:play-services-basement:18.0.0] AndroidManifest.xml:18:5-43
application defined in both files...
Merging application with lower [com.google.android.gms:play-services-basement:18.0.0] AndroidManifest.xml:20:5-24:19
Adopted [meta-data: null]
Merging library manifest /data/user/0/com.itsaky.androidide/files/home/.gradle/caches/transforms-4/c61c4ec194a6c26cd815ba8db768ca91/transformed/fragment-1.3.6/AndroidManifest.xml
Merging manifest with lower [androidx.fragment:fragment:1.3.6] AndroidManifest.xml:17:1-24:12
uses-sdk defined in both files...
Merging uses-sdk with lower [androidx.fragment:fragment:1.3.6] AndroidManifest.xml:20:5-22:41
Merging library manifest /data/user/0/com.itsaky.androidide/files/home/.gradle/caches/transforms-4/cbbe2c25d2e4d56c70361b301b856687/transformed/jetified-activity-1.8.0/AndroidManifest.xml
Merging manifest with lower [androidx.activity:activity:1.8.0] AndroidManifest.xml:17:1-22:12
uses-sdk defined in both files...
Merging uses-sdk with lower [androidx.activity:activity:1.8.0] AndroidManifest.xml:20:5-44
Merging library manifest /data/user/0/com.itsaky.androidide/files/home/.gradle/caches/transforms-4/a5b785964c08f7123f2c3c13ec4b5722/transformed/drawerlayout-1.1.1/AndroidManifest.xml
Merging manifest with lower [androidx.drawerlayout:drawerlayout:1.1.1] AndroidManifest.xml:17:1-24:12
uses-sdk defined in both files...
Merging uses-sdk with lower [androidx.drawerlayout:drawerlayout:1.1.1] AndroidManifest.xml:20:5-22:41
Merging library manifest /data/user/0/com.itsaky.androidide/files/home/.gradle/caches/transforms-4/aafebd4f45ee54278252248e7d9dfbbc/transformed/coordinatorlayout-1.1.0/AndroidManifest.xml
Merging manifest with lower [androidx.coordinatorlayout:coordinatorlayout:1.1.0] AndroidManifest.xml:17:1-24:12
uses-sdk defined in both files...
Merging uses-sdk with lower [androidx.coordinatorlayout:coordinatorlayout:1.1.0] AndroidManifest.xml:20:5-22:41
Merging library manifest /data/user/0/com.itsaky.androidide/files/home/.gradle/caches/transforms-4/abc3f93256f3307d8e9e30a7414c1e55/transformed/transition-1.5.0/AndroidManifest.xml
Merging manifest with lower [androidx.transition:transition:1.5.0] AndroidManifest.xml:2:1-7:12
uses-sdk defined in both files...
Merging uses-sdk with lower [androidx.transition:transition:1.5.0] AndroidManifest.xml:5:5-44
Merging library manifest /data/user/0/com.itsaky.androidide/files/home/.gradle/caches/transforms-4/60ece17c82191eee91d6936eab04a624/transformed/dynamicanimation-1.0.0/AndroidManifest.xml
Merging manifest with lower [androidx.dynamicanimation:dynamicanimation:1.0.0] AndroidManifest.xml:17:1-22:12
uses-sdk defined in both files...
Merging uses-sdk with lower [androidx.dynamicanimation:dynamicanimation:1.0.0] AndroidManifest.xml:20:5-44
Merging library manifest /data/user/0/com.itsaky.androidide/files/home/.gradle/caches/transforms-4/061005f06f9afda5fe5bf4061c3459b5/transformed/vectordrawable-animated-1.1.0/AndroidManifest.xml
Merging manifest with lower [androidx.vectordrawable:vectordrawable-animated:1.1.0] AndroidManifest.xml:17:1-24:12
uses-sdk defined in both files...
Merging uses-sdk with lower [androidx.vectordrawable:vectordrawable-animated:1.1.0] AndroidManifest.xml:20:5-22:41
Merging library manifest /data/user/0/com.itsaky.androidide/files/home/.gradle/caches/transforms-4/1d59b5ec702b19ad32f3ac18780883ca/transformed/vectordrawable-1.1.0/AndroidManifest.xml
Merging manifest with lower [androidx.vectordrawable:vectordrawable:1.1.0] AndroidManifest.xml:17:1-24:12
uses-sdk defined in both files...
Merging uses-sdk with lower [androidx.vectordrawable:vectordrawable:1.1.0] AndroidManifest.xml:20:5-22:41
Merging library manifest /data/user/0/com.itsaky.androidide/files/home/.gradle/caches/transforms-4/e390c14854ba36f90dd9b61ff5a0d594/transformed/viewpager-1.0.0/AndroidManifest.xml
Merging manifest with lower [androidx.viewpager:viewpager:1.0.0] AndroidManifest.xml:17:1-22:12
uses-sdk defined in both files...
Merging uses-sdk with lower [androidx.viewpager:viewpager:1.0.0] AndroidManifest.xml:20:5-44
Merging library manifest /data/user/0/com.itsaky.androidide/files/home/.gradle/caches/transforms-4/1a7ea55372c5a1dcd2a6b00391d10d34/transformed/legacy-support-core-utils-1.0.0/AndroidManifest.xml
Merging manifest with lower [androidx.legacy:legacy-support-core-utils:1.0.0] AndroidManifest.xml:17:1-22:12
uses-sdk defined in both files...
Merging uses-sdk with lower [androidx.legacy:legacy-support-core-utils:1.0.0] AndroidManifest.xml:20:5-44
Merging library manifest /data/user/0/com.itsaky.androidide/files/home/.gradle/caches/transforms-4/020313bf102df726b98d295ba091536c/transformed/loader-1.0.0/AndroidManifest.xml
Merging manifest with lower [androidx.loader:loader:1.0.0] AndroidManifest.xml:17:1-22:12
uses-sdk defined in both files...
Merging uses-sdk with lower [androidx.loader:loader:1.0.0] AndroidManifest.xml:20:5-44
Merging library manifest /data/user/0/com.itsaky.androidide/files/home/.gradle/caches/transforms-4/79818f48fa2729efb2855d0581d2d026/transformed/customview-1.1.0/AndroidManifest.xml
Merging manifest with lower [androidx.customview:customview:1.1.0] AndroidManifest.xml:17:1-24:12
uses-sdk defined in both files...
Merging uses-sdk with lower [androidx.customview:customview:1.1.0] AndroidManifest.xml:20:5-22:41
Merging library manifest /data/user/0/com.itsaky.androidide/files/home/.gradle/caches/transforms-4/a206cdbc524ef62d4101b79abaf38e40/transformed/core-1.13.1/AndroidManifest.xml
Merging manifest with lower [androidx.core:core:1.13.1] AndroidManifest.xml:17:1-30:12
uses-sdk defined in both files...
Merging uses-sdk with lower [androidx.core:core:1.13.1] AndroidManifest.xml:20:5-44
Adopted [permission: null]
Adopted [uses-permission: null]
application defined in both files...
Merging application with lower [androidx.core:core:1.13.1] AndroidManifest.xml:28:5-89
Merging library manifest /data/user/0/com.itsaky.androidide/files/home/.gradle/caches/transforms-4/c8e715af8ca924fa76f74ea413b7879d/transformed/jetified-customview-poolingcontainer-1.0.0/AndroidManifest.xml
Merging manifest with lower [androidx.customview:customview-poolingcontainer:1.0.0] AndroidManifest.xml:17:1-23:12
uses-sdk defined in both files...
Merging uses-sdk with lower [androidx.customview:customview-poolingcontainer:1.0.0] AndroidManifest.xml:20:5-21:38
Merging library manifest /data/user/0/com.itsaky.androidide/files/home/.gradle/caches/transforms-4/ccdf4eb9c71515b2f81199209723ce7b/transformed/jetified-savedstate-1.2.1/AndroidManifest.xml
Merging manifest with lower [androidx.savedstate:savedstate:1.2.1] AndroidManifest.xml:17:1-22:12
uses-sdk defined in both files...
Merging uses-sdk with lower [androidx.savedstate:savedstate:1.2.1] AndroidManifest.xml:20:5-44
Merging library manifest /data/user/0/com.itsaky.androidide/files/home/.gradle/caches/transforms-4/a1d3bb5c81a25720c8b634c4bf54108a/transformed/jetified-lifecycle-livedata-core-ktx-2.8.2/AndroidManifest.xml
Merging manifest with lower [androidx.lifecycle:lifecycle-livedata-core-ktx:2.8.2] AndroidManifest.xml:2:1-7:12
uses-sdk defined in both files...
Merging uses-sdk with lower [androidx.lifecycle:lifecycle-livedata-core-ktx:2.8.2] AndroidManifest.xml:5:5-44
Merging library manifest /data/user/0/com.itsaky.androidide/files/home/.gradle/caches/transforms-4/5831edd9f4f63d09ce3f31576538b86e/transformed/lifecycle-viewmodel-2.8.2/AndroidManifest.xml
Merging manifest with lower [androidx.lifecycle:lifecycle-viewmodel:2.8.2] AndroidManifest.xml:2:1-5:12
uses-sdk defined in both files...
Merging uses-sdk with lower [androidx.lifecycle:lifecycle-viewmodel:2.8.2] AndroidManifest.xml:4:5-43
Merging library manifest /data/user/0/com.itsaky.androidide/files/home/.gradle/caches/transforms-4/f41856756cb80d5cad9ff7f5babf0d75/transformed/jetified-lifecycle-viewmodel-release/AndroidManifest.xml
Merging manifest with lower [androidx.lifecycle:lifecycle-viewmodel-android:2.8.2] AndroidManifest.xml:17:1-22:12
uses-sdk defined in both files...
Merging uses-sdk with lower [androidx.lifecycle:lifecycle-viewmodel-android:2.8.2] AndroidManifest.xml:20:5-44
Merging library manifest /data/user/0/com.itsaky.androidide/files/home/.gradle/caches/transforms-4/acda47e2f896b98cd5627deda44eeeea/transformed/jetified-lifecycle-runtime-release/AndroidManifest.xml
Merging manifest with lower [androidx.lifecycle:lifecycle-runtime-android:2.8.2] AndroidManifest.xml:17:1-22:12
uses-sdk defined in both files...
Merging uses-sdk with lower [androidx.lifecycle:lifecycle-runtime-android:2.8.2] AndroidManifest.xml:20:5-44
Merging library manifest /data/user/0/com.itsaky.androidide/files/home/.gradle/caches/transforms-4/c36be1278c3eaff1e67fe454a6f3fe7c/transformed/lifecycle-livedata-2.8.2/AndroidManifest.xml
Merging manifest with lower [androidx.lifecycle:lifecycle-livedata:2.8.2] AndroidManifest.xml:17:1-22:12
uses-sdk defined in both files...
Merging uses-sdk with lower [androidx.lifecycle:lifecycle-livedata:2.8.2] AndroidManifest.xml:20:5-44
Merging library manifest /data/user/0/com.itsaky.androidide/files/home/.gradle/caches/transforms-4/e8c50fed21dd5357abdedd84fc81b3bd/transformed/jetified-lifecycle-process-2.8.2/AndroidManifest.xml
Merging manifest with lower [androidx.lifecycle:lifecycle-process:2.8.2] AndroidManifest.xml:17:1-35:12
uses-sdk defined in both files...
Merging uses-sdk with lower [androidx.lifecycle:lifecycle-process:2.8.2] AndroidManifest.xml:21:5-44
application defined in both files...
Merging application with lower [androidx.lifecycle:lifecycle-process:2.8.2] AndroidManifest.xml:23:5-33:19
provider#androidx.startup.InitializationProvider defined in both files...
Merging provider#androidx.startup.InitializationProvider with lower [androidx.lifecycle:lifecycle-process:2.8.2] AndroidManifest.xml:24:9-32:20
Adopted [meta-data: null]
Merging library manifest /data/user/0/com.itsaky.androidide/files/home/.gradle/caches/transforms-4/eb971880fb9e9269d75c09a97baa67e8/transformed/lifecycle-livedata-core-2.8.2/AndroidManifest.xml
Merging manifest with lower [androidx.lifecycle:lifecycle-livedata-core:2.8.2] AndroidManifest.xml:17:1-22:12
uses-sdk defined in both files...
Merging uses-sdk with lower [androidx.lifecycle:lifecycle-livedata-core:2.8.2] AndroidManifest.xml:20:5-44
Merging library manifest /data/user/0/com.itsaky.androidide/files/home/.gradle/caches/transforms-4/b0c1ed57466820f07bd84163be090355/transformed/jetified-lifecycle-runtime-ktx-release/AndroidManifest.xml
Merging manifest with lower [androidx.lifecycle:lifecycle-runtime-ktx-android:2.8.2] AndroidManifest.xml:2:1-7:12
uses-sdk defined in both files...
Merging uses-sdk with lower [androidx.lifecycle:lifecycle-runtime-ktx-android:2.8.2] AndroidManifest.xml:5:5-44
Merging library manifest /data/user/0/com.itsaky.androidide/files/home/.gradle/caches/transforms-4/bcd22428a144cfd701bd56769b1b217f/transformed/jetified-lifecycle-viewmodel-savedstate-2.8.2/AndroidManifest.xml
Merging manifest with lower [androidx.lifecycle:lifecycle-viewmodel-savedstate:2.8.2] AndroidManifest.xml:17:1-22:12
uses-sdk defined in both files...
Merging uses-sdk with lower [androidx.lifecycle:lifecycle-viewmodel-savedstate:2.8.2] AndroidManifest.xml:20:5-44
Merging library manifest /data/user/0/com.itsaky.androidide/files/home/.gradle/caches/transforms-4/edbd3ff1fc40c2a2539ae59adb567542/transformed/jetified-core-ktx-1.13.1/AndroidManifest.xml
Merging manifest with lower [androidx.core:core-ktx:1.13.1] AndroidManifest.xml:2:1-7:12
uses-sdk defined in both files...
Merging uses-sdk with lower [androidx.core:core-ktx:1.13.1] AndroidManifest.xml:5:5-44
Merging library manifest /data/user/0/com.itsaky.androidide/files/home/.gradle/caches/transforms-4/46f576c80dab9a9dcb51a40ad30beea2/transformed/room-runtime-2.6.1/AndroidManifest.xml
Merging manifest with lower [androidx.room:room-runtime:2.6.1] AndroidManifest.xml:17:1-31:12
uses-sdk defined in both files...
Merging uses-sdk with lower [androidx.room:room-runtime:2.6.1] AndroidManifest.xml:21:5-44
application defined in both files...
Merging application with lower [androidx.room:room-runtime:2.6.1] AndroidManifest.xml:23:5-29:19
Adopted [service: null]
Merging library manifest /data/user/0/com.itsaky.androidide/files/home/.gradle/caches/transforms-4/8f818a88ce564a571d33d0e30feedd67/transformed/jetified-room-ktx-2.6.1/AndroidManifest.xml
Merging manifest with lower [androidx.room:room-ktx:2.6.1] AndroidManifest.xml:17:1-22:12
uses-sdk defined in both files...
Merging uses-sdk with lower [androidx.room:room-ktx:2.6.1] AndroidManifest.xml:20:5-44
Merging library manifest /data/user/0/com.itsaky.androidide/files/home/.gradle/caches/transforms-4/608182548490b23dc90c53d230cb342d/transformed/jetified-annotation-experimental-1.4.0/AndroidManifest.xml
Merging manifest with lower [androidx.annotation:annotation-experimental:1.4.0] AndroidManifest.xml:2:1-7:12
uses-sdk defined in both files...
Merging uses-sdk with lower [androidx.annotation:annotation-experimental:1.4.0] AndroidManifest.xml:5:5-44
Merging library manifest /data/user/0/com.itsaky.androidide/files/home/.gradle/caches/transforms-4/41cb4e32ea28938ae030d99fdab4fcbb/transformed/sqlite-framework-2.4.0/AndroidManifest.xml
Merging manifest with lower [androidx.sqlite:sqlite-framework:2.4.0] AndroidManifest.xml:17:1-22:12
uses-sdk defined in both files...
Merging uses-sdk with lower [androidx.sqlite:sqlite-framework:2.4.0] AndroidManifest.xml:20:5-44
Merging library manifest /data/user/0/com.itsaky.androidide/files/home/.gradle/caches/transforms-4/75852a163916c4b7d2af6517c3193f85/transformed/sqlite-2.4.0/AndroidManifest.xml
Merging manifest with lower [androidx.sqlite:sqlite:2.4.0] AndroidManifest.xml:17:1-22:12
uses-sdk defined in both files...
Merging uses-sdk with lower [androidx.sqlite:sqlite:2.4.0] AndroidManifest.xml:20:5-44
Merging library manifest /data/user/0/com.itsaky.androidide/files/home/.gradle/caches/transforms-4/76188860b5a31f9c187b32d638914d60/transformed/localbroadcastmanager-1.1.0/AndroidManifest.xml
Merging manifest with lower [androidx.localbroadcastmanager:localbroadcastmanager:1.1.0] AndroidManifest.xml:17:1-24:12
uses-sdk defined in both files...
Merging uses-sdk with lower [androidx.localbroadcastmanager:localbroadcastmanager:1.1.0] AndroidManifest.xml:20:5-22:41
Merging library manifest /data/user/0/com.itsaky.androidide/files/home/.gradle/caches/transforms-4/3debe97734235d515348afaac10e8d32/transformed/interpolator-1.0.0/AndroidManifest.xml
Merging manifest with lower [androidx.interpolator:interpolator:1.0.0] AndroidManifest.xml:17:1-22:12
uses-sdk defined in both files...
Merging uses-sdk with lower [androidx.interpolator:interpolator:1.0.0] AndroidManifest.xml:20:5-44
Merging library manifest /data/user/0/com.itsaky.androidide/files/home/.gradle/caches/transforms-4/182796d2b86b2a388d09038a4fbfe547/transformed/cursoradapter-1.0.0/AndroidManifest.xml
Merging manifest with lower [androidx.cursoradapter:cursoradapter:1.0.0] AndroidManifest.xml:17:1-22:12
uses-sdk defined in both files...
Merging uses-sdk with lower [androidx.cursoradapter:cursoradapter:1.0.0] AndroidManifest.xml:20:5-44
Merging library manifest /data/user/0/com.itsaky.androidide/files/home/.gradle/caches/transforms-4/529f67e62b04d6f6a6be70d6b04ac3ad/transformed/cardview-1.0.0/AndroidManifest.xml
Merging manifest with lower [androidx.cardview:cardview:1.0.0] AndroidManifest.xml:17:1-22:12
uses-sdk defined in both files...
Merging uses-sdk with lower [androidx.cardview:cardview:1.0.0] AndroidManifest.xml:20:5-44
Merging library manifest /data/user/0/com.itsaky.androidide/files/home/.gradle/caches/transforms-4/03d5cac8029da95384b3d2d53c574224/transformed/versionedparcelable-1.1.1/AndroidManifest.xml
Merging manifest with lower [androidx.versionedparcelable:versionedparcelable:1.1.1] AndroidManifest.xml:17:1-27:12
uses-sdk defined in both files...
Merging uses-sdk with lower [androidx.versionedparcelable:versionedparcelable:1.1.1] AndroidManifest.xml:20:5-22:41
application defined in both files...
Merging application with lower [androidx.versionedparcelable:versionedparcelable:1.1.1] AndroidManifest.xml:24:5-25:19
Merging library manifest /data/user/0/com.itsaky.androidide/files/home/.gradle/caches/transforms-4/77848aa859d866e0a7b17a41b385c9f0/transformed/exifinterface-1.3.6/AndroidManifest.xml
Merging manifest with lower [androidx.exifinterface:exifinterface:1.3.6] AndroidManifest.xml:17:1-24:12
uses-sdk defined in both files...
Merging uses-sdk with lower [androidx.exifinterface:exifinterface:1.3.6] AndroidManifest.xml:20:5-22:41
Merging library manifest /data/user/0/com.itsaky.androidide/files/home/.gradle/caches/transforms-4/b073198e3b101e2087e2201e7ecb98c0/transformed/core-runtime-2.2.0/AndroidManifest.xml
Merging manifest with lower [androidx.arch.core:core-runtime:2.2.0] AndroidManifest.xml:17:1-22:12
uses-sdk defined in both files...
Merging uses-sdk with lower [androidx.arch.core:core-runtime:2.2.0] AndroidManifest.xml:20:5-44
Merging library manifest /data/user/0/com.itsaky.androidide/files/home/.gradle/caches/transforms-4/c76b59e3a1ef2b78c0f1c2b851a33759/transformed/jetified-gifdecoder-4.16.0/AndroidManifest.xml
Merging manifest with lower [com.github.bumptech.glide:gifdecoder:4.16.0] AndroidManifest.xml:2:1-9:12
uses-sdk defined in both files...
Merging uses-sdk with lower [com.github.bumptech.glide:gifdecoder:4.16.0] AndroidManifest.xml:5:5-7:41
Merging library manifest /data/user/0/com.itsaky.androidide/files/home/.gradle/caches/transforms-4/299841805456c1093d07afa28f5508db/transformed/jetified-profileinstaller-1.3.1/AndroidManifest.xml
Merging manifest with lower [androidx.profileinstaller:profileinstaller:1.3.1] AndroidManifest.xml:17:1-55:12
uses-sdk defined in both files...
Merging uses-sdk with lower [androidx.profileinstaller:profileinstaller:1.3.1] AndroidManifest.xml:21:5-44
application defined in both files...
Merging application with lower [androidx.profileinstaller:profileinstaller:1.3.1] AndroidManifest.xml:23:5-53:19
provider#androidx.startup.InitializationProvider defined in both files...
Merging provider#androidx.startup.InitializationProvider with lower [androidx.profileinstaller:profileinstaller:1.3.1] AndroidManifest.xml:24:9-32:20
Adopted [meta-data: null]
Adopted [receiver: null]
Merging library manifest /data/user/0/com.itsaky.androidide/files/home/.gradle/caches/transforms-4/446f09e6eff5bab9ed91954500001ced/transformed/jetified-startup-runtime-1.1.1/AndroidManifest.xml
Merging manifest with lower [androidx.startup:startup-runtime:1.1.1] AndroidManifest.xml:17:1-33:12
uses-sdk defined in both files...
Merging uses-sdk with lower [androidx.startup:startup-runtime:1.1.1] AndroidManifest.xml:21:5-23:41
application defined in both files...
Merging application with lower [androidx.startup:startup-runtime:1.1.1] AndroidManifest.xml:25:5-31:19
provider#androidx.startup.InitializationProvider defined in both files...
Merging provider#androidx.startup.InitializationProvider with lower [androidx.startup:startup-runtime:1.1.1] AndroidManifest.xml:26:9-30:34
Merging library manifest /data/user/0/com.itsaky.androidide/files/home/.gradle/caches/transforms-4/862ea7163f60f0ec6274372e4c630249/transformed/jetified-tracing-1.0.0/AndroidManifest.xml
Merging manifest with lower [androidx.tracing:tracing:1.0.0] AndroidManifest.xml:17:1-24:12
uses-sdk defined in both files...
Merging uses-sdk with lower [androidx.tracing:tracing:1.0.0] AndroidManifest.xml:20:5-22:41
Merging library manifest /data/user/0/com.itsaky.androidide/files/home/.gradle/caches/transforms-4/cb2f944eb6c9f8b8c1c15a25ceb88820/transformed/documentfile-1.0.0/AndroidManifest.xml
Merging manifest with lower [androidx.documentfile:documentfile:1.0.0] AndroidManifest.xml:17:1-22:12
uses-sdk defined in both files...
Merging uses-sdk with lower [androidx.documentfile:documentfile:1.0.0] AndroidManifest.xml:20:5-44
Merging library manifest /data/user/0/com.itsaky.androidide/files/home/.gradle/caches/transforms-4/1f78a357bb1531056305524171da44e8/transformed/print-1.0.0/AndroidManifest.xml
Merging manifest with lower [androidx.print:print:1.0.0] AndroidManifest.xml:17:1-22:12
uses-sdk defined in both files...
Merging uses-sdk with lower [androidx.print:print:1.0.0] AndroidManifest.xml:20:5-44
Merging library manifest /data/user/0/com.itsaky.androidide/files/home/.gradle/caches/transforms-4/48d2873c2e693738514a31ecccf0632c/transformed/jetified-cronet-api-72.3626.96/AndroidManifest.xml
Merging manifest with lower [org.chromium.net:cronet-api:72.3626.96] AndroidManifest.xml:15:1-22:12
uses-sdk defined in both files...
Merging uses-sdk with lower [org.chromium.net:cronet-api:72.3626.96] AndroidManifest.xml:18:5-74
uses-permission#android.permission.INTERNET defined in both files...
Merging uses-permission#android.permission.INTERNET with lower [org.chromium.net:cronet-api:72.3626.96] AndroidManifest.xml:19:5-66
uses-permission#android.permission.ACCESS_NETWORK_STATE defined in both files...
Merging uses-permission#android.permission.ACCESS_NETWORK_STATE with lower [org.chromium.net:cronet-api:72.3626.96] AndroidManifest.xml:20:5-78
Merging result: SUCCESS
1<?xml version="1.0" encoding="utf-8"?>
2<manifest xmlns:android="http://schemas.android.com/apk/res/android"
3    package="com.omymaxz.download.debug"
4    android:versionCode="1"
5    android:versionName="1.0" >
6
7    <uses-sdk
8        android:minSdkVersion="28"
9        android:targetSdkVersion="34" />
10
11    <uses-permission android:name="android.permission.INTERNET" />
11-->/storage/emulated/0/AndroidIDEProjects/Mydownloader/app/src/main/AndroidManifest.xml:5:5-67
11-->/storage/emulated/0/AndroidIDEProjects/Mydownloader/app/src/main/AndroidManifest.xml:5:22-64
12    <uses-permission android:name="android.permission.ACCESS_NETWORK_STATE" />
12-->/storage/emulated/0/AndroidIDEProjects/Mydownloader/app/src/main/AndroidManifest.xml:6:5-79
12-->/storage/emulated/0/AndroidIDEProjects/Mydownloader/app/src/main/AndroidManifest.xml:6:22-76
13    <uses-permission android:name="android.permission.FOREGROUND_SERVICE" />
13-->/storage/emulated/0/AndroidIDEProjects/Mydownloader/app/src/main/AndroidManifest.xml:7:5-77
13-->/storage/emulated/0/AndroidIDEProjects/Mydownloader/app/src/main/AndroidManifest.xml:7:22-74
14    <uses-permission android:name="android.permission.WAKE_LOCK" />
14-->/storage/emulated/0/AndroidIDEProjects/Mydownloader/app/src/main/AndroidManifest.xml:8:5-68
14-->/storage/emulated/0/AndroidIDEProjects/Mydownloader/app/src/main/AndroidManifest.xml:8:22-65
15    <uses-permission android:name="android.permission.REQUEST_IGNORE_BATTERY_OPTIMIZATIONS" />
15-->/storage/emulated/0/AndroidIDEProjects/Mydownloader/app/src/main/AndroidManifest.xml:9:5-95
15-->/storage/emulated/0/AndroidIDEProjects/Mydownloader/app/src/main/AndroidManifest.xml:9:22-92
16    <uses-permission android:name="android.permission.FOREGROUND_SERVICE_MEDIA_PLAYBACK" />
16-->/storage/emulated/0/AndroidIDEProjects/Mydownloader/app/src/main/AndroidManifest.xml:10:5-92
16-->/storage/emulated/0/AndroidIDEProjects/Mydownloader/app/src/main/AndroidManifest.xml:10:22-89
17    <uses-permission android:name="android.permission.FOREGROUND_SERVICE_DATA_SYNC" />
17-->/storage/emulated/0/AndroidIDEProjects/Mydownloader/app/src/main/AndroidManifest.xml:11:5-86
17-->/storage/emulated/0/AndroidIDEProjects/Mydownloader/app/src/main/AndroidManifest.xml:11:22-84
18    <uses-permission android:name="android.permission.POST_NOTIFICATIONS" />
18-->/storage/emulated/0/AndroidIDEProjects/Mydownloader/app/src/main/AndroidManifest.xml:12:5-77
18-->/storage/emulated/0/AndroidIDEProjects/Mydownloader/app/src/main/AndroidManifest.xml:12:22-74
19    <uses-permission android:name="android.permission.MODIFY_AUDIO_SETTINGS" />
19-->/storage/emulated/0/AndroidIDEProjects/Mydownloader/app/src/main/AndroidManifest.xml:13:5-80
19-->/storage/emulated/0/AndroidIDEProjects/Mydownloader/app/src/main/AndroidManifest.xml:13:22-77
20    <uses-permission android:name="android.permission.BIND_NOTIFICATION_LISTENER_SERVICE" />
20-->/storage/emulated/0/AndroidIDEProjects/Mydownloader/app/src/main/AndroidManifest.xml:14:5-16:47
20-->/storage/emulated/0/AndroidIDEProjects/Mydownloader/app/src/main/AndroidManifest.xml:15:9-77
21    <uses-permission
21-->/storage/emulated/0/AndroidIDEProjects/Mydownloader/app/src/main/AndroidManifest.xml:18:5-20:40
22        android:name="android.permission.WRITE_EXTERNAL_STORAGE"
22-->/storage/emulated/0/AndroidIDEProjects/Mydownloader/app/src/main/AndroidManifest.xml:18:22-78
23        android:maxSdkVersion="28" />
23-->/storage/emulated/0/AndroidIDEProjects/Mydownloader/app/src/main/AndroidManifest.xml:19:9-35
24    <uses-permission
24-->/storage/emulated/0/AndroidIDEProjects/Mydownloader/app/src/main/AndroidManifest.xml:21:5-22:38
25        android:name="android.permission.READ_EXTERNAL_STORAGE"
25-->/storage/emulated/0/AndroidIDEProjects/Mydownloader/app/src/main/AndroidManifest.xml:21:22-77
26        android:maxSdkVersion="32" />
26-->/storage/emulated/0/AndroidIDEProjects/Mydownloader/app/src/main/AndroidManifest.xml:22:9-35
27    <uses-permission android:name="android.permission.MANAGE_EXTERNAL_STORAGE" />
27-->/storage/emulated/0/AndroidIDEProjects/Mydownloader/app/src/main/AndroidManifest.xml:24:5-25:40
27-->/storage/emulated/0/AndroidIDEProjects/Mydownloader/app/src/main/AndroidManifest.xml:24:22-79
28
29    <permission
29-->[androidx.core:core:1.13.1] /data/user/0/com.itsaky.androidide/files/home/.gradle/caches/transforms-4/a206cdbc524ef62d4101b79abaf38e40/transformed/core-1.13.1/AndroidManifest.xml:22:5-24:47
30        android:name="com.omymaxz.download.debug.DYNAMIC_RECEIVER_NOT_EXPORTED_PERMISSION"
30-->[androidx.core:core:1.13.1] /data/user/0/com.itsaky.androidide/files/home/.gradle/caches/transforms-4/a206cdbc524ef62d4101b79abaf38e40/transformed/core-1.13.1/AndroidManifest.xml:23:9-81
31        android:protectionLevel="signature" />
31-->[androidx.core:core:1.13.1] /data/user/0/com.itsaky.androidide/files/home/.gradle/caches/transforms-4/a206cdbc524ef62d4101b79abaf38e40/transformed/core-1.13.1/AndroidManifest.xml:24:9-44
32
33    <uses-permission android:name="com.omymaxz.download.debug.DYNAMIC_RECEIVER_NOT_EXPORTED_PERMISSION" />
33-->[androidx.core:core:1.13.1] /data/user/0/com.itsaky.androidide/files/home/.gradle/caches/transforms-4/a206cdbc524ef62d4101b79abaf38e40/transformed/core-1.13.1/AndroidManifest.xml:26:5-97
33-->[androidx.core:core:1.13.1] /data/user/0/com.itsaky.androidide/files/home/.gradle/caches/transforms-4/a206cdbc524ef62d4101b79abaf38e40/transformed/core-1.13.1/AndroidManifest.xml:26:22-94
34
35    <application
35-->/storage/emulated/0/AndroidIDEProjects/Mydownloader/app/src/main/AndroidManifest.xml:27:5-113:19
36        android:allowBackup="true"
36-->/storage/emulated/0/AndroidIDEProjects/Mydownloader/app/src/main/AndroidManifest.xml:28:9-35
37        android:appComponentFactory="androidx.core.app.CoreComponentFactory"
37-->[androidx.core:core:1.13.1] /data/user/0/com.itsaky.androidide/files/home/.gradle/caches/transforms-4/a206cdbc524ef62d4101b79abaf38e40/transformed/core-1.13.1/AndroidManifest.xml:28:18-86
38        android:debuggable="true"
39        android:extractNativeLibs="false"
40        android:hardwareAccelerated="true"
40-->/storage/emulated/0/AndroidIDEProjects/Mydownloader/app/src/main/AndroidManifest.xml:34:9-43
41        android:icon="@mipmap/ic_launcher"
41-->/storage/emulated/0/AndroidIDEProjects/Mydownloader/app/src/main/AndroidManifest.xml:29:9-43
42        android:label="@string/app_name"
42-->/storage/emulated/0/AndroidIDEProjects/Mydownloader/app/src/main/AndroidManifest.xml:30:9-41
43        android:largeHeap="true"
43-->/storage/emulated/0/AndroidIDEProjects/Mydownloader/app/src/main/AndroidManifest.xml:35:9-33
44        android:supportsRtl="true"
44-->/storage/emulated/0/AndroidIDEProjects/Mydownloader/app/src/main/AndroidManifest.xml:32:9-35
45        android:theme="@style/Theme.MyDownloader.NoActionBar"
45-->/storage/emulated/0/AndroidIDEProjects/Mydownloader/app/src/main/AndroidManifest.xml:31:9-62
46        android:usesCleartextTraffic="true" >
46-->/storage/emulated/0/AndroidIDEProjects/Mydownloader/app/src/main/AndroidManifest.xml:33:9-44
47        <activity
47-->/storage/emulated/0/AndroidIDEProjects/Mydownloader/app/src/main/AndroidManifest.xml:38:9-55:20
48            android:name="com.omymaxz.download.MainActivity"
48-->/storage/emulated/0/AndroidIDEProjects/Mydownloader/app/src/main/AndroidManifest.xml:39:13-41
49            android:configChanges="orientation|screenSize|keyboardHidden"
49-->/storage/emulated/0/AndroidIDEProjects/Mydownloader/app/src/main/AndroidManifest.xml:41:13-74
50            android:exported="true"
50-->/storage/emulated/0/AndroidIDEProjects/Mydownloader/app/src/main/AndroidManifest.xml:40:13-36
51            android:launchMode="singleTask"
51-->/storage/emulated/0/AndroidIDEProjects/Mydownloader/app/src/main/AndroidManifest.xml:43:13-44
52            android:windowSoftInputMode="adjustResize" >
52-->/storage/emulated/0/AndroidIDEProjects/Mydownloader/app/src/main/AndroidManifest.xml:42:13-55
53            <intent-filter>
53-->/storage/emulated/0/AndroidIDEProjects/Mydownloader/app/src/main/AndroidManifest.xml:44:13-47:29
54                <action android:name="android.intent.action.MAIN" />
54-->/storage/emulated/0/AndroidIDEProjects/Mydownloader/app/src/main/AndroidManifest.xml:45:17-69
54-->/storage/emulated/0/AndroidIDEProjects/Mydownloader/app/src/main/AndroidManifest.xml:45:25-66
55
56                <category android:name="android.intent.category.LAUNCHER" />
56-->/storage/emulated/0/AndroidIDEProjects/Mydownloader/app/src/main/AndroidManifest.xml:46:17-77
56-->/storage/emulated/0/AndroidIDEProjects/Mydownloader/app/src/main/AndroidManifest.xml:46:27-74
57            </intent-filter>
58            <intent-filter android:autoVerify="true" >
58-->/storage/emulated/0/AndroidIDEProjects/Mydownloader/app/src/main/AndroidManifest.xml:48:13-54:29
58-->/storage/emulated/0/AndroidIDEProjects/Mydownloader/app/src/main/AndroidManifest.xml:48:28-53
59                <action android:name="android.intent.action.VIEW" />
59-->/storage/emulated/0/AndroidIDEProjects/Mydownloader/app/src/main/AndroidManifest.xml:49:17-69
59-->/storage/emulated/0/AndroidIDEProjects/Mydownloader/app/src/main/AndroidManifest.xml:49:25-66
60
61                <category android:name="android.intent.category.DEFAULT" />
61-->/storage/emulated/0/AndroidIDEProjects/Mydownloader/app/src/main/AndroidManifest.xml:50:17-76
61-->/storage/emulated/0/AndroidIDEProjects/Mydownloader/app/src/main/AndroidManifest.xml:50:27-73
62                <category android:name="android.intent.category.BROWSABLE" />
62-->/storage/emulated/0/AndroidIDEProjects/Mydownloader/app/src/main/AndroidManifest.xml:51:17-78
62-->/storage/emulated/0/AndroidIDEProjects/Mydownloader/app/src/main/AndroidManifest.xml:51:27-75
63
64                <data android:scheme="http" />
64-->/storage/emulated/0/AndroidIDEProjects/Mydownloader/app/src/main/AndroidManifest.xml:52:17-47
64-->/storage/emulated/0/AndroidIDEProjects/Mydownloader/app/src/main/AndroidManifest.xml:52:23-44
65                <data android:scheme="https" />
65-->/storage/emulated/0/AndroidIDEProjects/Mydownloader/app/src/main/AndroidManifest.xml:52:17-47
65-->/storage/emulated/0/AndroidIDEProjects/Mydownloader/app/src/main/AndroidManifest.xml:52:23-44
66            </intent-filter>
67        </activity>
68        <activity
68-->/storage/emulated/0/AndroidIDEProjects/Mydownloader/app/src/main/AndroidManifest.xml:57:9-60:58
69            android:name="com.omymaxz.download.HistoryActivity"
69-->/storage/emulated/0/AndroidIDEProjects/Mydownloader/app/src/main/AndroidManifest.xml:58:13-44
70            android:exported="false"
70-->/storage/emulated/0/AndroidIDEProjects/Mydownloader/app/src/main/AndroidManifest.xml:59:13-37
71            android:parentActivityName="com.omymaxz.download.MainActivity" />
71-->/storage/emulated/0/AndroidIDEProjects/Mydownloader/app/src/main/AndroidManifest.xml:60:13-55
72        <activity
72-->/storage/emulated/0/AndroidIDEProjects/Mydownloader/app/src/main/AndroidManifest.xml:62:9-65:58
73            android:name="com.omymaxz.download.UserScriptManagerActivity"
73-->/storage/emulated/0/AndroidIDEProjects/Mydownloader/app/src/main/AndroidManifest.xml:63:13-54
74            android:exported="false"
74-->/storage/emulated/0/AndroidIDEProjects/Mydownloader/app/src/main/AndroidManifest.xml:64:13-37
75            android:parentActivityName="com.omymaxz.download.MainActivity" />
75-->/storage/emulated/0/AndroidIDEProjects/Mydownloader/app/src/main/AndroidManifest.xml:65:13-55
76        <activity
76-->/storage/emulated/0/AndroidIDEProjects/Mydownloader/app/src/main/AndroidManifest.xml:67:9-70:71
77            android:name="com.omymaxz.download.AddEditScriptActivity"
77-->/storage/emulated/0/AndroidIDEProjects/Mydownloader/app/src/main/AndroidManifest.xml:68:13-50
78            android:exported="false"
78-->/storage/emulated/0/AndroidIDEProjects/Mydownloader/app/src/main/AndroidManifest.xml:69:13-37
79            android:parentActivityName="com.omymaxz.download.UserScriptManagerActivity" />
79-->/storage/emulated/0/AndroidIDEProjects/Mydownloader/app/src/main/AndroidManifest.xml:70:13-68
80
81        <receiver
81-->/storage/emulated/0/AndroidIDEProjects/Mydownloader/app/src/main/AndroidManifest.xml:72:9-77:20
82            android:name="androidx.media.session.MediaButtonReceiver"
82-->/storage/emulated/0/AndroidIDEProjects/Mydownloader/app/src/main/AndroidManifest.xml:72:19-76
83            android:exported="true" >
83-->/storage/emulated/0/AndroidIDEProjects/Mydownloader/app/src/main/AndroidManifest.xml:73:13-36
84            <intent-filter>
84-->/storage/emulated/0/AndroidIDEProjects/Mydownloader/app/src/main/AndroidManifest.xml:74:13-76:29
85                <action android:name="android.intent.action.MEDIA_BUTTON" />
85-->/storage/emulated/0/AndroidIDEProjects/Mydownloader/app/src/main/AndroidManifest.xml:75:17-77
85-->/storage/emulated/0/AndroidIDEProjects/Mydownloader/app/src/main/AndroidManifest.xml:75:25-74
86            </intent-filter>
87        </receiver>
88
89        <service
89-->/storage/emulated/0/AndroidIDEProjects/Mydownloader/app/src/main/AndroidManifest.xml:79:9-86:19
90            android:name="com.omymaxz.download.MediaForegroundService"
90-->/storage/emulated/0/AndroidIDEProjects/Mydownloader/app/src/main/AndroidManifest.xml:80:13-51
91            android:exported="true"
91-->/storage/emulated/0/AndroidIDEProjects/Mydownloader/app/src/main/AndroidManifest.xml:82:13-36
92            android:foregroundServiceType="mediaPlayback" >
92-->/storage/emulated/0/AndroidIDEProjects/Mydownloader/app/src/main/AndroidManifest.xml:81:13-58
93            <intent-filter>
93-->/storage/emulated/0/AndroidIDEProjects/Mydownloader/app/src/main/AndroidManifest.xml:74:13-76:29
94                <action android:name="android.intent.action.MEDIA_BUTTON" />
94-->/storage/emulated/0/AndroidIDEProjects/Mydownloader/app/src/main/AndroidManifest.xml:75:17-77
94-->/storage/emulated/0/AndroidIDEProjects/Mydownloader/app/src/main/AndroidManifest.xml:75:25-74
95            </intent-filter>
96        </service>
97        <service
97-->/storage/emulated/0/AndroidIDEProjects/Mydownloader/app/src/main/AndroidManifest.xml:88:9-91:40
98            android:name="com.omymaxz.download.WebViewForegroundService"
98-->/storage/emulated/0/AndroidIDEProjects/Mydownloader/app/src/main/AndroidManifest.xml:89:13-53
99            android:exported="false"
99-->/storage/emulated/0/AndroidIDEProjects/Mydownloader/app/src/main/AndroidManifest.xml:91:13-37
100            android:foregroundServiceType="dataSync" />
100-->/storage/emulated/0/AndroidIDEProjects/Mydownloader/app/src/main/AndroidManifest.xml:90:13-53
101        <service
101-->/storage/emulated/0/AndroidIDEProjects/Mydownloader/app/src/main/AndroidManifest.xml:93:9-101:19
102            android:name="com.omymaxz.download.HlsDownloadService"
102-->/storage/emulated/0/AndroidIDEProjects/Mydownloader/app/src/main/AndroidManifest.xml:94:13-47
103            android:exported="false"
103-->/storage/emulated/0/AndroidIDEProjects/Mydownloader/app/src/main/AndroidManifest.xml:95:13-37
104            android:foregroundServiceType="dataSync" >
104-->/storage/emulated/0/AndroidIDEProjects/Mydownloader/app/src/main/AndroidManifest.xml:96:13-53
105            <intent-filter>
105-->/storage/emulated/0/AndroidIDEProjects/Mydownloader/app/src/main/AndroidManifest.xml:97:13-100:29
106                <action android:name="androidx.media3.exoplayer.downloadService.action.RESTART" />
106-->/storage/emulated/0/AndroidIDEProjects/Mydownloader/app/src/main/AndroidManifest.xml:98:17-99
106-->/storage/emulated/0/AndroidIDEProjects/Mydownloader/app/src/main/AndroidManifest.xml:98:25-96
107
108                <category android:name="android.intent.category.DEFAULT" />
108-->/storage/emulated/0/AndroidIDEProjects/Mydownloader/app/src/main/AndroidManifest.xml:50:17-76
108-->/storage/emulated/0/AndroidIDEProjects/Mydownloader/app/src/main/AndroidManifest.xml:50:27-73
109            </intent-filter>
110        </service>
111        <service
111-->/storage/emulated/0/AndroidIDEProjects/Mydownloader/app/src/main/AndroidManifest.xml:103:9-111:19
112            android:name="com.omymaxz.download.MediaDetectionService"
112-->/storage/emulated/0/AndroidIDEProjects/Mydownloader/app/src/main/AndroidManifest.xml:104:13-50
113            android:exported="true"
113-->/storage/emulated/0/AndroidIDEProjects/Mydownloader/app/src/main/AndroidManifest.xml:105:13-36
114            android:label="@string/app_name"
114-->/storage/emulated/0/AndroidIDEProjects/Mydownloader/app/src/main/AndroidManifest.xml:106:13-45
115            android:permission="android.permission.BIND_NOTIFICATION_LISTENER_SERVICE" >
115-->/storage/emulated/0/AndroidIDEProjects/Mydownloader/app/src/main/AndroidManifest.xml:107:13-87
116            <intent-filter>
116-->/storage/emulated/0/AndroidIDEProjects/Mydownloader/app/src/main/AndroidManifest.xml:108:13-110:29
117                <action android:name="android.service.notification.NotificationListenerService" />
117-->/storage/emulated/0/AndroidIDEProjects/Mydownloader/app/src/main/AndroidManifest.xml:109:17-99
117-->/storage/emulated/0/AndroidIDEProjects/Mydownloader/app/src/main/AndroidManifest.xml:109:25-96
118            </intent-filter>
119        </service>
120
121        <provider
121-->[androidx.emoji2:emoji2:1.2.0] /data/user/0/com.itsaky.androidide/files/home/.gradle/caches/transforms-4/d2b4e48c0738bc4dbf4f45b68df56892/transformed/jetified-emoji2-1.2.0/AndroidManifest.xml:24:9-32:20
122            android:name="androidx.startup.InitializationProvider"
122-->[androidx.emoji2:emoji2:1.2.0] /data/user/0/com.itsaky.androidide/files/home/.gradle/caches/transforms-4/d2b4e48c0738bc4dbf4f45b68df56892/transformed/jetified-emoji2-1.2.0/AndroidManifest.xml:25:13-67
123            android:authorities="com.omymaxz.download.debug.androidx-startup"
123-->[androidx.emoji2:emoji2:1.2.0] /data/user/0/com.itsaky.androidide/files/home/.gradle/caches/transforms-4/d2b4e48c0738bc4dbf4f45b68df56892/transformed/jetified-emoji2-1.2.0/AndroidManifest.xml:26:13-68
124            android:exported="false" >
124-->[androidx.emoji2:emoji2:1.2.0] /data/user/0/com.itsaky.androidide/files/home/.gradle/caches/transforms-4/d2b4e48c0738bc4dbf4f45b68df56892/transformed/jetified-emoji2-1.2.0/AndroidManifest.xml:27:13-37
125            <meta-data
125-->[androidx.emoji2:emoji2:1.2.0] /data/user/0/com.itsaky.androidide/files/home/.gradle/caches/transforms-4/d2b4e48c0738bc4dbf4f45b68df56892/transformed/jetified-emoji2-1.2.0/AndroidManifest.xml:29:13-31:52
126                android:name="androidx.emoji2.text.EmojiCompatInitializer"
126-->[androidx.emoji2:emoji2:1.2.0] /data/user/0/com.itsaky.androidide/files/home/.gradle/caches/transforms-4/d2b4e48c0738bc4dbf4f45b68df56892/transformed/jetified-emoji2-1.2.0/AndroidManifest.xml:30:17-75
127                android:value="androidx.startup" />
127-->[androidx.emoji2:emoji2:1.2.0] /data/user/0/com.itsaky.androidide/files/home/.gradle/caches/transforms-4/d2b4e48c0738bc4dbf4f45b68df56892/transformed/jetified-emoji2-1.2.0/AndroidManifest.xml:31:17-49
128            <meta-data
128-->[androidx.lifecycle:lifecycle-process:2.8.2] /data/user/0/com.itsaky.androidide/files/home/.gradle/caches/transforms-4/e8c50fed21dd5357abdedd84fc81b3bd/transformed/jetified-lifecycle-process-2.8.2/AndroidManifest.xml:29:13-31:52
129                android:name="androidx.lifecycle.ProcessLifecycleInitializer"
129-->[androidx.lifecycle:lifecycle-process:2.8.2] /data/user/0/com.itsaky.androidide/files/home/.gradle/caches/transforms-4/e8c50fed21dd5357abdedd84fc81b3bd/transformed/jetified-lifecycle-process-2.8.2/AndroidManifest.xml:30:17-78
130                android:value="androidx.startup" />
130-->[androidx.lifecycle:lifecycle-process:2.8.2] /data/user/0/com.itsaky.androidide/files/home/.gradle/caches/transforms-4/e8c50fed21dd5357abdedd84fc81b3bd/transformed/jetified-lifecycle-process-2.8.2/AndroidManifest.xml:31:17-49
131            <meta-data
131-->[androidx.profileinstaller:profileinstaller:1.3.1] /data/user/0/com.itsaky.androidide/files/home/.gradle/caches/transforms-4/299841805456c1093d07afa28f5508db/transformed/jetified-profileinstaller-1.3.1/AndroidManifest.xml:29:13-31:52
132                android:name="androidx.profileinstaller.ProfileInstallerInitializer"
132-->[androidx.profileinstaller:profileinstaller:1.3.1] /data/user/0/com.itsaky.androidide/files/home/.gradle/caches/transforms-4/299841805456c1093d07afa28f5508db/transformed/jetified-profileinstaller-1.3.1/AndroidManifest.xml:30:17-85
133                android:value="androidx.startup" />
133-->[androidx.profileinstaller:profileinstaller:1.3.1] /data/user/0/com.itsaky.androidide/files/home/.gradle/caches/transforms-4/299841805456c1093d07afa28f5508db/transformed/jetified-profileinstaller-1.3.1/AndroidManifest.xml:31:17-49
134        </provider>
135
136        <activity
136-->[com.google.android.gms:play-services-base:18.0.1] /data/user/0/com.itsaky.androidide/files/home/.gradle/caches/transforms-4/71f869aa1a8b2770b62a6bcaa6474d13/transformed/jetified-play-services-base-18.0.1/AndroidManifest.xml:20:9-22:45
137            android:name="com.google.android.gms.common.api.GoogleApiActivity"
137-->[com.google.android.gms:play-services-base:18.0.1] /data/user/0/com.itsaky.androidide/files/home/.gradle/caches/transforms-4/71f869aa1a8b2770b62a6bcaa6474d13/transformed/jetified-play-services-base-18.0.1/AndroidManifest.xml:20:19-85
138            android:exported="false"
138-->[com.google.android.gms:play-services-base:18.0.1] /data/user/0/com.itsaky.androidide/files/home/.gradle/caches/transforms-4/71f869aa1a8b2770b62a6bcaa6474d13/transformed/jetified-play-services-base-18.0.1/AndroidManifest.xml:22:19-43
139            android:theme="@android:style/Theme.Translucent.NoTitleBar" />
139-->[com.google.android.gms:play-services-base:18.0.1] /data/user/0/com.itsaky.androidide/files/home/.gradle/caches/transforms-4/71f869aa1a8b2770b62a6bcaa6474d13/transformed/jetified-play-services-base-18.0.1/AndroidManifest.xml:21:19-78
140
141        <meta-data
141-->[com.google.android.gms:play-services-basement:18.0.0] /data/user/0/com.itsaky.androidide/files/home/.gradle/caches/transforms-4/667bbcc47242df69cb761b1f243dca79/transformed/jetified-play-services-basement-18.0.0/AndroidManifest.xml:21:9-23:69
142            android:name="com.google.android.gms.version"
142-->[com.google.android.gms:play-services-basement:18.0.0] /data/user/0/com.itsaky.androidide/files/home/.gradle/caches/transforms-4/667bbcc47242df69cb761b1f243dca79/transformed/jetified-play-services-basement-18.0.0/AndroidManifest.xml:22:13-58
143            android:value="@integer/google_play_services_version" />
143-->[com.google.android.gms:play-services-basement:18.0.0] /data/user/0/com.itsaky.androidide/files/home/.gradle/caches/transforms-4/667bbcc47242df69cb761b1f243dca79/transformed/jetified-play-services-basement-18.0.0/AndroidManifest.xml:23:13-66
144
145        <service
145-->[androidx.room:room-runtime:2.6.1] /data/user/0/com.itsaky.androidide/files/home/.gradle/caches/transforms-4/46f576c80dab9a9dcb51a40ad30beea2/transformed/room-runtime-2.6.1/AndroidManifest.xml:24:9-28:63
146            android:name="androidx.room.MultiInstanceInvalidationService"
146-->[androidx.room:room-runtime:2.6.1] /data/user/0/com.itsaky.androidide/files/home/.gradle/caches/transforms-4/46f576c80dab9a9dcb51a40ad30beea2/transformed/room-runtime-2.6.1/AndroidManifest.xml:25:13-74
147            android:directBootAware="true"
147-->[androidx.room:room-runtime:2.6.1] /data/user/0/com.itsaky.androidide/files/home/.gradle/caches/transforms-4/46f576c80dab9a9dcb51a40ad30beea2/transformed/room-runtime-2.6.1/AndroidManifest.xml:26:13-43
148            android:exported="false" />
148-->[androidx.room:room-runtime:2.6.1] /data/user/0/com.itsaky.androidide/files/home/.gradle/caches/transforms-4/46f576c80dab9a9dcb51a40ad30beea2/transformed/room-runtime-2.6.1/AndroidManifest.xml:27:13-37
149
150        <receiver
150-->[androidx.profileinstaller:profileinstaller:1.3.1] /data/user/0/com.itsaky.androidide/files/home/.gradle/caches/transforms-4/299841805456c1093d07afa28f5508db/transformed/jetified-profileinstaller-1.3.1/AndroidManifest.xml:34:9-52:20
151            android:name="androidx.profileinstaller.ProfileInstallReceiver"
151-->[androidx.profileinstaller:profileinstaller:1.3.1] /data/user/0/com.itsaky.androidide/files/home/.gradle/caches/transforms-4/299841805456c1093d07afa28f5508db/transformed/jetified-profileinstaller-1.3.1/AndroidManifest.xml:35:13-76
152            android:directBootAware="false"
152-->[androidx.profileinstaller:profileinstaller:1.3.1] /data/user/0/com.itsaky.androidide/files/home/.gradle/caches/transforms-4/299841805456c1093d07afa28f5508db/transformed/jetified-profileinstaller-1.3.1/AndroidManifest.xml:36:13-44
153            android:enabled="true"
153-->[androidx.profileinstaller:profileinstaller:1.3.1] /data/user/0/com.itsaky.androidide/files/home/.gradle/caches/transforms-4/299841805456c1093d07afa28f5508db/transformed/jetified-profileinstaller-1.3.1/AndroidManifest.xml:37:13-35
154            android:exported="true"
154-->[androidx.profileinstaller:profileinstaller:1.3.1] /data/user/0/com.itsaky.androidide/files/home/.gradle/caches/transforms-4/299841805456c1093d07afa28f5508db/transformed/jetified-profileinstaller-1.3.1/AndroidManifest.xml:38:13-36
155            android:permission="android.permission.DUMP" >
155-->[androidx.profileinstaller:profileinstaller:1.3.1] /data/user/0/com.itsaky.androidide/files/home/.gradle/caches/transforms-4/299841805456c1093d07afa28f5508db/transformed/jetified-profileinstaller-1.3.1/AndroidManifest.xml:39:13-57
156            <intent-filter>
156-->[androidx.profileinstaller:profileinstaller:1.3.1] /data/user/0/com.itsaky.androidide/files/home/.gradle/caches/transforms-4/299841805456c1093d07afa28f5508db/transformed/jetified-profileinstaller-1.3.1/AndroidManifest.xml:40:13-42:29
157                <action android:name="androidx.profileinstaller.action.INSTALL_PROFILE" />
157-->[androidx.profileinstaller:profileinstaller:1.3.1] /data/user/0/com.itsaky.androidide/files/home/.gradle/caches/transforms-4/299841805456c1093d07afa28f5508db/transformed/jetified-profileinstaller-1.3.1/AndroidManifest.xml:41:17-91
157-->[androidx.profileinstaller:profileinstaller:1.3.1] /data/user/0/com.itsaky.androidide/files/home/.gradle/caches/transforms-4/299841805456c1093d07afa28f5508db/transformed/jetified-profileinstaller-1.3.1/AndroidManifest.xml:41:25-88
158            </intent-filter>
159            <intent-filter>
159-->[androidx.profileinstaller:profileinstaller:1.3.1] /data/user/0/com.itsaky.androidide/files/home/.gradle/caches/transforms-4/299841805456c1093d07afa28f5508db/transformed/jetified-profileinstaller-1.3.1/AndroidManifest.xml:43:13-45:29
160                <action android:name="androidx.profileinstaller.action.SKIP_FILE" />
160-->[androidx.profileinstaller:profileinstaller:1.3.1] /data/user/0/com.itsaky.androidide/files/home/.gradle/caches/transforms-4/299841805456c1093d07afa28f5508db/transformed/jetified-profileinstaller-1.3.1/AndroidManifest.xml:44:17-85
160-->[androidx.profileinstaller:profileinstaller:1.3.1] /data/user/0/com.itsaky.androidide/files/home/.gradle/caches/transforms-4/299841805456c1093d07afa28f5508db/transformed/jetified-profileinstaller-1.3.1/AndroidManifest.xml:44:25-82
161            </intent-filter>
162            <intent-filter>
162-->[androidx.profileinstaller:profileinstaller:1.3.1] /data/user/0/com.itsaky.androidide/files/home/.gradle/caches/transforms-4/299841805456c1093d07afa28f5508db/transformed/jetified-profileinstaller-1.3.1/AndroidManifest.xml:46:13-48:29
163                <action android:name="androidx.profileinstaller.action.SAVE_PROFILE" />
163-->[androidx.profileinstaller:profileinstaller:1.3.1] /data/user/0/com.itsaky.androidide/files/home/.gradle/caches/transforms-4/299841805456c1093d07afa28f5508db/transformed/jetified-profileinstaller-1.3.1/AndroidManifest.xml:47:17-88
163-->[androidx.profileinstaller:profileinstaller:1.3.1] /data/user/0/com.itsaky.androidide/files/home/.gradle/caches/transforms-4/299841805456c1093d07afa28f5508db/transformed/jetified-profileinstaller-1.3.1/AndroidManifest.xml:47:25-85
164            </intent-filter>
165            <intent-filter>
165-->[androidx.profileinstaller:profileinstaller:1.3.1] /data/user/0/com.itsaky.androidide/files/home/.gradle/caches/transforms-4/299841805456c1093d07afa28f5508db/transformed/jetified-profileinstaller-1.3.1/AndroidManifest.xml:49:13-51:29
166                <action android:name="androidx.profileinstaller.action.BENCHMARK_OPERATION" />
166-->[androidx.profileinstaller:profileinstaller:1.3.1] /data/user/0/com.itsaky.androidide/files/home/.gradle/caches/transforms-4/299841805456c1093d07afa28f5508db/transformed/jetified-profileinstaller-1.3.1/AndroidManifest.xml:50:17-95
166-->[androidx.profileinstaller:profileinstaller:1.3.1] /data/user/0/com.itsaky.androidide/files/home/.gradle/caches/transforms-4/299841805456c1093d07afa28f5508db/transformed/jetified-profileinstaller-1.3.1/AndroidManifest.xml:50:25-92
167            </intent-filter>
168        </receiver>
169    </application>
170
171</manifest>

Merged manifest saved to /storage/emulated/0/AndroidIDEProjects/Mydownloader/app/build/intermediates/merged_manifest/debug/processDebugMainManifest/AndroidManifest.xml
Resolve mutations for :app:processDebugManifest (Thread[Execution worker Thread 3,5,main]) started.
:app:processDebugManifest (Thread[Execution worker Thread 3,5,main]) started.

> Task :app:processDebugManifest
Caching disabled for task ':app:processDebugManifest' because:
  Build cache is disabled
Task ':app:processDebugManifest' is not up-to-date because:
  Input property 'mainMergedManifest' file /storage/emulated/0/AndroidIDEProjects/Mydownloader/app/build/intermediates/merged_manifest/debug/processDebugMainManifest/AndroidManifest.xml has changed.
Resolve mutations for :app:processDebugManifestForPackage (Thread[Execution worker Thread 4,5,main]) started.
:app:processDebugManifestForPackage (Thread[Execution worker Thread 4,5,main]) started.
Resolve mutations for :app:javaPreCompileDebug (Thread[Execution worker,5,main]) started.
:app:javaPreCompileDebug (Thread[Execution worker,5,main]) started.

> Task :app:javaPreCompileDebug UP-TO-DATE
Caching disabled for task ':app:javaPreCompileDebug' because:
  Build cache is disabled
Skipping task ':app:javaPreCompileDebug' as it is up-to-date.

> Task :app:processDebugManifestForPackage
Caching disabled for task ':app:processDebugManifestForPackage' because:
  Build cache is disabled
Task ':app:processDebugManifestForPackage' is not up-to-date because:
  Input property 'mergedManifests' file /storage/emulated/0/AndroidIDEProjects/Mydownloader/app/build/intermediates/merged_manifests/debug/processDebugManifest/AndroidManifest.xml has changed.
Resolve mutations for :app:mergeDebugShaders (Thread[Execution worker Thread 4,5,main]) started.
:app:mergeDebugShaders (Thread[Execution worker Thread 4,5,main]) started.

> Task :app:mergeDebugShaders UP-TO-DATE
Caching disabled for task ':app:mergeDebugShaders' because:
  Build cache is disabled
Skipping task ':app:mergeDebugShaders' as it is up-to-date.
Resolve mutations for :app:compileDebugShaders (Thread[Execution worker Thread 4,5,main]) started.
:app:compileDebugShaders (Thread[Execution worker,5,main]) started.

> Task :app:compileDebugShaders NO-SOURCE
Skipping task ':app:compileDebugShaders' as it has no source files and no previous output files.
Resolve mutations for :app:generateDebugAssets (Thread[Execution worker,5,main]) started.
:app:generateDebugAssets (Thread[Execution worker,5,main]) started.

> Task :app:generateDebugAssets UP-TO-DATE
Skipping task ':app:generateDebugAssets' as it has no actions.
Resolve mutations for :app:mergeDebugAssets (Thread[Execution worker,5,main]) started.
:app:mergeDebugAssets (Thread[Execution worker,5,main]) started.

> Task :app:mergeDebugAssets UP-TO-DATE
Transforming viewbinding-8.4.1.aar (androidx.databinding:viewbinding:8.4.1) with JetifyTransform
Transforming viewbinding-8.4.1.aar (androidx.databinding:viewbinding:8.4.1) with ExtractAarTransform
Transforming viewbinding-8.4.1.aar (androidx.databinding:viewbinding:8.4.1) with AarTransform
Transforming material-1.12.0.aar (com.google.android.material:material:1.12.0) with JetifyTransform
Transforming material-1.12.0.aar (com.google.android.material:material:1.12.0) with ExtractAarTransform
Transforming material-1.12.0.aar (com.google.android.material:material:1.12.0) with AarTransform
Transforming constraintlayout-2.1.4.aar (androidx.constraintlayout:constraintlayout:2.1.4) with JetifyTransform
Transforming constraintlayout-2.1.4.aar (androidx.constraintlayout:constraintlayout:2.1.4) with ExtractAarTransform
Transforming constraintlayout-2.1.4.aar (androidx.constraintlayout:constraintlayout:2.1.4) with AarTransform
Transforming appcompat-resources-1.6.1.aar (androidx.appcompat:appcompat-resources:1.6.1) with JetifyTransform
Transforming appcompat-resources-1.6.1.aar (androidx.appcompat:appcompat-resources:1.6.1) with ExtractAarTransform
Transforming appcompat-resources-1.6.1.aar (androidx.appcompat:appcompat-resources:1.6.1) with AarTransform
Transforming appcompat-1.6.1.aar (androidx.appcompat:appcompat:1.6.1) with JetifyTransform
Transforming appcompat-1.6.1.aar (androidx.appcompat:appcompat:1.6.1) with ExtractAarTransform
Transforming appcompat-1.6.1.aar (androidx.appcompat:appcompat:1.6.1) with AarTransform
Transforming browser-1.8.0.aar (androidx.browser:browser:1.8.0) with JetifyTransform
Transforming browser-1.8.0.aar (androidx.browser:browser:1.8.0) with ExtractAarTransform
Transforming browser-1.8.0.aar (androidx.browser:browser:1.8.0) with AarTransform
Transforming webkit-1.11.0.aar (androidx.webkit:webkit:1.11.0) with JetifyTransform
Transforming webkit-1.11.0.aar (androidx.webkit:webkit:1.11.0) with ExtractAarTransform
Transforming webkit-1.11.0.aar (androidx.webkit:webkit:1.11.0) with AarTransform
Transforming media3-exoplayer-hls-1.3.1.aar (androidx.media3:media3-exoplayer-hls:1.3.1) with JetifyTransform
Transforming media3-exoplayer-hls-1.3.1.aar (androidx.media3:media3-exoplayer-hls:1.3.1) with ExtractAarTransform
Transforming media3-exoplayer-hls-1.3.1.aar (androidx.media3:media3-exoplayer-hls:1.3.1) with AarTransform
Transforming media3-exoplayer-1.3.1.aar (androidx.media3:media3-exoplayer:1.3.1) with JetifyTransform
Transforming media3-exoplayer-1.3.1.aar (androidx.media3:media3-exoplayer:1.3.1) with ExtractAarTransform
Transforming media3-exoplayer-1.3.1.aar (androidx.media3:media3-exoplayer:1.3.1) with AarTransform
Transforming media3-datasource-cronet-1.3.1.aar (androidx.media3:media3-datasource-cronet:1.3.1) with JetifyTransform
Transforming media3-datasource-cronet-1.3.1.aar (androidx.media3:media3-datasource-cronet:1.3.1) with ExtractAarTransform
Transforming media3-datasource-cronet-1.3.1.aar (androidx.media3:media3-datasource-cronet:1.3.1) with AarTransform
Transforming media3-session-1.3.1.aar (androidx.media3:media3-session:1.3.1) with JetifyTransform
Transforming media3-session-1.3.1.aar (androidx.media3:media3-session:1.3.1) with ExtractAarTransform
Transforming media3-session-1.3.1.aar (androidx.media3:media3-session:1.3.1) with AarTransform
Transforming media3-extractor-1.3.1.aar (androidx.media3:media3-extractor:1.3.1) with JetifyTransform
Transforming media3-extractor-1.3.1.aar (androidx.media3:media3-extractor:1.3.1) with ExtractAarTransform
Transforming media3-extractor-1.3.1.aar (androidx.media3:media3-extractor:1.3.1) with AarTransform
Transforming media3-container-1.3.1.aar (androidx.media3:media3-container:1.3.1) with JetifyTransform
Transforming media3-container-1.3.1.aar (androidx.media3:media3-container:1.3.1) with ExtractAarTransform
Transforming media3-container-1.3.1.aar (androidx.media3:media3-container:1.3.1) with AarTransform
Transforming media3-datasource-1.3.1.aar (androidx.media3:media3-datasource:1.3.1) with JetifyTransform
Transforming media3-datasource-1.3.1.aar (androidx.media3:media3-datasource:1.3.1) with ExtractAarTransform
Transforming media3-datasource-1.3.1.aar (androidx.media3:media3-datasource:1.3.1) with AarTransform
Transforming media3-decoder-1.3.1.aar (androidx.media3:media3-decoder:1.3.1) with JetifyTransform
Transforming media3-decoder-1.3.1.aar (androidx.media3:media3-decoder:1.3.1) with ExtractAarTransform
Transforming media3-decoder-1.3.1.aar (androidx.media3:media3-decoder:1.3.1) with AarTransform
Transforming media3-database-1.3.1.aar (androidx.media3:media3-database:1.3.1) with JetifyTransform
Transforming media3-database-1.3.1.aar (androidx.media3:media3-database:1.3.1) with ExtractAarTransform
Transforming media3-database-1.3.1.aar (androidx.media3:media3-database:1.3.1) with AarTransform
Transforming media3-common-1.3.1.aar (androidx.media3:media3-common:1.3.1) with JetifyTransform
Transforming media3-common-1.3.1.aar (androidx.media3:media3-common:1.3.1) with ExtractAarTransform
Transforming media3-common-1.3.1.aar (androidx.media3:media3-common:1.3.1) with AarTransform
Transforming media3-ui-1.3.1.aar (androidx.media3:media3-ui:1.3.1) with JetifyTransform
Transforming media3-ui-1.3.1.aar (androidx.media3:media3-ui:1.3.1) with ExtractAarTransform
Transforming media3-ui-1.3.1.aar (androidx.media3:media3-ui:1.3.1) with AarTransform
Transforming media-1.7.0.aar (androidx.media:media:1.7.0) with JetifyTransform
Transforming media-1.7.0.aar (androidx.media:media:1.7.0) with ExtractAarTransform
Transforming media-1.7.0.aar (androidx.media:media:1.7.0) with AarTransform
Transforming viewpager2-1.1.0-beta02.aar (androidx.viewpager2:viewpager2:1.1.0-beta02) with JetifyTransform
Transforming viewpager2-1.1.0-beta02.aar (androidx.viewpager2:viewpager2:1.1.0-beta02) with ExtractAarTransform
Transforming viewpager2-1.1.0-beta02.aar (androidx.viewpager2:viewpager2:1.1.0-beta02) with AarTransform
Transforming recyclerview-1.3.2.aar (androidx.recyclerview:recyclerview:1.3.2) with JetifyTransform
Transforming recyclerview-1.3.2.aar (androidx.recyclerview:recyclerview:1.3.2) with ExtractAarTransform
Transforming recyclerview-1.3.2.aar (androidx.recyclerview:recyclerview:1.3.2) with AarTransform
Transforming emoji2-views-helper-1.2.0.aar (androidx.emoji2:emoji2-views-helper:1.2.0) with JetifyTransform
Transforming emoji2-views-helper-1.2.0.aar (androidx.emoji2:emoji2-views-helper:1.2.0) with ExtractAarTransform
Transforming emoji2-views-helper-1.2.0.aar (androidx.emoji2:emoji2-views-helper:1.2.0) with AarTransform
Transforming emoji2-1.2.0.aar (androidx.emoji2:emoji2:1.2.0) with JetifyTransform
Transforming emoji2-1.2.0.aar (androidx.emoji2:emoji2:1.2.0) with ExtractAarTransform
Transforming emoji2-1.2.0.aar (androidx.emoji2:emoji2:1.2.0) with AarTransform
Transforming glide-4.16.0.aar (com.github.bumptech.glide:glide:4.16.0) with JetifyTransform
Transforming glide-4.16.0.aar (com.github.bumptech.glide:glide:4.16.0) with ExtractAarTransform
Transforming glide-4.16.0.aar (com.github.bumptech.glide:glide:4.16.0) with AarTransform
Transforming play-services-cronet-18.0.1.aar (com.google.android.gms:play-services-cronet:18.0.1) with JetifyTransform
Transforming play-services-cronet-18.0.1.aar (com.google.android.gms:play-services-cronet:18.0.1) with ExtractAarTransform
Transforming play-services-cronet-18.0.1.aar (com.google.android.gms:play-services-cronet:18.0.1) with AarTransform
Transforming play-services-base-18.0.1.aar (com.google.android.gms:play-services-base:18.0.1) with JetifyTransform
Transforming play-services-base-18.0.1.aar (com.google.android.gms:play-services-base:18.0.1) with ExtractAarTransform
Transforming play-services-base-18.0.1.aar (com.google.android.gms:play-services-base:18.0.1) with AarTransform
Transforming play-services-tasks-18.0.1.aar (com.google.android.gms:play-services-tasks:18.0.1) with JetifyTransform
Transforming play-services-tasks-18.0.1.aar (com.google.android.gms:play-services-tasks:18.0.1) with ExtractAarTransform
Transforming play-services-tasks-18.0.1.aar (com.google.android.gms:play-services-tasks:18.0.1) with AarTransform
Transforming play-services-basement-18.0.0.aar (com.google.android.gms:play-services-basement:18.0.0) with JetifyTransform
Transforming play-services-basement-18.0.0.aar (com.google.android.gms:play-services-basement:18.0.0) with ExtractAarTransform
Transforming play-services-basement-18.0.0.aar (com.google.android.gms:play-services-basement:18.0.0) with AarTransform
Transforming fragment-1.3.6.aar (androidx.fragment:fragment:1.3.6) with JetifyTransform
Transforming fragment-1.3.6.aar (androidx.fragment:fragment:1.3.6) with ExtractAarTransform
Transforming fragment-1.3.6.aar (androidx.fragment:fragment:1.3.6) with AarTransform
Transforming fragment-1.3.6.aar (androidx.fragment:fragment:1.3.6) with JetifyTransform
Transforming fragment-1.3.6.aar (androidx.fragment:fragment:1.3.6) with ExtractAarTransform
Transforming fragment-1.3.6.aar (androidx.fragment:fragment:1.3.6) with AarTransform
Transforming activity-1.8.0.aar (androidx.activity:activity:1.8.0) with JetifyTransform
Transforming activity-1.8.0.aar (androidx.activity:activity:1.8.0) with ExtractAarTransform
Transforming activity-1.8.0.aar (androidx.activity:activity:1.8.0) with AarTransform
Transforming drawerlayout-1.1.1.aar (androidx.drawerlayout:drawerlayout:1.1.1) with JetifyTransform
Transforming drawerlayout-1.1.1.aar (androidx.drawerlayout:drawerlayout:1.1.1) with ExtractAarTransform
Transforming drawerlayout-1.1.1.aar (androidx.drawerlayout:drawerlayout:1.1.1) with AarTransform
Transforming coordinatorlayout-1.1.0.aar (androidx.coordinatorlayout:coordinatorlayout:1.1.0) with JetifyTransform
Transforming coordinatorlayout-1.1.0.aar (androidx.coordinatorlayout:coordinatorlayout:1.1.0) with ExtractAarTransform
Transforming coordinatorlayout-1.1.0.aar (androidx.coordinatorlayout:coordinatorlayout:1.1.0) with AarTransform
Transforming transition-1.5.0.aar (androidx.transition:transition:1.5.0) with JetifyTransform
Transforming transition-1.5.0.aar (androidx.transition:transition:1.5.0) with ExtractAarTransform
Transforming transition-1.5.0.aar (androidx.transition:transition:1.5.0) with AarTransform
Transforming dynamicanimation-1.0.0.aar (androidx.dynamicanimation:dynamicanimation:1.0.0) with JetifyTransform
Transforming dynamicanimation-1.0.0.aar (androidx.dynamicanimation:dynamicanimation:1.0.0) with ExtractAarTransform
Transforming dynamicanimation-1.0.0.aar (androidx.dynamicanimation:dynamicanimation:1.0.0) with AarTransform
Transforming vectordrawable-animated-1.1.0.aar (androidx.vectordrawable:vectordrawable-animated:1.1.0) with JetifyTransform
Transforming vectordrawable-animated-1.1.0.aar (androidx.vectordrawable:vectordrawable-animated:1.1.0) with ExtractAarTransform
Transforming vectordrawable-animated-1.1.0.aar (androidx.vectordrawable:vectordrawable-animated:1.1.0) with AarTransform
Transforming vectordrawable-1.1.0.aar (androidx.vectordrawable:vectordrawable:1.1.0) with JetifyTransform
Transforming vectordrawable-1.1.0.aar (androidx.vectordrawable:vectordrawable:1.1.0) with ExtractAarTransform
Transforming vectordrawable-1.1.0.aar (androidx.vectordrawable:vectordrawable:1.1.0) with AarTransform
Transforming vectordrawable-1.1.0.aar (androidx.vectordrawable:vectordrawable:1.1.0) with JetifyTransform
Transforming vectordrawable-1.1.0.aar (androidx.vectordrawable:vectordrawable:1.1.0) with ExtractAarTransform
Transforming vectordrawable-1.1.0.aar (androidx.vectordrawable:vectordrawable:1.1.0) with AarTransform
Transforming viewpager-1.0.0.aar (androidx.viewpager:viewpager:1.0.0) with JetifyTransform
Transforming viewpager-1.0.0.aar (androidx.viewpager:viewpager:1.0.0) with ExtractAarTransform
Transforming viewpager-1.0.0.aar (androidx.viewpager:viewpager:1.0.0) with AarTransform
Transforming legacy-support-core-utils-1.0.0.aar (androidx.legacy:legacy-support-core-utils:1.0.0) with JetifyTransform
Transforming legacy-support-core-utils-1.0.0.aar (androidx.legacy:legacy-support-core-utils:1.0.0) with ExtractAarTransform
Transforming legacy-support-core-utils-1.0.0.aar (androidx.legacy:legacy-support-core-utils:1.0.0) with AarTransform
Transforming loader-1.0.0.aar (androidx.loader:loader:1.0.0) with JetifyTransform
Transforming loader-1.0.0.aar (androidx.loader:loader:1.0.0) with ExtractAarTransform
Transforming loader-1.0.0.aar (androidx.loader:loader:1.0.0) with AarTransform
Transforming loader-1.0.0.aar (androidx.loader:loader:1.0.0) with JetifyTransform
Transforming loader-1.0.0.aar (androidx.loader:loader:1.0.0) with ExtractAarTransform
Transforming loader-1.0.0.aar (androidx.loader:loader:1.0.0) with AarTransform
Transforming customview-1.1.0.aar (androidx.customview:customview:1.1.0) with JetifyTransform
Transforming customview-1.1.0.aar (androidx.customview:customview:1.1.0) with ExtractAarTransform
Transforming customview-1.1.0.aar (androidx.customview:customview:1.1.0) with AarTransform
Transforming customview-1.1.0.aar (androidx.customview:customview:1.1.0) with JetifyTransform
Transforming customview-1.1.0.aar (androidx.customview:customview:1.1.0) with ExtractAarTransform
Transforming customview-1.1.0.aar (androidx.customview:customview:1.1.0) with AarTransform
Transforming core-1.13.1.aar (androidx.core:core:1.13.1) with JetifyTransform
Transforming core-1.13.1.aar (androidx.core:core:1.13.1) with ExtractAarTransform
Transforming core-1.13.1.aar (androidx.core:core:1.13.1) with AarTransform
Transforming core-1.13.1.aar (androidx.core:core:1.13.1) with JetifyTransform
Transforming core-1.13.1.aar (androidx.core:core:1.13.1) with ExtractAarTransform
Transforming core-1.13.1.aar (androidx.core:core:1.13.1) with AarTransform
Transforming customview-poolingcontainer-1.0.0.aar (androidx.customview:customview-poolingcontainer:1.0.0) with JetifyTransform
Transforming customview-poolingcontainer-1.0.0.aar (androidx.customview:customview-poolingcontainer:1.0.0) with ExtractAarTransform
Transforming customview-poolingcontainer-1.0.0.aar (androidx.customview:customview-poolingcontainer:1.0.0) with AarTransform
Transforming savedstate-1.2.1.aar (androidx.savedstate:savedstate:1.2.1) with JetifyTransform
Transforming savedstate-1.2.1.aar (androidx.savedstate:savedstate:1.2.1) with ExtractAarTransform
Transforming savedstate-1.2.1.aar (androidx.savedstate:savedstate:1.2.1) with AarTransform
Transforming lifecycle-livedata-core-ktx-2.8.2.aar (androidx.lifecycle:lifecycle-livedata-core-ktx:2.8.2) with JetifyTransform
Transforming lifecycle-livedata-core-ktx-2.8.2.aar (androidx.lifecycle:lifecycle-livedata-core-ktx:2.8.2) with ExtractAarTransform
Transforming lifecycle-livedata-core-ktx-2.8.2.aar (androidx.lifecycle:lifecycle-livedata-core-ktx:2.8.2) with AarTransform
Transforming lifecycle-viewmodel-2.8.2.aar (androidx.lifecycle:lifecycle-viewmodel:2.8.2) with JetifyTransform
Transforming lifecycle-viewmodel-2.8.2.aar (androidx.lifecycle:lifecycle-viewmodel:2.8.2) with ExtractAarTransform
Transforming lifecycle-viewmodel-2.8.2.aar (androidx.lifecycle:lifecycle-viewmodel:2.8.2) with AarTransform
Transforming lifecycle-viewmodel-release.aar (androidx.lifecycle:lifecycle-viewmodel-android:2.8.2) with JetifyTransform
Transforming lifecycle-viewmodel-release.aar (androidx.lifecycle:lifecycle-viewmodel-android:2.8.2) with ExtractAarTransform
Transforming lifecycle-viewmodel-release.aar (androidx.lifecycle:lifecycle-viewmodel-android:2.8.2) with AarTransform
Transforming lifecycle-runtime-release.aar (androidx.lifecycle:lifecycle-runtime-android:2.8.2) with JetifyTransform
Transforming lifecycle-runtime-release.aar (androidx.lifecycle:lifecycle-runtime-android:2.8.2) with ExtractAarTransform
Transforming lifecycle-runtime-release.aar (androidx.lifecycle:lifecycle-runtime-android:2.8.2) with AarTransform
Transforming lifecycle-livedata-2.8.2.aar (androidx.lifecycle:lifecycle-livedata:2.8.2) with JetifyTransform
Transforming lifecycle-livedata-2.8.2.aar (androidx.lifecycle:lifecycle-livedata:2.8.2) with ExtractAarTransform
Transforming lifecycle-livedata-2.8.2.aar (androidx.lifecycle:lifecycle-livedata:2.8.2) with AarTransform
Transforming lifecycle-process-2.8.2.aar (androidx.lifecycle:lifecycle-process:2.8.2) with JetifyTransform
Transforming lifecycle-process-2.8.2.aar (androidx.lifecycle:lifecycle-process:2.8.2) with ExtractAarTransform
Transforming lifecycle-process-2.8.2.aar (androidx.lifecycle:lifecycle-process:2.8.2) with AarTransform
Transforming lifecycle-livedata-core-2.8.2.aar (androidx.lifecycle:lifecycle-livedata-core:2.8.2) with JetifyTransform
Transforming lifecycle-livedata-core-2.8.2.aar (androidx.lifecycle:lifecycle-livedata-core:2.8.2) with ExtractAarTransform
Transforming lifecycle-livedata-core-2.8.2.aar (androidx.lifecycle:lifecycle-livedata-core:2.8.2) with AarTransform
Transforming lifecycle-runtime-ktx-release.aar (androidx.lifecycle:lifecycle-runtime-ktx-android:2.8.2) with JetifyTransform
Transforming lifecycle-runtime-ktx-release.aar (androidx.lifecycle:lifecycle-runtime-ktx-android:2.8.2) with ExtractAarTransform
Transforming lifecycle-runtime-ktx-release.aar (androidx.lifecycle:lifecycle-runtime-ktx-android:2.8.2) with AarTransform
Transforming lifecycle-viewmodel-savedstate-2.8.2.aar (androidx.lifecycle:lifecycle-viewmodel-savedstate:2.8.2) with JetifyTransform
Transforming lifecycle-viewmodel-savedstate-2.8.2.aar (androidx.lifecycle:lifecycle-viewmodel-savedstate:2.8.2) with ExtractAarTransform
Transforming lifecycle-viewmodel-savedstate-2.8.2.aar (androidx.lifecycle:lifecycle-viewmodel-savedstate:2.8.2) with AarTransform
Transforming core-ktx-1.13.1.aar (androidx.core:core-ktx:1.13.1) with JetifyTransform
Transforming core-ktx-1.13.1.aar (androidx.core:core-ktx:1.13.1) with ExtractAarTransform
Transforming core-ktx-1.13.1.aar (androidx.core:core-ktx:1.13.1) with AarTransform
Transforming room-runtime-2.6.1.aar (androidx.room:room-runtime:2.6.1) with JetifyTransform
Transforming room-runtime-2.6.1.aar (androidx.room:room-runtime:2.6.1) with ExtractAarTransform
Transforming room-runtime-2.6.1.aar (androidx.room:room-runtime:2.6.1) with AarTransform
Transforming room-ktx-2.6.1.aar (androidx.room:room-ktx:2.6.1) with JetifyTransform
Transforming room-ktx-2.6.1.aar (androidx.room:room-ktx:2.6.1) with ExtractAarTransform
Transforming room-ktx-2.6.1.aar (androidx.room:room-ktx:2.6.1) with AarTransform
Transforming annotation-experimental-1.4.0.aar (androidx.annotation:annotation-experimental:1.4.0) with JetifyTransform
Transforming annotation-experimental-1.4.0.aar (androidx.annotation:annotation-experimental:1.4.0) with ExtractAarTransform
Transforming annotation-experimental-1.4.0.aar (androidx.annotation:annotation-experimental:1.4.0) with AarTransform
Transforming sqlite-framework-2.4.0.aar (androidx.sqlite:sqlite-framework:2.4.0) with JetifyTransform
Transforming sqlite-framework-2.4.0.aar (androidx.sqlite:sqlite-framework:2.4.0) with ExtractAarTransform
Transforming sqlite-framework-2.4.0.aar (androidx.sqlite:sqlite-framework:2.4.0) with AarTransform
Transforming sqlite-2.4.0.aar (androidx.sqlite:sqlite:2.4.0) with JetifyTransform
Transforming sqlite-2.4.0.aar (androidx.sqlite:sqlite:2.4.0) with ExtractAarTransform
Transforming sqlite-2.4.0.aar (androidx.sqlite:sqlite:2.4.0) with AarTransform
Transforming localbroadcastmanager-1.1.0.aar (androidx.localbroadcastmanager:localbroadcastmanager:1.1.0) with JetifyTransform
Transforming localbroadcastmanager-1.1.0.aar (androidx.localbroadcastmanager:localbroadcastmanager:1.1.0) with ExtractAarTransform
Transforming localbroadcastmanager-1.1.0.aar (androidx.localbroadcastmanager:localbroadcastmanager:1.1.0) with AarTransform
Transforming localbroadcastmanager-1.1.0.aar (androidx.localbroadcastmanager:localbroadcastmanager:1.1.0) with JetifyTransform
Transforming localbroadcastmanager-1.1.0.aar (androidx.localbroadcastmanager:localbroadcastmanager:1.1.0) with ExtractAarTransform
Transforming localbroadcastmanager-1.1.0.aar (androidx.localbroadcastmanager:localbroadcastmanager:1.1.0) with AarTransform
Transforming interpolator-1.0.0.aar (androidx.interpolator:interpolator:1.0.0) with JetifyTransform
Transforming interpolator-1.0.0.aar (androidx.interpolator:interpolator:1.0.0) with ExtractAarTransform
Transforming interpolator-1.0.0.aar (androidx.interpolator:interpolator:1.0.0) with AarTransform
Transforming interpolator-1.0.0.aar (androidx.interpolator:interpolator:1.0.0) with JetifyTransform
Transforming interpolator-1.0.0.aar (androidx.interpolator:interpolator:1.0.0) with ExtractAarTransform
Transforming interpolator-1.0.0.aar (androidx.interpolator:interpolator:1.0.0) with AarTransform
Transforming cursoradapter-1.0.0.aar (androidx.cursoradapter:cursoradapter:1.0.0) with JetifyTransform
Transforming cursoradapter-1.0.0.aar (androidx.cursoradapter:cursoradapter:1.0.0) with ExtractAarTransform
Transforming cursoradapter-1.0.0.aar (androidx.cursoradapter:cursoradapter:1.0.0) with AarTransform
Transforming cardview-1.0.0.aar (androidx.cardview:cardview:1.0.0) with JetifyTransform
Transforming cardview-1.0.0.aar (androidx.cardview:cardview:1.0.0) with ExtractAarTransform
Transforming cardview-1.0.0.aar (androidx.cardview:cardview:1.0.0) with AarTransform
Transforming versionedparcelable-1.1.1.aar (androidx.versionedparcelable:versionedparcelable:1.1.1) with JetifyTransform
Transforming versionedparcelable-1.1.1.aar (androidx.versionedparcelable:versionedparcelable:1.1.1) with ExtractAarTransform
Transforming versionedparcelable-1.1.1.aar (androidx.versionedparcelable:versionedparcelable:1.1.1) with AarTransform
Transforming exifinterface-1.3.6.aar (androidx.exifinterface:exifinterface:1.3.6) with JetifyTransform
Transforming exifinterface-1.3.6.aar (androidx.exifinterface:exifinterface:1.3.6) with ExtractAarTransform
Transforming exifinterface-1.3.6.aar (androidx.exifinterface:exifinterface:1.3.6) with AarTransform
Transforming core-runtime-2.2.0.aar (androidx.arch.core:core-runtime:2.2.0) with JetifyTransform
Transforming core-runtime-2.2.0.aar (androidx.arch.core:core-runtime:2.2.0) with ExtractAarTransform
Transforming core-runtime-2.2.0.aar (androidx.arch.core:core-runtime:2.2.0) with AarTransform
Transforming gifdecoder-4.16.0.aar (com.github.bumptech.glide:gifdecoder:4.16.0) with JetifyTransform
Transforming gifdecoder-4.16.0.aar (com.github.bumptech.glide:gifdecoder:4.16.0) with ExtractAarTransform
Transforming gifdecoder-4.16.0.aar (com.github.bumptech.glide:gifdecoder:4.16.0) with AarTransform
Transforming profileinstaller-1.3.1.aar (androidx.profileinstaller:profileinstaller:1.3.1) with JetifyTransform
Transforming profileinstaller-1.3.1.aar (androidx.profileinstaller:profileinstaller:1.3.1) with ExtractAarTransform
Transforming profileinstaller-1.3.1.aar (androidx.profileinstaller:profileinstaller:1.3.1) with AarTransform
Transforming startup-runtime-1.1.1.aar (androidx.startup:startup-runtime:1.1.1) with JetifyTransform
Transforming startup-runtime-1.1.1.aar (androidx.startup:startup-runtime:1.1.1) with ExtractAarTransform
Transforming startup-runtime-1.1.1.aar (androidx.startup:startup-runtime:1.1.1) with AarTransform
Transforming tracing-1.0.0.aar (androidx.tracing:tracing:1.0.0) with JetifyTransform
Transforming tracing-1.0.0.aar (androidx.tracing:tracing:1.0.0) with ExtractAarTransform
Transforming tracing-1.0.0.aar (androidx.tracing:tracing:1.0.0) with AarTransform
Transforming documentfile-1.0.0.aar (androidx.documentfile:documentfile:1.0.0) with JetifyTransform
Transforming documentfile-1.0.0.aar (androidx.documentfile:documentfile:1.0.0) with ExtractAarTransform
Transforming documentfile-1.0.0.aar (androidx.documentfile:documentfile:1.0.0) with AarTransform
Transforming print-1.0.0.aar (androidx.print:print:1.0.0) with JetifyTransform
Transforming print-1.0.0.aar (androidx.print:print:1.0.0) with ExtractAarTransform
Transforming print-1.0.0.aar (androidx.print:print:1.0.0) with AarTransform
Transforming cronet-api-72.3626.96.aar (org.chromium.net:cronet-api:72.3626.96) with JetifyTransform
Transforming cronet-api-72.3626.96.aar (org.chromium.net:cronet-api:72.3626.96) with ExtractAarTransform
Transforming cronet-api-72.3626.96.aar (org.chromium.net:cronet-api:72.3626.96) with AarTransform
Caching disabled for task ':app:mergeDebugAssets' because:
  Build cache is disabled
Skipping task ':app:mergeDebugAssets' as it is up-to-date.
Resolve mutations for :app:compressDebugAssets (Thread[Execution worker,5,main]) started.
:app:compressDebugAssets (Thread[Execution worker,5,main]) started.

> Task :app:compressDebugAssets UP-TO-DATE
Caching disabled for task ':app:compressDebugAssets' because:
  Build cache is disabled
Skipping task ':app:compressDebugAssets' as it is up-to-date.
Resolve mutations for :app:desugarDebugFileDependencies (Thread[Execution worker,5,main]) started.
:app:desugarDebugFileDependencies (Thread[Execution worker Thread 7,5,main]) started.

> Task :app:desugarDebugFileDependencies UP-TO-DATE
Caching disabled for task ':app:desugarDebugFileDependencies' because:
  Build cache is disabled
Skipping task ':app:desugarDebugFileDependencies' as it is up-to-date.
Resolve mutations for :app:checkDebugDuplicateClasses (Thread[Execution worker Thread 7,5,main]) started.
:app:checkDebugDuplicateClasses (Thread[Execution worker,5,main]) started.

> Task :app:mergeDebugResources
Compiling XML table /storage/emulated/0/AndroidIDEProjects/Mydownloader/app/build/intermediates/incremental/debug/mergeDebugResources/merged.dir/values-b+sr+Latn/values-b+sr+Latn.xml to /storage/emulated/0/AndroidIDEProjects/Mydownloader/app/build/intermediates/merged_res/debug/mergeDebugResources/values-b+sr+Latn_values-b+sr+Latn.arsc.flat
Compiling XML table /storage/emulated/0/AndroidIDEProjects/Mydownloader/app/build/intermediates/incremental/debug/mergeDebugResources/merged.dir/values-pt-rPT/values-pt-rPT.xml to /storage/emulated/0/AndroidIDEProjects/Mydownloader/app/build/intermediates/merged_res/debug/mergeDebugResources/values-pt-rPT_values-pt-rPT.arsc.flat
Compiling XML table /storage/emulated/0/AndroidIDEProjects/Mydownloader/app/build/intermediates/incremental/debug/mergeDebugResources/merged.dir/values-hu/values-hu.xml to /storage/emulated/0/AndroidIDEProjects/Mydownloader/app/build/intermediates/merged_res/debug/mergeDebugResources/values-hu_values-hu.arsc.flat
Compiling XML table /storage/emulated/0/AndroidIDEProjects/Mydownloader/app/build/intermediates/incremental/debug/mergeDebugResources/merged.dir/values-h360dp-land-v13/values-h360dp-land-v13.xml to /storage/emulated/0/AndroidIDEProjects/Mydownloader/app/build/intermediates/merged_res/debug/mergeDebugResources/values-h360dp-land-v13_values-h360dp-land-v13.arsc.flat
Compiling XML table /storage/emulated/0/AndroidIDEProjects/Mydownloader/app/build/intermediates/incremental/debug/mergeDebugResources/merged.dir/values-v26/values-v26.xml to /storage/emulated/0/AndroidIDEProjects/Mydownloader/app/build/intermediates/merged_res/debug/mergeDebugResources/values-v26_values-v26.arsc.flat
Compiling XML table /storage/emulated/0/AndroidIDEProjects/Mydownloader/app/build/intermediates/incremental/debug/mergeDebugResources/merged.dir/values-be/values-be.xml to /storage/emulated/0/AndroidIDEProjects/Mydownloader/app/build/intermediates/merged_res/debug/mergeDebugResources/values-be_values-be.arsc.flat
Compiling XML table /storage/emulated/0/AndroidIDEProjects/Mydownloader/app/build/intermediates/incremental/debug/mergeDebugResources/merged.dir/values-ru/values-ru.xml to /storage/emulated/0/AndroidIDEProjects/Mydownloader/app/build/intermediates/merged_res/debug/mergeDebugResources/values-ru_values-ru.arsc.flat
Compiling XML table /storage/emulated/0/AndroidIDEProjects/Mydownloader/app/build/intermediates/incremental/debug/mergeDebugResources/merged.dir/values-v22/values-v22.xml to /storage/emulated/0/AndroidIDEProjects/Mydownloader/app/build/intermediates/merged_res/debug/mergeDebugResources/values-v22_values-v22.arsc.flat
Compiling XML table /storage/emulated/0/AndroidIDEProjects/Mydownloader/app/build/intermediates/incremental/debug/mergeDebugResources/merged.dir/values-h480dp-land-v13/values-h480dp-land-v13.xml to /storage/emulated/0/AndroidIDEProjects/Mydownloader/app/build/intermediates/merged_res/debug/mergeDebugResources/values-h480dp-land-v13_values-h480dp-land-v13.arsc.flat
Compiling XML table /storage/emulated/0/AndroidIDEProjects/Mydownloader/app/build/intermediates/incremental/debug/mergeDebugResources/merged.dir/values-bn/values-bn.xml to /storage/emulated/0/AndroidIDEProjects/Mydownloader/app/build/intermediates/merged_res/debug/mergeDebugResources/values-bn_values-bn.arsc.flat
Compiling XML table /storage/emulated/0/AndroidIDEProjects/Mydownloader/app/build/intermediates/incremental/debug/mergeDebugResources/merged.dir/values-sk/values-sk.xml to /storage/emulated/0/AndroidIDEProjects/Mydownloader/app/build/intermediates/merged_res/debug/mergeDebugResources/values-sk_values-sk.arsc.flat
Compiling XML table /storage/emulated/0/AndroidIDEProjects/Mydownloader/app/build/intermediates/incremental/debug/mergeDebugResources/merged.dir/values-af/values-af.xml to /storage/emulated/0/AndroidIDEProjects/Mydownloader/app/build/intermediates/merged_res/debug/mergeDebugResources/values-af_values-af.arsc.flat
Compiling XML table /storage/emulated/0/AndroidIDEProjects/Mydownloader/app/build/intermediates/incremental/debug/mergeDebugResources/merged.dir/values-bs/values-bs.xml to /storage/emulated/0/AndroidIDEProjects/Mydownloader/app/build/intermediates/merged_res/debug/mergeDebugResources/values-bs_values-bs.arsc.flat
Compiling XML table /storage/emulated/0/AndroidIDEProjects/Mydownloader/app/build/intermediates/incremental/debug/mergeDebugResources/merged.dir/values-si/values-si.xml to /storage/emulated/0/AndroidIDEProjects/Mydownloader/app/build/intermediates/merged_res/debug/mergeDebugResources/values-si_values-si.arsc.flat
Compiling XML table /storage/emulated/0/AndroidIDEProjects/Mydownloader/app/build/intermediates/incremental/debug/mergeDebugResources/merged.dir/values-v34/values-v34.xml to /storage/emulated/0/AndroidIDEProjects/Mydownloader/app/build/intermediates/merged_res/debug/mergeDebugResources/values-v34_values-v34.arsc.flat
Compiling XML table /storage/emulated/0/AndroidIDEProjects/Mydownloader/app/build/intermediates/incremental/debug/mergeDebugResources/merged.dir/values-sl/values-sl.xml to /storage/emulated/0/AndroidIDEProjects/Mydownloader/app/build/intermediates/merged_res/debug/mergeDebugResources/values-sl_values-sl.arsc.flat
Compiling XML table /storage/emulated/0/AndroidIDEProjects/Mydownloader/app/build/intermediates/incremental/debug/mergeDebugResources/merged.dir/values-km/values-km.xml to /storage/emulated/0/AndroidIDEProjects/Mydownloader/app/build/intermediates/merged_res/debug/mergeDebugResources/values-km_values-km.arsc.flat
Compiling XML table /storage/emulated/0/AndroidIDEProjects/Mydownloader/app/build/intermediates/incremental/debug/mergeDebugResources/merged.dir/values-sv/values-sv.xml to /storage/emulated/0/AndroidIDEProjects/Mydownloader/app/build/intermediates/merged_res/debug/mergeDebugResources/values-sv_values-sv.arsc.flat
Compiling XML table /storage/emulated/0/AndroidIDEProjects/Mydownloader/app/build/intermediates/incremental/debug/mergeDebugResources/merged.dir/values-kn/values-kn.xml to /storage/emulated/0/AndroidIDEProjects/Mydownloader/app/build/intermediates/merged_res/debug/mergeDebugResources/values-kn_values-kn.arsc.flat
Compiling XML table /storage/emulated/0/AndroidIDEProjects/Mydownloader/app/build/intermediates/incremental/debug/mergeDebugResources/merged.dir/values-ca/values-ca.xml to /storage/emulated/0/AndroidIDEProjects/Mydownloader/app/build/intermediates/merged_res/debug/mergeDebugResources/values-ca_values-ca.arsc.flat
Compiling XML table /storage/emulated/0/AndroidIDEProjects/Mydownloader/app/build/intermediates/incremental/debug/mergeDebugResources/merged.dir/values-iw/values-iw.xml to /storage/emulated/0/AndroidIDEProjects/Mydownloader/app/build/intermediates/merged_res/debug/mergeDebugResources/values-iw_values-iw.arsc.flat
Compiling XML table /storage/emulated/0/AndroidIDEProjects/Mydownloader/app/build/intermediates/incremental/debug/mergeDebugResources/merged.dir/values-ko/values-ko.xml to /storage/emulated/0/AndroidIDEProjects/Mydownloader/app/build/intermediates/merged_res/debug/mergeDebugResources/values-ko_values-ko.arsc.flat
Compiling XML table /storage/emulated/0/AndroidIDEProjects/Mydownloader/app/build/intermediates/incremental/debug/mergeDebugResources/merged.dir/values-sw/values-sw.xml to /storage/emulated/0/AndroidIDEProjects/Mydownloader/app/build/intermediates/merged_res/debug/mergeDebugResources/values-sw_values-sw.arsc.flat
Compiling XML table /storage/emulated/0/AndroidIDEProjects/Mydownloader/app/build/intermediates/incremental/debug/mergeDebugResources/merged.dir/values-cs/values-cs.xml to /storage/emulated/0/AndroidIDEProjects/Mydownloader/app/build/intermediates/merged_res/debug/mergeDebugResources/values-cs_values-cs.arsc.flat
Compiling XML table /storage/emulated/0/AndroidIDEProjects/Mydownloader/app/build/intermediates/incremental/debug/mergeDebugResources/merged.dir/values-te/values-te.xml to /storage/emulated/0/AndroidIDEProjects/Mydownloader/app/build/intermediates/merged_res/debug/mergeDebugResources/values-te_values-te.arsc.flat
Compiling XML table /storage/emulated/0/AndroidIDEProjects/Mydownloader/app/build/intermediates/incremental/debug/mergeDebugResources/merged.dir/values-tl/values-tl.xml to /storage/emulated/0/AndroidIDEProjects/Mydownloader/app/build/intermediates/merged_res/debug/mergeDebugResources/values-tl_values-tl.arsc.flat
Compiling XML table /storage/emulated/0/AndroidIDEProjects/Mydownloader/app/build/intermediates/incremental/debug/mergeDebugResources/merged.dir/values-th/values-th.xml to /storage/emulated/0/AndroidIDEProjects/Mydownloader/app/build/intermediates/merged_res/debug/mergeDebugResources/values-th_values-th.arsc.flat
Compiling XML table /storage/emulated/0/AndroidIDEProjects/Mydownloader/app/build/intermediates/incremental/debug/mergeDebugResources/merged.dir/values-h720dp-v13/values-h720dp-v13.xml to /storage/emulated/0/AndroidIDEProjects/Mydownloader/app/build/intermediates/merged_res/debug/mergeDebugResources/values-h720dp-v13_values-h720dp-v13.arsc.flat
Compiling XML table /storage/emulated/0/AndroidIDEProjects/Mydownloader/app/build/intermediates/incremental/debug/mergeDebugResources/merged.dir/values-v25/values-v25.xml to /storage/emulated/0/AndroidIDEProjects/Mydownloader/app/build/intermediates/merged_res/debug/mergeDebugResources/values-v25_values-v25.arsc.flat
Compiling XML table /storage/emulated/0/AndroidIDEProjects/Mydownloader/app/build/intermediates/incremental/debug/mergeDebugResources/merged.dir/values-de/values-de.xml to /storage/emulated/0/AndroidIDEProjects/Mydownloader/app/build/intermediates/merged_res/debug/mergeDebugResources/values-de_values-de.arsc.flat
Compiling XML table /storage/emulated/0/AndroidIDEProjects/Mydownloader/app/build/intermediates/incremental/debug/mergeDebugResources/merged.dir/values-en-rAU/values-en-rAU.xml to /storage/emulated/0/AndroidIDEProjects/Mydownloader/app/build/intermediates/merged_res/debug/mergeDebugResources/values-en-rAU_values-en-rAU.arsc.flat
Compiling XML table /storage/emulated/0/AndroidIDEProjects/Mydownloader/app/build/intermediates/incremental/debug/mergeDebugResources/merged.dir/values-ro/values-ro.xml to /storage/emulated/0/AndroidIDEProjects/Mydownloader/app/build/intermediates/merged_res/debug/mergeDebugResources/values-ro_values-ro.arsc.flat
Compiling XML table /storage/emulated/0/AndroidIDEProjects/Mydownloader/app/build/intermediates/incremental/debug/mergeDebugResources/merged.dir/values-lt/values-lt.xml to /storage/emulated/0/AndroidIDEProjects/Mydownloader/app/build/intermediates/merged_res/debug/mergeDebugResources/values-lt_values-lt.arsc.flat
Compiling XML table /storage/emulated/0/AndroidIDEProjects/Mydownloader/app/build/intermediates/incremental/debug/mergeDebugResources/merged.dir/values-lo/values-lo.xml to /storage/emulated/0/AndroidIDEProjects/Mydownloader/app/build/intermediates/merged_res/debug/mergeDebugResources/values-lo_values-lo.arsc.flat
Compiling XML table /storage/emulated/0/AndroidIDEProjects/Mydownloader/app/build/intermediates/incremental/debug/mergeDebugResources/merged.dir/values-lv/values-lv.xml to /storage/emulated/0/AndroidIDEProjects/Mydownloader/app/build/intermediates/merged_res/debug/mergeDebugResources/values-lv_values-lv.arsc.flat
Compiling XML table /storage/emulated/0/AndroidIDEProjects/Mydownloader/app/build/intermediates/incremental/debug/mergeDebugResources/merged.dir/values-uk/values-uk.xml to /storage/emulated/0/AndroidIDEProjects/Mydownloader/app/build/intermediates/merged_res/debug/mergeDebugResources/values-uk_values-uk.arsc.flat
Compiling XML table /storage/emulated/0/AndroidIDEProjects/Mydownloader/app/build/intermediates/incremental/debug/mergeDebugResources/merged.dir/values-en-rCA/values-en-rCA.xml to /storage/emulated/0/AndroidIDEProjects/Mydownloader/app/build/intermediates/merged_res/debug/mergeDebugResources/values-en-rCA_values-en-rCA.arsc.flat
Compiling XML table /storage/emulated/0/AndroidIDEProjects/Mydownloader/app/build/intermediates/incremental/debug/mergeDebugResources/merged.dir/values-ur/values-ur.xml to /storage/emulated/0/AndroidIDEProjects/Mydownloader/app/build/intermediates/merged_res/debug/mergeDebugResources/values-ur_values-ur.arsc.flat
Compiling XML table /storage/emulated/0/AndroidIDEProjects/Mydownloader/app/build/intermediates/incremental/debug/mergeDebugResources/merged.dir/values-sq/values-sq.xml to /storage/emulated/0/AndroidIDEProjects/Mydownloader/app/build/intermediates/merged_res/debug/mergeDebugResources/values-sq_values-sq.arsc.flat
Compiling XML table /storage/emulated/0/AndroidIDEProjects/Mydownloader/app/build/intermediates/incremental/debug/mergeDebugResources/merged.dir/values-ml/values-ml.xml to /storage/emulated/0/AndroidIDEProjects/Mydownloader/app/build/intermediates/merged_res/debug/mergeDebugResources/values-ml_values-ml.arsc.flat
Compiling XML table /storage/emulated/0/AndroidIDEProjects/Mydownloader/app/build/intermediates/incremental/debug/mergeDebugResources/merged.dir/values-mn/values-mn.xml to /storage/emulated/0/AndroidIDEProjects/Mydownloader/app/build/intermediates/merged_res/debug/mergeDebugResources/values-mn_values-mn.arsc.flat
Compiling XML table /storage/emulated/0/AndroidIDEProjects/Mydownloader/app/build/intermediates/incremental/debug/mergeDebugResources/merged.dir/values-ms/values-ms.xml to /storage/emulated/0/AndroidIDEProjects/Mydownloader/app/build/intermediates/merged_res/debug/mergeDebugResources/values-ms_values-ms.arsc.flat
Compiling XML table /storage/emulated/0/AndroidIDEProjects/Mydownloader/app/build/intermediates/incremental/debug/mergeDebugResources/merged.dir/values-el/values-el.xml to /storage/emulated/0/AndroidIDEProjects/Mydownloader/app/build/intermediates/merged_res/debug/mergeDebugResources/values-el_values-el.arsc.flat
Compiling XML table /storage/emulated/0/AndroidIDEProjects/Mydownloader/app/build/intermediates/incremental/debug/mergeDebugResources/merged.dir/values-ta/values-ta.xml to /storage/emulated/0/AndroidIDEProjects/Mydownloader/app/build/intermediates/merged_res/debug/mergeDebugResources/values-ta_values-ta.arsc.flat
Compiling XML table /storage/emulated/0/AndroidIDEProjects/Mydownloader/app/build/intermediates/incremental/debug/mergeDebugResources/merged.dir/values-w400dp-port-v13/values-w400dp-port-v13.xml to /storage/emulated/0/AndroidIDEProjects/Mydownloader/app/build/intermediates/merged_res/debug/mergeDebugResources/values-w400dp-port-v13_values-w400dp-port-v13.arsc.flat
Compiling XML table /storage/emulated/0/AndroidIDEProjects/Mydownloader/app/build/intermediates/incremental/debug/mergeDebugResources/merged.dir/values-my/values-my.xml to /storage/emulated/0/AndroidIDEProjects/Mydownloader/app/build/intermediates/merged_res/debug/mergeDebugResources/values-my_values-my.arsc.flat
Compiling XML table /storage/emulated/0/AndroidIDEProjects/Mydownloader/app/build/intermediates/incremental/debug/mergeDebugResources/merged.dir/values-es/values-es.xml to /storage/emulated/0/AndroidIDEProjects/Mydownloader/app/build/intermediates/merged_res/debug/mergeDebugResources/values-es_values-es.arsc.flat
Compiling XML table /storage/emulated/0/AndroidIDEProjects/Mydownloader/app/build/intermediates/incremental/debug/mergeDebugResources/merged.dir/values-zh-rCN/values-zh-rCN.xml to /storage/emulated/0/AndroidIDEProjects/Mydownloader/app/build/intermediates/merged_res/debug/mergeDebugResources/values-zh-rCN_values-zh-rCN.arsc.flat
Compiling XML table /storage/emulated/0/AndroidIDEProjects/Mydownloader/app/build/intermediates/incremental/debug/mergeDebugResources/merged.dir/values-xlarge-v4/values-xlarge-v4.xml to /storage/emulated/0/AndroidIDEProjects/Mydownloader/app/build/intermediates/merged_res/debug/mergeDebugResources/values-xlarge-v4_values-xlarge-v4.arsc.flat
Compiling XML table /storage/emulated/0/AndroidIDEProjects/Mydownloader/app/build/intermediates/incremental/debug/mergeDebugResources/merged.dir/values-mk/values-mk.xml to /storage/emulated/0/AndroidIDEProjects/Mydownloader/app/build/intermediates/merged_res/debug/mergeDebugResources/values-mk_values-mk.arsc.flat
Compiling XML table /storage/emulated/0/AndroidIDEProjects/Mydownloader/app/build/intermediates/incremental/debug/mergeDebugResources/merged.dir/values-en-rIN/values-en-rIN.xml to /storage/emulated/0/AndroidIDEProjects/Mydownloader/app/build/intermediates/merged_res/debug/mergeDebugResources/values-en-rIN_values-en-rIN.arsc.flat
Compiling XML table /storage/emulated/0/AndroidIDEProjects/Mydownloader/app/build/intermediates/incremental/debug/mergeDebugResources/merged.dir/values-w600dp-land-v13/values-w600dp-land-v13.xml to /storage/emulated/0/AndroidIDEProjects/Mydownloader/app/build/intermediates/merged_res/debug/mergeDebugResources/values-w600dp-land-v13_values-w600dp-land-v13.arsc.flat
Compiling XML table /storage/emulated/0/AndroidIDEProjects/Mydownloader/app/build/intermediates/incremental/debug/mergeDebugResources/merged.dir/values-nb/values-nb.xml to /storage/emulated/0/AndroidIDEProjects/Mydownloader/app/build/intermediates/merged_res/debug/mergeDebugResources/values-nb_values-nb.arsc.flat
Compiling XML table /storage/emulated/0/AndroidIDEProjects/Mydownloader/app/build/intermediates/incremental/debug/mergeDebugResources/merged.dir/values-night-v8/values-night-v8.xml to /storage/emulated/0/AndroidIDEProjects/Mydownloader/app/build/intermediates/merged_res/debug/mergeDebugResources/values-night-v8_values-night-v8.arsc.flat
Compiling XML table /storage/emulated/0/AndroidIDEProjects/Mydownloader/app/build/intermediates/incremental/debug/mergeDebugResources/merged.dir/values-fr/values-fr.xml to /storage/emulated/0/AndroidIDEProjects/Mydownloader/app/build/intermediates/merged_res/debug/mergeDebugResources/values-fr_values-fr.arsc.flat
Compiling XML table /storage/emulated/0/AndroidIDEProjects/Mydownloader/app/build/intermediates/incremental/debug/mergeDebugResources/merged.dir/values-fr-rCA/values-fr-rCA.xml to /storage/emulated/0/AndroidIDEProjects/Mydownloader/app/build/intermediates/merged_res/debug/mergeDebugResources/values-fr-rCA_values-fr-rCA.arsc.flat
Compiling XML table /storage/emulated/0/AndroidIDEProjects/Mydownloader/app/build/intermediates/incremental/debug/mergeDebugResources/merged.dir/values-large-v4/values-large-v4.xml to /storage/emulated/0/AndroidIDEProjects/Mydownloader/app/build/intermediates/merged_res/debug/mergeDebugResources/values-large-v4_values-large-v4.arsc.flat
Compiling XML table /storage/emulated/0/AndroidIDEProjects/Mydownloader/app/build/intermediates/incremental/debug/mergeDebugResources/merged.dir/values-zh-rTW/values-zh-rTW.xml to /storage/emulated/0/AndroidIDEProjects/Mydownloader/app/build/intermediates/merged_res/debug/mergeDebugResources/values-zh-rTW_values-zh-rTW.arsc.flat
Compiling XML table /storage/emulated/0/AndroidIDEProjects/Mydownloader/app/build/intermediates/incremental/debug/mergeDebugResources/merged.dir/values-gu/values-gu.xml to /storage/emulated/0/AndroidIDEProjects/Mydownloader/app/build/intermediates/merged_res/debug/mergeDebugResources/values-gu_values-gu.arsc.flat
Compiling XML table /storage/emulated/0/AndroidIDEProjects/Mydownloader/app/build/intermediates/incremental/debug/mergeDebugResources/merged.dir/values-small-v4/values-small-v4.xml to /storage/emulated/0/AndroidIDEProjects/Mydownloader/app/build/intermediates/merged_res/debug/mergeDebugResources/values-small-v4_values-small-v4.arsc.flat
Compiling xml file /storage/emulated/0/AndroidIDEProjects/Mydownloader/app/src/main/res/menu/main_menu.xml to /storage/emulated/0/AndroidIDEProjects/Mydownloader/app/build/intermediates/merged_res/debug/mergeDebugResources/menu_main_menu.xml.flat
Compiling XML table /storage/emulated/0/AndroidIDEProjects/Mydownloader/app/build/intermediates/incremental/debug/mergeDebugResources/merged.dir/values-b+es+419/values-b+es+419.xml to /storage/emulated/0/AndroidIDEProjects/Mydownloader/app/build/intermediates/merged_res/debug/mergeDebugResources/values-b+es+419_values-b+es+419.arsc.flat
Compiling XML table /storage/emulated/0/AndroidIDEProjects/Mydownloader/app/build/intermediates/incremental/debug/mergeDebugResources/merged.dir/values-fi/values-fi.xml to /storage/emulated/0/AndroidIDEProjects/Mydownloader/app/build/intermediates/merged_res/debug/mergeDebugResources/values-fi_values-fi.arsc.flat
Compiling XML table /storage/emulated/0/AndroidIDEProjects/Mydownloader/app/build/intermediates/incremental/debug/mergeDebugResources/merged.dir/values-et/values-et.xml to /storage/emulated/0/AndroidIDEProjects/Mydownloader/app/build/intermediates/merged_res/debug/mergeDebugResources/values-et_values-et.arsc.flat
Compiling file /storage/emulated/0/AndroidIDEProjects/Mydownloader/app/src/main/res/mipmap-xxhdpi/ic_launcher.webp to /storage/emulated/0/AndroidIDEProjects/Mydownloader/app/build/intermediates/merged_res/debug/mergeDebugResources/mipmap-xxhdpi_ic_launcher.webp.flat
Compiling xml file /storage/emulated/0/AndroidIDEProjects/Mydownloader/app/src/main/res/drawable/ic_skip_previous.xml to /storage/emulated/0/AndroidIDEProjects/Mydownloader/app/build/intermediates/merged_res/debug/mergeDebugResources/drawable_ic_skip_previous.xml.flat
Compiling xml file /storage/emulated/0/AndroidIDEProjects/Mydownloader/app/build/intermediates/incremental/debug/mergeDebugResources/stripped.dir/layout/item_bookmark.xml to /storage/emulated/0/AndroidIDEProjects/Mydownloader/app/build/intermediates/merged_res/debug/mergeDebugResources/layout_item_bookmark.xml.flat
Compiling xml file /storage/emulated/0/AndroidIDEProjects/Mydownloader/app/build/intermediates/incremental/debug/mergeDebugResources/stripped.dir/layout/activity_main.xml to /storage/emulated/0/AndroidIDEProjects/Mydownloader/app/build/intermediates/merged_res/debug/mergeDebugResources/layout_activity_main.xml.flat
Compiling xml file /storage/emulated/0/AndroidIDEProjects/Mydownloader/app/build/intermediates/incremental/debug/mergeDebugResources/stripped.dir/layout/item_history.xml to /storage/emulated/0/AndroidIDEProjects/Mydownloader/app/build/intermediates/merged_res/debug/mergeDebugResources/layout_item_history.xml.flat
Compiling XML table /storage/emulated/0/AndroidIDEProjects/Mydownloader/app/build/intermediates/incremental/debug/mergeDebugResources/merged.dir/values-port/values-port.xml to /storage/emulated/0/AndroidIDEProjects/Mydownloader/app/build/intermediates/merged_res/debug/mergeDebugResources/values-port_values-port.arsc.flat
Compiling xml file /storage/emulated/0/AndroidIDEProjects/Mydownloader/app/build/intermediates/incremental/debug/mergeDebugResources/stripped.dir/layout/activity_history.xml to /storage/emulated/0/AndroidIDEProjects/Mydownloader/app/build/intermediates/merged_res/debug/mergeDebugResources/layout_activity_history.xml.flat
Compiling XML table /storage/emulated/0/AndroidIDEProjects/Mydownloader/app/build/intermediates/incremental/debug/mergeDebugResources/merged.dir/values-en-rXC/values-en-rXC.xml to /storage/emulated/0/AndroidIDEProjects/Mydownloader/app/build/intermediates/merged_res/debug/mergeDebugResources/values-en-rXC_values-en-rXC.arsc.flat
Compiling file /storage/emulated/0/AndroidIDEProjects/Mydownloader/app/src/main/res/mipmap-xxxhdpi/ic_launcher.webp to /storage/emulated/0/AndroidIDEProjects/Mydownloader/app/build/intermediates/merged_res/debug/mergeDebugResources/mipmap-xxxhdpi_ic_launcher.webp.flat
Compiling xml file /storage/emulated/0/AndroidIDEProjects/Mydownloader/app/src/main/res/mipmap-anydpi-v26/ic_launcher_round.xml to /storage/emulated/0/AndroidIDEProjects/Mydownloader/app/build/intermediates/merged_res/debug/mergeDebugResources/mipmap-anydpi-v26_ic_launcher_round.xml.flat
Compiling xml file /storage/emulated/0/AndroidIDEProjects/Mydownloader/app/src/main/res/drawable/ic_close.xml to /storage/emulated/0/AndroidIDEProjects/Mydownloader/app/build/intermediates/merged_res/debug/mergeDebugResources/drawable_ic_close.xml.flat
Compiling xml file /storage/emulated/0/AndroidIDEProjects/Mydownloader/app/src/main/res/drawable/ic_refresh.xml to /storage/emulated/0/AndroidIDEProjects/Mydownloader/app/build/intermediates/merged_res/debug/mergeDebugResources/drawable_ic_refresh.xml.flat
Compiling XML table /storage/emulated/0/AndroidIDEProjects/Mydownloader/app/build/intermediates/incremental/debug/mergeDebugResources/merged.dir/values-gl/values-gl.xml to /storage/emulated/0/AndroidIDEProjects/Mydownloader/app/build/intermediates/merged_res/debug/mergeDebugResources/values-gl_values-gl.arsc.flat
Compiling XML table /storage/emulated/0/AndroidIDEProjects/Mydownloader/app/build/intermediates/incremental/debug/mergeDebugResources/merged.dir/values-or/values-or.xml to /storage/emulated/0/AndroidIDEProjects/Mydownloader/app/build/intermediates/merged_res/debug/mergeDebugResources/values-or_values-or.arsc.flat
Compiling xml file /storage/emulated/0/AndroidIDEProjects/Mydownloader/app/src/main/res/drawable/ic_play_arrow.xml to /storage/emulated/0/AndroidIDEProjects/Mydownloader/app/build/intermediates/merged_res/debug/mergeDebugResources/drawable_ic_play_arrow.xml.flat
Compiling xml file /storage/emulated/0/AndroidIDEProjects/Mydownloader/app/src/main/res/drawable/ic_more_vert.xml to /storage/emulated/0/AndroidIDEProjects/Mydownloader/app/build/intermediates/merged_res/debug/mergeDebugResources/drawable_ic_more_vert.xml.flat
Compiling XML table /storage/emulated/0/AndroidIDEProjects/Mydownloader/app/build/intermediates/incremental/debug/mergeDebugResources/merged.dir/values-ne/values-ne.xml to /storage/emulated/0/AndroidIDEProjects/Mydownloader/app/build/intermediates/merged_res/debug/mergeDebugResources/values-ne_values-ne.arsc.flat
Compiling xml file /storage/emulated/0/AndroidIDEProjects/Mydownloader/app/build/intermediates/incremental/debug/mergeDebugResources/stripped.dir/layout/activity_user_script_manager.xml to /storage/emulated/0/AndroidIDEProjects/Mydownloader/app/build/intermediates/merged_res/debug/mergeDebugResources/layout_activity_user_script_manager.xml.flat
Compiling xml file /storage/emulated/0/AndroidIDEProjects/Mydownloader/app/build/intermediates/incremental/debug/mergeDebugResources/stripped.dir/layout/item_user_script.xml to /storage/emulated/0/AndroidIDEProjects/Mydownloader/app/build/intermediates/merged_res/debug/mergeDebugResources/layout_item_user_script.xml.flat
Compiling file /storage/emulated/0/AndroidIDEProjects/Mydownloader/app/src/main/res/mipmap-xxhdpi/ic_launcher_round.webp to /storage/emulated/0/AndroidIDEProjects/Mydownloader/app/build/intermediates/merged_res/debug/mergeDebugResources/mipmap-xxhdpi_ic_launcher_round.webp.flat
Compiling file /storage/emulated/0/AndroidIDEProjects/Mydownloader/app/src/main/res/mipmap-xxxhdpi/ic_launcher_round.webp to /storage/emulated/0/AndroidIDEProjects/Mydownloader/app/build/intermediates/merged_res/debug/mergeDebugResources/mipmap-xxxhdpi_ic_launcher_round.webp.flat
Compiling xml file /storage/emulated/0/AndroidIDEProjects/Mydownloader/app/src/main/res/drawable/ic_skip_next.xml to /storage/emulated/0/AndroidIDEProjects/Mydownloader/app/build/intermediates/merged_res/debug/mergeDebugResources/drawable_ic_skip_next.xml.flat
Compiling file /storage/emulated/0/AndroidIDEProjects/Mydownloader/app/src/main/res/mipmap-mdpi/ic_launcher.webp to /storage/emulated/0/AndroidIDEProjects/Mydownloader/app/build/intermediates/merged_res/debug/mergeDebugResources/mipmap-mdpi_ic_launcher.webp.flat
Compiling XML table /storage/emulated/0/AndroidIDEProjects/Mydownloader/app/build/intermediates/incremental/debug/mergeDebugResources/merged.dir/values-hdpi-v4/values-hdpi-v4.xml to /storage/emulated/0/AndroidIDEProjects/Mydownloader/app/build/intermediates/merged_res/debug/mergeDebugResources/values-hdpi-v4_values-hdpi-v4.arsc.flat
Compiling xml file /storage/emulated/0/AndroidIDEProjects/Mydownloader/app/src/main/res/drawable/ic_public.xml to /storage/emulated/0/AndroidIDEProjects/Mydownloader/app/build/intermediates/merged_res/debug/mergeDebugResources/drawable_ic_public.xml.flat
Compiling xml file /storage/emulated/0/AndroidIDEProjects/Mydownloader/app/src/main/res/drawable/ic_notification.xml to /storage/emulated/0/AndroidIDEProjects/Mydownloader/app/build/intermediates/merged_res/debug/mergeDebugResources/drawable_ic_notification.xml.flat
Compiling XML table /storage/emulated/0/AndroidIDEProjects/Mydownloader/app/build/intermediates/incremental/debug/mergeDebugResources/merged.dir/values-pa/values-pa.xml to /storage/emulated/0/AndroidIDEProjects/Mydownloader/app/build/intermediates/merged_res/debug/mergeDebugResources/values-pa_values-pa.arsc.flat
Compiling xml file /storage/emulated/0/AndroidIDEProjects/Mydownloader/app/build/intermediates/incremental/debug/mergeDebugResources/stripped.dir/layout/item_tab.xml to /storage/emulated/0/AndroidIDEProjects/Mydownloader/app/build/intermediates/merged_res/debug/mergeDebugResources/layout_item_tab.xml.flat
Compiling file /storage/emulated/0/AndroidIDEProjects/Mydownloader/app/src/main/res/mipmap-mdpi/ic_launcher_round.webp to /storage/emulated/0/AndroidIDEProjects/Mydownloader/app/build/intermediates/merged_res/debug/mergeDebugResources/mipmap-mdpi_ic_launcher_round.webp.flat
Compiling xml file /storage/emulated/0/AndroidIDEProjects/Mydownloader/app/src/main/res/mipmap-anydpi-v26/ic_launcher.xml to /storage/emulated/0/AndroidIDEProjects/Mydownloader/app/build/intermediates/merged_res/debug/mergeDebugResources/mipmap-anydpi-v26_ic_launcher.xml.flat
Compiling XML table /storage/emulated/0/AndroidIDEProjects/Mydownloader/app/build/intermediates/incremental/debug/mergeDebugResources/merged.dir/values-hy/values-hy.xml to /storage/emulated/0/AndroidIDEProjects/Mydownloader/app/build/intermediates/merged_res/debug/mergeDebugResources/values-hy_values-hy.arsc.flat
Compiling xml file /storage/emulated/0/AndroidIDEProjects/Mydownloader/app/src/main/res/menu/history_menu.xml to /storage/emulated/0/AndroidIDEProjects/Mydownloader/app/build/intermediates/merged_res/debug/mergeDebugResources/menu_history_menu.xml.flat
Compiling file /storage/emulated/0/AndroidIDEProjects/Mydownloader/app/src/main/res/mipmap-hdpi/ic_launcher.webp to /storage/emulated/0/AndroidIDEProjects/Mydownloader/app/build/intermediates/merged_res/debug/mergeDebugResources/mipmap-hdpi_ic_launcher.webp.flat
Compiling file /storage/emulated/0/AndroidIDEProjects/Mydownloader/app/src/main/res/mipmap-xhdpi/ic_launcher_round.webp to /storage/emulated/0/AndroidIDEProjects/Mydownloader/app/build/intermediates/merged_res/debug/mergeDebugResources/mipmap-xhdpi_ic_launcher_round.webp.flat
Compiling xml file /storage/emulated/0/AndroidIDEProjects/Mydownloader/app/src/main/res/drawable/ic_pause.xml to /storage/emulated/0/AndroidIDEProjects/Mydownloader/app/build/intermediates/merged_res/debug/mergeDebugResources/drawable_ic_pause.xml.flat
Compiling xml file /storage/emulated/0/AndroidIDEProjects/Mydownloader/app/src/main/res/xml/backup_rules.xml to /storage/emulated/0/AndroidIDEProjects/Mydownloader/app/build/intermediates/merged_res/debug/mergeDebugResources/xml_backup_rules.xml.flat
Compiling xml file /storage/emulated/0/AndroidIDEProjects/Mydownloader/app/build/intermediates/incremental/debug/mergeDebugResources/stripped.dir/layout/dialog_media_list.xml to /storage/emulated/0/AndroidIDEProjects/Mydownloader/app/build/intermediates/merged_res/debug/mergeDebugResources/layout_dialog_media_list.xml.flat
Compiling xml file /storage/emulated/0/AndroidIDEProjects/Mydownloader/app/src/main/res/drawable/edit_text_custom.xml to /storage/emulated/0/AndroidIDEProjects/Mydownloader/app/build/intermediates/merged_res/debug/mergeDebugResources/drawable_edit_text_custom.xml.flat
Compiling XML table /storage/emulated/0/AndroidIDEProjects/Mydownloader/app/build/intermediates/incremental/debug/mergeDebugResources/merged.dir/values-in/values-in.xml to /storage/emulated/0/AndroidIDEProjects/Mydownloader/app/build/intermediates/merged_res/debug/mergeDebugResources/values-in_values-in.arsc.flat
Compiling xml file /storage/emulated/0/AndroidIDEProjects/Mydownloader/app/build/intermediates/incremental/debug/mergeDebugResources/stripped.dir/layout/dialog_tabs.xml to /storage/emulated/0/AndroidIDEProjects/Mydownloader/app/build/intermediates/merged_res/debug/mergeDebugResources/layout_dialog_tabs.xml.flat
Compiling xml file /storage/emulated/0/AndroidIDEProjects/Mydownloader/app/src/main/res/drawable/edit_text_border.xml to /storage/emulated/0/AndroidIDEProjects/Mydownloader/app/build/intermediates/merged_res/debug/mergeDebugResources/drawable_edit_text_border.xml.flat
Compiling file /storage/emulated/0/AndroidIDEProjects/Mydownloader/app/src/main/res/mipmap-xhdpi/ic_launcher.webp to /storage/emulated/0/AndroidIDEProjects/Mydownloader/app/build/intermediates/merged_res/debug/mergeDebugResources/mipmap-xhdpi_ic_launcher.webp.flat
Compiling xml file /storage/emulated/0/AndroidIDEProjects/Mydownloader/app/src/main/res/drawable-v24/ic_launcher_foreground.xml to /storage/emulated/0/AndroidIDEProjects/Mydownloader/app/build/intermediates/merged_res/debug/mergeDebugResources/drawable-v24_ic_launcher_foreground.xml.flat
Compiling XML table /storage/emulated/0/AndroidIDEProjects/Mydownloader/app/build/intermediates/incremental/debug/mergeDebugResources/merged.dir/values-ar/values-ar.xml to /storage/emulated/0/AndroidIDEProjects/Mydownloader/app/build/intermediates/merged_res/debug/mergeDebugResources/values-ar_values-ar.arsc.flat
Compiling xml file /storage/emulated/0/AndroidIDEProjects/Mydownloader/app/src/main/res/drawable/ic_home.xml to /storage/emulated/0/AndroidIDEProjects/Mydownloader/app/build/intermediates/merged_res/debug/mergeDebugResources/drawable_ic_home.xml.flat
Compiling XML table /storage/emulated/0/AndroidIDEProjects/Mydownloader/app/build/intermediates/incremental/debug/mergeDebugResources/merged.dir/values-az/values-az.xml to /storage/emulated/0/AndroidIDEProjects/Mydownloader/app/build/intermediates/merged_res/debug/mergeDebugResources/values-az_values-az.arsc.flat
Compiling XML table /storage/emulated/0/AndroidIDEProjects/Mydownloader/app/build/intermediates/incremental/debug/mergeDebugResources/merged.dir/values-v28/values-v28.xml to /storage/emulated/0/AndroidIDEProjects/Mydownloader/app/build/intermediates/merged_res/debug/mergeDebugResources/values-v28_values-v28.arsc.flat
Compiling XML table /storage/emulated/0/AndroidIDEProjects/Mydownloader/app/build/intermediates/incremental/debug/mergeDebugResources/merged.dir/values-v31/values-v31.xml to /storage/emulated/0/AndroidIDEProjects/Mydownloader/app/build/intermediates/merged_res/debug/mergeDebugResources/values-v31_values-v31.arsc.flat
Compiling XML table /storage/emulated/0/AndroidIDEProjects/Mydownloader/app/build/intermediates/incremental/debug/mergeDebugResources/merged.dir/values-sr/values-sr.xml to /storage/emulated/0/AndroidIDEProjects/Mydownloader/app/build/intermediates/merged_res/debug/mergeDebugResources/values-sr_values-sr.arsc.flat
Compiling XML table /storage/emulated/0/AndroidIDEProjects/Mydownloader/app/build/intermediates/incremental/debug/mergeDebugResources/merged.dir/values-ky/values-ky.xml to /storage/emulated/0/AndroidIDEProjects/Mydownloader/app/build/intermediates/merged_res/debug/mergeDebugResources/values-ky_values-ky.arsc.flat
Compiling XML table /storage/emulated/0/AndroidIDEProjects/Mydownloader/app/build/intermediates/incremental/debug/mergeDebugResources/merged.dir/values-da/values-da.xml to /storage/emulated/0/AndroidIDEProjects/Mydownloader/app/build/intermediates/merged_res/debug/mergeDebugResources/values-da_values-da.arsc.flat
Compiling XML table /storage/emulated/0/AndroidIDEProjects/Mydownloader/app/build/intermediates/incremental/debug/mergeDebugResources/merged.dir/values-h550dp-port-v13/values-h550dp-port-v13.xml to /storage/emulated/0/AndroidIDEProjects/Mydownloader/app/build/intermediates/merged_res/debug/mergeDebugResources/values-h550dp-port-v13_values-h550dp-port-v13.arsc.flat
Compiling XML table /storage/emulated/0/AndroidIDEProjects/Mydownloader/app/build/intermediates/incremental/debug/mergeDebugResources/merged.dir/values-mr/values-mr.xml to /storage/emulated/0/AndroidIDEProjects/Mydownloader/app/build/intermediates/merged_res/debug/mergeDebugResources/values-mr_values-mr.arsc.flat
Compiling XML table /storage/emulated/0/AndroidIDEProjects/Mydownloader/app/build/intermediates/incremental/debug/mergeDebugResources/merged.dir/values-eu/values-eu.xml to /storage/emulated/0/AndroidIDEProjects/Mydownloader/app/build/intermediates/merged_res/debug/mergeDebugResources/values-eu_values-eu.arsc.flat
Compiling XML table /storage/emulated/0/AndroidIDEProjects/Mydownloader/app/build/intermediates/incremental/debug/mergeDebugResources/merged.dir/values-fa/values-fa.xml to /storage/emulated/0/AndroidIDEProjects/Mydownloader/app/build/intermediates/merged_res/debug/mergeDebugResources/values-fa_values-fa.arsc.flat
Compiling XML table /storage/emulated/0/AndroidIDEProjects/Mydownloader/app/build/intermediates/incremental/debug/mergeDebugResources/merged.dir/values-en-rGB/values-en-rGB.xml to /storage/emulated/0/AndroidIDEProjects/Mydownloader/app/build/intermediates/merged_res/debug/mergeDebugResources/values-en-rGB_values-en-rGB.arsc.flat
Compiling XML table /storage/emulated/0/AndroidIDEProjects/Mydownloader/app/build/intermediates/incremental/debug/mergeDebugResources/merged.dir/values-pl/values-pl.xml to /storage/emulated/0/AndroidIDEProjects/Mydownloader/app/build/intermediates/merged_res/debug/mergeDebugResources/values-pl_values-pl.arsc.flat
Compiling xml file /storage/emulated/0/AndroidIDEProjects/Mydownloader/app/src/main/res/drawable/ic_add.xml to /storage/emulated/0/AndroidIDEProjects/Mydownloader/app/build/intermediates/merged_res/debug/mergeDebugResources/drawable_ic_add.xml.flat
Compiling XML table /storage/emulated/0/AndroidIDEProjects/Mydownloader/app/build/intermediates/incremental/debug/mergeDebugResources/merged.dir/values-h320dp-port-v13/values-h320dp-port-v13.xml to /storage/emulated/0/AndroidIDEProjects/Mydownloader/app/build/intermediates/merged_res/debug/mergeDebugResources/values-h320dp-port-v13_values-h320dp-port-v13.arsc.flat
Compiling xml file /storage/emulated/0/AndroidIDEProjects/Mydownloader/app/build/intermediates/incremental/debug/mergeDebugResources/stripped.dir/layout/activity_add_edit_script.xml to /storage/emulated/0/AndroidIDEProjects/Mydownloader/app/build/intermediates/merged_res/debug/mergeDebugResources/layout_activity_add_edit_script.xml.flat
Compiling XML table /storage/emulated/0/AndroidIDEProjects/Mydownloader/app/build/intermediates/incremental/debug/mergeDebugResources/merged.dir/values-w320dp-land-v13/values-w320dp-land-v13.xml to /storage/emulated/0/AndroidIDEProjects/Mydownloader/app/build/intermediates/merged_res/debug/mergeDebugResources/values-w320dp-land-v13_values-w320dp-land-v13.arsc.flat
Compiling xml file /storage/emulated/0/AndroidIDEProjects/Mydownloader/app/build/intermediates/incremental/debug/mergeDebugResources/stripped.dir/layout/list_item_media.xml to /storage/emulated/0/AndroidIDEProjects/Mydownloader/app/build/intermediates/merged_res/debug/mergeDebugResources/layout_list_item_media.xml.flat
Compiling XML table /storage/emulated/0/AndroidIDEProjects/Mydownloader/app/build/intermediates/incremental/debug/mergeDebugResources/merged.dir/values-as/values-as.xml to /storage/emulated/0/AndroidIDEProjects/Mydownloader/app/build/intermediates/merged_res/debug/mergeDebugResources/values-as_values-as.arsc.flat
Compiling xml file /storage/emulated/0/AndroidIDEProjects/Mydownloader/app/src/main/res/drawable/tab_count_background.xml to /storage/emulated/0/AndroidIDEProjects/Mydownloader/app/build/intermediates/merged_res/debug/mergeDebugResources/drawable_tab_count_background.xml.flat
Compiling xml file /storage/emulated/0/AndroidIDEProjects/Mydownloader/app/src/main/res/drawable/ic_arrow_back.xml to /storage/emulated/0/AndroidIDEProjects/Mydownloader/app/build/intermediates/merged_res/debug/mergeDebugResources/drawable_ic_arrow_back.xml.flat
Compiling XML table /storage/emulated/0/AndroidIDEProjects/Mydownloader/app/build/intermediates/incremental/debug/mergeDebugResources/merged.dir/values-v24/values-v24.xml to /storage/emulated/0/AndroidIDEProjects/Mydownloader/app/build/intermediates/merged_res/debug/mergeDebugResources/values-v24_values-v24.arsc.flat
Compiling XML table /storage/emulated/0/AndroidIDEProjects/Mydownloader/app/build/intermediates/incremental/debug/mergeDebugResources/merged.dir/values-sw600dp-v13/values-sw600dp-v13.xml to /storage/emulated/0/AndroidIDEProjects/Mydownloader/app/build/intermediates/merged_res/debug/mergeDebugResources/values-sw600dp-v13_values-sw600dp-v13.arsc.flat
Compiling XML table /storage/emulated/0/AndroidIDEProjects/Mydownloader/app/build/intermediates/incremental/debug/mergeDebugResources/merged.dir/values-ka/values-ka.xml to /storage/emulated/0/AndroidIDEProjects/Mydownloader/app/build/intermediates/merged_res/debug/mergeDebugResources/values-ka_values-ka.arsc.flat
Compiling XML table /storage/emulated/0/AndroidIDEProjects/Mydownloader/app/build/intermediates/incremental/debug/mergeDebugResources/merged.dir/values-kk/values-kk.xml to /storage/emulated/0/AndroidIDEProjects/Mydownloader/app/build/intermediates/merged_res/debug/mergeDebugResources/values-kk_values-kk.arsc.flat
Compiling XML table /storage/emulated/0/AndroidIDEProjects/Mydownloader/app/build/intermediates/incremental/debug/mergeDebugResources/merged.dir/values-pt-rBR/values-pt-rBR.xml to /storage/emulated/0/AndroidIDEProjects/Mydownloader/app/build/intermediates/merged_res/debug/mergeDebugResources/values-pt-rBR_values-pt-rBR.arsc.flat
Compiling XML table /storage/emulated/0/AndroidIDEProjects/Mydownloader/app/build/intermediates/incremental/debug/mergeDebugResources/merged.dir/values-tr/values-tr.xml to /storage/emulated/0/AndroidIDEProjects/Mydownloader/app/build/intermediates/merged_res/debug/mergeDebugResources/values-tr_values-tr.arsc.flat
Compiling XML table /storage/emulated/0/AndroidIDEProjects/Mydownloader/app/build/intermediates/incremental/debug/mergeDebugResources/merged.dir/values-ldrtl-v17/values-ldrtl-v17.xml to /storage/emulated/0/AndroidIDEProjects/Mydownloader/app/build/intermediates/merged_res/debug/mergeDebugResources/values-ldrtl-v17_values-ldrtl-v17.arsc.flat
Compiling XML table /storage/emulated/0/AndroidIDEProjects/Mydownloader/app/build/intermediates/incremental/debug/mergeDebugResources/merged.dir/values-uz/values-uz.xml to /storage/emulated/0/AndroidIDEProjects/Mydownloader/app/build/intermediates/merged_res/debug/mergeDebugResources/values-uz_values-uz.arsc.flat
Compiling XML table /storage/emulated/0/AndroidIDEProjects/Mydownloader/app/build/intermediates/incremental/debug/mergeDebugResources/merged.dir/values-vi/values-vi.xml to /storage/emulated/0/AndroidIDEProjects/Mydownloader/app/build/intermediates/merged_res/debug/mergeDebugResources/values-vi_values-vi.arsc.flat
Compiling XML table /storage/emulated/0/AndroidIDEProjects/Mydownloader/app/build/intermediates/incremental/debug/mergeDebugResources/merged.dir/values-nl/values-nl.xml to /storage/emulated/0/AndroidIDEProjects/Mydownloader/app/build/intermediates/merged_res/debug/mergeDebugResources/values-nl_values-nl.arsc.flat
Compiling XML table /storage/emulated/0/AndroidIDEProjects/Mydownloader/app/build/intermediates/incremental/debug/mergeDebugResources/merged.dir/values-land/values-land.xml to /storage/emulated/0/AndroidIDEProjects/Mydownloader/app/build/intermediates/merged_res/debug/mergeDebugResources/values-land_values-land.arsc.flat
Compiling xml file /storage/emulated/0/AndroidIDEProjects/Mydownloader/app/src/main/res/drawable/ic_delete.xml to /storage/emulated/0/AndroidIDEProjects/Mydownloader/app/build/intermediates/merged_res/debug/mergeDebugResources/drawable_ic_delete.xml.flat
Compiling xml file /storage/emulated/0/AndroidIDEProjects/Mydownloader/app/src/main/res/drawable/ic_launcher_background.xml to /storage/emulated/0/AndroidIDEProjects/Mydownloader/app/build/intermediates/merged_res/debug/mergeDebugResources/drawable_ic_launcher_background.xml.flat
Compiling xml file /storage/emulated/0/AndroidIDEProjects/Mydownloader/app/src/main/res/drawable/ic_arrow_forward.xml to /storage/emulated/0/AndroidIDEProjects/Mydownloader/app/build/intermediates/merged_res/debug/mergeDebugResources/drawable_ic_arrow_forward.xml.flat
Compiling xml file /storage/emulated/0/AndroidIDEProjects/Mydownloader/app/src/main/res/xml/data_extraction_rules.xml to /storage/emulated/0/AndroidIDEProjects/Mydownloader/app/build/intermediates/merged_res/debug/mergeDebugResources/xml_data_extraction_rules.xml.flat
Compiling file /storage/emulated/0/AndroidIDEProjects/Mydownloader/app/src/main/res/mipmap-hdpi/ic_launcher_round.webp to /storage/emulated/0/AndroidIDEProjects/Mydownloader/app/build/intermediates/merged_res/debug/mergeDebugResources/mipmap-hdpi_ic_launcher_round.webp.flat
Compiling xml file /storage/emulated/0/AndroidIDEProjects/Mydownloader/app/src/main/res/drawable/ic_download.xml to /storage/emulated/0/AndroidIDEProjects/Mydownloader/app/build/intermediates/merged_res/debug/mergeDebugResources/drawable_ic_download.xml.flat
Resolve mutations for :app:dataBindingGenBaseClassesDebug (Thread[Execution worker Thread 3,5,main]) started.
:app:dataBindingGenBaseClassesDebug (Thread[Execution worker Thread 3,5,main]) started.

> Task :app:checkDebugDuplicateClasses
Transforming viewbinding-8.4.1.aar (androidx.databinding:viewbinding:8.4.1) with JetifyTransform
Transforming viewbinding-8.4.1.aar (androidx.databinding:viewbinding:8.4.1) with AarToClassTransform
Transforming viewbinding-8.4.1.aar (androidx.databinding:viewbinding:8.4.1) with EnumerateClassesTransform
Transforming material-1.12.0.aar (com.google.android.material:material:1.12.0) with JetifyTransform
Transforming material-1.12.0.aar (com.google.android.material:material:1.12.0) with AarToClassTransform
Transforming material-1.12.0.aar (com.google.android.material:material:1.12.0) with EnumerateClassesTransform
Transforming constraintlayout-2.1.4.aar (androidx.constraintlayout:constraintlayout:2.1.4) with JetifyTransform
Transforming constraintlayout-2.1.4.aar (androidx.constraintlayout:constraintlayout:2.1.4) with AarToClassTransform
Transforming constraintlayout-2.1.4.aar (androidx.constraintlayout:constraintlayout:2.1.4) with EnumerateClassesTransform
Transforming appcompat-resources-1.6.1.aar (androidx.appcompat:appcompat-resources:1.6.1) with JetifyTransform
Transforming appcompat-resources-1.6.1.aar (androidx.appcompat:appcompat-resources:1.6.1) with AarToClassTransform
Transforming appcompat-resources-1.6.1.aar (androidx.appcompat:appcompat-resources:1.6.1) with EnumerateClassesTransform
Transforming appcompat-1.6.1.aar (androidx.appcompat:appcompat:1.6.1) with JetifyTransform
Transforming appcompat-1.6.1.aar (androidx.appcompat:appcompat:1.6.1) with AarToClassTransform
Transforming appcompat-1.6.1.aar (androidx.appcompat:appcompat:1.6.1) with EnumerateClassesTransform
Transforming browser-1.8.0.aar (androidx.browser:browser:1.8.0) with JetifyTransform
Transforming browser-1.8.0.aar (androidx.browser:browser:1.8.0) with AarToClassTransform
Transforming browser-1.8.0.aar (androidx.browser:browser:1.8.0) with EnumerateClassesTransform
Transforming webkit-1.11.0.aar (androidx.webkit:webkit:1.11.0) with JetifyTransform
Transforming webkit-1.11.0.aar (androidx.webkit:webkit:1.11.0) with AarToClassTransform
Transforming webkit-1.11.0.aar (androidx.webkit:webkit:1.11.0) with EnumerateClassesTransform
Transforming media3-exoplayer-hls-1.3.1.aar (androidx.media3:media3-exoplayer-hls:1.3.1) with JetifyTransform
Transforming media3-exoplayer-hls-1.3.1.aar (androidx.media3:media3-exoplayer-hls:1.3.1) with AarToClassTransform
Transforming media3-exoplayer-hls-1.3.1.aar (androidx.media3:media3-exoplayer-hls:1.3.1) with EnumerateClassesTransform
Transforming media3-exoplayer-1.3.1.aar (androidx.media3:media3-exoplayer:1.3.1) with JetifyTransform
Transforming media3-exoplayer-1.3.1.aar (androidx.media3:media3-exoplayer:1.3.1) with AarToClassTransform
Transforming media3-exoplayer-1.3.1.aar (androidx.media3:media3-exoplayer:1.3.1) with EnumerateClassesTransform
Transforming media3-datasource-cronet-1.3.1.aar (androidx.media3:media3-datasource-cronet:1.3.1) with JetifyTransform
Transforming media3-datasource-cronet-1.3.1.aar (androidx.media3:media3-datasource-cronet:1.3.1) with AarToClassTransform
Transforming media3-datasource-cronet-1.3.1.aar (androidx.media3:media3-datasource-cronet:1.3.1) with EnumerateClassesTransform
Transforming media3-session-1.3.1.aar (androidx.media3:media3-session:1.3.1) with JetifyTransform
Transforming media3-session-1.3.1.aar (androidx.media3:media3-session:1.3.1) with AarToClassTransform
Transforming media3-session-1.3.1.aar (androidx.media3:media3-session:1.3.1) with EnumerateClassesTransform
Transforming media3-extractor-1.3.1.aar (androidx.media3:media3-extractor:1.3.1) with JetifyTransform
Transforming media3-extractor-1.3.1.aar (androidx.media3:media3-extractor:1.3.1) with AarToClassTransform
Transforming media3-extractor-1.3.1.aar (androidx.media3:media3-extractor:1.3.1) with EnumerateClassesTransform
Transforming media3-container-1.3.1.aar (androidx.media3:media3-container:1.3.1) with JetifyTransform
Transforming media3-container-1.3.1.aar (androidx.media3:media3-container:1.3.1) with AarToClassTransform
Transforming media3-container-1.3.1.aar (androidx.media3:media3-container:1.3.1) with EnumerateClassesTransform
Transforming media3-datasource-1.3.1.aar (androidx.media3:media3-datasource:1.3.1) with JetifyTransform
Transforming media3-datasource-1.3.1.aar (androidx.media3:media3-datasource:1.3.1) with AarToClassTransform
Transforming media3-datasource-1.3.1.aar (androidx.media3:media3-datasource:1.3.1) with EnumerateClassesTransform
Transforming media3-decoder-1.3.1.aar (androidx.media3:media3-decoder:1.3.1) with JetifyTransform
Transforming media3-decoder-1.3.1.aar (androidx.media3:media3-decoder:1.3.1) with AarToClassTransform
Transforming media3-decoder-1.3.1.aar (androidx.media3:media3-decoder:1.3.1) with EnumerateClassesTransform
Transforming media3-database-1.3.1.aar (androidx.media3:media3-database:1.3.1) with JetifyTransform
Transforming media3-database-1.3.1.aar (androidx.media3:media3-database:1.3.1) with AarToClassTransform
Transforming media3-database-1.3.1.aar (androidx.media3:media3-database:1.3.1) with EnumerateClassesTransform
Transforming media3-common-1.3.1.aar (androidx.media3:media3-common:1.3.1) with JetifyTransform
Transforming media3-common-1.3.1.aar (androidx.media3:media3-common:1.3.1) with AarToClassTransform
Transforming media3-common-1.3.1.aar (androidx.media3:media3-common:1.3.1) with EnumerateClassesTransform
Transforming media3-ui-1.3.1.aar (androidx.media3:media3-ui:1.3.1) with JetifyTransform
Transforming media3-ui-1.3.1.aar (androidx.media3:media3-ui:1.3.1) with AarToClassTransform
Transforming media3-ui-1.3.1.aar (androidx.media3:media3-ui:1.3.1) with EnumerateClassesTransform
Transforming media-1.7.0.aar (androidx.media:media:1.7.0) with JetifyTransform
Transforming media-1.7.0.aar (androidx.media:media:1.7.0) with AarToClassTransform
Transforming media-1.7.0.aar (androidx.media:media:1.7.0) with EnumerateClassesTransform
Transforming viewpager2-1.1.0-beta02.aar (androidx.viewpager2:viewpager2:1.1.0-beta02) with JetifyTransform
Transforming viewpager2-1.1.0-beta02.aar (androidx.viewpager2:viewpager2:1.1.0-beta02) with AarToClassTransform
Transforming viewpager2-1.1.0-beta02.aar (androidx.viewpager2:viewpager2:1.1.0-beta02) with EnumerateClassesTransform
Transforming recyclerview-1.3.2.aar (androidx.recyclerview:recyclerview:1.3.2) with JetifyTransform
Transforming recyclerview-1.3.2.aar (androidx.recyclerview:recyclerview:1.3.2) with AarToClassTransform
Transforming recyclerview-1.3.2.aar (androidx.recyclerview:recyclerview:1.3.2) with EnumerateClassesTransform
Transforming emoji2-views-helper-1.2.0.aar (androidx.emoji2:emoji2-views-helper:1.2.0) with JetifyTransform
Transforming emoji2-views-helper-1.2.0.aar (androidx.emoji2:emoji2-views-helper:1.2.0) with AarToClassTransform
Transforming emoji2-views-helper-1.2.0.aar (androidx.emoji2:emoji2-views-helper:1.2.0) with EnumerateClassesTransform
Transforming emoji2-1.2.0.aar (androidx.emoji2:emoji2:1.2.0) with JetifyTransform
Transforming emoji2-1.2.0.aar (androidx.emoji2:emoji2:1.2.0) with AarToClassTransform
Transforming emoji2-1.2.0.aar (androidx.emoji2:emoji2:1.2.0) with EnumerateClassesTransform
Transforming glide-4.16.0.aar (com.github.bumptech.glide:glide:4.16.0) with JetifyTransform
Transforming glide-4.16.0.aar (com.github.bumptech.glide:glide:4.16.0) with AarToClassTransform
Transforming glide-4.16.0.aar (com.github.bumptech.glide:glide:4.16.0) with EnumerateClassesTransform
Transforming play-services-cronet-18.0.1.aar (com.google.android.gms:play-services-cronet:18.0.1) with JetifyTransform
Transforming play-services-cronet-18.0.1.aar (com.google.android.gms:play-services-cronet:18.0.1) with AarToClassTransform
Transforming play-services-cronet-18.0.1.aar (com.google.android.gms:play-services-cronet:18.0.1) with EnumerateClassesTransform
Transforming play-services-base-18.0.1.aar (com.google.android.gms:play-services-base:18.0.1) with JetifyTransform
Transforming play-services-base-18.0.1.aar (com.google.android.gms:play-services-base:18.0.1) with AarToClassTransform
Transforming play-services-base-18.0.1.aar (com.google.android.gms:play-services-base:18.0.1) with EnumerateClassesTransform
Transforming play-services-tasks-18.0.1.aar (com.google.android.gms:play-services-tasks:18.0.1) with JetifyTransform
Transforming play-services-tasks-18.0.1.aar (com.google.android.gms:play-services-tasks:18.0.1) with AarToClassTransform
Transforming play-services-tasks-18.0.1.aar (com.google.android.gms:play-services-tasks:18.0.1) with EnumerateClassesTransform
Transforming play-services-basement-18.0.0.aar (com.google.android.gms:play-services-basement:18.0.0) with JetifyTransform
Transforming play-services-basement-18.0.0.aar (com.google.android.gms:play-services-basement:18.0.0) with AarToClassTransform
Transforming play-services-basement-18.0.0.aar (com.google.android.gms:play-services-basement:18.0.0) with EnumerateClassesTransform
Transforming fragment-1.3.6.aar (androidx.fragment:fragment:1.3.6) with JetifyTransform
Transforming fragment-1.3.6.aar (androidx.fragment:fragment:1.3.6) with AarToClassTransform
Transforming fragment-1.3.6.aar (androidx.fragment:fragment:1.3.6) with EnumerateClassesTransform
Transforming fragment-1.3.6.aar (androidx.fragment:fragment:1.3.6) with JetifyTransform
Transforming fragment-1.3.6.aar (androidx.fragment:fragment:1.3.6) with AarToClassTransform
Transforming fragment-1.3.6.aar (androidx.fragment:fragment:1.3.6) with EnumerateClassesTransform
Transforming activity-1.8.0.aar (androidx.activity:activity:1.8.0) with JetifyTransform
Transforming activity-1.8.0.aar (androidx.activity:activity:1.8.0) with AarToClassTransform
Transforming activity-1.8.0.aar (androidx.activity:activity:1.8.0) with EnumerateClassesTransform
Transforming drawerlayout-1.1.1.aar (androidx.drawerlayout:drawerlayout:1.1.1) with JetifyTransform
Transforming drawerlayout-1.1.1.aar (androidx.drawerlayout:drawerlayout:1.1.1) with AarToClassTransform
Transforming drawerlayout-1.1.1.aar (androidx.drawerlayout:drawerlayout:1.1.1) with EnumerateClassesTransform
Transforming coordinatorlayout-1.1.0.aar (androidx.coordinatorlayout:coordinatorlayout:1.1.0) with JetifyTransform
Transforming coordinatorlayout-1.1.0.aar (androidx.coordinatorlayout:coordinatorlayout:1.1.0) with AarToClassTransform
Transforming coordinatorlayout-1.1.0.aar (androidx.coordinatorlayout:coordinatorlayout:1.1.0) with EnumerateClassesTransform
Transforming transition-1.5.0.aar (androidx.transition:transition:1.5.0) with JetifyTransform
Transforming transition-1.5.0.aar (androidx.transition:transition:1.5.0) with AarToClassTransform
Transforming transition-1.5.0.aar (androidx.transition:transition:1.5.0) with EnumerateClassesTransform
Transforming dynamicanimation-1.0.0.aar (androidx.dynamicanimation:dynamicanimation:1.0.0) with JetifyTransform
Transforming dynamicanimation-1.0.0.aar (androidx.dynamicanimation:dynamicanimation:1.0.0) with AarToClassTransform
Transforming dynamicanimation-1.0.0.aar (androidx.dynamicanimation:dynamicanimation:1.0.0) with EnumerateClassesTransform
Transforming vectordrawable-animated-1.1.0.aar (androidx.vectordrawable:vectordrawable-animated:1.1.0) with JetifyTransform
Transforming vectordrawable-animated-1.1.0.aar (androidx.vectordrawable:vectordrawable-animated:1.1.0) with AarToClassTransform
Transforming vectordrawable-animated-1.1.0.aar (androidx.vectordrawable:vectordrawable-animated:1.1.0) with EnumerateClassesTransform
Transforming vectordrawable-1.1.0.aar (androidx.vectordrawable:vectordrawable:1.1.0) with JetifyTransform
Transforming vectordrawable-1.1.0.aar (androidx.vectordrawable:vectordrawable:1.1.0) with AarToClassTransform
Transforming vectordrawable-1.1.0.aar (androidx.vectordrawable:vectordrawable:1.1.0) with EnumerateClassesTransform
Transforming vectordrawable-1.1.0.aar (androidx.vectordrawable:vectordrawable:1.1.0) with JetifyTransform
Transforming vectordrawable-1.1.0.aar (androidx.vectordrawable:vectordrawable:1.1.0) with AarToClassTransform
Transforming vectordrawable-1.1.0.aar (androidx.vectordrawable:vectordrawable:1.1.0) with EnumerateClassesTransform
Transforming viewpager-1.0.0.aar (androidx.viewpager:viewpager:1.0.0) with JetifyTransform
Transforming viewpager-1.0.0.aar (androidx.viewpager:viewpager:1.0.0) with AarToClassTransform
Transforming viewpager-1.0.0.aar (androidx.viewpager:viewpager:1.0.0) with EnumerateClassesTransform
Transforming legacy-support-core-utils-1.0.0.aar (androidx.legacy:legacy-support-core-utils:1.0.0) with JetifyTransform
Transforming legacy-support-core-utils-1.0.0.aar (androidx.legacy:legacy-support-core-utils:1.0.0) with AarToClassTransform
Transforming legacy-support-core-utils-1.0.0.aar (androidx.legacy:legacy-support-core-utils:1.0.0) with EnumerateClassesTransform
Transforming loader-1.0.0.aar (androidx.loader:loader:1.0.0) with JetifyTransform
Transforming loader-1.0.0.aar (androidx.loader:loader:1.0.0) with AarToClassTransform
Transforming loader-1.0.0.aar (androidx.loader:loader:1.0.0) with EnumerateClassesTransform
Transforming loader-1.0.0.aar (androidx.loader:loader:1.0.0) with JetifyTransform
Transforming loader-1.0.0.aar (androidx.loader:loader:1.0.0) with AarToClassTransform
Transforming loader-1.0.0.aar (androidx.loader:loader:1.0.0) with EnumerateClassesTransform
Transforming customview-1.1.0.aar (androidx.customview:customview:1.1.0) with JetifyTransform
Transforming customview-1.1.0.aar (androidx.customview:customview:1.1.0) with AarToClassTransform
Transforming customview-1.1.0.aar (androidx.customview:customview:1.1.0) with EnumerateClassesTransform
Transforming customview-1.1.0.aar (androidx.customview:customview:1.1.0) with JetifyTransform
Transforming customview-1.1.0.aar (androidx.customview:customview:1.1.0) with AarToClassTransform
Transforming customview-1.1.0.aar (androidx.customview:customview:1.1.0) with EnumerateClassesTransform
Transforming core-1.13.1.aar (androidx.core:core:1.13.1) with JetifyTransform
Transforming core-1.13.1.aar (androidx.core:core:1.13.1) with AarToClassTransform
Transforming core-1.13.1.aar (androidx.core:core:1.13.1) with EnumerateClassesTransform
Transforming core-1.13.1.aar (androidx.core:core:1.13.1) with JetifyTransform
Transforming core-1.13.1.aar (androidx.core:core:1.13.1) with AarToClassTransform
Transforming core-1.13.1.aar (androidx.core:core:1.13.1) with EnumerateClassesTransform
Transforming customview-poolingcontainer-1.0.0.aar (androidx.customview:customview-poolingcontainer:1.0.0) with JetifyTransform
Transforming customview-poolingcontainer-1.0.0.aar (androidx.customview:customview-poolingcontainer:1.0.0) with AarToClassTransform
Transforming customview-poolingcontainer-1.0.0.aar (androidx.customview:customview-poolingcontainer:1.0.0) with EnumerateClassesTransform
Transforming savedstate-1.2.1.aar (androidx.savedstate:savedstate:1.2.1) with JetifyTransform
Transforming savedstate-1.2.1.aar (androidx.savedstate:savedstate:1.2.1) with AarToClassTransform
Transforming savedstate-1.2.1.aar (androidx.savedstate:savedstate:1.2.1) with EnumerateClassesTransform
Transforming lifecycle-livedata-core-ktx-2.8.2.aar (androidx.lifecycle:lifecycle-livedata-core-ktx:2.8.2) with JetifyTransform
Transforming lifecycle-livedata-core-ktx-2.8.2.aar (androidx.lifecycle:lifecycle-livedata-core-ktx:2.8.2) with AarToClassTransform
Transforming lifecycle-livedata-core-ktx-2.8.2.aar (androidx.lifecycle:lifecycle-livedata-core-ktx:2.8.2) with EnumerateClassesTransform
Transforming lifecycle-common-jvm-2.8.2.jar (androidx.lifecycle:lifecycle-common-jvm:2.8.2) with JetifyTransform
Transforming lifecycle-common-jvm-2.8.2.jar (androidx.lifecycle:lifecycle-common-jvm:2.8.2) with IdentityTransform
Transforming lifecycle-viewmodel-2.8.2.aar (androidx.lifecycle:lifecycle-viewmodel:2.8.2) with JetifyTransform
Transforming lifecycle-viewmodel-2.8.2.aar (androidx.lifecycle:lifecycle-viewmodel:2.8.2) with AarToClassTransform
Transforming lifecycle-viewmodel-2.8.2.aar (androidx.lifecycle:lifecycle-viewmodel:2.8.2) with EnumerateClassesTransform
Transforming lifecycle-common-jvm-2.8.2.jar (androidx.lifecycle:lifecycle-common-jvm:2.8.2) with EnumerateClassesTransform
Transforming lifecycle-viewmodel-release.aar (androidx.lifecycle:lifecycle-viewmodel-android:2.8.2) with JetifyTransform
Transforming lifecycle-viewmodel-release.aar (androidx.lifecycle:lifecycle-viewmodel-android:2.8.2) with AarToClassTransform
Transforming lifecycle-viewmodel-release.aar (androidx.lifecycle:lifecycle-viewmodel-android:2.8.2) with EnumerateClassesTransform
Transforming lifecycle-runtime-release.aar (androidx.lifecycle:lifecycle-runtime-android:2.8.2) with JetifyTransform
Transforming lifecycle-runtime-release.aar (androidx.lifecycle:lifecycle-runtime-android:2.8.2) with AarToClassTransform
Transforming lifecycle-runtime-release.aar (androidx.lifecycle:lifecycle-runtime-android:2.8.2) with EnumerateClassesTransform
Transforming lifecycle-livedata-2.8.2.aar (androidx.lifecycle:lifecycle-livedata:2.8.2) with JetifyTransform
Transforming lifecycle-livedata-2.8.2.aar (androidx.lifecycle:lifecycle-livedata:2.8.2) with AarToClassTransform
Transforming lifecycle-livedata-2.8.2.aar (androidx.lifecycle:lifecycle-livedata:2.8.2) with EnumerateClassesTransform
Transforming lifecycle-process-2.8.2.aar (androidx.lifecycle:lifecycle-process:2.8.2) with JetifyTransform
Transforming lifecycle-process-2.8.2.aar (androidx.lifecycle:lifecycle-process:2.8.2) with AarToClassTransform
Transforming lifecycle-process-2.8.2.aar (androidx.lifecycle:lifecycle-process:2.8.2) with EnumerateClassesTransform
Transforming lifecycle-livedata-core-2.8.2.aar (androidx.lifecycle:lifecycle-livedata-core:2.8.2) with JetifyTransform
Transforming lifecycle-livedata-core-2.8.2.aar (androidx.lifecycle:lifecycle-livedata-core:2.8.2) with AarToClassTransform
Transforming lifecycle-livedata-core-2.8.2.aar (androidx.lifecycle:lifecycle-livedata-core:2.8.2) with EnumerateClassesTransform
Transforming lifecycle-runtime-ktx-release.aar (androidx.lifecycle:lifecycle-runtime-ktx-android:2.8.2) with JetifyTransform
Transforming lifecycle-runtime-ktx-release.aar (androidx.lifecycle:lifecycle-runtime-ktx-android:2.8.2) with AarToClassTransform
Transforming lifecycle-runtime-ktx-release.aar (androidx.lifecycle:lifecycle-runtime-ktx-android:2.8.2) with EnumerateClassesTransform
Transforming lifecycle-viewmodel-savedstate-2.8.2.aar (androidx.lifecycle:lifecycle-viewmodel-savedstate:2.8.2) with JetifyTransform
Transforming lifecycle-viewmodel-savedstate-2.8.2.aar (androidx.lifecycle:lifecycle-viewmodel-savedstate:2.8.2) with AarToClassTransform
Transforming lifecycle-viewmodel-savedstate-2.8.2.aar (androidx.lifecycle:lifecycle-viewmodel-savedstate:2.8.2) with EnumerateClassesTransform
Transforming core-ktx-1.13.1.aar (androidx.core:core-ktx:1.13.1) with JetifyTransform
Transforming core-ktx-1.13.1.aar (androidx.core:core-ktx:1.13.1) with AarToClassTransform
Transforming core-ktx-1.13.1.aar (androidx.core:core-ktx:1.13.1) with EnumerateClassesTransform
Transforming room-common-2.6.1.jar (androidx.room:room-common:2.6.1) with JetifyTransform
Transforming room-common-2.6.1.jar (androidx.room:room-common:2.6.1) with IdentityTransform
Transforming room-common-2.6.1.jar (androidx.room:room-common:2.6.1) with EnumerateClassesTransform
Transforming room-runtime-2.6.1.aar (androidx.room:room-runtime:2.6.1) with JetifyTransform
Transforming room-runtime-2.6.1.aar (androidx.room:room-runtime:2.6.1) with AarToClassTransform
Transforming room-runtime-2.6.1.aar (androidx.room:room-runtime:2.6.1) with EnumerateClassesTransform
Transforming room-ktx-2.6.1.aar (androidx.room:room-ktx:2.6.1) with JetifyTransform
Transforming room-ktx-2.6.1.aar (androidx.room:room-ktx:2.6.1) with AarToClassTransform
Transforming room-ktx-2.6.1.aar (androidx.room:room-ktx:2.6.1) with EnumerateClassesTransform
Transforming annotation-experimental-1.4.0.aar (androidx.annotation:annotation-experimental:1.4.0) with JetifyTransform
Transforming annotation-experimental-1.4.0.aar (androidx.annotation:annotation-experimental:1.4.0) with AarToClassTransform
Transforming annotation-experimental-1.4.0.aar (androidx.annotation:annotation-experimental:1.4.0) with EnumerateClassesTransform
Transforming sqlite-framework-2.4.0.aar (androidx.sqlite:sqlite-framework:2.4.0) with JetifyTransform
Transforming sqlite-framework-2.4.0.aar (androidx.sqlite:sqlite-framework:2.4.0) with AarToClassTransform
Transforming sqlite-framework-2.4.0.aar (androidx.sqlite:sqlite-framework:2.4.0) with EnumerateClassesTransform
Transforming sqlite-2.4.0.aar (androidx.sqlite:sqlite:2.4.0) with JetifyTransform
Transforming sqlite-2.4.0.aar (androidx.sqlite:sqlite:2.4.0) with AarToClassTransform
Transforming sqlite-2.4.0.aar (androidx.sqlite:sqlite:2.4.0) with EnumerateClassesTransform
Transforming kotlinx-coroutines-core-jvm-1.7.3.jar (org.jetbrains.kotlinx:kotlinx-coroutines-core-jvm:1.7.3) with JetifyTransform
Transforming kotlinx-coroutines-core-jvm-1.7.3.jar (org.jetbrains.kotlinx:kotlinx-coroutines-core-jvm:1.7.3) with IdentityTransform
Transforming kotlin-stdlib-jdk8-1.8.22.jar (org.jetbrains.kotlin:kotlin-stdlib-jdk8:1.8.22) with JetifyTransform
Transforming kotlin-stdlib-jdk8-1.8.22.jar (org.jetbrains.kotlin:kotlin-stdlib-jdk8:1.8.22) with IdentityTransform
Transforming kotlinx-coroutines-android-1.7.3.jar (org.jetbrains.kotlinx:kotlinx-coroutines-android:1.7.3) with JetifyTransform
Transforming kotlin-stdlib-jdk8-1.8.22.jar (org.jetbrains.kotlin:kotlin-stdlib-jdk8:1.8.22) with EnumerateClassesTransform
Transforming localbroadcastmanager-1.1.0.aar (androidx.localbroadcastmanager:localbroadcastmanager:1.1.0) with JetifyTransform
Transforming localbroadcastmanager-1.1.0.aar (androidx.localbroadcastmanager:localbroadcastmanager:1.1.0) with AarToClassTransform
Transforming localbroadcastmanager-1.1.0.aar (androidx.localbroadcastmanager:localbroadcastmanager:1.1.0) with EnumerateClassesTransform
Transforming kotlinx-coroutines-android-1.7.3.jar (org.jetbrains.kotlinx:kotlinx-coroutines-android:1.7.3) with IdentityTransform
Transforming kotlinx-coroutines-core-jvm-1.7.3.jar (org.jetbrains.kotlinx:kotlinx-coroutines-core-jvm:1.7.3) with EnumerateClassesTransform
Transforming kotlinx-coroutines-android-1.7.3.jar (org.jetbrains.kotlinx:kotlinx-coroutines-android:1.7.3) with EnumerateClassesTransform
Transforming localbroadcastmanager-1.1.0.aar (androidx.localbroadcastmanager:localbroadcastmanager:1.1.0) with JetifyTransform
Transforming localbroadcastmanager-1.1.0.aar (androidx.localbroadcastmanager:localbroadcastmanager:1.1.0) with AarToClassTransform
Transforming localbroadcastmanager-1.1.0.aar (androidx.localbroadcastmanager:localbroadcastmanager:1.1.0) with EnumerateClassesTransform
Transforming interpolator-1.0.0.aar (androidx.interpolator:interpolator:1.0.0) with JetifyTransform
Transforming interpolator-1.0.0.aar (androidx.interpolator:interpolator:1.0.0) with AarToClassTransform
Transforming interpolator-1.0.0.aar (androidx.interpolator:interpolator:1.0.0) with EnumerateClassesTransform
Transforming interpolator-1.0.0.aar (androidx.interpolator:interpolator:1.0.0) with JetifyTransform
Transforming interpolator-1.0.0.aar (androidx.interpolator:interpolator:1.0.0) with AarToClassTransform
Transforming interpolator-1.0.0.aar (androidx.interpolator:interpolator:1.0.0) with EnumerateClassesTransform
Transforming cursoradapter-1.0.0.aar (androidx.cursoradapter:cursoradapter:1.0.0) with JetifyTransform
Transforming cursoradapter-1.0.0.aar (androidx.cursoradapter:cursoradapter:1.0.0) with AarToClassTransform
Transforming cursoradapter-1.0.0.aar (androidx.cursoradapter:cursoradapter:1.0.0) with EnumerateClassesTransform
Transforming cardview-1.0.0.aar (androidx.cardview:cardview:1.0.0) with JetifyTransform
Transforming cardview-1.0.0.aar (androidx.cardview:cardview:1.0.0) with AarToClassTransform
Transforming cardview-1.0.0.aar (androidx.cardview:cardview:1.0.0) with EnumerateClassesTransform
Transforming resourceinspection-annotation-1.0.1.jar (androidx.resourceinspection:resourceinspection-annotation:1.0.1) with JetifyTransform
Transforming resourceinspection-annotation-1.0.1.jar (androidx.resourceinspection:resourceinspection-annotation:1.0.1) with IdentityTransform
Transforming versionedparcelable-1.1.1.aar (androidx.versionedparcelable:versionedparcelable:1.1.1) with JetifyTransform
Transforming versionedparcelable-1.1.1.aar (androidx.versionedparcelable:versionedparcelable:1.1.1) with AarToClassTransform
Transforming versionedparcelable-1.1.1.aar (androidx.versionedparcelable:versionedparcelable:1.1.1) with EnumerateClassesTransform
Transforming resourceinspection-annotation-1.0.1.jar (androidx.resourceinspection:resourceinspection-annotation:1.0.1) with EnumerateClassesTransform
Transforming exifinterface-1.3.6.aar (androidx.exifinterface:exifinterface:1.3.6) with JetifyTransform
Transforming exifinterface-1.3.6.aar (androidx.exifinterface:exifinterface:1.3.6) with AarToClassTransform
Transforming exifinterface-1.3.6.aar (androidx.exifinterface:exifinterface:1.3.6) with EnumerateClassesTransform
Transforming collection-1.2.0.jar (androidx.collection:collection:1.2.0) with JetifyTransform
Transforming collection-1.2.0.jar (androidx.collection:collection:1.2.0) with IdentityTransform
Transforming collection-1.2.0.jar (androidx.collection:collection:1.2.0) with EnumerateClassesTransform
Transforming core-runtime-2.2.0.aar (androidx.arch.core:core-runtime:2.2.0) with JetifyTransform
Transforming core-runtime-2.2.0.aar (androidx.arch.core:core-runtime:2.2.0) with AarToClassTransform
Transforming core-runtime-2.2.0.aar (androidx.arch.core:core-runtime:2.2.0) with EnumerateClassesTransform
Transforming gifdecoder-4.16.0.aar (com.github.bumptech.glide:gifdecoder:4.16.0) with JetifyTransform
Transforming gifdecoder-4.16.0.aar (com.github.bumptech.glide:gifdecoder:4.16.0) with AarToClassTransform
Transforming gifdecoder-4.16.0.aar (com.github.bumptech.glide:gifdecoder:4.16.0) with EnumerateClassesTransform
Transforming profileinstaller-1.3.1.aar (androidx.profileinstaller:profileinstaller:1.3.1) with JetifyTransform
Transforming profileinstaller-1.3.1.aar (androidx.profileinstaller:profileinstaller:1.3.1) with AarToClassTransform
Transforming profileinstaller-1.3.1.aar (androidx.profileinstaller:profileinstaller:1.3.1) with EnumerateClassesTransform
Transforming startup-runtime-1.1.1.aar (androidx.startup:startup-runtime:1.1.1) with JetifyTransform
Transforming startup-runtime-1.1.1.aar (androidx.startup:startup-runtime:1.1.1) with AarToClassTransform
Transforming startup-runtime-1.1.1.aar (androidx.startup:startup-runtime:1.1.1) with EnumerateClassesTransform
Transforming tracing-1.0.0.aar (androidx.tracing:tracing:1.0.0) with JetifyTransform
Transforming tracing-1.0.0.aar (androidx.tracing:tracing:1.0.0) with AarToClassTransform
Transforming tracing-1.0.0.aar (androidx.tracing:tracing:1.0.0) with EnumerateClassesTransform
Transforming documentfile-1.0.0.aar (androidx.documentfile:documentfile:1.0.0) with JetifyTransform
Transforming documentfile-1.0.0.aar (androidx.documentfile:documentfile:1.0.0) with AarToClassTransform
Transforming documentfile-1.0.0.aar (androidx.documentfile:documentfile:1.0.0) with EnumerateClassesTransform
Transforming core-common-2.2.0.jar (androidx.arch.core:core-common:2.2.0) with JetifyTransform
Transforming core-common-2.2.0.jar (androidx.arch.core:core-common:2.2.0) with IdentityTransform
Transforming print-1.0.0.aar (androidx.print:print:1.0.0) with JetifyTransform
Transforming core-common-2.2.0.jar (androidx.arch.core:core-common:2.2.0) with EnumerateClassesTransform
Transforming print-1.0.0.aar (androidx.print:print:1.0.0) with AarToClassTransform
Transforming print-1.0.0.aar (androidx.print:print:1.0.0) with EnumerateClassesTransform
Transforming kotlin-stdlib-jdk7-1.8.22.jar (org.jetbrains.kotlin:kotlin-stdlib-jdk7:1.8.22) with JetifyTransform
Transforming kotlin-stdlib-jdk7-1.8.22.jar (org.jetbrains.kotlin:kotlin-stdlib-jdk7:1.8.22) with IdentityTransform
Transforming annotation-jvm-1.8.0.jar (androidx.annotation:annotation-jvm:1.8.0) with JetifyTransform
Transforming annotation-jvm-1.8.0.jar (androidx.annotation:annotation-jvm:1.8.0) with IdentityTransform
Transforming kotlin-stdlib-jdk7-1.8.22.jar (org.jetbrains.kotlin:kotlin-stdlib-jdk7:1.8.22) with EnumerateClassesTransform
Transforming gson-2.10.1.jar (com.google.code.gson:gson:2.10.1) with JetifyTransform
Transforming gson-2.10.1.jar (com.google.code.gson:gson:2.10.1) with IdentityTransform
Transforming annotation-jvm-1.8.0.jar (androidx.annotation:annotation-jvm:1.8.0) with EnumerateClassesTransform
Transforming gson-2.10.1.jar (com.google.code.gson:gson:2.10.1) with EnumerateClassesTransform
Transforming listenablefuture-9999.0-empty-to-avoid-conflict-with-guava.jar (com.google.guava:listenablefuture:9999.0-empty-to-avoid-conflict-with-guava) with JetifyTransform
Transforming listenablefuture-9999.0-empty-to-avoid-conflict-with-guava.jar (com.google.guava:listenablefuture:9999.0-empty-to-avoid-conflict-with-guava) with IdentityTransform
Transforming listenablefuture-9999.0-empty-to-avoid-conflict-with-guava.jar (com.google.guava:listenablefuture:9999.0-empty-to-avoid-conflict-with-guava) with EnumerateClassesTransform
Transforming cronet-api-72.3626.96.aar (org.chromium.net:cronet-api:72.3626.96) with JetifyTransform
Transforming cronet-api-72.3626.96.aar (org.chromium.net:cronet-api:72.3626.96) with AarToClassTransform
Transforming cronet-api-72.3626.96.aar (org.chromium.net:cronet-api:72.3626.96) with EnumerateClassesTransform
Transforming concurrent-futures-1.1.0.jar (androidx.concurrent:concurrent-futures:1.1.0) with JetifyTransform
Transforming concurrent-futures-1.1.0.jar (androidx.concurrent:concurrent-futures:1.1.0) with IdentityTransform
Transforming constraintlayout-core-1.0.4.jar (androidx.constraintlayout:constraintlayout-core:1.0.4) with JetifyTransform
Transforming constraintlayout-core-1.0.4.jar (androidx.constraintlayout:constraintlayout-core:1.0.4) with IdentityTransform
Transforming failureaccess-1.0.1.jar (com.google.guava:failureaccess:1.0.1) with JetifyTransform
Transforming failureaccess-1.0.1.jar (com.google.guava:failureaccess:1.0.1) with IdentityTransform
Transforming error_prone_annotations-2.15.0.jar (com.google.errorprone:error_prone_annotations:2.15.0) with JetifyTransform
Transforming error_prone_annotations-2.15.0.jar (com.google.errorprone:error_prone_annotations:2.15.0) with IdentityTransform
Transforming error_prone_annotations-2.15.0.jar (com.google.errorprone:error_prone_annotations:2.15.0) with EnumerateClassesTransform
Transforming constraintlayout-core-1.0.4.jar (androidx.constraintlayout:constraintlayout-core:1.0.4) with EnumerateClassesTransform
Transforming guava-32.1.3-android.jar (com.google.guava:guava:32.1.3-android) with JetifyTransform
Transforming guava-32.1.3-android.jar (com.google.guava:guava:32.1.3-android) with IdentityTransform
Transforming failureaccess-1.0.1.jar (com.google.guava:failureaccess:1.0.1) with EnumerateClassesTransform
Transforming concurrent-futures-1.1.0.jar (androidx.concurrent:concurrent-futures:1.1.0) with EnumerateClassesTransform
Transforming annotations-23.0.0.jar (org.jetbrains:annotations:23.0.0) with JetifyTransform
Transforming annotations-23.0.0.jar (org.jetbrains:annotations:23.0.0) with IdentityTransform
Transforming disklrucache-4.16.0.jar (com.github.bumptech.glide:disklrucache:4.16.0) with JetifyTransform
Transforming disklrucache-4.16.0.jar (com.github.bumptech.glide:disklrucache:4.16.0) with IdentityTransform
Transforming annotations-4.16.0.jar (com.github.bumptech.glide:annotations:4.16.0) with JetifyTransform
Transforming annotations-4.16.0.jar (com.github.bumptech.glide:annotations:4.16.0) with IdentityTransform
Transforming annotations-23.0.0.jar (org.jetbrains:annotations:23.0.0) with EnumerateClassesTransform
Transforming annotations-4.16.0.jar (com.github.bumptech.glide:annotations:4.16.0) with EnumerateClassesTransform
Transforming guava-32.1.3-android.jar (com.google.guava:guava:32.1.3-android) with EnumerateClassesTransform
Transforming kotlin-stdlib-1.9.23.jar (org.jetbrains.kotlin:kotlin-stdlib:1.9.23) with JetifyTransform
Transforming disklrucache-4.16.0.jar (com.github.bumptech.glide:disklrucache:4.16.0) with EnumerateClassesTransform
Transforming kotlin-stdlib-1.9.23.jar (org.jetbrains.kotlin:kotlin-stdlib:1.9.23) with IdentityTransform
Transforming kotlin-stdlib-1.9.23.jar (org.jetbrains.kotlin:kotlin-stdlib:1.9.23) with EnumerateClassesTransform
Caching disabled for task ':app:checkDebugDuplicateClasses' because:
  Build cache is disabled
Task ':app:checkDebugDuplicateClasses' is not up-to-date because:
  Input property 'enumeratedClasses' file /data/user/0/com.itsaky.androidide/files/home/.gradle/caches/transforms-4/2f921601c06c34c26aa99241d3b1c42b/transformed/jetified-media3-exoplayer-hls-1.3.1-runtime has been added.
  Input property 'enumeratedClasses' file /data/user/0/com.itsaky.androidide/files/home/.gradle/caches/transforms-4/10cf75c48543f41e95532b5b05ff6bc7/transformed/jetified-media3-datasource-cronet-1.3.1-runtime has been added.
  Input property 'enumeratedClasses' file /data/user/0/com.itsaky.androidide/files/home/.gradle/caches/transforms-4/c260d4a857953ac34a2bef3dce4f17c3/transformed/jetified-play-services-cronet-18.0.1-runtime has been added.

> Task :app:dataBindingGenBaseClassesDebug
Transforming viewbinding-8.4.1.aar (androidx.databinding:viewbinding:8.4.1) with JetifyTransform
Transforming viewbinding-8.4.1.aar (androidx.databinding:viewbinding:8.4.1) with ExtractAarTransform
Transforming viewbinding-8.4.1.aar (androidx.databinding:viewbinding:8.4.1) with LibrarySymbolTableTransform
Transforming material-1.12.0.aar (com.google.android.material:material:1.12.0) with JetifyTransform
Transforming material-1.12.0.aar (com.google.android.material:material:1.12.0) with ExtractAarTransform
Transforming material-1.12.0.aar (com.google.android.material:material:1.12.0) with LibrarySymbolTableTransform
Transforming constraintlayout-2.1.4.aar (androidx.constraintlayout:constraintlayout:2.1.4) with JetifyTransform
Transforming constraintlayout-2.1.4.aar (androidx.constraintlayout:constraintlayout:2.1.4) with ExtractAarTransform
Transforming constraintlayout-2.1.4.aar (androidx.constraintlayout:constraintlayout:2.1.4) with LibrarySymbolTableTransform
Transforming appcompat-resources-1.6.1.aar (androidx.appcompat:appcompat-resources:1.6.1) with JetifyTransform
Transforming appcompat-resources-1.6.1.aar (androidx.appcompat:appcompat-resources:1.6.1) with ExtractAarTransform
Transforming appcompat-resources-1.6.1.aar (androidx.appcompat:appcompat-resources:1.6.1) with LibrarySymbolTableTransform
Transforming appcompat-1.6.1.aar (androidx.appcompat:appcompat:1.6.1) with JetifyTransform
Transforming appcompat-1.6.1.aar (androidx.appcompat:appcompat:1.6.1) with ExtractAarTransform
Transforming appcompat-1.6.1.aar (androidx.appcompat:appcompat:1.6.1) with LibrarySymbolTableTransform
Transforming browser-1.8.0.aar (androidx.browser:browser:1.8.0) with JetifyTransform
Transforming browser-1.8.0.aar (androidx.browser:browser:1.8.0) with ExtractAarTransform
Transforming browser-1.8.0.aar (androidx.browser:browser:1.8.0) with LibrarySymbolTableTransform
Transforming webkit-1.11.0.aar (androidx.webkit:webkit:1.11.0) with JetifyTransform
Transforming webkit-1.11.0.aar (androidx.webkit:webkit:1.11.0) with ExtractAarTransform
Transforming webkit-1.11.0.aar (androidx.webkit:webkit:1.11.0) with LibrarySymbolTableTransform
Transforming media3-exoplayer-hls-1.3.1.aar (androidx.media3:media3-exoplayer-hls:1.3.1) with JetifyTransform
Transforming media3-exoplayer-hls-1.3.1.aar (androidx.media3:media3-exoplayer-hls:1.3.1) with ExtractAarTransform
Transforming media3-exoplayer-hls-1.3.1.aar (androidx.media3:media3-exoplayer-hls:1.3.1) with LibrarySymbolTableTransform
Transforming media3-exoplayer-1.3.1.aar (androidx.media3:media3-exoplayer:1.3.1) with JetifyTransform
Transforming media3-exoplayer-1.3.1.aar (androidx.media3:media3-exoplayer:1.3.1) with ExtractAarTransform
Transforming media3-exoplayer-1.3.1.aar (androidx.media3:media3-exoplayer:1.3.1) with LibrarySymbolTableTransform
Transforming media3-datasource-cronet-1.3.1.aar (androidx.media3:media3-datasource-cronet:1.3.1) with JetifyTransform
Transforming media3-datasource-cronet-1.3.1.aar (androidx.media3:media3-datasource-cronet:1.3.1) with ExtractAarTransform
Transforming media3-datasource-cronet-1.3.1.aar (androidx.media3:media3-datasource-cronet:1.3.1) with LibrarySymbolTableTransform
Transforming media3-session-1.3.1.aar (androidx.media3:media3-session:1.3.1) with JetifyTransform
Transforming media3-session-1.3.1.aar (androidx.media3:media3-session:1.3.1) with ExtractAarTransform
Transforming media3-session-1.3.1.aar (androidx.media3:media3-session:1.3.1) with LibrarySymbolTableTransform
Transforming media3-extractor-1.3.1.aar (androidx.media3:media3-extractor:1.3.1) with JetifyTransform
Transforming media3-extractor-1.3.1.aar (androidx.media3:media3-extractor:1.3.1) with ExtractAarTransform
Transforming media3-extractor-1.3.1.aar (androidx.media3:media3-extractor:1.3.1) with LibrarySymbolTableTransform
Transforming media3-container-1.3.1.aar (androidx.media3:media3-container:1.3.1) with JetifyTransform
Transforming media3-container-1.3.1.aar (androidx.media3:media3-container:1.3.1) with ExtractAarTransform
Transforming media3-container-1.3.1.aar (androidx.media3:media3-container:1.3.1) with LibrarySymbolTableTransform
Transforming media3-datasource-1.3.1.aar (androidx.media3:media3-datasource:1.3.1) with JetifyTransform
Transforming media3-datasource-1.3.1.aar (androidx.media3:media3-datasource:1.3.1) with ExtractAarTransform
Transforming media3-datasource-1.3.1.aar (androidx.media3:media3-datasource:1.3.1) with LibrarySymbolTableTransform
Transforming media3-decoder-1.3.1.aar (androidx.media3:media3-decoder:1.3.1) with JetifyTransform
Transforming media3-decoder-1.3.1.aar (androidx.media3:media3-decoder:1.3.1) with ExtractAarTransform
Transforming media3-decoder-1.3.1.aar (androidx.media3:media3-decoder:1.3.1) with LibrarySymbolTableTransform
Transforming media3-database-1.3.1.aar (androidx.media3:media3-database:1.3.1) with JetifyTransform
Transforming media3-database-1.3.1.aar (androidx.media3:media3-database:1.3.1) with ExtractAarTransform
Transforming media3-database-1.3.1.aar (androidx.media3:media3-database:1.3.1) with LibrarySymbolTableTransform
Transforming media3-common-1.3.1.aar (androidx.media3:media3-common:1.3.1) with JetifyTransform
Transforming media3-common-1.3.1.aar (androidx.media3:media3-common:1.3.1) with ExtractAarTransform
Transforming media3-common-1.3.1.aar (androidx.media3:media3-common:1.3.1) with LibrarySymbolTableTransform
Transforming media3-ui-1.3.1.aar (androidx.media3:media3-ui:1.3.1) with JetifyTransform
Transforming media3-ui-1.3.1.aar (androidx.media3:media3-ui:1.3.1) with ExtractAarTransform
Transforming media3-ui-1.3.1.aar (androidx.media3:media3-ui:1.3.1) with LibrarySymbolTableTransform
Transforming media-1.7.0.aar (androidx.media:media:1.7.0) with JetifyTransform
Transforming media-1.7.0.aar (androidx.media:media:1.7.0) with ExtractAarTransform
Transforming media-1.7.0.aar (androidx.media:media:1.7.0) with LibrarySymbolTableTransform
Transforming viewpager2-1.1.0-beta02.aar (androidx.viewpager2:viewpager2:1.1.0-beta02) with JetifyTransform
Transforming viewpager2-1.1.0-beta02.aar (androidx.viewpager2:viewpager2:1.1.0-beta02) with ExtractAarTransform
Transforming viewpager2-1.1.0-beta02.aar (androidx.viewpager2:viewpager2:1.1.0-beta02) with LibrarySymbolTableTransform
Transforming recyclerview-1.3.2.aar (androidx.recyclerview:recyclerview:1.3.2) with JetifyTransform
Transforming recyclerview-1.3.2.aar (androidx.recyclerview:recyclerview:1.3.2) with ExtractAarTransform
Transforming recyclerview-1.3.2.aar (androidx.recyclerview:recyclerview:1.3.2) with LibrarySymbolTableTransform
Transforming emoji2-views-helper-1.2.0.aar (androidx.emoji2:emoji2-views-helper:1.2.0) with JetifyTransform
Transforming emoji2-views-helper-1.2.0.aar (androidx.emoji2:emoji2-views-helper:1.2.0) with ExtractAarTransform
Transforming emoji2-views-helper-1.2.0.aar (androidx.emoji2:emoji2-views-helper:1.2.0) with LibrarySymbolTableTransform
Transforming emoji2-1.2.0.aar (androidx.emoji2:emoji2:1.2.0) with JetifyTransform
Transforming emoji2-1.2.0.aar (androidx.emoji2:emoji2:1.2.0) with ExtractAarTransform
Transforming emoji2-1.2.0.aar (androidx.emoji2:emoji2:1.2.0) with LibrarySymbolTableTransform
Transforming glide-4.16.0.aar (com.github.bumptech.glide:glide:4.16.0) with JetifyTransform
Transforming glide-4.16.0.aar (com.github.bumptech.glide:glide:4.16.0) with ExtractAarTransform
Transforming glide-4.16.0.aar (com.github.bumptech.glide:glide:4.16.0) with LibrarySymbolTableTransform
Transforming play-services-cronet-18.0.1.aar (com.google.android.gms:play-services-cronet:18.0.1) with JetifyTransform
Transforming play-services-cronet-18.0.1.aar (com.google.android.gms:play-services-cronet:18.0.1) with ExtractAarTransform
Transforming play-services-cronet-18.0.1.aar (com.google.android.gms:play-services-cronet:18.0.1) with LibrarySymbolTableTransform
Transforming play-services-base-18.0.1.aar (com.google.android.gms:play-services-base:18.0.1) with JetifyTransform
Transforming play-services-base-18.0.1.aar (com.google.android.gms:play-services-base:18.0.1) with ExtractAarTransform
Transforming play-services-base-18.0.1.aar (com.google.android.gms:play-services-base:18.0.1) with LibrarySymbolTableTransform
Transforming play-services-tasks-18.0.1.aar (com.google.android.gms:play-services-tasks:18.0.1) with JetifyTransform
Transforming play-services-tasks-18.0.1.aar (com.google.android.gms:play-services-tasks:18.0.1) with ExtractAarTransform
Transforming play-services-tasks-18.0.1.aar (com.google.android.gms:play-services-tasks:18.0.1) with LibrarySymbolTableTransform
Transforming play-services-basement-18.0.0.aar (com.google.android.gms:play-services-basement:18.0.0) with JetifyTransform
Transforming play-services-basement-18.0.0.aar (com.google.android.gms:play-services-basement:18.0.0) with ExtractAarTransform
Transforming play-services-basement-18.0.0.aar (com.google.android.gms:play-services-basement:18.0.0) with LibrarySymbolTableTransform
Transforming fragment-1.3.6.aar (androidx.fragment:fragment:1.3.6) with JetifyTransform
Transforming fragment-1.3.6.aar (androidx.fragment:fragment:1.3.6) with ExtractAarTransform
Transforming fragment-1.3.6.aar (androidx.fragment:fragment:1.3.6) with LibrarySymbolTableTransform
Transforming fragment-1.3.6.aar (androidx.fragment:fragment:1.3.6) with JetifyTransform
Transforming fragment-1.3.6.aar (androidx.fragment:fragment:1.3.6) with ExtractAarTransform
Transforming fragment-1.3.6.aar (androidx.fragment:fragment:1.3.6) with LibrarySymbolTableTransform
Transforming activity-1.8.0.aar (androidx.activity:activity:1.8.0) with JetifyTransform
Transforming activity-1.8.0.aar (androidx.activity:activity:1.8.0) with ExtractAarTransform
Transforming activity-1.8.0.aar (androidx.activity:activity:1.8.0) with LibrarySymbolTableTransform
Transforming drawerlayout-1.1.1.aar (androidx.drawerlayout:drawerlayout:1.1.1) with JetifyTransform
Transforming drawerlayout-1.1.1.aar (androidx.drawerlayout:drawerlayout:1.1.1) with ExtractAarTransform
Transforming drawerlayout-1.1.1.aar (androidx.drawerlayout:drawerlayout:1.1.1) with LibrarySymbolTableTransform
Transforming coordinatorlayout-1.1.0.aar (androidx.coordinatorlayout:coordinatorlayout:1.1.0) with JetifyTransform
Transforming coordinatorlayout-1.1.0.aar (androidx.coordinatorlayout:coordinatorlayout:1.1.0) with ExtractAarTransform
Transforming coordinatorlayout-1.1.0.aar (androidx.coordinatorlayout:coordinatorlayout:1.1.0) with LibrarySymbolTableTransform
Transforming transition-1.5.0.aar (androidx.transition:transition:1.5.0) with JetifyTransform
Transforming transition-1.5.0.aar (androidx.transition:transition:1.5.0) with ExtractAarTransform
Transforming transition-1.5.0.aar (androidx.transition:transition:1.5.0) with LibrarySymbolTableTransform
Transforming dynamicanimation-1.0.0.aar (androidx.dynamicanimation:dynamicanimation:1.0.0) with JetifyTransform
Transforming dynamicanimation-1.0.0.aar (androidx.dynamicanimation:dynamicanimation:1.0.0) with ExtractAarTransform
Transforming dynamicanimation-1.0.0.aar (androidx.dynamicanimation:dynamicanimation:1.0.0) with LibrarySymbolTableTransform
Transforming vectordrawable-animated-1.1.0.aar (androidx.vectordrawable:vectordrawable-animated:1.1.0) with JetifyTransform
Transforming vectordrawable-animated-1.1.0.aar (androidx.vectordrawable:vectordrawable-animated:1.1.0) with ExtractAarTransform
Transforming vectordrawable-animated-1.1.0.aar (androidx.vectordrawable:vectordrawable-animated:1.1.0) with LibrarySymbolTableTransform
Transforming vectordrawable-1.1.0.aar (androidx.vectordrawable:vectordrawable:1.1.0) with JetifyTransform
Transforming vectordrawable-1.1.0.aar (androidx.vectordrawable:vectordrawable:1.1.0) with ExtractAarTransform
Transforming vectordrawable-1.1.0.aar (androidx.vectordrawable:vectordrawable:1.1.0) with LibrarySymbolTableTransform
Transforming vectordrawable-1.1.0.aar (androidx.vectordrawable:vectordrawable:1.1.0) with JetifyTransform
Transforming vectordrawable-1.1.0.aar (androidx.vectordrawable:vectordrawable:1.1.0) with ExtractAarTransform
Transforming vectordrawable-1.1.0.aar (androidx.vectordrawable:vectordrawable:1.1.0) with LibrarySymbolTableTransform
Transforming viewpager-1.0.0.aar (androidx.viewpager:viewpager:1.0.0) with JetifyTransform
Transforming viewpager-1.0.0.aar (androidx.viewpager:viewpager:1.0.0) with ExtractAarTransform
Transforming viewpager-1.0.0.aar (androidx.viewpager:viewpager:1.0.0) with LibrarySymbolTableTransform
Transforming legacy-support-core-utils-1.0.0.aar (androidx.legacy:legacy-support-core-utils:1.0.0) with JetifyTransform
Transforming legacy-support-core-utils-1.0.0.aar (androidx.legacy:legacy-support-core-utils:1.0.0) with ExtractAarTransform
Transforming legacy-support-core-utils-1.0.0.aar (androidx.legacy:legacy-support-core-utils:1.0.0) with LibrarySymbolTableTransform
Transforming loader-1.0.0.aar (androidx.loader:loader:1.0.0) with JetifyTransform
Transforming loader-1.0.0.aar (androidx.loader:loader:1.0.0) with ExtractAarTransform
Transforming loader-1.0.0.aar (androidx.loader:loader:1.0.0) with LibrarySymbolTableTransform
Transforming loader-1.0.0.aar (androidx.loader:loader:1.0.0) with JetifyTransform
Transforming loader-1.0.0.aar (androidx.loader:loader:1.0.0) with ExtractAarTransform
Transforming loader-1.0.0.aar (androidx.loader:loader:1.0.0) with LibrarySymbolTableTransform
Transforming customview-1.1.0.aar (androidx.customview:customview:1.1.0) with JetifyTransform
Transforming customview-1.1.0.aar (androidx.customview:customview:1.1.0) with ExtractAarTransform
Transforming customview-1.1.0.aar (androidx.customview:customview:1.1.0) with LibrarySymbolTableTransform
Transforming customview-1.1.0.aar (androidx.customview:customview:1.1.0) with JetifyTransform
Transforming customview-1.1.0.aar (androidx.customview:customview:1.1.0) with ExtractAarTransform
Transforming customview-1.1.0.aar (androidx.customview:customview:1.1.0) with LibrarySymbolTableTransform
Transforming core-1.13.1.aar (androidx.core:core:1.13.1) with JetifyTransform
Transforming core-1.13.1.aar (androidx.core:core:1.13.1) with ExtractAarTransform
Transforming core-1.13.1.aar (androidx.core:core:1.13.1) with LibrarySymbolTableTransform
Transforming core-1.13.1.aar (androidx.core:core:1.13.1) with JetifyTransform
Transforming core-1.13.1.aar (androidx.core:core:1.13.1) with ExtractAarTransform
Transforming core-1.13.1.aar (androidx.core:core:1.13.1) with LibrarySymbolTableTransform
Transforming customview-poolingcontainer-1.0.0.aar (androidx.customview:customview-poolingcontainer:1.0.0) with JetifyTransform
Transforming customview-poolingcontainer-1.0.0.aar (androidx.customview:customview-poolingcontainer:1.0.0) with ExtractAarTransform
Transforming customview-poolingcontainer-1.0.0.aar (androidx.customview:customview-poolingcontainer:1.0.0) with LibrarySymbolTableTransform
Transforming savedstate-1.2.1.aar (androidx.savedstate:savedstate:1.2.1) with JetifyTransform
Transforming savedstate-1.2.1.aar (androidx.savedstate:savedstate:1.2.1) with ExtractAarTransform
Transforming savedstate-1.2.1.aar (androidx.savedstate:savedstate:1.2.1) with LibrarySymbolTableTransform
Transforming lifecycle-livedata-core-ktx-2.8.2.aar (androidx.lifecycle:lifecycle-livedata-core-ktx:2.8.2) with JetifyTransform
Transforming lifecycle-livedata-core-ktx-2.8.2.aar (androidx.lifecycle:lifecycle-livedata-core-ktx:2.8.2) with ExtractAarTransform
Transforming lifecycle-livedata-core-ktx-2.8.2.aar (androidx.lifecycle:lifecycle-livedata-core-ktx:2.8.2) with LibrarySymbolTableTransform
Transforming lifecycle-viewmodel-2.8.2.aar (androidx.lifecycle:lifecycle-viewmodel:2.8.2) with JetifyTransform
Transforming lifecycle-viewmodel-2.8.2.aar (androidx.lifecycle:lifecycle-viewmodel:2.8.2) with ExtractAarTransform
Transforming lifecycle-viewmodel-2.8.2.aar (androidx.lifecycle:lifecycle-viewmodel:2.8.2) with LibrarySymbolTableTransform
Transforming lifecycle-viewmodel-release.aar (androidx.lifecycle:lifecycle-viewmodel-android:2.8.2) with JetifyTransform
Transforming lifecycle-viewmodel-release.aar (androidx.lifecycle:lifecycle-viewmodel-android:2.8.2) with ExtractAarTransform
Transforming lifecycle-viewmodel-release.aar (androidx.lifecycle:lifecycle-viewmodel-android:2.8.2) with LibrarySymbolTableTransform
Transforming lifecycle-runtime-release.aar (androidx.lifecycle:lifecycle-runtime-android:2.8.2) with JetifyTransform
Transforming lifecycle-runtime-release.aar (androidx.lifecycle:lifecycle-runtime-android:2.8.2) with ExtractAarTransform
Transforming lifecycle-runtime-release.aar (androidx.lifecycle:lifecycle-runtime-android:2.8.2) with LibrarySymbolTableTransform
Transforming lifecycle-livedata-2.8.2.aar (androidx.lifecycle:lifecycle-livedata:2.8.2) with JetifyTransform
Transforming lifecycle-livedata-2.8.2.aar (androidx.lifecycle:lifecycle-livedata:2.8.2) with ExtractAarTransform
Transforming lifecycle-livedata-2.8.2.aar (androidx.lifecycle:lifecycle-livedata:2.8.2) with LibrarySymbolTableTransform
Transforming lifecycle-process-2.8.2.aar (androidx.lifecycle:lifecycle-process:2.8.2) with JetifyTransform
Transforming lifecycle-process-2.8.2.aar (androidx.lifecycle:lifecycle-process:2.8.2) with ExtractAarTransform
Transforming lifecycle-process-2.8.2.aar (androidx.lifecycle:lifecycle-process:2.8.2) with LibrarySymbolTableTransform
Transforming lifecycle-livedata-core-2.8.2.aar (androidx.lifecycle:lifecycle-livedata-core:2.8.2) with JetifyTransform
Transforming lifecycle-livedata-core-2.8.2.aar (androidx.lifecycle:lifecycle-livedata-core:2.8.2) with ExtractAarTransform
Transforming lifecycle-livedata-core-2.8.2.aar (androidx.lifecycle:lifecycle-livedata-core:2.8.2) with LibrarySymbolTableTransform
Transforming lifecycle-runtime-ktx-release.aar (androidx.lifecycle:lifecycle-runtime-ktx-android:2.8.2) with JetifyTransform
Transforming lifecycle-runtime-ktx-release.aar (androidx.lifecycle:lifecycle-runtime-ktx-android:2.8.2) with ExtractAarTransform
Transforming lifecycle-runtime-ktx-release.aar (androidx.lifecycle:lifecycle-runtime-ktx-android:2.8.2) with LibrarySymbolTableTransform
Transforming lifecycle-viewmodel-savedstate-2.8.2.aar (androidx.lifecycle:lifecycle-viewmodel-savedstate:2.8.2) with JetifyTransform
Transforming lifecycle-viewmodel-savedstate-2.8.2.aar (androidx.lifecycle:lifecycle-viewmodel-savedstate:2.8.2) with ExtractAarTransform
Transforming lifecycle-viewmodel-savedstate-2.8.2.aar (androidx.lifecycle:lifecycle-viewmodel-savedstate:2.8.2) with LibrarySymbolTableTransform
Transforming core-ktx-1.13.1.aar (androidx.core:core-ktx:1.13.1) with JetifyTransform
Transforming core-ktx-1.13.1.aar (androidx.core:core-ktx:1.13.1) with ExtractAarTransform
Transforming core-ktx-1.13.1.aar (androidx.core:core-ktx:1.13.1) with LibrarySymbolTableTransform
Transforming room-runtime-2.6.1.aar (androidx.room:room-runtime:2.6.1) with JetifyTransform
Transforming room-runtime-2.6.1.aar (androidx.room:room-runtime:2.6.1) with ExtractAarTransform
Transforming room-runtime-2.6.1.aar (androidx.room:room-runtime:2.6.1) with LibrarySymbolTableTransform
Transforming room-ktx-2.6.1.aar (androidx.room:room-ktx:2.6.1) with JetifyTransform
Transforming room-ktx-2.6.1.aar (androidx.room:room-ktx:2.6.1) with ExtractAarTransform
Transforming room-ktx-2.6.1.aar (androidx.room:room-ktx:2.6.1) with LibrarySymbolTableTransform
Transforming annotation-experimental-1.4.0.aar (androidx.annotation:annotation-experimental:1.4.0) with JetifyTransform
Transforming annotation-experimental-1.4.0.aar (androidx.annotation:annotation-experimental:1.4.0) with ExtractAarTransform
Transforming annotation-experimental-1.4.0.aar (androidx.annotation:annotation-experimental:1.4.0) with LibrarySymbolTableTransform
Transforming sqlite-framework-2.4.0.aar (androidx.sqlite:sqlite-framework:2.4.0) with JetifyTransform
Transforming sqlite-framework-2.4.0.aar (androidx.sqlite:sqlite-framework:2.4.0) with ExtractAarTransform
Transforming sqlite-framework-2.4.0.aar (androidx.sqlite:sqlite-framework:2.4.0) with LibrarySymbolTableTransform
Transforming sqlite-2.4.0.aar (androidx.sqlite:sqlite:2.4.0) with JetifyTransform
Transforming sqlite-2.4.0.aar (androidx.sqlite:sqlite:2.4.0) with ExtractAarTransform
Transforming sqlite-2.4.0.aar (androidx.sqlite:sqlite:2.4.0) with LibrarySymbolTableTransform
Transforming localbroadcastmanager-1.1.0.aar (androidx.localbroadcastmanager:localbroadcastmanager:1.1.0) with JetifyTransform
Transforming localbroadcastmanager-1.1.0.aar (androidx.localbroadcastmanager:localbroadcastmanager:1.1.0) with ExtractAarTransform
Transforming localbroadcastmanager-1.1.0.aar (androidx.localbroadcastmanager:localbroadcastmanager:1.1.0) with LibrarySymbolTableTransform
Transforming localbroadcastmanager-1.1.0.aar (androidx.localbroadcastmanager:localbroadcastmanager:1.1.0) with JetifyTransform
Transforming localbroadcastmanager-1.1.0.aar (androidx.localbroadcastmanager:localbroadcastmanager:1.1.0) with ExtractAarTransform
Transforming localbroadcastmanager-1.1.0.aar (androidx.localbroadcastmanager:localbroadcastmanager:1.1.0) with LibrarySymbolTableTransform
Transforming interpolator-1.0.0.aar (androidx.interpolator:interpolator:1.0.0) with JetifyTransform
Transforming interpolator-1.0.0.aar (androidx.interpolator:interpolator:1.0.0) with ExtractAarTransform
Transforming interpolator-1.0.0.aar (androidx.interpolator:interpolator:1.0.0) with LibrarySymbolTableTransform
Transforming interpolator-1.0.0.aar (androidx.interpolator:interpolator:1.0.0) with JetifyTransform
Transforming interpolator-1.0.0.aar (androidx.interpolator:interpolator:1.0.0) with ExtractAarTransform
Transforming interpolator-1.0.0.aar (androidx.interpolator:interpolator:1.0.0) with LibrarySymbolTableTransform
Transforming cursoradapter-1.0.0.aar (androidx.cursoradapter:cursoradapter:1.0.0) with JetifyTransform
Transforming cursoradapter-1.0.0.aar (androidx.cursoradapter:cursoradapter:1.0.0) with ExtractAarTransform
Transforming cursoradapter-1.0.0.aar (androidx.cursoradapter:cursoradapter:1.0.0) with LibrarySymbolTableTransform
Transforming cardview-1.0.0.aar (androidx.cardview:cardview:1.0.0) with JetifyTransform
Transforming cardview-1.0.0.aar (androidx.cardview:cardview:1.0.0) with ExtractAarTransform
Transforming cardview-1.0.0.aar (androidx.cardview:cardview:1.0.0) with LibrarySymbolTableTransform
Transforming versionedparcelable-1.1.1.aar (androidx.versionedparcelable:versionedparcelable:1.1.1) with JetifyTransform
Transforming versionedparcelable-1.1.1.aar (androidx.versionedparcelable:versionedparcelable:1.1.1) with ExtractAarTransform
Transforming versionedparcelable-1.1.1.aar (androidx.versionedparcelable:versionedparcelable:1.1.1) with LibrarySymbolTableTransform
Transforming exifinterface-1.3.6.aar (androidx.exifinterface:exifinterface:1.3.6) with JetifyTransform
Transforming exifinterface-1.3.6.aar (androidx.exifinterface:exifinterface:1.3.6) with ExtractAarTransform
Transforming exifinterface-1.3.6.aar (androidx.exifinterface:exifinterface:1.3.6) with LibrarySymbolTableTransform
Transforming core-runtime-2.2.0.aar (androidx.arch.core:core-runtime:2.2.0) with JetifyTransform
Transforming core-runtime-2.2.0.aar (androidx.arch.core:core-runtime:2.2.0) with ExtractAarTransform
Transforming core-runtime-2.2.0.aar (androidx.arch.core:core-runtime:2.2.0) with LibrarySymbolTableTransform
Transforming gifdecoder-4.16.0.aar (com.github.bumptech.glide:gifdecoder:4.16.0) with JetifyTransform
Transforming gifdecoder-4.16.0.aar (com.github.bumptech.glide:gifdecoder:4.16.0) with ExtractAarTransform
Transforming gifdecoder-4.16.0.aar (com.github.bumptech.glide:gifdecoder:4.16.0) with LibrarySymbolTableTransform
Transforming profileinstaller-1.3.1.aar (androidx.profileinstaller:profileinstaller:1.3.1) with JetifyTransform
Transforming profileinstaller-1.3.1.aar (androidx.profileinstaller:profileinstaller:1.3.1) with ExtractAarTransform
Transforming profileinstaller-1.3.1.aar (androidx.profileinstaller:profileinstaller:1.3.1) with LibrarySymbolTableTransform
Transforming startup-runtime-1.1.1.aar (androidx.startup:startup-runtime:1.1.1) with JetifyTransform
Transforming startup-runtime-1.1.1.aar (androidx.startup:startup-runtime:1.1.1) with ExtractAarTransform
Transforming startup-runtime-1.1.1.aar (androidx.startup:startup-runtime:1.1.1) with LibrarySymbolTableTransform
Transforming tracing-1.0.0.aar (androidx.tracing:tracing:1.0.0) with JetifyTransform
Transforming tracing-1.0.0.aar (androidx.tracing:tracing:1.0.0) with ExtractAarTransform
Transforming tracing-1.0.0.aar (androidx.tracing:tracing:1.0.0) with LibrarySymbolTableTransform
Transforming documentfile-1.0.0.aar (androidx.documentfile:documentfile:1.0.0) with JetifyTransform
Transforming documentfile-1.0.0.aar (androidx.documentfile:documentfile:1.0.0) with ExtractAarTransform
Transforming documentfile-1.0.0.aar (androidx.documentfile:documentfile:1.0.0) with LibrarySymbolTableTransform
Transforming print-1.0.0.aar (androidx.print:print:1.0.0) with JetifyTransform
Transforming print-1.0.0.aar (androidx.print:print:1.0.0) with ExtractAarTransform
Transforming print-1.0.0.aar (androidx.print:print:1.0.0) with LibrarySymbolTableTransform
Transforming cronet-api-72.3626.96.aar (org.chromium.net:cronet-api:72.3626.96) with JetifyTransform
Transforming cronet-api-72.3626.96.aar (org.chromium.net:cronet-api:72.3626.96) with ExtractAarTransform
Transforming cronet-api-72.3626.96.aar (org.chromium.net:cronet-api:72.3626.96) with LibrarySymbolTableTransform
Transforming viewbinding-8.4.1.aar (androidx.databinding:viewbinding:8.4.1) with JetifyTransform
Transforming viewbinding-8.4.1.aar (androidx.databinding:viewbinding:8.4.1) with ExtractAarTransform
Transforming viewbinding-8.4.1.aar (androidx.databinding:viewbinding:8.4.1) with AarTransform
Transforming material-1.12.0.aar (com.google.android.material:material:1.12.0) with JetifyTransform
Transforming material-1.12.0.aar (com.google.android.material:material:1.12.0) with ExtractAarTransform
Transforming material-1.12.0.aar (com.google.android.material:material:1.12.0) with AarTransform
Transforming appcompat-1.6.1.aar (androidx.appcompat:appcompat:1.6.1) with JetifyTransform
Transforming appcompat-1.6.1.aar (androidx.appcompat:appcompat:1.6.1) with ExtractAarTransform
Transforming appcompat-1.6.1.aar (androidx.appcompat:appcompat:1.6.1) with AarTransform
Transforming glide-4.16.0.aar (com.github.bumptech.glide:glide:4.16.0) with JetifyTransform
Transforming glide-4.16.0.aar (com.github.bumptech.glide:glide:4.16.0) with ExtractAarTransform
Transforming glide-4.16.0.aar (com.github.bumptech.glide:glide:4.16.0) with AarTransform
Transforming viewpager2-1.1.0-beta02.aar (androidx.viewpager2:viewpager2:1.1.0-beta02) with JetifyTransform
Transforming viewpager2-1.1.0-beta02.aar (androidx.viewpager2:viewpager2:1.1.0-beta02) with ExtractAarTransform
Transforming viewpager2-1.1.0-beta02.aar (androidx.viewpager2:viewpager2:1.1.0-beta02) with AarTransform
Transforming media3-datasource-cronet-1.3.1.aar (androidx.media3:media3-datasource-cronet:1.3.1) with JetifyTransform
Transforming media3-datasource-cronet-1.3.1.aar (androidx.media3:media3-datasource-cronet:1.3.1) with ExtractAarTransform
Transforming media3-datasource-cronet-1.3.1.aar (androidx.media3:media3-datasource-cronet:1.3.1) with AarTransform
Transforming play-services-cronet-18.0.1.aar (com.google.android.gms:play-services-cronet:18.0.1) with JetifyTransform
Transforming play-services-cronet-18.0.1.aar (com.google.android.gms:play-services-cronet:18.0.1) with ExtractAarTransform
Transforming play-services-cronet-18.0.1.aar (com.google.android.gms:play-services-cronet:18.0.1) with AarTransform
Transforming play-services-base-18.0.1.aar (com.google.android.gms:play-services-base:18.0.1) with JetifyTransform
Transforming play-services-base-18.0.1.aar (com.google.android.gms:play-services-base:18.0.1) with ExtractAarTransform
Transforming play-services-base-18.0.1.aar (com.google.android.gms:play-services-base:18.0.1) with AarTransform
Transforming play-services-tasks-18.0.1.aar (com.google.android.gms:play-services-tasks:18.0.1) with JetifyTransform
Transforming play-services-tasks-18.0.1.aar (com.google.android.gms:play-services-tasks:18.0.1) with ExtractAarTransform
Transforming play-services-tasks-18.0.1.aar (com.google.android.gms:play-services-tasks:18.0.1) with AarTransform
Transforming play-services-basement-18.0.0.aar (com.google.android.gms:play-services-basement:18.0.0) with JetifyTransform
Transforming play-services-basement-18.0.0.aar (com.google.android.gms:play-services-basement:18.0.0) with ExtractAarTransform
Transforming play-services-basement-18.0.0.aar (com.google.android.gms:play-services-basement:18.0.0) with AarTransform
Transforming fragment-1.3.6.aar (androidx.fragment:fragment:1.3.6) with JetifyTransform
Transforming fragment-1.3.6.aar (androidx.fragment:fragment:1.3.6) with ExtractAarTransform
Transforming fragment-1.3.6.aar (androidx.fragment:fragment:1.3.6) with AarTransform
Transforming fragment-1.3.6.aar (androidx.fragment:fragment:1.3.6) with JetifyTransform
Transforming fragment-1.3.6.aar (androidx.fragment:fragment:1.3.6) with ExtractAarTransform
Transforming fragment-1.3.6.aar (androidx.fragment:fragment:1.3.6) with AarTransform
Transforming activity-1.8.0.aar (androidx.activity:activity:1.8.0) with JetifyTransform
Transforming activity-1.8.0.aar (androidx.activity:activity:1.8.0) with ExtractAarTransform
Transforming activity-1.8.0.aar (androidx.activity:activity:1.8.0) with AarTransform
Transforming browser-1.8.0.aar (androidx.browser:browser:1.8.0) with JetifyTransform
Transforming browser-1.8.0.aar (androidx.browser:browser:1.8.0) with ExtractAarTransform
Transforming browser-1.8.0.aar (androidx.browser:browser:1.8.0) with AarTransform
Transforming webkit-1.11.0.aar (androidx.webkit:webkit:1.11.0) with JetifyTransform
Transforming webkit-1.11.0.aar (androidx.webkit:webkit:1.11.0) with ExtractAarTransform
Transforming webkit-1.11.0.aar (androidx.webkit:webkit:1.11.0) with AarTransform
Transforming media-1.7.0.aar (androidx.media:media:1.7.0) with JetifyTransform
Transforming media-1.7.0.aar (androidx.media:media:1.7.0) with ExtractAarTransform
Transforming media-1.7.0.aar (androidx.media:media:1.7.0) with AarTransform
Transforming recyclerview-1.3.2.aar (androidx.recyclerview:recyclerview:1.3.2) with JetifyTransform
Transforming recyclerview-1.3.2.aar (androidx.recyclerview:recyclerview:1.3.2) with ExtractAarTransform
Transforming recyclerview-1.3.2.aar (androidx.recyclerview:recyclerview:1.3.2) with AarTransform
Transforming appcompat-resources-1.6.1.aar (androidx.appcompat:appcompat-resources:1.6.1) with JetifyTransform
Transforming appcompat-resources-1.6.1.aar (androidx.appcompat:appcompat-resources:1.6.1) with ExtractAarTransform
Transforming appcompat-resources-1.6.1.aar (androidx.appcompat:appcompat-resources:1.6.1) with AarTransform
Transforming drawerlayout-1.1.1.aar (androidx.drawerlayout:drawerlayout:1.1.1) with JetifyTransform
Transforming drawerlayout-1.1.1.aar (androidx.drawerlayout:drawerlayout:1.1.1) with ExtractAarTransform
Transforming drawerlayout-1.1.1.aar (androidx.drawerlayout:drawerlayout:1.1.1) with AarTransform
Transforming coordinatorlayout-1.1.0.aar (androidx.coordinatorlayout:coordinatorlayout:1.1.0) with JetifyTransform
Transforming coordinatorlayout-1.1.0.aar (androidx.coordinatorlayout:coordinatorlayout:1.1.0) with ExtractAarTransform
Transforming coordinatorlayout-1.1.0.aar (androidx.coordinatorlayout:coordinatorlayout:1.1.0) with AarTransform
Transforming dynamicanimation-1.0.0.aar (androidx.dynamicanimation:dynamicanimation:1.0.0) with JetifyTransform
Transforming dynamicanimation-1.0.0.aar (androidx.dynamicanimation:dynamicanimation:1.0.0) with ExtractAarTransform
Transforming dynamicanimation-1.0.0.aar (androidx.dynamicanimation:dynamicanimation:1.0.0) with AarTransform
Transforming transition-1.5.0.aar (androidx.transition:transition:1.5.0) with JetifyTransform
Transforming transition-1.5.0.aar (androidx.transition:transition:1.5.0) with ExtractAarTransform
Transforming transition-1.5.0.aar (androidx.transition:transition:1.5.0) with AarTransform
Transforming vectordrawable-animated-1.1.0.aar (androidx.vectordrawable:vectordrawable-animated:1.1.0) with JetifyTransform
Transforming vectordrawable-animated-1.1.0.aar (androidx.vectordrawable:vectordrawable-animated:1.1.0) with ExtractAarTransform
Transforming vectordrawable-animated-1.1.0.aar (androidx.vectordrawable:vectordrawable-animated:1.1.0) with AarTransform
Transforming vectordrawable-1.1.0.aar (androidx.vectordrawable:vectordrawable:1.1.0) with JetifyTransform
Transforming vectordrawable-1.1.0.aar (androidx.vectordrawable:vectordrawable:1.1.0) with ExtractAarTransform
Transforming vectordrawable-1.1.0.aar (androidx.vectordrawable:vectordrawable:1.1.0) with AarTransform
Transforming vectordrawable-1.1.0.aar (androidx.vectordrawable:vectordrawable:1.1.0) with JetifyTransform
Transforming vectordrawable-1.1.0.aar (androidx.vectordrawable:vectordrawable:1.1.0) with ExtractAarTransform
Transforming vectordrawable-1.1.0.aar (androidx.vectordrawable:vectordrawable:1.1.0) with AarTransform
Transforming viewpager-1.0.0.aar (androidx.viewpager:viewpager:1.0.0) with JetifyTransform
Transforming viewpager-1.0.0.aar (androidx.viewpager:viewpager:1.0.0) with ExtractAarTransform
Transforming viewpager-1.0.0.aar (androidx.viewpager:viewpager:1.0.0) with AarTransform
Transforming customview-1.1.0.aar (androidx.customview:customview:1.1.0) with JetifyTransform
Transforming customview-1.1.0.aar (androidx.customview:customview:1.1.0) with ExtractAarTransform
Transforming customview-1.1.0.aar (androidx.customview:customview:1.1.0) with AarTransform
Transforming customview-1.1.0.aar (androidx.customview:customview:1.1.0) with JetifyTransform
Transforming customview-1.1.0.aar (androidx.customview:customview:1.1.0) with ExtractAarTransform
Transforming customview-1.1.0.aar (androidx.customview:customview:1.1.0) with AarTransform
Transforming legacy-support-core-utils-1.0.0.aar (androidx.legacy:legacy-support-core-utils:1.0.0) with JetifyTransform
Transforming legacy-support-core-utils-1.0.0.aar (androidx.legacy:legacy-support-core-utils:1.0.0) with ExtractAarTransform
Transforming legacy-support-core-utils-1.0.0.aar (androidx.legacy:legacy-support-core-utils:1.0.0) with AarTransform
Transforming loader-1.0.0.aar (androidx.loader:loader:1.0.0) with JetifyTransform
Transforming loader-1.0.0.aar (androidx.loader:loader:1.0.0) with ExtractAarTransform
Transforming loader-1.0.0.aar (androidx.loader:loader:1.0.0) with AarTransform
Transforming loader-1.0.0.aar (androidx.loader:loader:1.0.0) with JetifyTransform
Transforming loader-1.0.0.aar (androidx.loader:loader:1.0.0) with ExtractAarTransform
Transforming loader-1.0.0.aar (androidx.loader:loader:1.0.0) with AarTransform
Transforming core-1.13.1.aar (androidx.core:core:1.13.1) with JetifyTransform
Transforming core-1.13.1.aar (androidx.core:core:1.13.1) with ExtractAarTransform
Transforming core-1.13.1.aar (androidx.core:core:1.13.1) with AarTransform
Transforming core-1.13.1.aar (androidx.core:core:1.13.1) with JetifyTransform
Transforming core-1.13.1.aar (androidx.core:core:1.13.1) with ExtractAarTransform
Transforming core-1.13.1.aar (androidx.core:core:1.13.1) with AarTransform
Transforming lifecycle-livedata-core-ktx-2.8.2.aar (androidx.lifecycle:lifecycle-livedata-core-ktx:2.8.2) with JetifyTransform
Transforming lifecycle-livedata-core-ktx-2.8.2.aar (androidx.lifecycle:lifecycle-livedata-core-ktx:2.8.2) with ExtractAarTransform
Transforming lifecycle-livedata-core-ktx-2.8.2.aar (androidx.lifecycle:lifecycle-livedata-core-ktx:2.8.2) with AarTransform
Transforming lifecycle-livedata-2.8.2.aar (androidx.lifecycle:lifecycle-livedata:2.8.2) with JetifyTransform
Transforming lifecycle-livedata-2.8.2.aar (androidx.lifecycle:lifecycle-livedata:2.8.2) with ExtractAarTransform
Transforming lifecycle-livedata-2.8.2.aar (androidx.lifecycle:lifecycle-livedata:2.8.2) with AarTransform
Transforming lifecycle-viewmodel-2.8.2.aar (androidx.lifecycle:lifecycle-viewmodel:2.8.2) with JetifyTransform
Transforming lifecycle-viewmodel-2.8.2.aar (androidx.lifecycle:lifecycle-viewmodel:2.8.2) with ExtractAarTransform
Transforming lifecycle-viewmodel-2.8.2.aar (androidx.lifecycle:lifecycle-viewmodel:2.8.2) with AarTransform
Transforming lifecycle-viewmodel-release.aar (androidx.lifecycle:lifecycle-viewmodel-android:2.8.2) with JetifyTransform
Transforming lifecycle-viewmodel-release.aar (androidx.lifecycle:lifecycle-viewmodel-android:2.8.2) with ExtractAarTransform
Transforming lifecycle-viewmodel-release.aar (androidx.lifecycle:lifecycle-viewmodel-android:2.8.2) with AarTransform
Transforming lifecycle-runtime-release.aar (androidx.lifecycle:lifecycle-runtime-android:2.8.2) with JetifyTransform
Transforming lifecycle-runtime-release.aar (androidx.lifecycle:lifecycle-runtime-android:2.8.2) with ExtractAarTransform
Transforming lifecycle-runtime-release.aar (androidx.lifecycle:lifecycle-runtime-android:2.8.2) with AarTransform
Transforming lifecycle-livedata-core-2.8.2.aar (androidx.lifecycle:lifecycle-livedata-core:2.8.2) with JetifyTransform
Transforming lifecycle-livedata-core-2.8.2.aar (androidx.lifecycle:lifecycle-livedata-core:2.8.2) with ExtractAarTransform
Transforming lifecycle-livedata-core-2.8.2.aar (androidx.lifecycle:lifecycle-livedata-core:2.8.2) with AarTransform
Transforming lifecycle-runtime-ktx-release.aar (androidx.lifecycle:lifecycle-runtime-ktx-android:2.8.2) with JetifyTransform
Transforming lifecycle-runtime-ktx-release.aar (androidx.lifecycle:lifecycle-runtime-ktx-android:2.8.2) with ExtractAarTransform
Transforming lifecycle-runtime-ktx-release.aar (androidx.lifecycle:lifecycle-runtime-ktx-android:2.8.2) with AarTransform
Transforming lifecycle-viewmodel-savedstate-2.8.2.aar (androidx.lifecycle:lifecycle-viewmodel-savedstate:2.8.2) with JetifyTransform
Transforming lifecycle-viewmodel-savedstate-2.8.2.aar (androidx.lifecycle:lifecycle-viewmodel-savedstate:2.8.2) with ExtractAarTransform
Transforming lifecycle-viewmodel-savedstate-2.8.2.aar (androidx.lifecycle:lifecycle-viewmodel-savedstate:2.8.2) with AarTransform
Transforming core-ktx-1.13.1.aar (androidx.core:core-ktx:1.13.1) with JetifyTransform
Transforming core-ktx-1.13.1.aar (androidx.core:core-ktx:1.13.1) with ExtractAarTransform
Transforming core-ktx-1.13.1.aar (androidx.core:core-ktx:1.13.1) with AarTransform
Transforming room-runtime-2.6.1.aar (androidx.room:room-runtime:2.6.1) with JetifyTransform
Transforming room-runtime-2.6.1.aar (androidx.room:room-runtime:2.6.1) with ExtractAarTransform
Transforming room-runtime-2.6.1.aar (androidx.room:room-runtime:2.6.1) with AarTransform
Transforming room-ktx-2.6.1.aar (androidx.room:room-ktx:2.6.1) with JetifyTransform
Transforming room-ktx-2.6.1.aar (androidx.room:room-ktx:2.6.1) with ExtractAarTransform
Transforming room-ktx-2.6.1.aar (androidx.room:room-ktx:2.6.1) with AarTransform
Transforming media3-exoplayer-1.3.1.aar (androidx.media3:media3-exoplayer:1.3.1) with JetifyTransform
Transforming media3-exoplayer-1.3.1.aar (androidx.media3:media3-exoplayer:1.3.1) with ExtractAarTransform
Transforming media3-exoplayer-1.3.1.aar (androidx.media3:media3-exoplayer:1.3.1) with AarTransform
Transforming media3-session-1.3.1.aar (androidx.media3:media3-session:1.3.1) with JetifyTransform
Transforming media3-session-1.3.1.aar (androidx.media3:media3-session:1.3.1) with ExtractAarTransform
Transforming media3-session-1.3.1.aar (androidx.media3:media3-session:1.3.1) with AarTransform
Transforming media3-common-1.3.1.aar (androidx.media3:media3-common:1.3.1) with JetifyTransform
Transforming media3-common-1.3.1.aar (androidx.media3:media3-common:1.3.1) with ExtractAarTransform
Transforming media3-common-1.3.1.aar (androidx.media3:media3-common:1.3.1) with AarTransform
Transforming annotation-experimental-1.4.0.aar (androidx.annotation:annotation-experimental:1.4.0) with JetifyTransform
Transforming annotation-experimental-1.4.0.aar (androidx.annotation:annotation-experimental:1.4.0) with ExtractAarTransform
Transforming annotation-experimental-1.4.0.aar (androidx.annotation:annotation-experimental:1.4.0) with AarTransform
Transforming savedstate-1.2.1.aar (androidx.savedstate:savedstate:1.2.1) with JetifyTransform
Transforming savedstate-1.2.1.aar (androidx.savedstate:savedstate:1.2.1) with ExtractAarTransform
Transforming savedstate-1.2.1.aar (androidx.savedstate:savedstate:1.2.1) with AarTransform
Transforming localbroadcastmanager-1.1.0.aar (androidx.localbroadcastmanager:localbroadcastmanager:1.1.0) with JetifyTransform
Transforming localbroadcastmanager-1.1.0.aar (androidx.localbroadcastmanager:localbroadcastmanager:1.1.0) with ExtractAarTransform
Transforming localbroadcastmanager-1.1.0.aar (androidx.localbroadcastmanager:localbroadcastmanager:1.1.0) with AarTransform
Transforming localbroadcastmanager-1.1.0.aar (androidx.localbroadcastmanager:localbroadcastmanager:1.1.0) with JetifyTransform
Transforming localbroadcastmanager-1.1.0.aar (androidx.localbroadcastmanager:localbroadcastmanager:1.1.0) with ExtractAarTransform
Transforming localbroadcastmanager-1.1.0.aar (androidx.localbroadcastmanager:localbroadcastmanager:1.1.0) with AarTransform
Transforming cursoradapter-1.0.0.aar (androidx.cursoradapter:cursoradapter:1.0.0) with JetifyTransform
Transforming cursoradapter-1.0.0.aar (androidx.cursoradapter:cursoradapter:1.0.0) with ExtractAarTransform
Transforming cursoradapter-1.0.0.aar (androidx.cursoradapter:cursoradapter:1.0.0) with AarTransform
Transforming cardview-1.0.0.aar (androidx.cardview:cardview:1.0.0) with JetifyTransform
Transforming cardview-1.0.0.aar (androidx.cardview:cardview:1.0.0) with ExtractAarTransform
Transforming cardview-1.0.0.aar (androidx.cardview:cardview:1.0.0) with AarTransform
Transforming sqlite-framework-2.4.0.aar (androidx.sqlite:sqlite-framework:2.4.0) with JetifyTransform
Transforming sqlite-framework-2.4.0.aar (androidx.sqlite:sqlite-framework:2.4.0) with ExtractAarTransform
Transforming sqlite-framework-2.4.0.aar (androidx.sqlite:sqlite-framework:2.4.0) with AarTransform
Transforming sqlite-2.4.0.aar (androidx.sqlite:sqlite:2.4.0) with JetifyTransform
Transforming sqlite-2.4.0.aar (androidx.sqlite:sqlite:2.4.0) with ExtractAarTransform
Transforming sqlite-2.4.0.aar (androidx.sqlite:sqlite:2.4.0) with AarTransform
Transforming gifdecoder-4.16.0.aar (com.github.bumptech.glide:gifdecoder:4.16.0) with JetifyTransform
Transforming gifdecoder-4.16.0.aar (com.github.bumptech.glide:gifdecoder:4.16.0) with ExtractAarTransform
Transforming gifdecoder-4.16.0.aar (com.github.bumptech.glide:gifdecoder:4.16.0) with AarTransform
Transforming versionedparcelable-1.1.1.aar (androidx.versionedparcelable:versionedparcelable:1.1.1) with JetifyTransform
Transforming versionedparcelable-1.1.1.aar (androidx.versionedparcelable:versionedparcelable:1.1.1) with ExtractAarTransform
Transforming versionedparcelable-1.1.1.aar (androidx.versionedparcelable:versionedparcelable:1.1.1) with AarTransform
Transforming interpolator-1.0.0.aar (androidx.interpolator:interpolator:1.0.0) with JetifyTransform
Transforming interpolator-1.0.0.aar (androidx.interpolator:interpolator:1.0.0) with ExtractAarTransform
Transforming interpolator-1.0.0.aar (androidx.interpolator:interpolator:1.0.0) with AarTransform
Transforming documentfile-1.0.0.aar (androidx.documentfile:documentfile:1.0.0) with JetifyTransform
Transforming documentfile-1.0.0.aar (androidx.documentfile:documentfile:1.0.0) with ExtractAarTransform
Transforming documentfile-1.0.0.aar (androidx.documentfile:documentfile:1.0.0) with AarTransform
Transforming print-1.0.0.aar (androidx.print:print:1.0.0) with JetifyTransform
Transforming print-1.0.0.aar (androidx.print:print:1.0.0) with ExtractAarTransform
Transforming print-1.0.0.aar (androidx.print:print:1.0.0) with AarTransform
Transforming core-runtime-2.2.0.aar (androidx.arch.core:core-runtime:2.2.0) with JetifyTransform
Transforming core-runtime-2.2.0.aar (androidx.arch.core:core-runtime:2.2.0) with ExtractAarTransform
Transforming core-runtime-2.2.0.aar (androidx.arch.core:core-runtime:2.2.0) with AarTransform
Transforming constraintlayout-2.1.4.aar (androidx.constraintlayout:constraintlayout:2.1.4) with JetifyTransform
Transforming constraintlayout-2.1.4.aar (androidx.constraintlayout:constraintlayout:2.1.4) with ExtractAarTransform
Transforming constraintlayout-2.1.4.aar (androidx.constraintlayout:constraintlayout:2.1.4) with AarTransform
Transforming media3-exoplayer-hls-1.3.1.aar (androidx.media3:media3-exoplayer-hls:1.3.1) with JetifyTransform
Transforming media3-exoplayer-hls-1.3.1.aar (androidx.media3:media3-exoplayer-hls:1.3.1) with ExtractAarTransform
Transforming media3-exoplayer-hls-1.3.1.aar (androidx.media3:media3-exoplayer-hls:1.3.1) with AarTransform
Transforming media3-ui-1.3.1.aar (androidx.media3:media3-ui:1.3.1) with JetifyTransform
Transforming media3-ui-1.3.1.aar (androidx.media3:media3-ui:1.3.1) with ExtractAarTransform
Transforming media3-ui-1.3.1.aar (androidx.media3:media3-ui:1.3.1) with AarTransform
Transforming tracing-1.0.0.aar (androidx.tracing:tracing:1.0.0) with JetifyTransform
Transforming tracing-1.0.0.aar (androidx.tracing:tracing:1.0.0) with ExtractAarTransform
Transforming tracing-1.0.0.aar (androidx.tracing:tracing:1.0.0) with AarTransform
Transforming exifinterface-1.3.6.aar (androidx.exifinterface:exifinterface:1.3.6) with JetifyTransform
Transforming exifinterface-1.3.6.aar (androidx.exifinterface:exifinterface:1.3.6) with ExtractAarTransform
Transforming exifinterface-1.3.6.aar (androidx.exifinterface:exifinterface:1.3.6) with AarTransform
Transforming media3-container-1.3.1.aar (androidx.media3:media3-container:1.3.1) with JetifyTransform
Transforming media3-container-1.3.1.aar (androidx.media3:media3-container:1.3.1) with ExtractAarTransform
Transforming media3-container-1.3.1.aar (androidx.media3:media3-container:1.3.1) with AarTransform
Transforming media3-database-1.3.1.aar (androidx.media3:media3-database:1.3.1) with JetifyTransform
Transforming media3-database-1.3.1.aar (androidx.media3:media3-database:1.3.1) with ExtractAarTransform
Transforming media3-database-1.3.1.aar (androidx.media3:media3-database:1.3.1) with AarTransform
Transforming media3-datasource-1.3.1.aar (androidx.media3:media3-datasource:1.3.1) with JetifyTransform
Transforming media3-datasource-1.3.1.aar (androidx.media3:media3-datasource:1.3.1) with ExtractAarTransform
Transforming media3-datasource-1.3.1.aar (androidx.media3:media3-datasource:1.3.1) with AarTransform
Transforming cronet-api-72.3626.96.aar (org.chromium.net:cronet-api:72.3626.96) with JetifyTransform
Transforming cronet-api-72.3626.96.aar (org.chromium.net:cronet-api:72.3626.96) with ExtractAarTransform
Transforming cronet-api-72.3626.96.aar (org.chromium.net:cronet-api:72.3626.96) with AarTransform
Transforming media3-decoder-1.3.1.aar (androidx.media3:media3-decoder:1.3.1) with JetifyTransform
Transforming media3-decoder-1.3.1.aar (androidx.media3:media3-decoder:1.3.1) with ExtractAarTransform
Transforming media3-decoder-1.3.1.aar (androidx.media3:media3-decoder:1.3.1) with AarTransform
Transforming media3-extractor-1.3.1.aar (androidx.media3:media3-extractor:1.3.1) with JetifyTransform
Transforming media3-extractor-1.3.1.aar (androidx.media3:media3-extractor:1.3.1) with ExtractAarTransform
Transforming media3-extractor-1.3.1.aar (androidx.media3:media3-extractor:1.3.1) with AarTransform
Caching disabled for task ':app:dataBindingGenBaseClassesDebug' because:
  Build cache is disabled
Task ':app:dataBindingGenBaseClassesDebug' is not up-to-date because:
  Input property 'dependenciesFileCollection' file /data/user/0/com.itsaky.androidide/files/home/.gradle/caches/transforms-4/a630d5889f87acf55991860178140ba7/transformed/androidx.media3.exoplayer.hls-r.txt has been added.
  Input property 'dependenciesFileCollection' file /data/user/0/com.itsaky.androidide/files/home/.gradle/caches/transforms-4/335aedad9337280fbad68fa6519083e2/transformed/androidx.media3.datasource.cronet-r.txt has been added.
  Input property 'dependenciesFileCollection' file /data/user/0/com.itsaky.androidide/files/home/.gradle/caches/transforms-4/72dd5e8444dd71e82765a31eceeeba78/transformed/com.google.android.gms.cronet-r.txt has been added.
The input changes require a full rebuild for incremental task ':app:dataBindingGenBaseClassesDebug'.
Resolve mutations for :app:processDebugResources (Thread[Execution worker Thread 3,5,main]) started.
:app:processDebugResources (Thread[Execution worker Thread 3,5,main]) started.
Resolve mutations for :app:mergeDebugStartupProfile (Thread[Execution worker,5,main]) started.
:app:mergeDebugStartupProfile (Thread[Execution worker,5,main]) started.

> Task :app:mergeDebugStartupProfile UP-TO-DATE
Caching disabled for task ':app:mergeDebugStartupProfile' because:
  Build cache is disabled
Skipping task ':app:mergeDebugStartupProfile' as it is up-to-date.
Resolve mutations for :app:mergeExtDexDebug (Thread[Execution worker Thread 6,5,main]) started.
:app:mergeExtDexDebug (Thread[Execution worker Thread 6,5,main]) started.
Resolve mutations for :app:mergeLibDexDebug (Thread[Execution worker,5,main]) started.
:app:mergeLibDexDebug (Thread[Execution worker,5,main]) started.

> Task :app:mergeLibDexDebug UP-TO-DATE
Caching disabled for task ':app:mergeLibDexDebug' because:
  Build cache is disabled
Skipping task ':app:mergeLibDexDebug' as it is up-to-date.
Resolve mutations for :app:mergeDebugJniLibFolders (Thread[Execution worker,5,main]) started.
:app:mergeDebugJniLibFolders (Thread[Execution worker,5,main]) started.

> Task :app:mergeDebugJniLibFolders UP-TO-DATE
Caching disabled for task ':app:mergeDebugJniLibFolders' because:
  Build cache is disabled
Skipping task ':app:mergeDebugJniLibFolders' as it is up-to-date.
Resolve mutations for :app:mergeDebugNativeLibs (Thread[Execution worker,5,main]) started.
:app:mergeDebugNativeLibs (Thread[Execution worker,5,main]) started.

> Task :app:mergeDebugNativeLibs NO-SOURCE
Transforming viewbinding-8.4.1.aar (androidx.databinding:viewbinding:8.4.1) with JetifyTransform
Transforming viewbinding-8.4.1.aar (androidx.databinding:viewbinding:8.4.1) with ExtractAarTransform
Transforming viewbinding-8.4.1.aar (androidx.databinding:viewbinding:8.4.1) with AarTransform
Transforming material-1.12.0.aar (com.google.android.material:material:1.12.0) with JetifyTransform
Transforming material-1.12.0.aar (com.google.android.material:material:1.12.0) with ExtractAarTransform
Transforming material-1.12.0.aar (com.google.android.material:material:1.12.0) with AarTransform
Transforming constraintlayout-2.1.4.aar (androidx.constraintlayout:constraintlayout:2.1.4) with JetifyTransform
Transforming constraintlayout-2.1.4.aar (androidx.constraintlayout:constraintlayout:2.1.4) with ExtractAarTransform
Transforming constraintlayout-2.1.4.aar (androidx.constraintlayout:constraintlayout:2.1.4) with AarTransform
Transforming appcompat-resources-1.6.1.aar (androidx.appcompat:appcompat-resources:1.6.1) with JetifyTransform
Transforming appcompat-resources-1.6.1.aar (androidx.appcompat:appcompat-resources:1.6.1) with ExtractAarTransform
Transforming appcompat-resources-1.6.1.aar (androidx.appcompat:appcompat-resources:1.6.1) with AarTransform
Transforming appcompat-1.6.1.aar (androidx.appcompat:appcompat:1.6.1) with JetifyTransform
Transforming appcompat-1.6.1.aar (androidx.appcompat:appcompat:1.6.1) with ExtractAarTransform
Transforming appcompat-1.6.1.aar (androidx.appcompat:appcompat:1.6.1) with AarTransform
Transforming browser-1.8.0.aar (androidx.browser:browser:1.8.0) with JetifyTransform
Transforming browser-1.8.0.aar (androidx.browser:browser:1.8.0) with ExtractAarTransform
Transforming browser-1.8.0.aar (androidx.browser:browser:1.8.0) with AarTransform
Transforming webkit-1.11.0.aar (androidx.webkit:webkit:1.11.0) with JetifyTransform
Transforming webkit-1.11.0.aar (androidx.webkit:webkit:1.11.0) with ExtractAarTransform
Transforming webkit-1.11.0.aar (androidx.webkit:webkit:1.11.0) with AarTransform
Transforming media3-exoplayer-hls-1.3.1.aar (androidx.media3:media3-exoplayer-hls:1.3.1) with JetifyTransform
Transforming media3-exoplayer-hls-1.3.1.aar (androidx.media3:media3-exoplayer-hls:1.3.1) with ExtractAarTransform
Transforming media3-exoplayer-hls-1.3.1.aar (androidx.media3:media3-exoplayer-hls:1.3.1) with AarTransform
Transforming media3-exoplayer-1.3.1.aar (androidx.media3:media3-exoplayer:1.3.1) with JetifyTransform
Transforming media3-exoplayer-1.3.1.aar (androidx.media3:media3-exoplayer:1.3.1) with ExtractAarTransform
Transforming media3-exoplayer-1.3.1.aar (androidx.media3:media3-exoplayer:1.3.1) with AarTransform
Transforming media3-datasource-cronet-1.3.1.aar (androidx.media3:media3-datasource-cronet:1.3.1) with JetifyTransform
Transforming media3-datasource-cronet-1.3.1.aar (androidx.media3:media3-datasource-cronet:1.3.1) with ExtractAarTransform
Transforming media3-datasource-cronet-1.3.1.aar (androidx.media3:media3-datasource-cronet:1.3.1) with AarTransform
Transforming media3-session-1.3.1.aar (androidx.media3:media3-session:1.3.1) with JetifyTransform
Transforming media3-session-1.3.1.aar (androidx.media3:media3-session:1.3.1) with ExtractAarTransform
Transforming media3-session-1.3.1.aar (androidx.media3:media3-session:1.3.1) with AarTransform
Transforming media3-extractor-1.3.1.aar (androidx.media3:media3-extractor:1.3.1) with JetifyTransform
Transforming media3-extractor-1.3.1.aar (androidx.media3:media3-extractor:1.3.1) with ExtractAarTransform
Transforming media3-extractor-1.3.1.aar (androidx.media3:media3-extractor:1.3.1) with AarTransform
Transforming media3-container-1.3.1.aar (androidx.media3:media3-container:1.3.1) with JetifyTransform
Transforming media3-container-1.3.1.aar (androidx.media3:media3-container:1.3.1) with ExtractAarTransform
Transforming media3-container-1.3.1.aar (androidx.media3:media3-container:1.3.1) with AarTransform
Transforming media3-datasource-1.3.1.aar (androidx.media3:media3-datasource:1.3.1) with JetifyTransform
Transforming media3-datasource-1.3.1.aar (androidx.media3:media3-datasource:1.3.1) with ExtractAarTransform
Transforming media3-datasource-1.3.1.aar (androidx.media3:media3-datasource:1.3.1) with AarTransform
Transforming media3-decoder-1.3.1.aar (androidx.media3:media3-decoder:1.3.1) with JetifyTransform
Transforming media3-decoder-1.3.1.aar (androidx.media3:media3-decoder:1.3.1) with ExtractAarTransform
Transforming media3-decoder-1.3.1.aar (androidx.media3:media3-decoder:1.3.1) with AarTransform
Transforming media3-database-1.3.1.aar (androidx.media3:media3-database:1.3.1) with JetifyTransform
Transforming media3-database-1.3.1.aar (androidx.media3:media3-database:1.3.1) with ExtractAarTransform
Transforming media3-database-1.3.1.aar (androidx.media3:media3-database:1.3.1) with AarTransform
Transforming media3-common-1.3.1.aar (androidx.media3:media3-common:1.3.1) with JetifyTransform
Transforming media3-common-1.3.1.aar (androidx.media3:media3-common:1.3.1) with ExtractAarTransform
Transforming media3-common-1.3.1.aar (androidx.media3:media3-common:1.3.1) with AarTransform
Transforming media3-ui-1.3.1.aar (androidx.media3:media3-ui:1.3.1) with JetifyTransform
Transforming media3-ui-1.3.1.aar (androidx.media3:media3-ui:1.3.1) with ExtractAarTransform
Transforming media3-ui-1.3.1.aar (androidx.media3:media3-ui:1.3.1) with AarTransform
Transforming media-1.7.0.aar (androidx.media:media:1.7.0) with JetifyTransform
Transforming media-1.7.0.aar (androidx.media:media:1.7.0) with ExtractAarTransform
Transforming media-1.7.0.aar (androidx.media:media:1.7.0) with AarTransform
Transforming viewpager2-1.1.0-beta02.aar (androidx.viewpager2:viewpager2:1.1.0-beta02) with JetifyTransform
Transforming viewpager2-1.1.0-beta02.aar (androidx.viewpager2:viewpager2:1.1.0-beta02) with ExtractAarTransform
Transforming viewpager2-1.1.0-beta02.aar (androidx.viewpager2:viewpager2:1.1.0-beta02) with AarTransform
Transforming recyclerview-1.3.2.aar (androidx.recyclerview:recyclerview:1.3.2) with JetifyTransform
Transforming recyclerview-1.3.2.aar (androidx.recyclerview:recyclerview:1.3.2) with ExtractAarTransform
Transforming recyclerview-1.3.2.aar (androidx.recyclerview:recyclerview:1.3.2) with AarTransform
Transforming emoji2-views-helper-1.2.0.aar (androidx.emoji2:emoji2-views-helper:1.2.0) with JetifyTransform
Transforming emoji2-views-helper-1.2.0.aar (androidx.emoji2:emoji2-views-helper:1.2.0) with ExtractAarTransform
Transforming emoji2-views-helper-1.2.0.aar (androidx.emoji2:emoji2-views-helper:1.2.0) with AarTransform
Transforming emoji2-1.2.0.aar (androidx.emoji2:emoji2:1.2.0) with JetifyTransform
Transforming emoji2-1.2.0.aar (androidx.emoji2:emoji2:1.2.0) with ExtractAarTransform
Transforming emoji2-1.2.0.aar (androidx.emoji2:emoji2:1.2.0) with AarTransform
Transforming glide-4.16.0.aar (com.github.bumptech.glide:glide:4.16.0) with JetifyTransform
Transforming glide-4.16.0.aar (com.github.bumptech.glide:glide:4.16.0) with ExtractAarTransform
Transforming glide-4.16.0.aar (com.github.bumptech.glide:glide:4.16.0) with AarTransform
Transforming play-services-cronet-18.0.1.aar (com.google.android.gms:play-services-cronet:18.0.1) with JetifyTransform
Transforming play-services-cronet-18.0.1.aar (com.google.android.gms:play-services-cronet:18.0.1) with ExtractAarTransform
Transforming play-services-cronet-18.0.1.aar (com.google.android.gms:play-services-cronet:18.0.1) with AarTransform
Transforming play-services-base-18.0.1.aar (com.google.android.gms:play-services-base:18.0.1) with JetifyTransform
Transforming play-services-base-18.0.1.aar (com.google.android.gms:play-services-base:18.0.1) with ExtractAarTransform
Transforming play-services-base-18.0.1.aar (com.google.android.gms:play-services-base:18.0.1) with AarTransform
Transforming play-services-tasks-18.0.1.aar (com.google.android.gms:play-services-tasks:18.0.1) with JetifyTransform
Transforming play-services-tasks-18.0.1.aar (com.google.android.gms:play-services-tasks:18.0.1) with ExtractAarTransform
Transforming play-services-tasks-18.0.1.aar (com.google.android.gms:play-services-tasks:18.0.1) with AarTransform
Transforming play-services-basement-18.0.0.aar (com.google.android.gms:play-services-basement:18.0.0) with JetifyTransform
Transforming play-services-basement-18.0.0.aar (com.google.android.gms:play-services-basement:18.0.0) with ExtractAarTransform
Transforming play-services-basement-18.0.0.aar (com.google.android.gms:play-services-basement:18.0.0) with AarTransform
Transforming fragment-1.3.6.aar (androidx.fragment:fragment:1.3.6) with JetifyTransform
Transforming fragment-1.3.6.aar (androidx.fragment:fragment:1.3.6) with ExtractAarTransform
Transforming fragment-1.3.6.aar (androidx.fragment:fragment:1.3.6) with AarTransform
Transforming fragment-1.3.6.aar (androidx.fragment:fragment:1.3.6) with JetifyTransform
Transforming fragment-1.3.6.aar (androidx.fragment:fragment:1.3.6) with ExtractAarTransform
Transforming fragment-1.3.6.aar (androidx.fragment:fragment:1.3.6) with AarTransform
Transforming activity-1.8.0.aar (androidx.activity:activity:1.8.0) with JetifyTransform
Transforming activity-1.8.0.aar (androidx.activity:activity:1.8.0) with ExtractAarTransform
Transforming activity-1.8.0.aar (androidx.activity:activity:1.8.0) with AarTransform
Transforming drawerlayout-1.1.1.aar (androidx.drawerlayout:drawerlayout:1.1.1) with JetifyTransform
Transforming drawerlayout-1.1.1.aar (androidx.drawerlayout:drawerlayout:1.1.1) with ExtractAarTransform
Transforming drawerlayout-1.1.1.aar (androidx.drawerlayout:drawerlayout:1.1.1) with AarTransform
Transforming coordinatorlayout-1.1.0.aar (androidx.coordinatorlayout:coordinatorlayout:1.1.0) with JetifyTransform
Transforming coordinatorlayout-1.1.0.aar (androidx.coordinatorlayout:coordinatorlayout:1.1.0) with ExtractAarTransform
Transforming coordinatorlayout-1.1.0.aar (androidx.coordinatorlayout:coordinatorlayout:1.1.0) with AarTransform
Transforming transition-1.5.0.aar (androidx.transition:transition:1.5.0) with JetifyTransform
Transforming transition-1.5.0.aar (androidx.transition:transition:1.5.0) with ExtractAarTransform
Transforming transition-1.5.0.aar (androidx.transition:transition:1.5.0) with AarTransform
Transforming dynamicanimation-1.0.0.aar (androidx.dynamicanimation:dynamicanimation:1.0.0) with JetifyTransform
Transforming dynamicanimation-1.0.0.aar (androidx.dynamicanimation:dynamicanimation:1.0.0) with ExtractAarTransform
Transforming dynamicanimation-1.0.0.aar (androidx.dynamicanimation:dynamicanimation:1.0.0) with AarTransform
Transforming vectordrawable-animated-1.1.0.aar (androidx.vectordrawable:vectordrawable-animated:1.1.0) with JetifyTransform
Transforming vectordrawable-animated-1.1.0.aar (androidx.vectordrawable:vectordrawable-animated:1.1.0) with ExtractAarTransform
Transforming vectordrawable-animated-1.1.0.aar (androidx.vectordrawable:vectordrawable-animated:1.1.0) with AarTransform
Transforming vectordrawable-1.1.0.aar (androidx.vectordrawable:vectordrawable:1.1.0) with JetifyTransform
Transforming vectordrawable-1.1.0.aar (androidx.vectordrawable:vectordrawable:1.1.0) with ExtractAarTransform
Transforming vectordrawable-1.1.0.aar (androidx.vectordrawable:vectordrawable:1.1.0) with AarTransform
Transforming vectordrawable-1.1.0.aar (androidx.vectordrawable:vectordrawable:1.1.0) with JetifyTransform
Transforming vectordrawable-1.1.0.aar (androidx.vectordrawable:vectordrawable:1.1.0) with ExtractAarTransform
Transforming vectordrawable-1.1.0.aar (androidx.vectordrawable:vectordrawable:1.1.0) with AarTransform
Transforming viewpager-1.0.0.aar (androidx.viewpager:viewpager:1.0.0) with JetifyTransform
Transforming viewpager-1.0.0.aar (androidx.viewpager:viewpager:1.0.0) with ExtractAarTransform
Transforming viewpager-1.0.0.aar (androidx.viewpager:viewpager:1.0.0) with AarTransform
Transforming legacy-support-core-utils-1.0.0.aar (androidx.legacy:legacy-support-core-utils:1.0.0) with JetifyTransform
Transforming legacy-support-core-utils-1.0.0.aar (androidx.legacy:legacy-support-core-utils:1.0.0) with ExtractAarTransform
Transforming legacy-support-core-utils-1.0.0.aar (androidx.legacy:legacy-support-core-utils:1.0.0) with AarTransform
Transforming loader-1.0.0.aar (androidx.loader:loader:1.0.0) with JetifyTransform
Transforming loader-1.0.0.aar (androidx.loader:loader:1.0.0) with ExtractAarTransform
Transforming loader-1.0.0.aar (androidx.loader:loader:1.0.0) with AarTransform
Transforming loader-1.0.0.aar (androidx.loader:loader:1.0.0) with JetifyTransform
Transforming loader-1.0.0.aar (androidx.loader:loader:1.0.0) with ExtractAarTransform
Transforming loader-1.0.0.aar (androidx.loader:loader:1.0.0) with AarTransform
Transforming customview-1.1.0.aar (androidx.customview:customview:1.1.0) with JetifyTransform
Transforming customview-1.1.0.aar (androidx.customview:customview:1.1.0) with ExtractAarTransform
Transforming customview-1.1.0.aar (androidx.customview:customview:1.1.0) with AarTransform
Transforming customview-1.1.0.aar (androidx.customview:customview:1.1.0) with JetifyTransform
Transforming customview-1.1.0.aar (androidx.customview:customview:1.1.0) with ExtractAarTransform
Transforming customview-1.1.0.aar (androidx.customview:customview:1.1.0) with AarTransform
Transforming core-1.13.1.aar (androidx.core:core:1.13.1) with JetifyTransform
Transforming core-1.13.1.aar (androidx.core:core:1.13.1) with ExtractAarTransform
Transforming core-1.13.1.aar (androidx.core:core:1.13.1) with AarTransform
Transforming core-1.13.1.aar (androidx.core:core:1.13.1) with JetifyTransform
Transforming core-1.13.1.aar (androidx.core:core:1.13.1) with ExtractAarTransform
Transforming core-1.13.1.aar (androidx.core:core:1.13.1) with AarTransform
Transforming customview-poolingcontainer-1.0.0.aar (androidx.customview:customview-poolingcontainer:1.0.0) with JetifyTransform
Transforming customview-poolingcontainer-1.0.0.aar (androidx.customview:customview-poolingcontainer:1.0.0) with ExtractAarTransform
Transforming customview-poolingcontainer-1.0.0.aar (androidx.customview:customview-poolingcontainer:1.0.0) with AarTransform
Transforming savedstate-1.2.1.aar (androidx.savedstate:savedstate:1.2.1) with JetifyTransform
Transforming savedstate-1.2.1.aar (androidx.savedstate:savedstate:1.2.1) with ExtractAarTransform
Transforming savedstate-1.2.1.aar (androidx.savedstate:savedstate:1.2.1) with AarTransform
Transforming lifecycle-common-jvm-2.8.2.jar (androidx.lifecycle:lifecycle-common-jvm:2.8.2) with JetifyTransform
Transforming lifecycle-common-jvm-2.8.2.jar (androidx.lifecycle:lifecycle-common-jvm:2.8.2) with ExtractJniTransform
Transforming lifecycle-livedata-core-ktx-2.8.2.aar (androidx.lifecycle:lifecycle-livedata-core-ktx:2.8.2) with JetifyTransform
Transforming lifecycle-livedata-core-ktx-2.8.2.aar (androidx.lifecycle:lifecycle-livedata-core-ktx:2.8.2) with ExtractAarTransform
Transforming lifecycle-livedata-core-ktx-2.8.2.aar (androidx.lifecycle:lifecycle-livedata-core-ktx:2.8.2) with AarTransform
Transforming lifecycle-viewmodel-2.8.2.aar (androidx.lifecycle:lifecycle-viewmodel:2.8.2) with JetifyTransform
Transforming lifecycle-viewmodel-2.8.2.aar (androidx.lifecycle:lifecycle-viewmodel:2.8.2) with ExtractAarTransform
Transforming lifecycle-viewmodel-2.8.2.aar (androidx.lifecycle:lifecycle-viewmodel:2.8.2) with AarTransform
Transforming lifecycle-viewmodel-release.aar (androidx.lifecycle:lifecycle-viewmodel-android:2.8.2) with JetifyTransform
Transforming lifecycle-viewmodel-release.aar (androidx.lifecycle:lifecycle-viewmodel-android:2.8.2) with ExtractAarTransform
Transforming lifecycle-viewmodel-release.aar (androidx.lifecycle:lifecycle-viewmodel-android:2.8.2) with AarTransform
Transforming lifecycle-runtime-release.aar (androidx.lifecycle:lifecycle-runtime-android:2.8.2) with JetifyTransform
Transforming lifecycle-runtime-release.aar (androidx.lifecycle:lifecycle-runtime-android:2.8.2) with ExtractAarTransform
Transforming lifecycle-runtime-release.aar (androidx.lifecycle:lifecycle-runtime-android:2.8.2) with AarTransform
Transforming lifecycle-livedata-2.8.2.aar (androidx.lifecycle:lifecycle-livedata:2.8.2) with JetifyTransform
Transforming lifecycle-livedata-2.8.2.aar (androidx.lifecycle:lifecycle-livedata:2.8.2) with ExtractAarTransform
Transforming lifecycle-livedata-2.8.2.aar (androidx.lifecycle:lifecycle-livedata:2.8.2) with AarTransform
Transforming lifecycle-process-2.8.2.aar (androidx.lifecycle:lifecycle-process:2.8.2) with JetifyTransform
Transforming lifecycle-process-2.8.2.aar (androidx.lifecycle:lifecycle-process:2.8.2) with ExtractAarTransform
Transforming lifecycle-process-2.8.2.aar (androidx.lifecycle:lifecycle-process:2.8.2) with AarTransform
Transforming lifecycle-livedata-core-2.8.2.aar (androidx.lifecycle:lifecycle-livedata-core:2.8.2) with JetifyTransform
Transforming lifecycle-livedata-core-2.8.2.aar (androidx.lifecycle:lifecycle-livedata-core:2.8.2) with ExtractAarTransform
Transforming lifecycle-livedata-core-2.8.2.aar (androidx.lifecycle:lifecycle-livedata-core:2.8.2) with AarTransform
Transforming lifecycle-runtime-ktx-release.aar (androidx.lifecycle:lifecycle-runtime-ktx-android:2.8.2) with JetifyTransform
Transforming lifecycle-runtime-ktx-release.aar (androidx.lifecycle:lifecycle-runtime-ktx-android:2.8.2) with ExtractAarTransform
Transforming lifecycle-runtime-ktx-release.aar (androidx.lifecycle:lifecycle-runtime-ktx-android:2.8.2) with AarTransform
Transforming lifecycle-viewmodel-savedstate-2.8.2.aar (androidx.lifecycle:lifecycle-viewmodel-savedstate:2.8.2) with JetifyTransform
Transforming lifecycle-viewmodel-savedstate-2.8.2.aar (androidx.lifecycle:lifecycle-viewmodel-savedstate:2.8.2) with ExtractAarTransform
Transforming lifecycle-viewmodel-savedstate-2.8.2.aar (androidx.lifecycle:lifecycle-viewmodel-savedstate:2.8.2) with AarTransform
Transforming core-ktx-1.13.1.aar (androidx.core:core-ktx:1.13.1) with JetifyTransform
Transforming core-ktx-1.13.1.aar (androidx.core:core-ktx:1.13.1) with ExtractAarTransform
Transforming core-ktx-1.13.1.aar (androidx.core:core-ktx:1.13.1) with AarTransform
Transforming room-common-2.6.1.jar (androidx.room:room-common:2.6.1) with JetifyTransform
Transforming room-common-2.6.1.jar (androidx.room:room-common:2.6.1) with ExtractJniTransform
Transforming room-runtime-2.6.1.aar (androidx.room:room-runtime:2.6.1) with JetifyTransform
Transforming room-runtime-2.6.1.aar (androidx.room:room-runtime:2.6.1) with ExtractAarTransform
Transforming room-runtime-2.6.1.aar (androidx.room:room-runtime:2.6.1) with AarTransform
Transforming room-ktx-2.6.1.aar (androidx.room:room-ktx:2.6.1) with JetifyTransform
Transforming room-ktx-2.6.1.aar (androidx.room:room-ktx:2.6.1) with ExtractAarTransform
Transforming room-ktx-2.6.1.aar (androidx.room:room-ktx:2.6.1) with AarTransform
Transforming annotation-experimental-1.4.0.aar (androidx.annotation:annotation-experimental:1.4.0) with JetifyTransform
Transforming annotation-experimental-1.4.0.aar (androidx.annotation:annotation-experimental:1.4.0) with ExtractAarTransform
Transforming annotation-experimental-1.4.0.aar (androidx.annotation:annotation-experimental:1.4.0) with AarTransform
Transforming sqlite-framework-2.4.0.aar (androidx.sqlite:sqlite-framework:2.4.0) with JetifyTransform
Transforming sqlite-framework-2.4.0.aar (androidx.sqlite:sqlite-framework:2.4.0) with ExtractAarTransform
Transforming sqlite-framework-2.4.0.aar (androidx.sqlite:sqlite-framework:2.4.0) with AarTransform
Transforming sqlite-2.4.0.aar (androidx.sqlite:sqlite:2.4.0) with JetifyTransform
Transforming sqlite-2.4.0.aar (androidx.sqlite:sqlite:2.4.0) with ExtractAarTransform
Transforming sqlite-2.4.0.aar (androidx.sqlite:sqlite:2.4.0) with AarTransform
Transforming kotlinx-coroutines-core-jvm-1.7.3.jar (org.jetbrains.kotlinx:kotlinx-coroutines-core-jvm:1.7.3) with JetifyTransform
Transforming kotlinx-coroutines-core-jvm-1.7.3.jar (org.jetbrains.kotlinx:kotlinx-coroutines-core-jvm:1.7.3) with ExtractJniTransform
Transforming kotlinx-coroutines-android-1.7.3.jar (org.jetbrains.kotlinx:kotlinx-coroutines-android:1.7.3) with JetifyTransform
Transforming kotlinx-coroutines-android-1.7.3.jar (org.jetbrains.kotlinx:kotlinx-coroutines-android:1.7.3) with ExtractJniTransform
Transforming kotlin-stdlib-jdk8-1.8.22.jar (org.jetbrains.kotlin:kotlin-stdlib-jdk8:1.8.22) with JetifyTransform
Transforming kotlin-stdlib-jdk8-1.8.22.jar (org.jetbrains.kotlin:kotlin-stdlib-jdk8:1.8.22) with ExtractJniTransform
Transforming localbroadcastmanager-1.1.0.aar (androidx.localbroadcastmanager:localbroadcastmanager:1.1.0) with JetifyTransform
Transforming localbroadcastmanager-1.1.0.aar (androidx.localbroadcastmanager:localbroadcastmanager:1.1.0) with ExtractAarTransform
Transforming localbroadcastmanager-1.1.0.aar (androidx.localbroadcastmanager:localbroadcastmanager:1.1.0) with AarTransform
Transforming localbroadcastmanager-1.1.0.aar (androidx.localbroadcastmanager:localbroadcastmanager:1.1.0) with JetifyTransform
Transforming localbroadcastmanager-1.1.0.aar (androidx.localbroadcastmanager:localbroadcastmanager:1.1.0) with ExtractAarTransform
Transforming localbroadcastmanager-1.1.0.aar (androidx.localbroadcastmanager:localbroadcastmanager:1.1.0) with AarTransform
Transforming interpolator-1.0.0.aar (androidx.interpolator:interpolator:1.0.0) with JetifyTransform
Transforming interpolator-1.0.0.aar (androidx.interpolator:interpolator:1.0.0) with ExtractAarTransform
Transforming interpolator-1.0.0.aar (androidx.interpolator:interpolator:1.0.0) with AarTransform
Transforming interpolator-1.0.0.aar (androidx.interpolator:interpolator:1.0.0) with JetifyTransform
Transforming interpolator-1.0.0.aar (androidx.interpolator:interpolator:1.0.0) with ExtractAarTransform
Transforming interpolator-1.0.0.aar (androidx.interpolator:interpolator:1.0.0) with AarTransform
Transforming cursoradapter-1.0.0.aar (androidx.cursoradapter:cursoradapter:1.0.0) with JetifyTransform
Transforming cursoradapter-1.0.0.aar (androidx.cursoradapter:cursoradapter:1.0.0) with ExtractAarTransform
Transforming cursoradapter-1.0.0.aar (androidx.cursoradapter:cursoradapter:1.0.0) with AarTransform
Transforming resourceinspection-annotation-1.0.1.jar (androidx.resourceinspection:resourceinspection-annotation:1.0.1) with JetifyTransform
Transforming resourceinspection-annotation-1.0.1.jar (androidx.resourceinspection:resourceinspection-annotation:1.0.1) with ExtractJniTransform
Transforming cardview-1.0.0.aar (androidx.cardview:cardview:1.0.0) with JetifyTransform
Transforming cardview-1.0.0.aar (androidx.cardview:cardview:1.0.0) with ExtractAarTransform
Transforming cardview-1.0.0.aar (androidx.cardview:cardview:1.0.0) with AarTransform
Transforming versionedparcelable-1.1.1.aar (androidx.versionedparcelable:versionedparcelable:1.1.1) with JetifyTransform
Transforming versionedparcelable-1.1.1.aar (androidx.versionedparcelable:versionedparcelable:1.1.1) with ExtractAarTransform
Transforming versionedparcelable-1.1.1.aar (androidx.versionedparcelable:versionedparcelable:1.1.1) with AarTransform
Transforming collection-1.2.0.jar (androidx.collection:collection:1.2.0) with JetifyTransform
Transforming collection-1.2.0.jar (androidx.collection:collection:1.2.0) with ExtractJniTransform
Transforming exifinterface-1.3.6.aar (androidx.exifinterface:exifinterface:1.3.6) with JetifyTransform
Transforming exifinterface-1.3.6.aar (androidx.exifinterface:exifinterface:1.3.6) with ExtractAarTransform
Transforming exifinterface-1.3.6.aar (androidx.exifinterface:exifinterface:1.3.6) with AarTransform
Transforming core-runtime-2.2.0.aar (androidx.arch.core:core-runtime:2.2.0) with JetifyTransform
Transforming core-runtime-2.2.0.aar (androidx.arch.core:core-runtime:2.2.0) with ExtractAarTransform
Transforming core-runtime-2.2.0.aar (androidx.arch.core:core-runtime:2.2.0) with AarTransform
Transforming gifdecoder-4.16.0.aar (com.github.bumptech.glide:gifdecoder:4.16.0) with JetifyTransform
Transforming gifdecoder-4.16.0.aar (com.github.bumptech.glide:gifdecoder:4.16.0) with ExtractAarTransform
Transforming gifdecoder-4.16.0.aar (com.github.bumptech.glide:gifdecoder:4.16.0) with AarTransform
Transforming profileinstaller-1.3.1.aar (androidx.profileinstaller:profileinstaller:1.3.1) with JetifyTransform
Transforming profileinstaller-1.3.1.aar (androidx.profileinstaller:profileinstaller:1.3.1) with ExtractAarTransform
Transforming profileinstaller-1.3.1.aar (androidx.profileinstaller:profileinstaller:1.3.1) with AarTransform
Transforming startup-runtime-1.1.1.aar (androidx.startup:startup-runtime:1.1.1) with JetifyTransform
Transforming startup-runtime-1.1.1.aar (androidx.startup:startup-runtime:1.1.1) with ExtractAarTransform
Transforming startup-runtime-1.1.1.aar (androidx.startup:startup-runtime:1.1.1) with AarTransform
Transforming tracing-1.0.0.aar (androidx.tracing:tracing:1.0.0) with JetifyTransform
Transforming tracing-1.0.0.aar (androidx.tracing:tracing:1.0.0) with ExtractAarTransform
Transforming tracing-1.0.0.aar (androidx.tracing:tracing:1.0.0) with AarTransform
Transforming core-common-2.2.0.jar (androidx.arch.core:core-common:2.2.0) with JetifyTransform
Transforming core-common-2.2.0.jar (androidx.arch.core:core-common:2.2.0) with ExtractJniTransform
Transforming documentfile-1.0.0.aar (androidx.documentfile:documentfile:1.0.0) with JetifyTransform
Transforming documentfile-1.0.0.aar (androidx.documentfile:documentfile:1.0.0) with ExtractAarTransform
Transforming documentfile-1.0.0.aar (androidx.documentfile:documentfile:1.0.0) with AarTransform
Transforming print-1.0.0.aar (androidx.print:print:1.0.0) with JetifyTransform
Transforming print-1.0.0.aar (androidx.print:print:1.0.0) with ExtractAarTransform
Transforming print-1.0.0.aar (androidx.print:print:1.0.0) with AarTransform
Transforming concurrent-futures-1.1.0.jar (androidx.concurrent:concurrent-futures:1.1.0) with JetifyTransform
Transforming concurrent-futures-1.1.0.jar (androidx.concurrent:concurrent-futures:1.1.0) with ExtractJniTransform
Transforming annotation-jvm-1.8.0.jar (androidx.annotation:annotation-jvm:1.8.0) with JetifyTransform
Transforming annotation-jvm-1.8.0.jar (androidx.annotation:annotation-jvm:1.8.0) with ExtractJniTransform
Transforming kotlin-stdlib-jdk7-1.8.22.jar (org.jetbrains.kotlin:kotlin-stdlib-jdk7:1.8.22) with JetifyTransform
Transforming kotlin-stdlib-jdk7-1.8.22.jar (org.jetbrains.kotlin:kotlin-stdlib-jdk7:1.8.22) with ExtractJniTransform
Transforming kotlin-stdlib-1.9.23.jar (org.jetbrains.kotlin:kotlin-stdlib:1.9.23) with JetifyTransform
Transforming kotlin-stdlib-1.9.23.jar (org.jetbrains.kotlin:kotlin-stdlib:1.9.23) with ExtractJniTransform
Transforming gson-2.10.1.jar (com.google.code.gson:gson:2.10.1) with JetifyTransform
Transforming gson-2.10.1.jar (com.google.code.gson:gson:2.10.1) with ExtractJniTransform
Transforming annotations-23.0.0.jar (org.jetbrains:annotations:23.0.0) with JetifyTransform
Transforming annotations-23.0.0.jar (org.jetbrains:annotations:23.0.0) with ExtractJniTransform
Transforming guava-32.1.3-android.jar (com.google.guava:guava:32.1.3-android) with JetifyTransform
Transforming guava-32.1.3-android.jar (com.google.guava:guava:32.1.3-android) with ExtractJniTransform
Transforming listenablefuture-9999.0-empty-to-avoid-conflict-with-guava.jar (com.google.guava:listenablefuture:9999.0-empty-to-avoid-conflict-with-guava) with JetifyTransform
Transforming listenablefuture-9999.0-empty-to-avoid-conflict-with-guava.jar (com.google.guava:listenablefuture:9999.0-empty-to-avoid-conflict-with-guava) with ExtractJniTransform
Transforming error_prone_annotations-2.15.0.jar (com.google.errorprone:error_prone_annotations:2.15.0) with JetifyTransform
Transforming error_prone_annotations-2.15.0.jar (com.google.errorprone:error_prone_annotations:2.15.0) with ExtractJniTransform
Transforming constraintlayout-core-1.0.4.jar (androidx.constraintlayout:constraintlayout-core:1.0.4) with JetifyTransform
Transforming constraintlayout-core-1.0.4.jar (androidx.constraintlayout:constraintlayout-core:1.0.4) with ExtractJniTransform
Transforming disklrucache-4.16.0.jar (com.github.bumptech.glide:disklrucache:4.16.0) with JetifyTransform
Transforming disklrucache-4.16.0.jar (com.github.bumptech.glide:disklrucache:4.16.0) with ExtractJniTransform
Transforming annotations-4.16.0.jar (com.github.bumptech.glide:annotations:4.16.0) with JetifyTransform
Transforming annotations-4.16.0.jar (com.github.bumptech.glide:annotations:4.16.0) with ExtractJniTransform
Transforming cronet-api-72.3626.96.aar (org.chromium.net:cronet-api:72.3626.96) with JetifyTransform
Transforming cronet-api-72.3626.96.aar (org.chromium.net:cronet-api:72.3626.96) with ExtractAarTransform
Transforming cronet-api-72.3626.96.aar (org.chromium.net:cronet-api:72.3626.96) with AarTransform
Transforming failureaccess-1.0.1.jar (com.google.guava:failureaccess:1.0.1) with JetifyTransform
Transforming failureaccess-1.0.1.jar (com.google.guava:failureaccess:1.0.1) with ExtractJniTransform
Skipping task ':app:mergeDebugNativeLibs' as it has no source files and no previous output files.
Resolve mutations for :app:stripDebugDebugSymbols (Thread[Execution worker Thread 7,5,main]) started.
:app:stripDebugDebugSymbols (Thread[Execution worker Thread 7,5,main]) started.

> Task :app:stripDebugDebugSymbols NO-SOURCE
Skipping task ':app:stripDebugDebugSymbols' as it has no source files and no previous output files.
Resolve mutations for :app:validateSigningDebug (Thread[Execution worker Thread 7,5,main]) started.
:app:validateSigningDebug (Thread[Execution worker Thread 7,5,main]) started.

> Task :app:validateSigningDebug UP-TO-DATE
Caching disabled for task ':app:validateSigningDebug' because:
  Build cache is disabled
Skipping task ':app:validateSigningDebug' as it is up-to-date.
Resolve mutations for :app:writeDebugAppMetadata (Thread[Execution worker Thread 7,5,main]) started.
:app:writeDebugAppMetadata (Thread[Execution worker,5,main]) started.

> Task :app:writeDebugAppMetadata UP-TO-DATE
Caching disabled for task ':app:writeDebugAppMetadata' because:
  Build cache is disabled
Skipping task ':app:writeDebugAppMetadata' as it is up-to-date.
Resolve mutations for :app:writeDebugSigningConfigVersions (Thread[Execution worker Thread 7,5,main]) started.
:app:writeDebugSigningConfigVersions (Thread[Execution worker Thread 7,5,main]) started.

> Task :app:writeDebugSigningConfigVersions UP-TO-DATE
Caching disabled for task ':app:writeDebugSigningConfigVersions' because:
  Build cache is disabled
Skipping task ':app:writeDebugSigningConfigVersions' as it is up-to-date.

> Task :app:processDebugResources
Transforming viewbinding-8.4.1.aar (androidx.databinding:viewbinding:8.4.1) with JetifyTransform
Transforming viewbinding-8.4.1.aar (androidx.databinding:viewbinding:8.4.1) with ExtractAarTransform
Transforming viewbinding-8.4.1.aar (androidx.databinding:viewbinding:8.4.1) with AarResourcesCompilerTransform
Transforming material-1.12.0.aar (com.google.android.material:material:1.12.0) with JetifyTransform
Transforming material-1.12.0.aar (com.google.android.material:material:1.12.0) with ExtractAarTransform
Transforming material-1.12.0.aar (com.google.android.material:material:1.12.0) with AarResourcesCompilerTransform
Transforming constraintlayout-2.1.4.aar (androidx.constraintlayout:constraintlayout:2.1.4) with JetifyTransform
Transforming constraintlayout-2.1.4.aar (androidx.constraintlayout:constraintlayout:2.1.4) with ExtractAarTransform
Transforming constraintlayout-2.1.4.aar (androidx.constraintlayout:constraintlayout:2.1.4) with AarResourcesCompilerTransform
Transforming appcompat-resources-1.6.1.aar (androidx.appcompat:appcompat-resources:1.6.1) with JetifyTransform
Transforming appcompat-resources-1.6.1.aar (androidx.appcompat:appcompat-resources:1.6.1) with ExtractAarTransform
Transforming appcompat-resources-1.6.1.aar (androidx.appcompat:appcompat-resources:1.6.1) with AarResourcesCompilerTransform
Transforming appcompat-1.6.1.aar (androidx.appcompat:appcompat:1.6.1) with JetifyTransform
Transforming appcompat-1.6.1.aar (androidx.appcompat:appcompat:1.6.1) with ExtractAarTransform
Transforming appcompat-1.6.1.aar (androidx.appcompat:appcompat:1.6.1) with AarResourcesCompilerTransform
Transforming browser-1.8.0.aar (androidx.browser:browser:1.8.0) with JetifyTransform
Transforming browser-1.8.0.aar (androidx.browser:browser:1.8.0) with ExtractAarTransform
Transforming browser-1.8.0.aar (androidx.browser:browser:1.8.0) with AarResourcesCompilerTransform
Transforming webkit-1.11.0.aar (androidx.webkit:webkit:1.11.0) with JetifyTransform
Transforming webkit-1.11.0.aar (androidx.webkit:webkit:1.11.0) with ExtractAarTransform
Transforming webkit-1.11.0.aar (androidx.webkit:webkit:1.11.0) with AarResourcesCompilerTransform
Transforming media3-exoplayer-hls-1.3.1.aar (androidx.media3:media3-exoplayer-hls:1.3.1) with JetifyTransform
Transforming media3-exoplayer-hls-1.3.1.aar (androidx.media3:media3-exoplayer-hls:1.3.1) with ExtractAarTransform
Transforming media3-exoplayer-hls-1.3.1.aar (androidx.media3:media3-exoplayer-hls:1.3.1) with AarResourcesCompilerTransform
Transforming media3-exoplayer-1.3.1.aar (androidx.media3:media3-exoplayer:1.3.1) with JetifyTransform
Transforming media3-exoplayer-1.3.1.aar (androidx.media3:media3-exoplayer:1.3.1) with ExtractAarTransform
Transforming media3-exoplayer-1.3.1.aar (androidx.media3:media3-exoplayer:1.3.1) with AarResourcesCompilerTransform
Transforming media3-datasource-cronet-1.3.1.aar (androidx.media3:media3-datasource-cronet:1.3.1) with JetifyTransform
Transforming media3-datasource-cronet-1.3.1.aar (androidx.media3:media3-datasource-cronet:1.3.1) with ExtractAarTransform
Transforming media3-datasource-cronet-1.3.1.aar (androidx.media3:media3-datasource-cronet:1.3.1) with AarResourcesCompilerTransform
Transforming media3-session-1.3.1.aar (androidx.media3:media3-session:1.3.1) with JetifyTransform
Transforming media3-session-1.3.1.aar (androidx.media3:media3-session:1.3.1) with ExtractAarTransform
Transforming media3-session-1.3.1.aar (androidx.media3:media3-session:1.3.1) with AarResourcesCompilerTransform
Transforming media3-extractor-1.3.1.aar (androidx.media3:media3-extractor:1.3.1) with JetifyTransform
Transforming media3-extractor-1.3.1.aar (androidx.media3:media3-extractor:1.3.1) with ExtractAarTransform
Transforming media3-extractor-1.3.1.aar (androidx.media3:media3-extractor:1.3.1) with AarResourcesCompilerTransform
Transforming media3-container-1.3.1.aar (androidx.media3:media3-container:1.3.1) with JetifyTransform
Transforming media3-container-1.3.1.aar (androidx.media3:media3-container:1.3.1) with ExtractAarTransform
Transforming media3-container-1.3.1.aar (androidx.media3:media3-container:1.3.1) with AarResourcesCompilerTransform
Transforming media3-datasource-1.3.1.aar (androidx.media3:media3-datasource:1.3.1) with JetifyTransform
Transforming media3-datasource-1.3.1.aar (androidx.media3:media3-datasource:1.3.1) with ExtractAarTransform
Transforming media3-datasource-1.3.1.aar (androidx.media3:media3-datasource:1.3.1) with AarResourcesCompilerTransform
Transforming media3-decoder-1.3.1.aar (androidx.media3:media3-decoder:1.3.1) with JetifyTransform
Transforming media3-decoder-1.3.1.aar (androidx.media3:media3-decoder:1.3.1) with ExtractAarTransform
Transforming media3-decoder-1.3.1.aar (androidx.media3:media3-decoder:1.3.1) with AarResourcesCompilerTransform
Transforming media3-database-1.3.1.aar (androidx.media3:media3-database:1.3.1) with JetifyTransform
Transforming media3-database-1.3.1.aar (androidx.media3:media3-database:1.3.1) with ExtractAarTransform
Transforming media3-database-1.3.1.aar (androidx.media3:media3-database:1.3.1) with AarResourcesCompilerTransform
Transforming media3-common-1.3.1.aar (androidx.media3:media3-common:1.3.1) with JetifyTransform
Transforming media3-common-1.3.1.aar (androidx.media3:media3-common:1.3.1) with ExtractAarTransform
Transforming media3-common-1.3.1.aar (androidx.media3:media3-common:1.3.1) with AarResourcesCompilerTransform
Transforming media3-ui-1.3.1.aar (androidx.media3:media3-ui:1.3.1) with JetifyTransform
Transforming media3-ui-1.3.1.aar (androidx.media3:media3-ui:1.3.1) with ExtractAarTransform
Transforming media3-ui-1.3.1.aar (androidx.media3:media3-ui:1.3.1) with AarResourcesCompilerTransform
Transforming media-1.7.0.aar (androidx.media:media:1.7.0) with JetifyTransform
Transforming media-1.7.0.aar (androidx.media:media:1.7.0) with ExtractAarTransform
Transforming media-1.7.0.aar (androidx.media:media:1.7.0) with AarResourcesCompilerTransform
Transforming viewpager2-1.1.0-beta02.aar (androidx.viewpager2:viewpager2:1.1.0-beta02) with JetifyTransform
Transforming viewpager2-1.1.0-beta02.aar (androidx.viewpager2:viewpager2:1.1.0-beta02) with ExtractAarTransform
Transforming viewpager2-1.1.0-beta02.aar (androidx.viewpager2:viewpager2:1.1.0-beta02) with AarResourcesCompilerTransform
Transforming recyclerview-1.3.2.aar (androidx.recyclerview:recyclerview:1.3.2) with JetifyTransform
Transforming recyclerview-1.3.2.aar (androidx.recyclerview:recyclerview:1.3.2) with ExtractAarTransform
Transforming recyclerview-1.3.2.aar (androidx.recyclerview:recyclerview:1.3.2) with AarResourcesCompilerTransform
Transforming emoji2-views-helper-1.2.0.aar (androidx.emoji2:emoji2-views-helper:1.2.0) with JetifyTransform
Transforming emoji2-views-helper-1.2.0.aar (androidx.emoji2:emoji2-views-helper:1.2.0) with ExtractAarTransform
Transforming emoji2-views-helper-1.2.0.aar (androidx.emoji2:emoji2-views-helper:1.2.0) with AarResourcesCompilerTransform
Transforming emoji2-1.2.0.aar (androidx.emoji2:emoji2:1.2.0) with JetifyTransform
Transforming emoji2-1.2.0.aar (androidx.emoji2:emoji2:1.2.0) with ExtractAarTransform
Transforming emoji2-1.2.0.aar (androidx.emoji2:emoji2:1.2.0) with AarResourcesCompilerTransform
Transforming glide-4.16.0.aar (com.github.bumptech.glide:glide:4.16.0) with JetifyTransform
Transforming glide-4.16.0.aar (com.github.bumptech.glide:glide:4.16.0) with ExtractAarTransform
Transforming glide-4.16.0.aar (com.github.bumptech.glide:glide:4.16.0) with AarResourcesCompilerTransform
Transforming play-services-cronet-18.0.1.aar (com.google.android.gms:play-services-cronet:18.0.1) with JetifyTransform
Transforming play-services-cronet-18.0.1.aar (com.google.android.gms:play-services-cronet:18.0.1) with ExtractAarTransform
Transforming play-services-cronet-18.0.1.aar (com.google.android.gms:play-services-cronet:18.0.1) with AarResourcesCompilerTransform
Transforming play-services-base-18.0.1.aar (com.google.android.gms:play-services-base:18.0.1) with JetifyTransform
Transforming play-services-base-18.0.1.aar (com.google.android.gms:play-services-base:18.0.1) with ExtractAarTransform
Transforming play-services-base-18.0.1.aar (com.google.android.gms:play-services-base:18.0.1) with AarResourcesCompilerTransform
Transforming play-services-tasks-18.0.1.aar (com.google.android.gms:play-services-tasks:18.0.1) with JetifyTransform
Transforming play-services-tasks-18.0.1.aar (com.google.android.gms:play-services-tasks:18.0.1) with ExtractAarTransform
Transforming play-services-tasks-18.0.1.aar (com.google.android.gms:play-services-tasks:18.0.1) with AarResourcesCompilerTransform
Transforming play-services-basement-18.0.0.aar (com.google.android.gms:play-services-basement:18.0.0) with JetifyTransform
Transforming play-services-basement-18.0.0.aar (com.google.android.gms:play-services-basement:18.0.0) with ExtractAarTransform
Transforming play-services-basement-18.0.0.aar (com.google.android.gms:play-services-basement:18.0.0) with AarResourcesCompilerTransform
Transforming fragment-1.3.6.aar (androidx.fragment:fragment:1.3.6) with JetifyTransform
Transforming fragment-1.3.6.aar (androidx.fragment:fragment:1.3.6) with ExtractAarTransform
Transforming fragment-1.3.6.aar (androidx.fragment:fragment:1.3.6) with AarResourcesCompilerTransform
Transforming fragment-1.3.6.aar (androidx.fragment:fragment:1.3.6) with JetifyTransform
Transforming fragment-1.3.6.aar (androidx.fragment:fragment:1.3.6) with ExtractAarTransform
Transforming fragment-1.3.6.aar (androidx.fragment:fragment:1.3.6) with AarResourcesCompilerTransform
Transforming activity-1.8.0.aar (androidx.activity:activity:1.8.0) with JetifyTransform
Transforming activity-1.8.0.aar (androidx.activity:activity:1.8.0) with ExtractAarTransform
Transforming activity-1.8.0.aar (androidx.activity:activity:1.8.0) with AarResourcesCompilerTransform
Transforming drawerlayout-1.1.1.aar (androidx.drawerlayout:drawerlayout:1.1.1) with JetifyTransform
Transforming drawerlayout-1.1.1.aar (androidx.drawerlayout:drawerlayout:1.1.1) with ExtractAarTransform
Transforming drawerlayout-1.1.1.aar (androidx.drawerlayout:drawerlayout:1.1.1) with AarResourcesCompilerTransform
Transforming coordinatorlayout-1.1.0.aar (androidx.coordinatorlayout:coordinatorlayout:1.1.0) with JetifyTransform
Transforming coordinatorlayout-1.1.0.aar (androidx.coordinatorlayout:coordinatorlayout:1.1.0) with ExtractAarTransform
Transforming coordinatorlayout-1.1.0.aar (androidx.coordinatorlayout:coordinatorlayout:1.1.0) with AarResourcesCompilerTransform
Transforming transition-1.5.0.aar (androidx.transition:transition:1.5.0) with JetifyTransform
Transforming transition-1.5.0.aar (androidx.transition:transition:1.5.0) with ExtractAarTransform
Transforming transition-1.5.0.aar (androidx.transition:transition:1.5.0) with AarResourcesCompilerTransform
Transforming dynamicanimation-1.0.0.aar (androidx.dynamicanimation:dynamicanimation:1.0.0) with JetifyTransform
Transforming dynamicanimation-1.0.0.aar (androidx.dynamicanimation:dynamicanimation:1.0.0) with ExtractAarTransform
Transforming dynamicanimation-1.0.0.aar (androidx.dynamicanimation:dynamicanimation:1.0.0) with AarResourcesCompilerTransform
Transforming vectordrawable-animated-1.1.0.aar (androidx.vectordrawable:vectordrawable-animated:1.1.0) with JetifyTransform
Transforming vectordrawable-animated-1.1.0.aar (androidx.vectordrawable:vectordrawable-animated:1.1.0) with ExtractAarTransform
Transforming vectordrawable-animated-1.1.0.aar (androidx.vectordrawable:vectordrawable-animated:1.1.0) with AarResourcesCompilerTransform
Transforming vectordrawable-1.1.0.aar (androidx.vectordrawable:vectordrawable:1.1.0) with JetifyTransform
Transforming vectordrawable-1.1.0.aar (androidx.vectordrawable:vectordrawable:1.1.0) with ExtractAarTransform
Transforming vectordrawable-1.1.0.aar (androidx.vectordrawable:vectordrawable:1.1.0) with AarResourcesCompilerTransform
Transforming vectordrawable-1.1.0.aar (androidx.vectordrawable:vectordrawable:1.1.0) with JetifyTransform
Transforming vectordrawable-1.1.0.aar (androidx.vectordrawable:vectordrawable:1.1.0) with ExtractAarTransform
Transforming vectordrawable-1.1.0.aar (androidx.vectordrawable:vectordrawable:1.1.0) with AarResourcesCompilerTransform
Transforming viewpager-1.0.0.aar (androidx.viewpager:viewpager:1.0.0) with JetifyTransform
Transforming viewpager-1.0.0.aar (androidx.viewpager:viewpager:1.0.0) with ExtractAarTransform
Transforming viewpager-1.0.0.aar (androidx.viewpager:viewpager:1.0.0) with AarResourcesCompilerTransform
Transforming legacy-support-core-utils-1.0.0.aar (androidx.legacy:legacy-support-core-utils:1.0.0) with JetifyTransform
Transforming legacy-support-core-utils-1.0.0.aar (androidx.legacy:legacy-support-core-utils:1.0.0) with ExtractAarTransform
Transforming legacy-support-core-utils-1.0.0.aar (androidx.legacy:legacy-support-core-utils:1.0.0) with AarResourcesCompilerTransform
Transforming loader-1.0.0.aar (androidx.loader:loader:1.0.0) with JetifyTransform
Transforming loader-1.0.0.aar (androidx.loader:loader:1.0.0) with ExtractAarTransform
Transforming loader-1.0.0.aar (androidx.loader:loader:1.0.0) with AarResourcesCompilerTransform
Transforming loader-1.0.0.aar (androidx.loader:loader:1.0.0) with JetifyTransform
Transforming loader-1.0.0.aar (androidx.loader:loader:1.0.0) with ExtractAarTransform
Transforming loader-1.0.0.aar (androidx.loader:loader:1.0.0) with AarResourcesCompilerTransform
Transforming customview-1.1.0.aar (androidx.customview:customview:1.1.0) with JetifyTransform
Transforming customview-1.1.0.aar (androidx.customview:customview:1.1.0) with ExtractAarTransform
Transforming customview-1.1.0.aar (androidx.customview:customview:1.1.0) with AarResourcesCompilerTransform
Transforming customview-1.1.0.aar (androidx.customview:customview:1.1.0) with JetifyTransform
Transforming customview-1.1.0.aar (androidx.customview:customview:1.1.0) with ExtractAarTransform
Transforming customview-1.1.0.aar (androidx.customview:customview:1.1.0) with AarResourcesCompilerTransform
Transforming core-1.13.1.aar (androidx.core:core:1.13.1) with JetifyTransform
Transforming core-1.13.1.aar (androidx.core:core:1.13.1) with ExtractAarTransform
Transforming core-1.13.1.aar (androidx.core:core:1.13.1) with AarResourcesCompilerTransform
Transforming core-1.13.1.aar (androidx.core:core:1.13.1) with JetifyTransform
Transforming core-1.13.1.aar (androidx.core:core:1.13.1) with ExtractAarTransform
Transforming core-1.13.1.aar (androidx.core:core:1.13.1) with AarResourcesCompilerTransform
Transforming customview-poolingcontainer-1.0.0.aar (androidx.customview:customview-poolingcontainer:1.0.0) with JetifyTransform
Transforming customview-poolingcontainer-1.0.0.aar (androidx.customview:customview-poolingcontainer:1.0.0) with ExtractAarTransform
Transforming customview-poolingcontainer-1.0.0.aar (androidx.customview:customview-poolingcontainer:1.0.0) with AarResourcesCompilerTransform
Transforming savedstate-1.2.1.aar (androidx.savedstate:savedstate:1.2.1) with JetifyTransform
Transforming savedstate-1.2.1.aar (androidx.savedstate:savedstate:1.2.1) with ExtractAarTransform
Transforming savedstate-1.2.1.aar (androidx.savedstate:savedstate:1.2.1) with AarResourcesCompilerTransform
Transforming lifecycle-livedata-core-ktx-2.8.2.aar (androidx.lifecycle:lifecycle-livedata-core-ktx:2.8.2) with JetifyTransform
Transforming lifecycle-livedata-core-ktx-2.8.2.aar (androidx.lifecycle:lifecycle-livedata-core-ktx:2.8.2) with ExtractAarTransform
Transforming lifecycle-livedata-core-ktx-2.8.2.aar (androidx.lifecycle:lifecycle-livedata-core-ktx:2.8.2) with AarResourcesCompilerTransform
Transforming lifecycle-viewmodel-2.8.2.aar (androidx.lifecycle:lifecycle-viewmodel:2.8.2) with JetifyTransform
Transforming lifecycle-viewmodel-2.8.2.aar (androidx.lifecycle:lifecycle-viewmodel:2.8.2) with ExtractAarTransform
Transforming lifecycle-viewmodel-2.8.2.aar (androidx.lifecycle:lifecycle-viewmodel:2.8.2) with AarResourcesCompilerTransform
Transforming lifecycle-viewmodel-release.aar (androidx.lifecycle:lifecycle-viewmodel-android:2.8.2) with JetifyTransform
Transforming lifecycle-viewmodel-release.aar (androidx.lifecycle:lifecycle-viewmodel-android:2.8.2) with ExtractAarTransform
Transforming lifecycle-viewmodel-release.aar (androidx.lifecycle:lifecycle-viewmodel-android:2.8.2) with AarResourcesCompilerTransform
Transforming lifecycle-runtime-release.aar (androidx.lifecycle:lifecycle-runtime-android:2.8.2) with JetifyTransform
Transforming lifecycle-runtime-release.aar (androidx.lifecycle:lifecycle-runtime-android:2.8.2) with ExtractAarTransform
Transforming lifecycle-runtime-release.aar (androidx.lifecycle:lifecycle-runtime-android:2.8.2) with AarResourcesCompilerTransform
Transforming lifecycle-livedata-2.8.2.aar (androidx.lifecycle:lifecycle-livedata:2.8.2) with JetifyTransform
Transforming lifecycle-livedata-2.8.2.aar (androidx.lifecycle:lifecycle-livedata:2.8.2) with ExtractAarTransform
Transforming lifecycle-livedata-2.8.2.aar (androidx.lifecycle:lifecycle-livedata:2.8.2) with AarResourcesCompilerTransform
Transforming lifecycle-process-2.8.2.aar (androidx.lifecycle:lifecycle-process:2.8.2) with JetifyTransform
Transforming lifecycle-process-2.8.2.aar (androidx.lifecycle:lifecycle-process:2.8.2) with ExtractAarTransform
Transforming lifecycle-process-2.8.2.aar (androidx.lifecycle:lifecycle-process:2.8.2) with AarResourcesCompilerTransform
Transforming lifecycle-livedata-core-2.8.2.aar (androidx.lifecycle:lifecycle-livedata-core:2.8.2) with JetifyTransform
Transforming lifecycle-livedata-core-2.8.2.aar (androidx.lifecycle:lifecycle-livedata-core:2.8.2) with ExtractAarTransform
Transforming lifecycle-livedata-core-2.8.2.aar (androidx.lifecycle:lifecycle-livedata-core:2.8.2) with AarResourcesCompilerTransform
Transforming lifecycle-runtime-ktx-release.aar (androidx.lifecycle:lifecycle-runtime-ktx-android:2.8.2) with JetifyTransform
Transforming lifecycle-runtime-ktx-release.aar (androidx.lifecycle:lifecycle-runtime-ktx-android:2.8.2) with ExtractAarTransform
Transforming lifecycle-runtime-ktx-release.aar (androidx.lifecycle:lifecycle-runtime-ktx-android:2.8.2) with AarResourcesCompilerTransform
Transforming lifecycle-viewmodel-savedstate-2.8.2.aar (androidx.lifecycle:lifecycle-viewmodel-savedstate:2.8.2) with JetifyTransform
Transforming lifecycle-viewmodel-savedstate-2.8.2.aar (androidx.lifecycle:lifecycle-viewmodel-savedstate:2.8.2) with ExtractAarTransform
Transforming lifecycle-viewmodel-savedstate-2.8.2.aar (androidx.lifecycle:lifecycle-viewmodel-savedstate:2.8.2) with AarResourcesCompilerTransform
Transforming core-ktx-1.13.1.aar (androidx.core:core-ktx:1.13.1) with JetifyTransform
Transforming core-ktx-1.13.1.aar (androidx.core:core-ktx:1.13.1) with ExtractAarTransform
Transforming core-ktx-1.13.1.aar (androidx.core:core-ktx:1.13.1) with AarResourcesCompilerTransform
Transforming room-runtime-2.6.1.aar (androidx.room:room-runtime:2.6.1) with JetifyTransform
Transforming room-runtime-2.6.1.aar (androidx.room:room-runtime:2.6.1) with ExtractAarTransform
Transforming room-runtime-2.6.1.aar (androidx.room:room-runtime:2.6.1) with AarResourcesCompilerTransform
Transforming room-ktx-2.6.1.aar (androidx.room:room-ktx:2.6.1) with JetifyTransform
Transforming room-ktx-2.6.1.aar (androidx.room:room-ktx:2.6.1) with ExtractAarTransform
Transforming room-ktx-2.6.1.aar (androidx.room:room-ktx:2.6.1) with AarResourcesCompilerTransform
Transforming annotation-experimental-1.4.0.aar (androidx.annotation:annotation-experimental:1.4.0) with JetifyTransform
Transforming annotation-experimental-1.4.0.aar (androidx.annotation:annotation-experimental:1.4.0) with ExtractAarTransform
Transforming annotation-experimental-1.4.0.aar (androidx.annotation:annotation-experimental:1.4.0) with AarResourcesCompilerTransform
Transforming sqlite-framework-2.4.0.aar (androidx.sqlite:sqlite-framework:2.4.0) with JetifyTransform
Transforming sqlite-framework-2.4.0.aar (androidx.sqlite:sqlite-framework:2.4.0) with ExtractAarTransform
Transforming sqlite-framework-2.4.0.aar (androidx.sqlite:sqlite-framework:2.4.0) with AarResourcesCompilerTransform
Transforming sqlite-2.4.0.aar (androidx.sqlite:sqlite:2.4.0) with JetifyTransform
Transforming sqlite-2.4.0.aar (androidx.sqlite:sqlite:2.4.0) with ExtractAarTransform
Transforming sqlite-2.4.0.aar (androidx.sqlite:sqlite:2.4.0) with AarResourcesCompilerTransform
Transforming localbroadcastmanager-1.1.0.aar (androidx.localbroadcastmanager:localbroadcastmanager:1.1.0) with JetifyTransform
Transforming localbroadcastmanager-1.1.0.aar (androidx.localbroadcastmanager:localbroadcastmanager:1.1.0) with ExtractAarTransform
Transforming localbroadcastmanager-1.1.0.aar (androidx.localbroadcastmanager:localbroadcastmanager:1.1.0) with AarResourcesCompilerTransform
Transforming localbroadcastmanager-1.1.0.aar (androidx.localbroadcastmanager:localbroadcastmanager:1.1.0) with JetifyTransform
Transforming localbroadcastmanager-1.1.0.aar (androidx.localbroadcastmanager:localbroadcastmanager:1.1.0) with ExtractAarTransform
Transforming localbroadcastmanager-1.1.0.aar (androidx.localbroadcastmanager:localbroadcastmanager:1.1.0) with AarResourcesCompilerTransform
Transforming interpolator-1.0.0.aar (androidx.interpolator:interpolator:1.0.0) with JetifyTransform
Transforming interpolator-1.0.0.aar (androidx.interpolator:interpolator:1.0.0) with ExtractAarTransform
Transforming interpolator-1.0.0.aar (androidx.interpolator:interpolator:1.0.0) with AarResourcesCompilerTransform
Transforming interpolator-1.0.0.aar (androidx.interpolator:interpolator:1.0.0) with JetifyTransform
Transforming interpolator-1.0.0.aar (androidx.interpolator:interpolator:1.0.0) with ExtractAarTransform
Transforming interpolator-1.0.0.aar (androidx.interpolator:interpolator:1.0.0) with AarResourcesCompilerTransform
Transforming cursoradapter-1.0.0.aar (androidx.cursoradapter:cursoradapter:1.0.0) with JetifyTransform
Transforming cursoradapter-1.0.0.aar (androidx.cursoradapter:cursoradapter:1.0.0) with ExtractAarTransform
Transforming cursoradapter-1.0.0.aar (androidx.cursoradapter:cursoradapter:1.0.0) with AarResourcesCompilerTransform
Transforming cardview-1.0.0.aar (androidx.cardview:cardview:1.0.0) with JetifyTransform
Transforming cardview-1.0.0.aar (androidx.cardview:cardview:1.0.0) with ExtractAarTransform
Transforming cardview-1.0.0.aar (androidx.cardview:cardview:1.0.0) with AarResourcesCompilerTransform
Transforming versionedparcelable-1.1.1.aar (androidx.versionedparcelable:versionedparcelable:1.1.1) with JetifyTransform
Transforming versionedparcelable-1.1.1.aar (androidx.versionedparcelable:versionedparcelable:1.1.1) with ExtractAarTransform
Transforming versionedparcelable-1.1.1.aar (androidx.versionedparcelable:versionedparcelable:1.1.1) with AarResourcesCompilerTransform
Transforming exifinterface-1.3.6.aar (androidx.exifinterface:exifinterface:1.3.6) with JetifyTransform
Transforming exifinterface-1.3.6.aar (androidx.exifinterface:exifinterface:1.3.6) with ExtractAarTransform
Transforming exifinterface-1.3.6.aar (androidx.exifinterface:exifinterface:1.3.6) with AarResourcesCompilerTransform
Transforming core-runtime-2.2.0.aar (androidx.arch.core:core-runtime:2.2.0) with JetifyTransform
Transforming core-runtime-2.2.0.aar (androidx.arch.core:core-runtime:2.2.0) with ExtractAarTransform
Transforming core-runtime-2.2.0.aar (androidx.arch.core:core-runtime:2.2.0) with AarResourcesCompilerTransform
Transforming gifdecoder-4.16.0.aar (com.github.bumptech.glide:gifdecoder:4.16.0) with JetifyTransform
Transforming gifdecoder-4.16.0.aar (com.github.bumptech.glide:gifdecoder:4.16.0) with ExtractAarTransform
Transforming gifdecoder-4.16.0.aar (com.github.bumptech.glide:gifdecoder:4.16.0) with AarResourcesCompilerTransform
Transforming profileinstaller-1.3.1.aar (androidx.profileinstaller:profileinstaller:1.3.1) with JetifyTransform
Transforming profileinstaller-1.3.1.aar (androidx.profileinstaller:profileinstaller:1.3.1) with ExtractAarTransform
Transforming profileinstaller-1.3.1.aar (androidx.profileinstaller:profileinstaller:1.3.1) with AarResourcesCompilerTransform
Transforming startup-runtime-1.1.1.aar (androidx.startup:startup-runtime:1.1.1) with JetifyTransform
Transforming startup-runtime-1.1.1.aar (androidx.startup:startup-runtime:1.1.1) with ExtractAarTransform
Transforming startup-runtime-1.1.1.aar (androidx.startup:startup-runtime:1.1.1) with AarResourcesCompilerTransform
Transforming tracing-1.0.0.aar (androidx.tracing:tracing:1.0.0) with JetifyTransform
Transforming tracing-1.0.0.aar (androidx.tracing:tracing:1.0.0) with ExtractAarTransform
Transforming tracing-1.0.0.aar (androidx.tracing:tracing:1.0.0) with AarResourcesCompilerTransform
Transforming documentfile-1.0.0.aar (androidx.documentfile:documentfile:1.0.0) with JetifyTransform
Transforming documentfile-1.0.0.aar (androidx.documentfile:documentfile:1.0.0) with ExtractAarTransform
Transforming documentfile-1.0.0.aar (androidx.documentfile:documentfile:1.0.0) with AarResourcesCompilerTransform
Transforming print-1.0.0.aar (androidx.print:print:1.0.0) with JetifyTransform
Transforming print-1.0.0.aar (androidx.print:print:1.0.0) with ExtractAarTransform
Transforming print-1.0.0.aar (androidx.print:print:1.0.0) with AarResourcesCompilerTransform
Transforming cronet-api-72.3626.96.aar (org.chromium.net:cronet-api:72.3626.96) with JetifyTransform
Transforming cronet-api-72.3626.96.aar (org.chromium.net:cronet-api:72.3626.96) with ExtractAarTransform
Transforming cronet-api-72.3626.96.aar (org.chromium.net:cronet-api:72.3626.96) with AarResourcesCompilerTransform
Caching disabled for task ':app:processDebugResources' because:
  Build cache is disabled
Task ':app:processDebugResources' is not up-to-date because:
  Input property 'compiledDependenciesResources' file /data/user/0/com.itsaky.androidide/files/home/.gradle/caches/transforms-4/d99ebe79c79c4b0688b4baa9b553bd7b/transformed/androidx.fragment/anim-v21_fragment_fast_out_extra_slow_in.xml.flat has been removed.
  Input property 'compiledDependenciesResources' file /data/user/0/com.itsaky.androidide/files/home/.gradle/caches/transforms-4/8a1c2c3b82d8d583c9cfb3095b1190ca/transformed/com.google.android.gms.base/color_common_google_signin_btn_text_dark.xml.flat has been added.
  Input property 'compiledDependenciesResources' file /data/user/0/com.itsaky.androidide/files/home/.gradle/caches/transforms-4/d99ebe79c79c4b0688b4baa9b553bd7b/transformed/androidx.fragment/anim_fragment_fast_out_extra_slow_in.xml.flat has been removed.
The input changes require a full rebuild for incremental task ':app:processDebugResources'.
AAPT2 .androidide Daemon #0: starting
Aapt output file /storage/emulated/0/AndroidIDEProjects/Mydownloader/app/build/intermediates/processed_res/debug/processDebugResources/out/resources-debug.ap_
Resolve mutations for :app:kaptGenerateStubsDebugKotlin (Thread[Execution worker Thread 3,5,main]) started.
:app:kaptGenerateStubsDebugKotlin (Thread[Execution worker Thread 3,5,main]) started.

> Task :app:mergeExtDexDebug
Transforming viewbinding-8.4.1.aar (androidx.databinding:viewbinding:8.4.1) with JetifyTransform
Transforming viewbinding-8.4.1.aar (androidx.databinding:viewbinding:8.4.1) with AarToClassTransform
Transforming viewbinding-8.4.1.aar (androidx.databinding:viewbinding:8.4.1) with IdentityTransform
Transforming viewbinding-8.4.1.aar (androidx.databinding:viewbinding:8.4.1) with DexingNoClasspathTransform
Transforming viewbinding-8.4.1.aar (androidx.databinding:viewbinding:8.4.1) with DexingOutputSplitTransform
Transforming material-1.12.0.aar (com.google.android.material:material:1.12.0) with JetifyTransform
Transforming material-1.12.0.aar (com.google.android.material:material:1.12.0) with AarToClassTransform
Transforming material-1.12.0.aar (com.google.android.material:material:1.12.0) with IdentityTransform
Transforming material-1.12.0.aar (com.google.android.material:material:1.12.0) with DexingNoClasspathTransform
Transforming material-1.12.0.aar (com.google.android.material:material:1.12.0) with DexingOutputSplitTransform
Transforming constraintlayout-2.1.4.aar (androidx.constraintlayout:constraintlayout:2.1.4) with JetifyTransform
Transforming constraintlayout-2.1.4.aar (androidx.constraintlayout:constraintlayout:2.1.4) with AarToClassTransform
Transforming constraintlayout-2.1.4.aar (androidx.constraintlayout:constraintlayout:2.1.4) with IdentityTransform
Transforming constraintlayout-2.1.4.aar (androidx.constraintlayout:constraintlayout:2.1.4) with DexingNoClasspathTransform
Transforming constraintlayout-2.1.4.aar (androidx.constraintlayout:constraintlayout:2.1.4) with DexingOutputSplitTransform
Transforming appcompat-resources-1.6.1.aar (androidx.appcompat:appcompat-resources:1.6.1) with JetifyTransform
Transforming appcompat-resources-1.6.1.aar (androidx.appcompat:appcompat-resources:1.6.1) with AarToClassTransform
Transforming appcompat-resources-1.6.1.aar (androidx.appcompat:appcompat-resources:1.6.1) with IdentityTransform
Transforming appcompat-resources-1.6.1.aar (androidx.appcompat:appcompat-resources:1.6.1) with DexingNoClasspathTransform
Transforming appcompat-resources-1.6.1.aar (androidx.appcompat:appcompat-resources:1.6.1) with DexingOutputSplitTransform
Transforming appcompat-1.6.1.aar (androidx.appcompat:appcompat:1.6.1) with JetifyTransform
Transforming appcompat-1.6.1.aar (androidx.appcompat:appcompat:1.6.1) with AarToClassTransform
Transforming appcompat-1.6.1.aar (androidx.appcompat:appcompat:1.6.1) with IdentityTransform
Transforming appcompat-1.6.1.aar (androidx.appcompat:appcompat:1.6.1) with DexingNoClasspathTransform
Transforming appcompat-1.6.1.aar (androidx.appcompat:appcompat:1.6.1) with DexingOutputSplitTransform
Transforming browser-1.8.0.aar (androidx.browser:browser:1.8.0) with JetifyTransform
Transforming browser-1.8.0.aar (androidx.browser:browser:1.8.0) with AarToClassTransform
Transforming browser-1.8.0.aar (androidx.browser:browser:1.8.0) with IdentityTransform
Transforming browser-1.8.0.aar (androidx.browser:browser:1.8.0) with DexingNoClasspathTransform
Transforming browser-1.8.0.aar (androidx.browser:browser:1.8.0) with DexingOutputSplitTransform
Transforming webkit-1.11.0.aar (androidx.webkit:webkit:1.11.0) with JetifyTransform
Transforming webkit-1.11.0.aar (androidx.webkit:webkit:1.11.0) with AarToClassTransform
Transforming webkit-1.11.0.aar (androidx.webkit:webkit:1.11.0) with IdentityTransform
Transforming webkit-1.11.0.aar (androidx.webkit:webkit:1.11.0) with DexingNoClasspathTransform
Transforming webkit-1.11.0.aar (androidx.webkit:webkit:1.11.0) with DexingOutputSplitTransform
Transforming media3-exoplayer-hls-1.3.1.aar (androidx.media3:media3-exoplayer-hls:1.3.1) with JetifyTransform
Transforming media3-exoplayer-hls-1.3.1.aar (androidx.media3:media3-exoplayer-hls:1.3.1) with AarToClassTransform
Transforming media3-exoplayer-hls-1.3.1.aar (androidx.media3:media3-exoplayer-hls:1.3.1) with IdentityTransform
Transforming media3-exoplayer-hls-1.3.1.aar (androidx.media3:media3-exoplayer-hls:1.3.1) with DexingNoClasspathTransform
Transforming media3-exoplayer-hls-1.3.1.aar (androidx.media3:media3-exoplayer-hls:1.3.1) with DexingOutputSplitTransform
Transforming media3-exoplayer-1.3.1.aar (androidx.media3:media3-exoplayer:1.3.1) with JetifyTransform
Transforming media3-exoplayer-1.3.1.aar (androidx.media3:media3-exoplayer:1.3.1) with AarToClassTransform
Transforming media3-exoplayer-1.3.1.aar (androidx.media3:media3-exoplayer:1.3.1) with IdentityTransform
Transforming media3-exoplayer-1.3.1.aar (androidx.media3:media3-exoplayer:1.3.1) with DexingNoClasspathTransform
Transforming media3-exoplayer-1.3.1.aar (androidx.media3:media3-exoplayer:1.3.1) with DexingOutputSplitTransform
Transforming media3-datasource-cronet-1.3.1.aar (androidx.media3:media3-datasource-cronet:1.3.1) with JetifyTransform
Transforming media3-datasource-cronet-1.3.1.aar (androidx.media3:media3-datasource-cronet:1.3.1) with AarToClassTransform
Transforming media3-datasource-cronet-1.3.1.aar (androidx.media3:media3-datasource-cronet:1.3.1) with IdentityTransform
Transforming media3-datasource-cronet-1.3.1.aar (androidx.media3:media3-datasource-cronet:1.3.1) with DexingNoClasspathTransform
Transforming media3-datasource-cronet-1.3.1.aar (androidx.media3:media3-datasource-cronet:1.3.1) with DexingOutputSplitTransform
Transforming media3-session-1.3.1.aar (androidx.media3:media3-session:1.3.1) with JetifyTransform
Transforming media3-session-1.3.1.aar (androidx.media3:media3-session:1.3.1) with AarToClassTransform
Transforming media3-session-1.3.1.aar (androidx.media3:media3-session:1.3.1) with IdentityTransform
Transforming media3-session-1.3.1.aar (androidx.media3:media3-session:1.3.1) with DexingNoClasspathTransform
Transforming media3-session-1.3.1.aar (androidx.media3:media3-session:1.3.1) with DexingOutputSplitTransform
Transforming media3-extractor-1.3.1.aar (androidx.media3:media3-extractor:1.3.1) with JetifyTransform
Transforming media3-extractor-1.3.1.aar (androidx.media3:media3-extractor:1.3.1) with AarToClassTransform
Transforming media3-extractor-1.3.1.aar (androidx.media3:media3-extractor:1.3.1) with IdentityTransform
Transforming media3-extractor-1.3.1.aar (androidx.media3:media3-extractor:1.3.1) with DexingNoClasspathTransform
Transforming media3-extractor-1.3.1.aar (androidx.media3:media3-extractor:1.3.1) with DexingOutputSplitTransform
Transforming media3-container-1.3.1.aar (androidx.media3:media3-container:1.3.1) with JetifyTransform
Transforming media3-container-1.3.1.aar (androidx.media3:media3-container:1.3.1) with AarToClassTransform
Transforming media3-container-1.3.1.aar (androidx.media3:media3-container:1.3.1) with IdentityTransform
Transforming media3-container-1.3.1.aar (androidx.media3:media3-container:1.3.1) with DexingNoClasspathTransform
Transforming media3-container-1.3.1.aar (androidx.media3:media3-container:1.3.1) with DexingOutputSplitTransform
Transforming media3-datasource-1.3.1.aar (androidx.media3:media3-datasource:1.3.1) with JetifyTransform
Transforming media3-datasource-1.3.1.aar (androidx.media3:media3-datasource:1.3.1) with AarToClassTransform
Transforming media3-datasource-1.3.1.aar (androidx.media3:media3-datasource:1.3.1) with IdentityTransform
Transforming media3-datasource-1.3.1.aar (androidx.media3:media3-datasource:1.3.1) with DexingNoClasspathTransform
Transforming media3-datasource-1.3.1.aar (androidx.media3:media3-datasource:1.3.1) with DexingOutputSplitTransform
Transforming media3-decoder-1.3.1.aar (androidx.media3:media3-decoder:1.3.1) with JetifyTransform
Transforming media3-decoder-1.3.1.aar (androidx.media3:media3-decoder:1.3.1) with AarToClassTransform
Transforming media3-decoder-1.3.1.aar (androidx.media3:media3-decoder:1.3.1) with IdentityTransform
Transforming media3-decoder-1.3.1.aar (androidx.media3:media3-decoder:1.3.1) with DexingNoClasspathTransform
Transforming media3-decoder-1.3.1.aar (androidx.media3:media3-decoder:1.3.1) with DexingOutputSplitTransform
Transforming media3-database-1.3.1.aar (androidx.media3:media3-database:1.3.1) with JetifyTransform
Transforming media3-database-1.3.1.aar (androidx.media3:media3-database:1.3.1) with AarToClassTransform
Transforming media3-database-1.3.1.aar (androidx.media3:media3-database:1.3.1) with IdentityTransform
Transforming media3-database-1.3.1.aar (androidx.media3:media3-database:1.3.1) with DexingNoClasspathTransform
Transforming media3-database-1.3.1.aar (androidx.media3:media3-database:1.3.1) with DexingOutputSplitTransform
Transforming media3-common-1.3.1.aar (androidx.media3:media3-common:1.3.1) with JetifyTransform
Transforming media3-common-1.3.1.aar (androidx.media3:media3-common:1.3.1) with AarToClassTransform
Transforming media3-common-1.3.1.aar (androidx.media3:media3-common:1.3.1) with IdentityTransform
Transforming media3-common-1.3.1.aar (androidx.media3:media3-common:1.3.1) with DexingNoClasspathTransform
Transforming media3-common-1.3.1.aar (androidx.media3:media3-common:1.3.1) with DexingOutputSplitTransform
Transforming media3-ui-1.3.1.aar (androidx.media3:media3-ui:1.3.1) with JetifyTransform
Transforming media3-ui-1.3.1.aar (androidx.media3:media3-ui:1.3.1) with AarToClassTransform
Transforming media3-ui-1.3.1.aar (androidx.media3:media3-ui:1.3.1) with IdentityTransform
Transforming media3-ui-1.3.1.aar (androidx.media3:media3-ui:1.3.1) with DexingNoClasspathTransform
Transforming media3-ui-1.3.1.aar (androidx.media3:media3-ui:1.3.1) with DexingOutputSplitTransform
Transforming media-1.7.0.aar (androidx.media:media:1.7.0) with JetifyTransform
Transforming media-1.7.0.aar (androidx.media:media:1.7.0) with AarToClassTransform
Transforming media-1.7.0.aar (androidx.media:media:1.7.0) with IdentityTransform
Transforming media-1.7.0.aar (androidx.media:media:1.7.0) with DexingNoClasspathTransform
Transforming media-1.7.0.aar (androidx.media:media:1.7.0) with DexingOutputSplitTransform
Transforming viewpager2-1.1.0-beta02.aar (androidx.viewpager2:viewpager2:1.1.0-beta02) with JetifyTransform
Transforming viewpager2-1.1.0-beta02.aar (androidx.viewpager2:viewpager2:1.1.0-beta02) with AarToClassTransform
Transforming viewpager2-1.1.0-beta02.aar (androidx.viewpager2:viewpager2:1.1.0-beta02) with IdentityTransform
Transforming viewpager2-1.1.0-beta02.aar (androidx.viewpager2:viewpager2:1.1.0-beta02) with DexingNoClasspathTransform
Transforming viewpager2-1.1.0-beta02.aar (androidx.viewpager2:viewpager2:1.1.0-beta02) with DexingOutputSplitTransform
Transforming recyclerview-1.3.2.aar (androidx.recyclerview:recyclerview:1.3.2) with JetifyTransform
Transforming recyclerview-1.3.2.aar (androidx.recyclerview:recyclerview:1.3.2) with AarToClassTransform
Transforming recyclerview-1.3.2.aar (androidx.recyclerview:recyclerview:1.3.2) with IdentityTransform
Transforming recyclerview-1.3.2.aar (androidx.recyclerview:recyclerview:1.3.2) with DexingNoClasspathTransform
Transforming recyclerview-1.3.2.aar (androidx.recyclerview:recyclerview:1.3.2) with DexingOutputSplitTransform
Transforming emoji2-views-helper-1.2.0.aar (androidx.emoji2:emoji2-views-helper:1.2.0) with JetifyTransform
Transforming emoji2-views-helper-1.2.0.aar (androidx.emoji2:emoji2-views-helper:1.2.0) with AarToClassTransform
Transforming emoji2-views-helper-1.2.0.aar (androidx.emoji2:emoji2-views-helper:1.2.0) with IdentityTransform
Transforming emoji2-views-helper-1.2.0.aar (androidx.emoji2:emoji2-views-helper:1.2.0) with DexingNoClasspathTransform
Transforming emoji2-views-helper-1.2.0.aar (androidx.emoji2:emoji2-views-helper:1.2.0) with DexingOutputSplitTransform
Transforming emoji2-1.2.0.aar (androidx.emoji2:emoji2:1.2.0) with JetifyTransform
Transforming emoji2-1.2.0.aar (androidx.emoji2:emoji2:1.2.0) with AarToClassTransform
Transforming emoji2-1.2.0.aar (androidx.emoji2:emoji2:1.2.0) with IdentityTransform
Transforming emoji2-1.2.0.aar (androidx.emoji2:emoji2:1.2.0) with DexingNoClasspathTransform
Transforming emoji2-1.2.0.aar (androidx.emoji2:emoji2:1.2.0) with DexingOutputSplitTransform
Transforming glide-4.16.0.aar (com.github.bumptech.glide:glide:4.16.0) with JetifyTransform
Transforming glide-4.16.0.aar (com.github.bumptech.glide:glide:4.16.0) with AarToClassTransform
Transforming glide-4.16.0.aar (com.github.bumptech.glide:glide:4.16.0) with IdentityTransform
Transforming glide-4.16.0.aar (com.github.bumptech.glide:glide:4.16.0) with DexingNoClasspathTransform
Transforming glide-4.16.0.aar (com.github.bumptech.glide:glide:4.16.0) with DexingOutputSplitTransform
Transforming play-services-cronet-18.0.1.aar (com.google.android.gms:play-services-cronet:18.0.1) with JetifyTransform
Transforming play-services-cronet-18.0.1.aar (com.google.android.gms:play-services-cronet:18.0.1) with AarToClassTransform
Transforming play-services-cronet-18.0.1.aar (com.google.android.gms:play-services-cronet:18.0.1) with IdentityTransform
Transforming play-services-cronet-18.0.1.aar (com.google.android.gms:play-services-cronet:18.0.1) with DexingNoClasspathTransform
Transforming play-services-cronet-18.0.1.aar (com.google.android.gms:play-services-cronet:18.0.1) with DexingOutputSplitTransform
Transforming play-services-base-18.0.1.aar (com.google.android.gms:play-services-base:18.0.1) with JetifyTransform
Transforming play-services-base-18.0.1.aar (com.google.android.gms:play-services-base:18.0.1) with AarToClassTransform
Transforming play-services-base-18.0.1.aar (com.google.android.gms:play-services-base:18.0.1) with IdentityTransform
Transforming play-services-base-18.0.1.aar (com.google.android.gms:play-services-base:18.0.1) with DexingNoClasspathTransform
Transforming play-services-base-18.0.1.aar (com.google.android.gms:play-services-base:18.0.1) with DexingOutputSplitTransform
Transforming play-services-tasks-18.0.1.aar (com.google.android.gms:play-services-tasks:18.0.1) with JetifyTransform
Transforming play-services-tasks-18.0.1.aar (com.google.android.gms:play-services-tasks:18.0.1) with AarToClassTransform
Transforming play-services-tasks-18.0.1.aar (com.google.android.gms:play-services-tasks:18.0.1) with IdentityTransform
Transforming play-services-tasks-18.0.1.aar (com.google.android.gms:play-services-tasks:18.0.1) with DexingNoClasspathTransform
Transforming play-services-tasks-18.0.1.aar (com.google.android.gms:play-services-tasks:18.0.1) with DexingOutputSplitTransform
Transforming play-services-basement-18.0.0.aar (com.google.android.gms:play-services-basement:18.0.0) with JetifyTransform
Transforming play-services-basement-18.0.0.aar (com.google.android.gms:play-services-basement:18.0.0) with AarToClassTransform
Transforming play-services-basement-18.0.0.aar (com.google.android.gms:play-services-basement:18.0.0) with IdentityTransform
Transforming play-services-basement-18.0.0.aar (com.google.android.gms:play-services-basement:18.0.0) with DexingNoClasspathTransform
Transforming play-services-basement-18.0.0.aar (com.google.android.gms:play-services-basement:18.0.0) with DexingOutputSplitTransform
Transforming fragment-1.3.6.aar (androidx.fragment:fragment:1.3.6) with JetifyTransform
Transforming fragment-1.3.6.aar (androidx.fragment:fragment:1.3.6) with AarToClassTransform
Transforming fragment-1.3.6.aar (androidx.fragment:fragment:1.3.6) with IdentityTransform
Transforming fragment-1.3.6.aar (androidx.fragment:fragment:1.3.6) with DexingNoClasspathTransform
Transforming fragment-1.3.6.aar (androidx.fragment:fragment:1.3.6) with DexingOutputSplitTransform
Transforming fragment-1.3.6.aar (androidx.fragment:fragment:1.3.6) with JetifyTransform
Transforming fragment-1.3.6.aar (androidx.fragment:fragment:1.3.6) with AarToClassTransform
Transforming fragment-1.3.6.aar (androidx.fragment:fragment:1.3.6) with IdentityTransform
Transforming fragment-1.3.6.aar (androidx.fragment:fragment:1.3.6) with DexingNoClasspathTransform
Transforming fragment-1.3.6.aar (androidx.fragment:fragment:1.3.6) with DexingOutputSplitTransform
Transforming activity-1.8.0.aar (androidx.activity:activity:1.8.0) with JetifyTransform
Transforming activity-1.8.0.aar (androidx.activity:activity:1.8.0) with AarToClassTransform
Transforming activity-1.8.0.aar (androidx.activity:activity:1.8.0) with IdentityTransform
Transforming activity-1.8.0.aar (androidx.activity:activity:1.8.0) with DexingNoClasspathTransform
Transforming activity-1.8.0.aar (androidx.activity:activity:1.8.0) with DexingOutputSplitTransform
Transforming drawerlayout-1.1.1.aar (androidx.drawerlayout:drawerlayout:1.1.1) with JetifyTransform
Transforming drawerlayout-1.1.1.aar (androidx.drawerlayout:drawerlayout:1.1.1) with AarToClassTransform
Transforming drawerlayout-1.1.1.aar (androidx.drawerlayout:drawerlayout:1.1.1) with IdentityTransform
Transforming drawerlayout-1.1.1.aar (androidx.drawerlayout:drawerlayout:1.1.1) with DexingNoClasspathTransform
Transforming drawerlayout-1.1.1.aar (androidx.drawerlayout:drawerlayout:1.1.1) with DexingOutputSplitTransform
Transforming coordinatorlayout-1.1.0.aar (androidx.coordinatorlayout:coordinatorlayout:1.1.0) with JetifyTransform
Transforming coordinatorlayout-1.1.0.aar (androidx.coordinatorlayout:coordinatorlayout:1.1.0) with AarToClassTransform
Transforming coordinatorlayout-1.1.0.aar (androidx.coordinatorlayout:coordinatorlayout:1.1.0) with IdentityTransform
Transforming coordinatorlayout-1.1.0.aar (androidx.coordinatorlayout:coordinatorlayout:1.1.0) with DexingNoClasspathTransform
Transforming coordinatorlayout-1.1.0.aar (androidx.coordinatorlayout:coordinatorlayout:1.1.0) with DexingOutputSplitTransform
Transforming transition-1.5.0.aar (androidx.transition:transition:1.5.0) with JetifyTransform
Transforming transition-1.5.0.aar (androidx.transition:transition:1.5.0) with AarToClassTransform
Transforming transition-1.5.0.aar (androidx.transition:transition:1.5.0) with IdentityTransform
Transforming transition-1.5.0.aar (androidx.transition:transition:1.5.0) with DexingNoClasspathTransform
Transforming transition-1.5.0.aar (androidx.transition:transition:1.5.0) with DexingOutputSplitTransform
Transforming dynamicanimation-1.0.0.aar (androidx.dynamicanimation:dynamicanimation:1.0.0) with JetifyTransform
Transforming dynamicanimation-1.0.0.aar (androidx.dynamicanimation:dynamicanimation:1.0.0) with AarToClassTransform
Transforming dynamicanimation-1.0.0.aar (androidx.dynamicanimation:dynamicanimation:1.0.0) with IdentityTransform
Transforming dynamicanimation-1.0.0.aar (androidx.dynamicanimation:dynamicanimation:1.0.0) with DexingNoClasspathTransform
Transforming dynamicanimation-1.0.0.aar (androidx.dynamicanimation:dynamicanimation:1.0.0) with DexingOutputSplitTransform
Transforming vectordrawable-animated-1.1.0.aar (androidx.vectordrawable:vectordrawable-animated:1.1.0) with JetifyTransform
Transforming vectordrawable-animated-1.1.0.aar (androidx.vectordrawable:vectordrawable-animated:1.1.0) with AarToClassTransform
Transforming vectordrawable-animated-1.1.0.aar (androidx.vectordrawable:vectordrawable-animated:1.1.0) with IdentityTransform
Transforming vectordrawable-animated-1.1.0.aar (androidx.vectordrawable:vectordrawable-animated:1.1.0) with DexingNoClasspathTransform
Transforming vectordrawable-animated-1.1.0.aar (androidx.vectordrawable:vectordrawable-animated:1.1.0) with DexingOutputSplitTransform
Transforming vectordrawable-1.1.0.aar (androidx.vectordrawable:vectordrawable:1.1.0) with JetifyTransform
Transforming vectordrawable-1.1.0.aar (androidx.vectordrawable:vectordrawable:1.1.0) with AarToClassTransform
Transforming vectordrawable-1.1.0.aar (androidx.vectordrawable:vectordrawable:1.1.0) with IdentityTransform
Transforming vectordrawable-1.1.0.aar (androidx.vectordrawable:vectordrawable:1.1.0) with DexingNoClasspathTransform
Transforming vectordrawable-1.1.0.aar (androidx.vectordrawable:vectordrawable:1.1.0) with DexingOutputSplitTransform
Transforming vectordrawable-1.1.0.aar (androidx.vectordrawable:vectordrawable:1.1.0) with JetifyTransform
Transforming vectordrawable-1.1.0.aar (androidx.vectordrawable:vectordrawable:1.1.0) with AarToClassTransform
Transforming vectordrawable-1.1.0.aar (androidx.vectordrawable:vectordrawable:1.1.0) with IdentityTransform
Transforming vectordrawable-1.1.0.aar (androidx.vectordrawable:vectordrawable:1.1.0) with DexingNoClasspathTransform
Transforming vectordrawable-1.1.0.aar (androidx.vectordrawable:vectordrawable:1.1.0) with DexingOutputSplitTransform
Transforming viewpager-1.0.0.aar (androidx.viewpager:viewpager:1.0.0) with JetifyTransform
Transforming viewpager-1.0.0.aar (androidx.viewpager:viewpager:1.0.0) with AarToClassTransform
Transforming viewpager-1.0.0.aar (androidx.viewpager:viewpager:1.0.0) with IdentityTransform
Transforming viewpager-1.0.0.aar (androidx.viewpager:viewpager:1.0.0) with DexingNoClasspathTransform
Transforming viewpager-1.0.0.aar (androidx.viewpager:viewpager:1.0.0) with DexingOutputSplitTransform
Transforming legacy-support-core-utils-1.0.0.aar (androidx.legacy:legacy-support-core-utils:1.0.0) with JetifyTransform
Transforming legacy-support-core-utils-1.0.0.aar (androidx.legacy:legacy-support-core-utils:1.0.0) with AarToClassTransform
Transforming legacy-support-core-utils-1.0.0.aar (androidx.legacy:legacy-support-core-utils:1.0.0) with IdentityTransform
Transforming legacy-support-core-utils-1.0.0.aar (androidx.legacy:legacy-support-core-utils:1.0.0) with DexingNoClasspathTransform
Transforming legacy-support-core-utils-1.0.0.aar (androidx.legacy:legacy-support-core-utils:1.0.0) with DexingOutputSplitTransform
Transforming loader-1.0.0.aar (androidx.loader:loader:1.0.0) with JetifyTransform
Transforming loader-1.0.0.aar (androidx.loader:loader:1.0.0) with AarToClassTransform
Transforming loader-1.0.0.aar (androidx.loader:loader:1.0.0) with IdentityTransform
Transforming loader-1.0.0.aar (androidx.loader:loader:1.0.0) with DexingNoClasspathTransform
Transforming loader-1.0.0.aar (androidx.loader:loader:1.0.0) with DexingOutputSplitTransform
Transforming loader-1.0.0.aar (androidx.loader:loader:1.0.0) with JetifyTransform
Transforming loader-1.0.0.aar (androidx.loader:loader:1.0.0) with AarToClassTransform
Transforming loader-1.0.0.aar (androidx.loader:loader:1.0.0) with IdentityTransform
Transforming loader-1.0.0.aar (androidx.loader:loader:1.0.0) with DexingNoClasspathTransform
Transforming loader-1.0.0.aar (androidx.loader:loader:1.0.0) with DexingOutputSplitTransform
Transforming customview-1.1.0.aar (androidx.customview:customview:1.1.0) with JetifyTransform
Transforming customview-1.1.0.aar (androidx.customview:customview:1.1.0) with AarToClassTransform
Transforming customview-1.1.0.aar (androidx.customview:customview:1.1.0) with IdentityTransform
Transforming customview-1.1.0.aar (androidx.customview:customview:1.1.0) with DexingNoClasspathTransform
Transforming customview-1.1.0.aar (androidx.customview:customview:1.1.0) with DexingOutputSplitTransform
Transforming customview-1.1.0.aar (androidx.customview:customview:1.1.0) with JetifyTransform
Transforming customview-1.1.0.aar (androidx.customview:customview:1.1.0) with AarToClassTransform
Transforming customview-1.1.0.aar (androidx.customview:customview:1.1.0) with IdentityTransform
Transforming customview-1.1.0.aar (androidx.customview:customview:1.1.0) with DexingNoClasspathTransform
Transforming customview-1.1.0.aar (androidx.customview:customview:1.1.0) with DexingOutputSplitTransform
Transforming core-1.13.1.aar (androidx.core:core:1.13.1) with JetifyTransform
Transforming core-1.13.1.aar (androidx.core:core:1.13.1) with AarToClassTransform
Transforming core-1.13.1.aar (androidx.core:core:1.13.1) with IdentityTransform
Transforming core-1.13.1.aar (androidx.core:core:1.13.1) with DexingNoClasspathTransform
Transforming core-1.13.1.aar (androidx.core:core:1.13.1) with DexingOutputSplitTransform
Transforming core-1.13.1.aar (androidx.core:core:1.13.1) with JetifyTransform
Transforming core-1.13.1.aar (androidx.core:core:1.13.1) with AarToClassTransform
Transforming core-1.13.1.aar (androidx.core:core:1.13.1) with IdentityTransform
Transforming core-1.13.1.aar (androidx.core:core:1.13.1) with DexingNoClasspathTransform
Transforming core-1.13.1.aar (androidx.core:core:1.13.1) with DexingOutputSplitTransform
Transforming customview-poolingcontainer-1.0.0.aar (androidx.customview:customview-poolingcontainer:1.0.0) with JetifyTransform
Transforming customview-poolingcontainer-1.0.0.aar (androidx.customview:customview-poolingcontainer:1.0.0) with AarToClassTransform
Transforming customview-poolingcontainer-1.0.0.aar (androidx.customview:customview-poolingcontainer:1.0.0) with IdentityTransform
Transforming customview-poolingcontainer-1.0.0.aar (androidx.customview:customview-poolingcontainer:1.0.0) with DexingNoClasspathTransform
Transforming customview-poolingcontainer-1.0.0.aar (androidx.customview:customview-poolingcontainer:1.0.0) with DexingOutputSplitTransform
Transforming savedstate-1.2.1.aar (androidx.savedstate:savedstate:1.2.1) with JetifyTransform
Transforming savedstate-1.2.1.aar (androidx.savedstate:savedstate:1.2.1) with AarToClassTransform
Transforming savedstate-1.2.1.aar (androidx.savedstate:savedstate:1.2.1) with IdentityTransform
Transforming savedstate-1.2.1.aar (androidx.savedstate:savedstate:1.2.1) with DexingNoClasspathTransform
Transforming savedstate-1.2.1.aar (androidx.savedstate:savedstate:1.2.1) with DexingOutputSplitTransform
Transforming lifecycle-common-jvm-2.8.2.jar (androidx.lifecycle:lifecycle-common-jvm:2.8.2) with JetifyTransform
Transforming lifecycle-common-jvm-2.8.2.jar (androidx.lifecycle:lifecycle-common-jvm:2.8.2) with IdentityTransform
Transforming lifecycle-common-jvm-2.8.2.jar (androidx.lifecycle:lifecycle-common-jvm:2.8.2) with IdentityTransform
Transforming lifecycle-common-jvm-2.8.2.jar (androidx.lifecycle:lifecycle-common-jvm:2.8.2) with DexingNoClasspathTransform
Transforming lifecycle-common-jvm-2.8.2.jar (androidx.lifecycle:lifecycle-common-jvm:2.8.2) with DexingOutputSplitTransform
Transforming lifecycle-livedata-core-ktx-2.8.2.aar (androidx.lifecycle:lifecycle-livedata-core-ktx:2.8.2) with JetifyTransform
Transforming lifecycle-livedata-core-ktx-2.8.2.aar (androidx.lifecycle:lifecycle-livedata-core-ktx:2.8.2) with AarToClassTransform
Transforming lifecycle-livedata-core-ktx-2.8.2.aar (androidx.lifecycle:lifecycle-livedata-core-ktx:2.8.2) with IdentityTransform
Transforming lifecycle-livedata-core-ktx-2.8.2.aar (androidx.lifecycle:lifecycle-livedata-core-ktx:2.8.2) with DexingNoClasspathTransform
Transforming lifecycle-livedata-core-ktx-2.8.2.aar (androidx.lifecycle:lifecycle-livedata-core-ktx:2.8.2) with DexingOutputSplitTransform
Transforming lifecycle-viewmodel-2.8.2.aar (androidx.lifecycle:lifecycle-viewmodel:2.8.2) with JetifyTransform
Transforming lifecycle-viewmodel-2.8.2.aar (androidx.lifecycle:lifecycle-viewmodel:2.8.2) with AarToClassTransform
Transforming lifecycle-viewmodel-2.8.2.aar (androidx.lifecycle:lifecycle-viewmodel:2.8.2) with IdentityTransform
Transforming lifecycle-viewmodel-2.8.2.aar (androidx.lifecycle:lifecycle-viewmodel:2.8.2) with DexingNoClasspathTransform
Transforming lifecycle-viewmodel-2.8.2.aar (androidx.lifecycle:lifecycle-viewmodel:2.8.2) with DexingOutputSplitTransform
Transforming lifecycle-viewmodel-release.aar (androidx.lifecycle:lifecycle-viewmodel-android:2.8.2) with JetifyTransform
Transforming lifecycle-viewmodel-release.aar (androidx.lifecycle:lifecycle-viewmodel-android:2.8.2) with AarToClassTransform
Transforming lifecycle-viewmodel-release.aar (androidx.lifecycle:lifecycle-viewmodel-android:2.8.2) with IdentityTransform
Transforming lifecycle-viewmodel-release.aar (androidx.lifecycle:lifecycle-viewmodel-android:2.8.2) with DexingNoClasspathTransform
Transforming lifecycle-viewmodel-release.aar (androidx.lifecycle:lifecycle-viewmodel-android:2.8.2) with DexingOutputSplitTransform
Transforming lifecycle-runtime-release.aar (androidx.lifecycle:lifecycle-runtime-android:2.8.2) with JetifyTransform
Transforming lifecycle-runtime-release.aar (androidx.lifecycle:lifecycle-runtime-android:2.8.2) with AarToClassTransform
Transforming lifecycle-runtime-release.aar (androidx.lifecycle:lifecycle-runtime-android:2.8.2) with IdentityTransform
Transforming lifecycle-runtime-release.aar (androidx.lifecycle:lifecycle-runtime-android:2.8.2) with DexingNoClasspathTransform
Transforming lifecycle-runtime-release.aar (androidx.lifecycle:lifecycle-runtime-android:2.8.2) with DexingOutputSplitTransform
Transforming lifecycle-livedata-2.8.2.aar (androidx.lifecycle:lifecycle-livedata:2.8.2) with JetifyTransform
Transforming lifecycle-livedata-2.8.2.aar (androidx.lifecycle:lifecycle-livedata:2.8.2) with AarToClassTransform
Transforming lifecycle-livedata-2.8.2.aar (androidx.lifecycle:lifecycle-livedata:2.8.2) with IdentityTransform
Transforming lifecycle-livedata-2.8.2.aar (androidx.lifecycle:lifecycle-livedata:2.8.2) with DexingNoClasspathTransform
Transforming lifecycle-livedata-2.8.2.aar (androidx.lifecycle:lifecycle-livedata:2.8.2) with DexingOutputSplitTransform
Transforming lifecycle-process-2.8.2.aar (androidx.lifecycle:lifecycle-process:2.8.2) with JetifyTransform
Transforming lifecycle-process-2.8.2.aar (androidx.lifecycle:lifecycle-process:2.8.2) with AarToClassTransform
Transforming lifecycle-process-2.8.2.aar (androidx.lifecycle:lifecycle-process:2.8.2) with IdentityTransform
Transforming lifecycle-process-2.8.2.aar (androidx.lifecycle:lifecycle-process:2.8.2) with DexingNoClasspathTransform
Transforming lifecycle-process-2.8.2.aar (androidx.lifecycle:lifecycle-process:2.8.2) with DexingOutputSplitTransform
Transforming lifecycle-livedata-core-2.8.2.aar (androidx.lifecycle:lifecycle-livedata-core:2.8.2) with JetifyTransform
Transforming lifecycle-livedata-core-2.8.2.aar (androidx.lifecycle:lifecycle-livedata-core:2.8.2) with AarToClassTransform
Transforming lifecycle-livedata-core-2.8.2.aar (androidx.lifecycle:lifecycle-livedata-core:2.8.2) with IdentityTransform
Transforming lifecycle-livedata-core-2.8.2.aar (androidx.lifecycle:lifecycle-livedata-core:2.8.2) with DexingNoClasspathTransform
Transforming lifecycle-livedata-core-2.8.2.aar (androidx.lifecycle:lifecycle-livedata-core:2.8.2) with DexingOutputSplitTransform
Transforming lifecycle-runtime-ktx-release.aar (androidx.lifecycle:lifecycle-runtime-ktx-android:2.8.2) with JetifyTransform
Transforming lifecycle-runtime-ktx-release.aar (androidx.lifecycle:lifecycle-runtime-ktx-android:2.8.2) with AarToClassTransform
Transforming lifecycle-runtime-ktx-release.aar (androidx.lifecycle:lifecycle-runtime-ktx-android:2.8.2) with IdentityTransform
Transforming lifecycle-runtime-ktx-release.aar (androidx.lifecycle:lifecycle-runtime-ktx-android:2.8.2) with DexingNoClasspathTransform
Transforming lifecycle-runtime-ktx-release.aar (androidx.lifecycle:lifecycle-runtime-ktx-android:2.8.2) with DexingOutputSplitTransform
Transforming lifecycle-viewmodel-savedstate-2.8.2.aar (androidx.lifecycle:lifecycle-viewmodel-savedstate:2.8.2) with JetifyTransform
Transforming lifecycle-viewmodel-savedstate-2.8.2.aar (androidx.lifecycle:lifecycle-viewmodel-savedstate:2.8.2) with AarToClassTransform
Transforming lifecycle-viewmodel-savedstate-2.8.2.aar (androidx.lifecycle:lifecycle-viewmodel-savedstate:2.8.2) with IdentityTransform
Transforming lifecycle-viewmodel-savedstate-2.8.2.aar (androidx.lifecycle:lifecycle-viewmodel-savedstate:2.8.2) with DexingNoClasspathTransform
Transforming lifecycle-viewmodel-savedstate-2.8.2.aar (androidx.lifecycle:lifecycle-viewmodel-savedstate:2.8.2) with DexingOutputSplitTransform
Transforming core-ktx-1.13.1.aar (androidx.core:core-ktx:1.13.1) with JetifyTransform
Transforming core-ktx-1.13.1.aar (androidx.core:core-ktx:1.13.1) with AarToClassTransform
Transforming core-ktx-1.13.1.aar (androidx.core:core-ktx:1.13.1) with IdentityTransform
Transforming core-ktx-1.13.1.aar (androidx.core:core-ktx:1.13.1) with DexingNoClasspathTransform
Transforming core-ktx-1.13.1.aar (androidx.core:core-ktx:1.13.1) with DexingOutputSplitTransform
Transforming room-common-2.6.1.jar (androidx.room:room-common:2.6.1) with JetifyTransform
Transforming room-common-2.6.1.jar (androidx.room:room-common:2.6.1) with IdentityTransform
Transforming room-common-2.6.1.jar (androidx.room:room-common:2.6.1) with IdentityTransform
Transforming room-common-2.6.1.jar (androidx.room:room-common:2.6.1) with DexingNoClasspathTransform
Transforming room-common-2.6.1.jar (androidx.room:room-common:2.6.1) with DexingOutputSplitTransform
Transforming room-runtime-2.6.1.aar (androidx.room:room-runtime:2.6.1) with JetifyTransform
Transforming room-runtime-2.6.1.aar (androidx.room:room-runtime:2.6.1) with AarToClassTransform
Transforming room-runtime-2.6.1.aar (androidx.room:room-runtime:2.6.1) with IdentityTransform
Transforming room-runtime-2.6.1.aar (androidx.room:room-runtime:2.6.1) with DexingNoClasspathTransform
Transforming room-runtime-2.6.1.aar (androidx.room:room-runtime:2.6.1) with DexingOutputSplitTransform
Transforming room-ktx-2.6.1.aar (androidx.room:room-ktx:2.6.1) with JetifyTransform
Transforming room-ktx-2.6.1.aar (androidx.room:room-ktx:2.6.1) with AarToClassTransform
Transforming room-ktx-2.6.1.aar (androidx.room:room-ktx:2.6.1) with IdentityTransform
Transforming room-ktx-2.6.1.aar (androidx.room:room-ktx:2.6.1) with DexingNoClasspathTransform
Transforming room-ktx-2.6.1.aar (androidx.room:room-ktx:2.6.1) with DexingOutputSplitTransform
Transforming annotation-experimental-1.4.0.aar (androidx.annotation:annotation-experimental:1.4.0) with JetifyTransform
Transforming annotation-experimental-1.4.0.aar (androidx.annotation:annotation-experimental:1.4.0) with AarToClassTransform
Transforming annotation-experimental-1.4.0.aar (androidx.annotation:annotation-experimental:1.4.0) with IdentityTransform
Transforming annotation-experimental-1.4.0.aar (androidx.annotation:annotation-experimental:1.4.0) with DexingNoClasspathTransform
Transforming annotation-experimental-1.4.0.aar (androidx.annotation:annotation-experimental:1.4.0) with DexingOutputSplitTransform
Transforming sqlite-framework-2.4.0.aar (androidx.sqlite:sqlite-framework:2.4.0) with JetifyTransform
Transforming sqlite-framework-2.4.0.aar (androidx.sqlite:sqlite-framework:2.4.0) with AarToClassTransform
Transforming sqlite-framework-2.4.0.aar (androidx.sqlite:sqlite-framework:2.4.0) with IdentityTransform
Transforming sqlite-framework-2.4.0.aar (androidx.sqlite:sqlite-framework:2.4.0) with DexingNoClasspathTransform
Transforming sqlite-framework-2.4.0.aar (androidx.sqlite:sqlite-framework:2.4.0) with DexingOutputSplitTransform
Transforming sqlite-2.4.0.aar (androidx.sqlite:sqlite:2.4.0) with JetifyTransform
Transforming sqlite-2.4.0.aar (androidx.sqlite:sqlite:2.4.0) with AarToClassTransform
Transforming sqlite-2.4.0.aar (androidx.sqlite:sqlite:2.4.0) with IdentityTransform
Transforming sqlite-2.4.0.aar (androidx.sqlite:sqlite:2.4.0) with DexingNoClasspathTransform
Transforming sqlite-2.4.0.aar (androidx.sqlite:sqlite:2.4.0) with DexingOutputSplitTransform
Transforming kotlinx-coroutines-core-jvm-1.7.3.jar (org.jetbrains.kotlinx:kotlinx-coroutines-core-jvm:1.7.3) with JetifyTransform
Transforming kotlinx-coroutines-core-jvm-1.7.3.jar (org.jetbrains.kotlinx:kotlinx-coroutines-core-jvm:1.7.3) with IdentityTransform
Transforming kotlinx-coroutines-core-jvm-1.7.3.jar (org.jetbrains.kotlinx:kotlinx-coroutines-core-jvm:1.7.3) with IdentityTransform
Transforming kotlinx-coroutines-core-jvm-1.7.3.jar (org.jetbrains.kotlinx:kotlinx-coroutines-core-jvm:1.7.3) with DexingNoClasspathTransform
Transforming kotlinx-coroutines-core-jvm-1.7.3.jar (org.jetbrains.kotlinx:kotlinx-coroutines-core-jvm:1.7.3) with DexingOutputSplitTransform
Transforming kotlinx-coroutines-android-1.7.3.jar (org.jetbrains.kotlinx:kotlinx-coroutines-android:1.7.3) with JetifyTransform
Transforming kotlinx-coroutines-android-1.7.3.jar (org.jetbrains.kotlinx:kotlinx-coroutines-android:1.7.3) with IdentityTransform
Transforming kotlinx-coroutines-android-1.7.3.jar (org.jetbrains.kotlinx:kotlinx-coroutines-android:1.7.3) with IdentityTransform
Transforming kotlinx-coroutines-android-1.7.3.jar (org.jetbrains.kotlinx:kotlinx-coroutines-android:1.7.3) with DexingNoClasspathTransform
Transforming kotlinx-coroutines-android-1.7.3.jar (org.jetbrains.kotlinx:kotlinx-coroutines-android:1.7.3) with DexingOutputSplitTransform
Transforming kotlin-stdlib-jdk8-1.8.22.jar (org.jetbrains.kotlin:kotlin-stdlib-jdk8:1.8.22) with JetifyTransform
Transforming kotlin-stdlib-jdk8-1.8.22.jar (org.jetbrains.kotlin:kotlin-stdlib-jdk8:1.8.22) with IdentityTransform
Transforming kotlin-stdlib-jdk8-1.8.22.jar (org.jetbrains.kotlin:kotlin-stdlib-jdk8:1.8.22) with IdentityTransform
Transforming kotlin-stdlib-jdk8-1.8.22.jar (org.jetbrains.kotlin:kotlin-stdlib-jdk8:1.8.22) with DexingNoClasspathTransform
Transforming kotlin-stdlib-jdk8-1.8.22.jar (org.jetbrains.kotlin:kotlin-stdlib-jdk8:1.8.22) with DexingOutputSplitTransform
Transforming localbroadcastmanager-1.1.0.aar (androidx.localbroadcastmanager:localbroadcastmanager:1.1.0) with JetifyTransform
Transforming localbroadcastmanager-1.1.0.aar (androidx.localbroadcastmanager:localbroadcastmanager:1.1.0) with AarToClassTransform
Transforming localbroadcastmanager-1.1.0.aar (androidx.localbroadcastmanager:localbroadcastmanager:1.1.0) with IdentityTransform
Transforming localbroadcastmanager-1.1.0.aar (androidx.localbroadcastmanager:localbroadcastmanager:1.1.0) with DexingNoClasspathTransform
Transforming localbroadcastmanager-1.1.0.aar (androidx.localbroadcastmanager:localbroadcastmanager:1.1.0) with DexingOutputSplitTransform
Transforming localbroadcastmanager-1.1.0.aar (androidx.localbroadcastmanager:localbroadcastmanager:1.1.0) with JetifyTransform
Transforming localbroadcastmanager-1.1.0.aar (androidx.localbroadcastmanager:localbroadcastmanager:1.1.0) with AarToClassTransform
Transforming localbroadcastmanager-1.1.0.aar (androidx.localbroadcastmanager:localbroadcastmanager:1.1.0) with IdentityTransform
Transforming localbroadcastmanager-1.1.0.aar (androidx.localbroadcastmanager:localbroadcastmanager:1.1.0) with DexingNoClasspathTransform
Transforming localbroadcastmanager-1.1.0.aar (androidx.localbroadcastmanager:localbroadcastmanager:1.1.0) with DexingOutputSplitTransform
Transforming interpolator-1.0.0.aar (androidx.interpolator:interpolator:1.0.0) with JetifyTransform
Transforming interpolator-1.0.0.aar (androidx.interpolator:interpolator:1.0.0) with AarToClassTransform
Transforming interpolator-1.0.0.aar (androidx.interpolator:interpolator:1.0.0) with IdentityTransform
Transforming interpolator-1.0.0.aar (androidx.interpolator:interpolator:1.0.0) with DexingNoClasspathTransform
Transforming interpolator-1.0.0.aar (androidx.interpolator:interpolator:1.0.0) with DexingOutputSplitTransform
Transforming interpolator-1.0.0.aar (androidx.interpolator:interpolator:1.0.0) with JetifyTransform
Transforming interpolator-1.0.0.aar (androidx.interpolator:interpolator:1.0.0) with AarToClassTransform
Transforming interpolator-1.0.0.aar (androidx.interpolator:interpolator:1.0.0) with IdentityTransform
Transforming interpolator-1.0.0.aar (androidx.interpolator:interpolator:1.0.0) with DexingNoClasspathTransform
Transforming interpolator-1.0.0.aar (androidx.interpolator:interpolator:1.0.0) with DexingOutputSplitTransform
Transforming cursoradapter-1.0.0.aar (androidx.cursoradapter:cursoradapter:1.0.0) with JetifyTransform
Transforming cursoradapter-1.0.0.aar (androidx.cursoradapter:cursoradapter:1.0.0) with AarToClassTransform
Transforming cursoradapter-1.0.0.aar (androidx.cursoradapter:cursoradapter:1.0.0) with IdentityTransform
Transforming cursoradapter-1.0.0.aar (androidx.cursoradapter:cursoradapter:1.0.0) with DexingNoClasspathTransform
Transforming cursoradapter-1.0.0.aar (androidx.cursoradapter:cursoradapter:1.0.0) with DexingOutputSplitTransform
Transforming resourceinspection-annotation-1.0.1.jar (androidx.resourceinspection:resourceinspection-annotation:1.0.1) with JetifyTransform
Transforming resourceinspection-annotation-1.0.1.jar (androidx.resourceinspection:resourceinspection-annotation:1.0.1) with IdentityTransform
Transforming resourceinspection-annotation-1.0.1.jar (androidx.resourceinspection:resourceinspection-annotation:1.0.1) with IdentityTransform
Transforming resourceinspection-annotation-1.0.1.jar (androidx.resourceinspection:resourceinspection-annotation:1.0.1) with DexingNoClasspathTransform
Transforming resourceinspection-annotation-1.0.1.jar (androidx.resourceinspection:resourceinspection-annotation:1.0.1) with DexingOutputSplitTransform
Transforming cardview-1.0.0.aar (androidx.cardview:cardview:1.0.0) with JetifyTransform
Transforming cardview-1.0.0.aar (androidx.cardview:cardview:1.0.0) with AarToClassTransform
Transforming cardview-1.0.0.aar (androidx.cardview:cardview:1.0.0) with IdentityTransform
Transforming cardview-1.0.0.aar (androidx.cardview:cardview:1.0.0) with DexingNoClasspathTransform
Transforming cardview-1.0.0.aar (androidx.cardview:cardview:1.0.0) with DexingOutputSplitTransform
Transforming versionedparcelable-1.1.1.aar (androidx.versionedparcelable:versionedparcelable:1.1.1) with JetifyTransform
Transforming versionedparcelable-1.1.1.aar (androidx.versionedparcelable:versionedparcelable:1.1.1) with AarToClassTransform
Transforming versionedparcelable-1.1.1.aar (androidx.versionedparcelable:versionedparcelable:1.1.1) with IdentityTransform
Transforming versionedparcelable-1.1.1.aar (androidx.versionedparcelable:versionedparcelable:1.1.1) with DexingNoClasspathTransform
Transforming versionedparcelable-1.1.1.aar (androidx.versionedparcelable:versionedparcelable:1.1.1) with DexingOutputSplitTransform
Transforming collection-1.2.0.jar (androidx.collection:collection:1.2.0) with JetifyTransform
Transforming collection-1.2.0.jar (androidx.collection:collection:1.2.0) with IdentityTransform
Transforming collection-1.2.0.jar (androidx.collection:collection:1.2.0) with IdentityTransform
Transforming collection-1.2.0.jar (androidx.collection:collection:1.2.0) with DexingNoClasspathTransform
Transforming collection-1.2.0.jar (androidx.collection:collection:1.2.0) with DexingOutputSplitTransform
Transforming exifinterface-1.3.6.aar (androidx.exifinterface:exifinterface:1.3.6) with JetifyTransform
Transforming exifinterface-1.3.6.aar (androidx.exifinterface:exifinterface:1.3.6) with AarToClassTransform
Transforming exifinterface-1.3.6.aar (androidx.exifinterface:exifinterface:1.3.6) with IdentityTransform
Transforming exifinterface-1.3.6.aar (androidx.exifinterface:exifinterface:1.3.6) with DexingNoClasspathTransform
Transforming exifinterface-1.3.6.aar (androidx.exifinterface:exifinterface:1.3.6) with DexingOutputSplitTransform
Transforming core-runtime-2.2.0.aar (androidx.arch.core:core-runtime:2.2.0) with JetifyTransform
Transforming core-runtime-2.2.0.aar (androidx.arch.core:core-runtime:2.2.0) with AarToClassTransform
Transforming core-runtime-2.2.0.aar (androidx.arch.core:core-runtime:2.2.0) with IdentityTransform
Transforming core-runtime-2.2.0.aar (androidx.arch.core:core-runtime:2.2.0) with DexingNoClasspathTransform
Transforming core-runtime-2.2.0.aar (androidx.arch.core:core-runtime:2.2.0) with DexingOutputSplitTransform
Transforming gifdecoder-4.16.0.aar (com.github.bumptech.glide:gifdecoder:4.16.0) with JetifyTransform
Transforming gifdecoder-4.16.0.aar (com.github.bumptech.glide:gifdecoder:4.16.0) with AarToClassTransform
Transforming gifdecoder-4.16.0.aar (com.github.bumptech.glide:gifdecoder:4.16.0) with IdentityTransform
Transforming gifdecoder-4.16.0.aar (com.github.bumptech.glide:gifdecoder:4.16.0) with DexingNoClasspathTransform
Transforming gifdecoder-4.16.0.aar (com.github.bumptech.glide:gifdecoder:4.16.0) with DexingOutputSplitTransform
Transforming profileinstaller-1.3.1.aar (androidx.profileinstaller:profileinstaller:1.3.1) with JetifyTransform
Transforming profileinstaller-1.3.1.aar (androidx.profileinstaller:profileinstaller:1.3.1) with AarToClassTransform
Transforming profileinstaller-1.3.1.aar (androidx.profileinstaller:profileinstaller:1.3.1) with IdentityTransform
Transforming profileinstaller-1.3.1.aar (androidx.profileinstaller:profileinstaller:1.3.1) with DexingNoClasspathTransform
Transforming profileinstaller-1.3.1.aar (androidx.profileinstaller:profileinstaller:1.3.1) with DexingOutputSplitTransform
Transforming startup-runtime-1.1.1.aar (androidx.startup:startup-runtime:1.1.1) with JetifyTransform
Transforming startup-runtime-1.1.1.aar (androidx.startup:startup-runtime:1.1.1) with AarToClassTransform
Transforming startup-runtime-1.1.1.aar (androidx.startup:startup-runtime:1.1.1) with IdentityTransform
Transforming startup-runtime-1.1.1.aar (androidx.startup:startup-runtime:1.1.1) with DexingNoClasspathTransform
Transforming startup-runtime-1.1.1.aar (androidx.startup:startup-runtime:1.1.1) with DexingOutputSplitTransform
Transforming tracing-1.0.0.aar (androidx.tracing:tracing:1.0.0) with JetifyTransform
Transforming tracing-1.0.0.aar (androidx.tracing:tracing:1.0.0) with AarToClassTransform
Transforming tracing-1.0.0.aar (androidx.tracing:tracing:1.0.0) with IdentityTransform
Transforming tracing-1.0.0.aar (androidx.tracing:tracing:1.0.0) with DexingNoClasspathTransform
Transforming tracing-1.0.0.aar (androidx.tracing:tracing:1.0.0) with DexingOutputSplitTransform
Transforming core-common-2.2.0.jar (androidx.arch.core:core-common:2.2.0) with JetifyTransform
Transforming core-common-2.2.0.jar (androidx.arch.core:core-common:2.2.0) with IdentityTransform
Transforming core-common-2.2.0.jar (androidx.arch.core:core-common:2.2.0) with IdentityTransform
Transforming core-common-2.2.0.jar (androidx.arch.core:core-common:2.2.0) with DexingNoClasspathTransform
Transforming core-common-2.2.0.jar (androidx.arch.core:core-common:2.2.0) with DexingOutputSplitTransform
Transforming documentfile-1.0.0.aar (androidx.documentfile:documentfile:1.0.0) with JetifyTransform
Transforming documentfile-1.0.0.aar (androidx.documentfile:documentfile:1.0.0) with AarToClassTransform
Transforming documentfile-1.0.0.aar (androidx.documentfile:documentfile:1.0.0) with IdentityTransform
Transforming documentfile-1.0.0.aar (androidx.documentfile:documentfile:1.0.0) with DexingNoClasspathTransform
Transforming documentfile-1.0.0.aar (androidx.documentfile:documentfile:1.0.0) with DexingOutputSplitTransform
Transforming print-1.0.0.aar (androidx.print:print:1.0.0) with JetifyTransform
Transforming print-1.0.0.aar (androidx.print:print:1.0.0) with AarToClassTransform
Transforming print-1.0.0.aar (androidx.print:print:1.0.0) with IdentityTransform
Transforming print-1.0.0.aar (androidx.print:print:1.0.0) with DexingNoClasspathTransform
Transforming print-1.0.0.aar (androidx.print:print:1.0.0) with DexingOutputSplitTransform
Transforming concurrent-futures-1.1.0.jar (androidx.concurrent:concurrent-futures:1.1.0) with JetifyTransform
Transforming concurrent-futures-1.1.0.jar (androidx.concurrent:concurrent-futures:1.1.0) with IdentityTransform
Transforming concurrent-futures-1.1.0.jar (androidx.concurrent:concurrent-futures:1.1.0) with IdentityTransform
Transforming concurrent-futures-1.1.0.jar (androidx.concurrent:concurrent-futures:1.1.0) with DexingNoClasspathTransform
Transforming concurrent-futures-1.1.0.jar (androidx.concurrent:concurrent-futures:1.1.0) with DexingOutputSplitTransform
Transforming annotation-jvm-1.8.0.jar (androidx.annotation:annotation-jvm:1.8.0) with JetifyTransform
Transforming annotation-jvm-1.8.0.jar (androidx.annotation:annotation-jvm:1.8.0) with IdentityTransform
Transforming annotation-jvm-1.8.0.jar (androidx.annotation:annotation-jvm:1.8.0) with IdentityTransform
Transforming annotation-jvm-1.8.0.jar (androidx.annotation:annotation-jvm:1.8.0) with DexingNoClasspathTransform
Transforming annotation-jvm-1.8.0.jar (androidx.annotation:annotation-jvm:1.8.0) with DexingOutputSplitTransform
Transforming kotlin-stdlib-jdk7-1.8.22.jar (org.jetbrains.kotlin:kotlin-stdlib-jdk7:1.8.22) with JetifyTransform
Transforming kotlin-stdlib-jdk7-1.8.22.jar (org.jetbrains.kotlin:kotlin-stdlib-jdk7:1.8.22) with IdentityTransform
Transforming kotlin-stdlib-jdk7-1.8.22.jar (org.jetbrains.kotlin:kotlin-stdlib-jdk7:1.8.22) with IdentityTransform
Transforming kotlin-stdlib-jdk7-1.8.22.jar (org.jetbrains.kotlin:kotlin-stdlib-jdk7:1.8.22) with DexingNoClasspathTransform
Transforming kotlin-stdlib-jdk7-1.8.22.jar (org.jetbrains.kotlin:kotlin-stdlib-jdk7:1.8.22) with DexingOutputSplitTransform
Transforming kotlin-stdlib-1.9.23.jar (org.jetbrains.kotlin:kotlin-stdlib:1.9.23) with JetifyTransform
Transforming kotlin-stdlib-1.9.23.jar (org.jetbrains.kotlin:kotlin-stdlib:1.9.23) with IdentityTransform
Transforming kotlin-stdlib-1.9.23.jar (org.jetbrains.kotlin:kotlin-stdlib:1.9.23) with IdentityTransform
Transforming kotlin-stdlib-1.9.23.jar (org.jetbrains.kotlin:kotlin-stdlib:1.9.23) with DexingNoClasspathTransform
Transforming kotlin-stdlib-1.9.23.jar (org.jetbrains.kotlin:kotlin-stdlib:1.9.23) with DexingOutputSplitTransform
Transforming gson-2.10.1.jar (com.google.code.gson:gson:2.10.1) with JetifyTransform
Transforming gson-2.10.1.jar (com.google.code.gson:gson:2.10.1) with IdentityTransform
Transforming gson-2.10.1.jar (com.google.code.gson:gson:2.10.1) with IdentityTransform
Transforming gson-2.10.1.jar (com.google.code.gson:gson:2.10.1) with DexingNoClasspathTransform
Transforming gson-2.10.1.jar (com.google.code.gson:gson:2.10.1) with DexingOutputSplitTransform
Transforming annotations-23.0.0.jar (org.jetbrains:annotations:23.0.0) with JetifyTransform
Transforming annotations-23.0.0.jar (org.jetbrains:annotations:23.0.0) with IdentityTransform
Transforming annotations-23.0.0.jar (org.jetbrains:annotations:23.0.0) with IdentityTransform
Transforming annotations-23.0.0.jar (org.jetbrains:annotations:23.0.0) with DexingNoClasspathTransform
Transforming annotations-23.0.0.jar (org.jetbrains:annotations:23.0.0) with DexingOutputSplitTransform
Transforming guava-32.1.3-android.jar (com.google.guava:guava:32.1.3-android) with JetifyTransform
Transforming guava-32.1.3-android.jar (com.google.guava:guava:32.1.3-android) with IdentityTransform
Transforming guava-32.1.3-android.jar (com.google.guava:guava:32.1.3-android) with IdentityTransform
Transforming guava-32.1.3-android.jar (com.google.guava:guava:32.1.3-android) with DexingNoClasspathTransform
Transforming guava-32.1.3-android.jar (com.google.guava:guava:32.1.3-android) with DexingOutputSplitTransform
Transforming listenablefuture-9999.0-empty-to-avoid-conflict-with-guava.jar (com.google.guava:listenablefuture:9999.0-empty-to-avoid-conflict-with-guava) with JetifyTransform
Transforming listenablefuture-9999.0-empty-to-avoid-conflict-with-guava.jar (com.google.guava:listenablefuture:9999.0-empty-to-avoid-conflict-with-guava) with IdentityTransform
Transforming listenablefuture-9999.0-empty-to-avoid-conflict-with-guava.jar (com.google.guava:listenablefuture:9999.0-empty-to-avoid-conflict-with-guava) with IdentityTransform
Transforming listenablefuture-9999.0-empty-to-avoid-conflict-with-guava.jar (com.google.guava:listenablefuture:9999.0-empty-to-avoid-conflict-with-guava) with DexingNoClasspathTransform
Transforming listenablefuture-9999.0-empty-to-avoid-conflict-with-guava.jar (com.google.guava:listenablefuture:9999.0-empty-to-avoid-conflict-with-guava) with DexingOutputSplitTransform
Transforming error_prone_annotations-2.15.0.jar (com.google.errorprone:error_prone_annotations:2.15.0) with JetifyTransform
Transforming error_prone_annotations-2.15.0.jar (com.google.errorprone:error_prone_annotations:2.15.0) with IdentityTransform
Transforming error_prone_annotations-2.15.0.jar (com.google.errorprone:error_prone_annotations:2.15.0) with IdentityTransform
Transforming error_prone_annotations-2.15.0.jar (com.google.errorprone:error_prone_annotations:2.15.0) with DexingNoClasspathTransform
Transforming error_prone_annotations-2.15.0.jar (com.google.errorprone:error_prone_annotations:2.15.0) with DexingOutputSplitTransform
Transforming constraintlayout-core-1.0.4.jar (androidx.constraintlayout:constraintlayout-core:1.0.4) with JetifyTransform
Transforming constraintlayout-core-1.0.4.jar (androidx.constraintlayout:constraintlayout-core:1.0.4) with IdentityTransform
Transforming constraintlayout-core-1.0.4.jar (androidx.constraintlayout:constraintlayout-core:1.0.4) with IdentityTransform
Transforming constraintlayout-core-1.0.4.jar (androidx.constraintlayout:constraintlayout-core:1.0.4) with DexingNoClasspathTransform
Transforming constraintlayout-core-1.0.4.jar (androidx.constraintlayout:constraintlayout-core:1.0.4) with DexingOutputSplitTransform
Transforming disklrucache-4.16.0.jar (com.github.bumptech.glide:disklrucache:4.16.0) with JetifyTransform
Transforming disklrucache-4.16.0.jar (com.github.bumptech.glide:disklrucache:4.16.0) with IdentityTransform
Transforming disklrucache-4.16.0.jar (com.github.bumptech.glide:disklrucache:4.16.0) with IdentityTransform
Transforming disklrucache-4.16.0.jar (com.github.bumptech.glide:disklrucache:4.16.0) with DexingNoClasspathTransform
Transforming disklrucache-4.16.0.jar (com.github.bumptech.glide:disklrucache:4.16.0) with DexingOutputSplitTransform
Transforming annotations-4.16.0.jar (com.github.bumptech.glide:annotations:4.16.0) with JetifyTransform
Transforming annotations-4.16.0.jar (com.github.bumptech.glide:annotations:4.16.0) with IdentityTransform
Transforming annotations-4.16.0.jar (com.github.bumptech.glide:annotations:4.16.0) with IdentityTransform
Transforming annotations-4.16.0.jar (com.github.bumptech.glide:annotations:4.16.0) with DexingNoClasspathTransform
Transforming annotations-4.16.0.jar (com.github.bumptech.glide:annotations:4.16.0) with DexingOutputSplitTransform
Transforming cronet-api-72.3626.96.aar (org.chromium.net:cronet-api:72.3626.96) with JetifyTransform
Transforming cronet-api-72.3626.96.aar (org.chromium.net:cronet-api:72.3626.96) with AarToClassTransform
Transforming cronet-api-72.3626.96.aar (org.chromium.net:cronet-api:72.3626.96) with IdentityTransform
Transforming cronet-api-72.3626.96.aar (org.chromium.net:cronet-api:72.3626.96) with DexingNoClasspathTransform
Transforming cronet-api-72.3626.96.aar (org.chromium.net:cronet-api:72.3626.96) with DexingOutputSplitTransform
Transforming failureaccess-1.0.1.jar (com.google.guava:failureaccess:1.0.1) with JetifyTransform
Transforming failureaccess-1.0.1.jar (com.google.guava:failureaccess:1.0.1) with IdentityTransform
Transforming failureaccess-1.0.1.jar (com.google.guava:failureaccess:1.0.1) with IdentityTransform
Transforming failureaccess-1.0.1.jar (com.google.guava:failureaccess:1.0.1) with DexingNoClasspathTransform
Transforming failureaccess-1.0.1.jar (com.google.guava:failureaccess:1.0.1) with DexingOutputSplitTransform
Caching disabled for task ':app:mergeExtDexDebug' because:
  Build cache is disabled
Task ':app:mergeExtDexDebug' is not up-to-date because:
  Input property 'dexDirs' file /data/user/0/com.itsaky.androidide/files/home/.gradle/caches/transforms-4/ca6db077960a67cd9fdcd972cc880ce1/transformed/jetified-media3-exoplayer-hls-1.3.1-runtime/jetified-media3-exoplayer-hls-1.3.1-runtime_dex/classes.dex has been added.
  Input property 'dexDirs' file /data/user/0/com.itsaky.androidide/files/home/.gradle/caches/transforms-4/ca9c3a89a7822d624157f8e4a6dbb86d/transformed/jetified-media3-datasource-cronet-1.3.1-runtime/jetified-media3-datasource-cronet-1.3.1-runtime_dex/classes.dex has been added.
  Input property 'dexDirs' file /data/user/0/com.itsaky.androidide/files/home/.gradle/caches/transforms-4/c8acffec08cee78ff96b51ef9695de19/transformed/jetified-play-services-cronet-18.0.1-runtime/jetified-play-services-cronet-18.0.1-runtime_dex/classes.dex has been added.
Merging to '/storage/emulated/0/AndroidIDEProjects/Mydownloader/app/build/intermediates/dex/debug/mergeExtDexDebug' with D8 from all or a subset of dex files in /data/user/0/com.itsaky.androidide/files/home/.gradle/caches/transforms-4/c88f3562576b389bd003e5f15e0cc408/transformed/jetified-viewbinding-8.4.1-runtime/jetified-viewbinding-8.4.1-runtime_dex, /data/user/0/com.itsaky.androidide/files/home/.gradle/caches/transforms-4/8d58878406faf52886ee98be60068637/transformed/material-1.12.0-runtime/material-1.12.0-runtime_dex, /data/user/0/com.itsaky.androidide/files/home/.gradle/caches/transforms-4/a0827794a7eeee7ab26452b2696a50d4/transformed/constraintlayout-2.1.4-runtime/constraintlayout-2.1.4-runtime_dex, /data/user/0/com.itsaky.androidide/files/home/.gradle/caches/transforms-4/3775f4e54d62c6c668e6ca4df95b6c0c/transformed/jetified-appcompat-resources-1.6.1-runtime/jetified-appcompat-resources-1.6.1-runtime_dex, /data/user/0/com.itsaky.androidide/files/home/.gradle/caches/transforms-4/cde95d4fd05d4de5e2442c4ef42f7017/transformed/appcompat-1.6.1-runtime/appcompat-1.6.1-runtime_dex, /data/user/0/com.itsaky.androidide/files/home/.gradle/caches/transforms-4/fb07b87a16ad5b3b00c9896cc3abffd6/transformed/browser-1.8.0-runtime/browser-1.8.0-runtime_dex, /data/user/0/com.itsaky.androidide/files/home/.gradle/caches/transforms-4/063794e3133acd61abdcdfdf10307f4f/transformed/webkit-1.11.0-runtime/webkit-1.11.0-runtime_dex, /data/user/0/com.itsaky.androidide/files/home/.gradle/caches/transforms-4/ca6db077960a67cd9fdcd972cc880ce1/transformed/jetified-media3-exoplayer-hls-1.3.1-runtime/jetified-media3-exoplayer-hls-1.3.1-runtime_dex, /data/user/0/com.itsaky.androidide/files/home/.gradle/caches/transforms-4/2f16401799c1903ff5876e6892b60675/transformed/jetified-media3-exoplayer-1.3.1-runtime/jetified-media3-exoplayer-1.3.1-runtime_dex, /data/user/0/com.itsaky.androidide/files/home/.gradle/caches/transforms-4/ca9c3a89a7822d624157f8e4a6dbb86d/transformed/jetified-media3-datasource-cronet-1.3.1-runtime/jetified-media3-datasource-cronet-1.3.1-runtime_dex, /data/user/0/com.itsaky.androidide/files/home/.gradle/caches/transforms-4/bf011b1a88e59bfcc496b013d439ee67/transformed/jetified-media3-session-1.3.1-runtime/jetified-media3-session-1.3.1-runtime_dex, /data/user/0/com.itsaky.androidide/files/home/.gradle/caches/transforms-4/e76a90e66a6ba67f5e41e7191dc3c2ae/transformed/jetified-media3-extractor-1.3.1-runtime/jetified-media3-extractor-1.3.1-runtime_dex, /data/user/0/com.itsaky.androidide/files/home/.gradle/caches/transforms-4/17170cd059020426c4f96dc77e2098bb/transformed/jetified-media3-container-1.3.1-runtime/jetified-media3-container-1.3.1-runtime_dex, /data/user/0/com.itsaky.androidide/files/home/.gradle/caches/transforms-4/f989ff999816e05e1d0ff8fdf8cca8b6/transformed/jetified-media3-datasource-1.3.1-runtime/jetified-media3-datasource-1.3.1-runtime_dex, /data/user/0/com.itsaky.androidide/files/home/.gradle/caches/transforms-4/d5faef178b84b9795c2ad7effddd889d/transformed/jetified-media3-decoder-1.3.1-runtime/jetified-media3-decoder-1.3.1-runtime_dex, /data/user/0/com.itsaky.androidide/files/home/.gradle/caches/transforms-4/5af077f53f9213ba8859951e5cd180a8/transformed/jetified-media3-database-1.3.1-runtime/jetified-media3-database-1.3.1-runtime_dex, /data/user/0/com.itsaky.androidide/files/home/.gradle/caches/transforms-4/abf3b0eeba065758ead821389c0a6c35/transformed/jetified-media3-common-1.3.1-runtime/jetified-media3-common-1.3.1-runtime_dex, /data/user/0/com.itsaky.androidide/files/home/.gradle/caches/transforms-4/ecbd36af006e3fa0c3b06fb4829351f9/transformed/jetified-media3-ui-1.3.1-runtime/jetified-media3-ui-1.3.1-runtime_dex, /data/user/0/com.itsaky.androidide/files/home/.gradle/caches/transforms-4/994395f2ee826d58eaba721a16243ebd/transformed/media-1.7.0-runtime/media-1.7.0-runtime_dex, /data/user/0/com.itsaky.androidide/files/home/.gradle/caches/transforms-4/b8afe782fbf7f2a08c8325fc5a567396/transformed/jetified-viewpager2-1.1.0-beta02-runtime/jetified-viewpager2-1.1.0-beta02-runtime_dex, /data/user/0/com.itsaky.androidide/files/home/.gradle/caches/transforms-4/4cfd12ebdbf0a957ecc10abe014969b8/transformed/recyclerview-1.3.2-runtime/recyclerview-1.3.2-runtime_dex, /data/user/0/com.itsaky.androidide/files/home/.gradle/caches/transforms-4/9a5d6b6f6d2cc91f6a277dcf9b6a48b6/transformed/jetified-emoji2-views-helper-1.2.0-runtime/jetified-emoji2-views-helper-1.2.0-runtime_dex, /data/user/0/com.itsaky.androidide/files/home/.gradle/caches/transforms-4/260ba8360333b142f0d69b3848d977fe/transformed/jetified-emoji2-1.2.0-runtime/jetified-emoji2-1.2.0-runtime_dex, /data/user/0/com.itsaky.androidide/files/home/.gradle/caches/transforms-4/cfa9de7d7fe84f0036dc9c7396116b59/transformed/jetified-glide-4.16.0-runtime/jetified-glide-4.16.0-runtime_dex, /data/user/0/com.itsaky.androidide/files/home/.gradle/caches/transforms-4/c8acffec08cee78ff96b51ef9695de19/transformed/jetified-play-services-cronet-18.0.1-runtime/jetified-play-services-cronet-18.0.1-runtime_dex, /data/user/0/com.itsaky.androidide/files/home/.gradle/caches/transforms-4/d18088097881c29cf14155a5a28a3b38/transformed/jetified-play-services-base-18.0.1-runtime/jetified-play-services-base-18.0.1-runtime_dex, /data/user/0/com.itsaky.androidide/files/home/.gradle/caches/transforms-4/6ca73d1c023ff86a85f815edede0af36/transformed/jetified-play-services-tasks-18.0.1-runtime/jetified-play-services-tasks-18.0.1-runtime_dex, /data/user/0/com.itsaky.androidide/files/home/.gradle/caches/transforms-4/1ef96205990fe8f99a2f11320c1188de/transformed/jetified-play-services-basement-18.0.0-runtime/jetified-play-services-basement-18.0.0-runtime_dex, /data/user/0/com.itsaky.androidide/files/home/.gradle/caches/transforms-4/a43d142fae5dcc95600c8a9468e93097/transformed/fragment-1.3.6-runtime/fragment-1.3.6-runtime_dex, /data/user/0/com.itsaky.androidide/files/home/.gradle/caches/transforms-4/52acf4f6e32386ba6dcca9c99ca09a7e/transformed/jetified-activity-1.8.0-runtime/jetified-activity-1.8.0-runtime_dex, /data/user/0/com.itsaky.androidide/files/home/.gradle/caches/transforms-4/a0b87f09b97ec67d77abdc12115f6985/transformed/drawerlayout-1.1.1-runtime/drawerlayout-1.1.1-runtime_dex, /data/user/0/com.itsaky.androidide/files/home/.gradle/caches/transforms-4/455bae0f519b5f182879584ffff562a1/transformed/coordinatorlayout-1.1.0-runtime/coordinatorlayout-1.1.0-runtime_dex, /data/user/0/com.itsaky.androidide/files/home/.gradle/caches/transforms-4/485a649528584f82cc0359d198f73baa/transformed/transition-1.5.0-runtime/transition-1.5.0-runtime_dex, /data/user/0/com.itsaky.androidide/files/home/.gradle/caches/transforms-4/fa95b344ad1c4a159a7e221f028cac50/transformed/dynamicanimation-1.0.0-runtime/dynamicanimation-1.0.0-runtime_dex, /data/user/0/com.itsaky.androidide/files/home/.gradle/caches/transforms-4/a24856e665f66897b02e4b7f70dd250e/transformed/vectordrawable-animated-1.1.0-runtime/vectordrawable-animated-1.1.0-runtime_dex, /data/user/0/com.itsaky.androidide/files/home/.gradle/caches/transforms-4/e2cbc8da47b1f77c38d507e8836e5b9c/transformed/vectordrawable-1.1.0-runtime/vectordrawable-1.1.0-runtime_dex, /data/user/0/com.itsaky.androidide/files/home/.gradle/caches/transforms-4/d94a0d722008742a91dd87b45f0b481a/transformed/viewpager-1.0.0-runtime/viewpager-1.0.0-runtime_dex, /data/user/0/com.itsaky.androidide/files/home/.gradle/caches/transforms-4/e89e3287e6c4b9171608925ac6f4c2ac/transformed/legacy-support-core-utils-1.0.0-runtime/legacy-support-core-utils-1.0.0-runtime_dex, /data/user/0/com.itsaky.androidide/files/home/.gradle/caches/transforms-4/a13c5c02510648c3b53d9356f6fd704c/transformed/loader-1.0.0-runtime/loader-1.0.0-runtime_dex, /data/user/0/com.itsaky.androidide/files/home/.gradle/caches/transforms-4/f57466719c066ae07848771cc9605089/transformed/customview-1.1.0-runtime/customview-1.1.0-runtime_dex, /data/user/0/com.itsaky.androidide/files/home/.gradle/caches/transforms-4/eedc7629f5c12b86af47fa41a60b6475/transformed/core-1.13.1-runtime/core-1.13.1-runtime_dex, /data/user/0/com.itsaky.androidide/files/home/.gradle/caches/transforms-4/e1dae3e1453ad7c37dd36c00c0c876a3/transformed/jetified-customview-poolingcontainer-1.0.0-runtime/jetified-customview-poolingcontainer-1.0.0-runtime_dex, /data/user/0/com.itsaky.androidide/files/home/.gradle/caches/transforms-4/8f15a0669b9b300f945d3649d7e7756a/transformed/jetified-savedstate-1.2.1-runtime/jetified-savedstate-1.2.1-runtime_dex, /data/user/0/com.itsaky.androidide/files/home/.gradle/caches/transforms-4/11c049fa618497300550379837c9f875/transformed/jetified-lifecycle-common-jvm-2.8.2/jetified-lifecycle-common-jvm-2.8.2_dex, /data/user/0/com.itsaky.androidide/files/home/.gradle/caches/transforms-4/d802a8cb623158fea16210ff30e742d9/transformed/jetified-lifecycle-viewmodel-release-runtime/jetified-lifecycle-viewmodel-release-runtime_dex, /data/user/0/com.itsaky.androidide/files/home/.gradle/caches/transforms-4/c16614e326046e769a58bf926b16d95f/transformed/jetified-lifecycle-runtime-release-runtime/jetified-lifecycle-runtime-release-runtime_dex, /data/user/0/com.itsaky.androidide/files/home/.gradle/caches/transforms-4/98b1ef3a5c32fa16e69adcf362553ecc/transformed/lifecycle-livedata-2.8.2-runtime/lifecycle-livedata-2.8.2-runtime_dex, /data/user/0/com.itsaky.androidide/files/home/.gradle/caches/transforms-4/7de60d4d5686972cee115a1184bd01cc/transformed/jetified-lifecycle-process-2.8.2-runtime/jetified-lifecycle-process-2.8.2-runtime_dex, /data/user/0/com.itsaky.androidide/files/home/.gradle/caches/transforms-4/4a21c7e46d9212903e416e77090cfa93/transformed/lifecycle-livedata-core-2.8.2-runtime/lifecycle-livedata-core-2.8.2-runtime_dex, /data/user/0/com.itsaky.androidide/files/home/.gradle/caches/transforms-4/598ef2ad8be2daa692b0a15b0d37abf2/transformed/jetified-lifecycle-viewmodel-savedstate-2.8.2-runtime/jetified-lifecycle-viewmodel-savedstate-2.8.2-runtime_dex, /data/user/0/com.itsaky.androidide/files/home/.gradle/caches/transforms-4/61f41fe974ee1e85380b06edccf276f3/transformed/jetified-core-ktx-1.13.1-runtime/jetified-core-ktx-1.13.1-runtime_dex, /data/user/0/com.itsaky.androidide/files/home/.gradle/caches/transforms-4/22bfb7740f58c6c25ad6f546df3dfa85/transformed/room-common-2.6.1/room-common-2.6.1_dex, /data/user/0/com.itsaky.androidide/files/home/.gradle/caches/transforms-4/c06a138ae18b0f3aceb01a3a08a680f5/transformed/room-runtime-2.6.1-runtime/room-runtime-2.6.1-runtime_dex, /data/user/0/com.itsaky.androidide/files/home/.gradle/caches/transforms-4/2d820ae953ce98717877ca74d240fdee/transformed/jetified-room-ktx-2.6.1-runtime/jetified-room-ktx-2.6.1-runtime_dex, /data/user/0/com.itsaky.androidide/files/home/.gradle/caches/transforms-4/68314bc90e573efc3f769df3b86ceb3d/transformed/jetified-annotation-experimental-1.4.0-runtime/jetified-annotation-experimental-1.4.0-runtime_dex, /data/user/0/com.itsaky.androidide/files/home/.gradle/caches/transforms-4/75688214e5a9321a31c0f32f6c89dafd/transformed/sqlite-framework-2.4.0-runtime/sqlite-framework-2.4.0-runtime_dex, /data/user/0/com.itsaky.androidide/files/home/.gradle/caches/transforms-4/432114c5b248f645e2b6aac84665d5bb/transformed/sqlite-2.4.0-runtime/sqlite-2.4.0-runtime_dex, /data/user/0/com.itsaky.androidide/files/home/.gradle/caches/transforms-4/65f3527466a00b63f6747169272c7667/transformed/jetified-kotlinx-coroutines-core-jvm-1.7.3/jetified-kotlinx-coroutines-core-jvm-1.7.3_dex, /data/user/0/com.itsaky.androidide/files/home/.gradle/caches/transforms-4/e20d8c1d7336d4e6169a9dfc474186bb/transformed/jetified-kotlinx-coroutines-android-1.7.3/jetified-kotlinx-coroutines-android-1.7.3_dex, /data/user/0/com.itsaky.androidide/files/home/.gradle/caches/transforms-4/581fe60487397bc1ce4dfaa08ada4806/transformed/localbroadcastmanager-1.1.0-runtime/localbroadcastmanager-1.1.0-runtime_dex, /data/user/0/com.itsaky.androidide/files/home/.gradle/caches/transforms-4/9973d73126f129ffdd4062cd2d7bd85b/transformed/interpolator-1.0.0-runtime/interpolator-1.0.0-runtime_dex, /data/user/0/com.itsaky.androidide/files/home/.gradle/caches/transforms-4/58c64a20f253ec262f298d89cd5d8994/transformed/cursoradapter-1.0.0-runtime/cursoradapter-1.0.0-runtime_dex, /data/user/0/com.itsaky.androidide/files/home/.gradle/caches/transforms-4/cfb4a30c28e5a488b5bed54a588d23da/transformed/jetified-resourceinspection-annotation-1.0.1/jetified-resourceinspection-annotation-1.0.1_dex, /data/user/0/com.itsaky.androidide/files/home/.gradle/caches/transforms-4/4f8b5951a14818385c024475706a0a56/transformed/cardview-1.0.0-runtime/cardview-1.0.0-runtime_dex, /data/user/0/com.itsaky.androidide/files/home/.gradle/caches/transforms-4/62b51fc34e485bdae62528a4dbbca5d0/transformed/versionedparcelable-1.1.1-runtime/versionedparcelable-1.1.1-runtime_dex, /data/user/0/com.itsaky.androidide/files/home/.gradle/caches/transforms-4/4966b51a89f5e4cd266be322808d3da4/transformed/collection-1.2.0/collection-1.2.0_dex, /data/user/0/com.itsaky.androidide/files/home/.gradle/caches/transforms-4/5fdcc47c909f0db39ec9d588bf45505e/transformed/exifinterface-1.3.6-runtime/exifinterface-1.3.6-runtime_dex, /data/user/0/com.itsaky.androidide/files/home/.gradle/caches/transforms-4/32552f90c1951be049bfa43ec488c3bd/transformed/core-runtime-2.2.0-runtime/core-runtime-2.2.0-runtime_dex, /data/user/0/com.itsaky.androidide/files/home/.gradle/caches/transforms-4/1d32477e7e7019843be8c4803d4e633f/transformed/jetified-gifdecoder-4.16.0-runtime/jetified-gifdecoder-4.16.0-runtime_dex, /data/user/0/com.itsaky.androidide/files/home/.gradle/caches/transforms-4/2a8489d408cbdd3b041d564ffb443704/transformed/jetified-profileinstaller-1.3.1-runtime/jetified-profileinstaller-1.3.1-runtime_dex, /data/user/0/com.itsaky.androidide/files/home/.gradle/caches/transforms-4/738ce3653291bbc09a4e2ff53de2d1c2/transformed/jetified-startup-runtime-1.1.1-runtime/jetified-startup-runtime-1.1.1-runtime_dex, /data/user/0/com.itsaky.androidide/files/home/.gradle/caches/transforms-4/3291f7594284709ef4ed8a2d8f382fb4/transformed/jetified-tracing-1.0.0-runtime/jetified-tracing-1.0.0-runtime_dex, /data/user/0/com.itsaky.androidide/files/home/.gradle/caches/transforms-4/e50fe9ade94601f6d983c2ee1db180f5/transformed/core-common-2.2.0/core-common-2.2.0_dex, /data/user/0/com.itsaky.androidide/files/home/.gradle/caches/transforms-4/724de7f51b2ac499728328cc2a8b1444/transformed/documentfile-1.0.0-runtime/documentfile-1.0.0-runtime_dex, /data/user/0/com.itsaky.androidide/files/home/.gradle/caches/transforms-4/2517ddae633411940856c5d68d9dd0e7/transformed/print-1.0.0-runtime/print-1.0.0-runtime_dex, /data/user/0/com.itsaky.androidide/files/home/.gradle/caches/transforms-4/a32e2dcb2f8c14b80019c8211b7a6891/transformed/jetified-concurrent-futures-1.1.0/jetified-concurrent-futures-1.1.0_dex, /data/user/0/com.itsaky.androidide/files/home/.gradle/caches/transforms-4/90081bb3b8289f85c2d3d393ccc48422/transformed/jetified-annotation-jvm-1.8.0/jetified-annotation-jvm-1.8.0_dex, /data/user/0/com.itsaky.androidide/files/home/.gradle/caches/transforms-4/af3b077381db586426a4367d694d698a/transformed/jetified-kotlin-stdlib-1.9.23/jetified-kotlin-stdlib-1.9.23_dex, /data/user/0/com.itsaky.androidide/files/home/.gradle/caches/transforms-4/f5efbfcb0edb0d76df71e72d9b68dfe7/transformed/jetified-gson-2.10.1/jetified-gson-2.10.1_dex, /data/user/0/com.itsaky.androidide/files/home/.gradle/caches/transforms-4/5c7c84826902c07f237fa023912413a5/transformed/jetified-annotations-23.0.0/jetified-annotations-23.0.0_dex, /data/user/0/com.itsaky.androidide/files/home/.gradle/caches/transforms-4/649c14b38ed0cf2c1b2c61613d97190d/transformed/jetified-guava-32.1.3-android/jetified-guava-32.1.3-android_dex, /data/user/0/com.itsaky.androidide/files/home/.gradle/caches/transforms-4/7b1b235f2793b62f0fd3f667c46e95d4/transformed/jetified-error_prone_annotations-2.15.0/jetified-error_prone_annotations-2.15.0_dex, /data/user/0/com.itsaky.androidide/files/home/.gradle/caches/transforms-4/c7d4ccecc0ec6d36a478a7d45acd143c/transformed/jetified-constraintlayout-core-1.0.4/jetified-constraintlayout-core-1.0.4_dex, /data/user/0/com.itsaky.androidide/files/home/.gradle/caches/transforms-4/0854586aeb3334cc07b37456e018a22e/transformed/jetified-disklrucache-4.16.0/jetified-disklrucache-4.16.0_dex, /data/user/0/com.itsaky.androidide/files/home/.gradle/caches/transforms-4/ede0705b8980cdf5892ba7a40339bc9b/transformed/jetified-annotations-4.16.0/jetified-annotations-4.16.0_dex, /data/user/0/com.itsaky.androidide/files/home/.gradle/caches/transforms-4/44ed79344ecaab6d5f9bed5e35da9014/transformed/jetified-cronet-api-72.3626.96-runtime/jetified-cronet-api-72.3626.96-runtime_dex, /data/user/0/com.itsaky.androidide/files/home/.gradle/caches/transforms-4/6500fbbd282f36b0a80e54632849d118/transformed/jetified-failureaccess-1.0.1/jetified-failureaccess-1.0.1_dex, and from all global synthetics files in 

> Task :app:kaptGenerateStubsDebugKotlin
Transforming room-migration-2.6.1.jar (androidx.room:room-migration:2.6.1) with JetifyTransform
Transforming room-compiler-processing-2.6.1.jar (androidx.room:room-compiler-processing:2.6.1) with JetifyTransform
Transforming room-common-2.6.1.jar (androidx.room:room-common:2.6.1) with JetifyTransform
Transforming room-compiler-2.6.1.jar (androidx.room:room-compiler:2.6.1) with JetifyTransform
Transforming auto-common-0.11.jar (com.google.auto:auto-common:0.11) with JetifyTransform
Transforming auto-value-annotations-1.6.3.jar (com.google.auto.value:auto-value-annotations:1.6.3) with JetifyTransform
Transforming symbol-processing-api-1.9.0-1.0.13.jar (com.google.devtools.ksp:symbol-processing-api:1.9.0-1.0.13) with JetifyTransform
Transforming annotations-12.0.jar (com.intellij:annotations:12.0) with JetifyTransform
Transforming kotlinpoet-javapoet-1.14.2.jar (com.squareup:kotlinpoet-javapoet:1.14.2) with JetifyTransform
Transforming javapoet-1.13.0.jar (com.squareup:javapoet:1.13.0) with JetifyTransform
Transforming kotlinpoet-1.14.2.jar (com.squareup:kotlinpoet:1.14.2) with JetifyTransform
Transforming commons-codec-1.15.jar (commons-codec:commons-codec:1.15) with JetifyTransform
Transforming kotlin-stdlib-jdk8-1.8.22.jar (org.jetbrains.kotlin:kotlin-stdlib-jdk8:1.8.22) with JetifyTransform
Transforming kotlin-reflect-1.8.21.jar (org.jetbrains.kotlin:kotlin-reflect:1.8.21) with JetifyTransform
Transforming kotlin-stdlib-jdk7-1.8.22.jar (org.jetbrains.kotlin:kotlin-stdlib-jdk7:1.8.22) with JetifyTransform
Transforming kotlin-stdlib-1.9.0.jar (org.jetbrains.kotlin:kotlin-stdlib:1.9.0) with JetifyTransform
Transforming sqlite-jdbc-3.41.2.2.jar (org.xerial:sqlite-jdbc:3.41.2.2) with JetifyTransform
Transforming annotation-1.3.0.jar (androidx.annotation:annotation:1.3.0) with JetifyTransform
Transforming guava-31.1-jre.jar (com.google.guava:guava:31.1-jre) with JetifyTransform
Transforming gson-2.9.0.jar (com.google.code.gson:gson:2.9.0) with JetifyTransform
Transforming failureaccess-1.0.1.jar (com.google.guava:failureaccess:1.0.1) with JetifyTransform
Transforming listenablefuture-9999.0-empty-to-avoid-conflict-with-guava.jar (com.google.guava:listenablefuture:9999.0-empty-to-avoid-conflict-with-guava) with JetifyTransform
Transforming jsr305-3.0.2.jar (com.google.code.findbugs:jsr305:3.0.2) with JetifyTransform
Transforming checker-qual-3.12.0.jar (org.checkerframework:checker-qual:3.12.0) with JetifyTransform
Transforming error_prone_annotations-2.11.0.jar (com.google.errorprone:error_prone_annotations:2.11.0) with JetifyTransform
Transforming j2objc-annotations-1.3.jar (com.google.j2objc:j2objc-annotations:1.3) with JetifyTransform
Transforming kotlin-stdlib-common-1.9.0.jar (org.jetbrains.kotlin:kotlin-stdlib-common:1.9.0) with JetifyTransform
Transforming annotations-13.0.jar (org.jetbrains:annotations:13.0) with JetifyTransform
Transforming viewbinding-8.4.1.aar (androidx.databinding:viewbinding:8.4.1) with JetifyTransform
Transforming viewbinding-8.4.1.aar (androidx.databinding:viewbinding:8.4.1) with AarToClassTransform
Transforming material-1.12.0.aar (com.google.android.material:material:1.12.0) with JetifyTransform
Transforming material-1.12.0.aar (com.google.android.material:material:1.12.0) with AarToClassTransform
Transforming appcompat-1.6.1.aar (androidx.appcompat:appcompat:1.6.1) with JetifyTransform
Transforming appcompat-1.6.1.aar (androidx.appcompat:appcompat:1.6.1) with AarToClassTransform
Transforming glide-4.16.0.aar (com.github.bumptech.glide:glide:4.16.0) with JetifyTransform
Transforming glide-4.16.0.aar (com.github.bumptech.glide:glide:4.16.0) with AarToClassTransform
Transforming viewpager2-1.1.0-beta02.aar (androidx.viewpager2:viewpager2:1.1.0-beta02) with JetifyTransform
Transforming viewpager2-1.1.0-beta02.aar (androidx.viewpager2:viewpager2:1.1.0-beta02) with AarToClassTransform
Transforming media3-datasource-cronet-1.3.1.aar (androidx.media3:media3-datasource-cronet:1.3.1) with JetifyTransform
Transforming media3-datasource-cronet-1.3.1.aar (androidx.media3:media3-datasource-cronet:1.3.1) with AarToClassTransform
Transforming play-services-cronet-18.0.1.aar (com.google.android.gms:play-services-cronet:18.0.1) with JetifyTransform
Transforming play-services-cronet-18.0.1.aar (com.google.android.gms:play-services-cronet:18.0.1) with AarToClassTransform
Transforming play-services-base-18.0.1.aar (com.google.android.gms:play-services-base:18.0.1) with JetifyTransform
Transforming play-services-base-18.0.1.aar (com.google.android.gms:play-services-base:18.0.1) with AarToClassTransform
Transforming play-services-tasks-18.0.1.aar (com.google.android.gms:play-services-tasks:18.0.1) with JetifyTransform
Transforming play-services-tasks-18.0.1.aar (com.google.android.gms:play-services-tasks:18.0.1) with AarToClassTransform
Transforming play-services-basement-18.0.0.aar (com.google.android.gms:play-services-basement:18.0.0) with JetifyTransform
Transforming play-services-basement-18.0.0.aar (com.google.android.gms:play-services-basement:18.0.0) with AarToClassTransform
Transforming fragment-1.3.6.aar (androidx.fragment:fragment:1.3.6) with JetifyTransform
Transforming fragment-1.3.6.aar (androidx.fragment:fragment:1.3.6) with AarToClassTransform
Transforming fragment-1.3.6.aar (androidx.fragment:fragment:1.3.6) with JetifyTransform
Transforming fragment-1.3.6.aar (androidx.fragment:fragment:1.3.6) with AarToClassTransform
Transforming activity-1.8.0.aar (androidx.activity:activity:1.8.0) with JetifyTransform
Transforming activity-1.8.0.aar (androidx.activity:activity:1.8.0) with AarToClassTransform
Transforming browser-1.8.0.aar (androidx.browser:browser:1.8.0) with JetifyTransform
Transforming browser-1.8.0.aar (androidx.browser:browser:1.8.0) with AarToClassTransform
Transforming webkit-1.11.0.aar (androidx.webkit:webkit:1.11.0) with JetifyTransform
Transforming webkit-1.11.0.aar (androidx.webkit:webkit:1.11.0) with AarToClassTransform
Transforming media-1.7.0.aar (androidx.media:media:1.7.0) with JetifyTransform
Transforming media-1.7.0.aar (androidx.media:media:1.7.0) with AarToClassTransform
Transforming recyclerview-1.3.2.aar (androidx.recyclerview:recyclerview:1.3.2) with JetifyTransform
Transforming recyclerview-1.3.2.aar (androidx.recyclerview:recyclerview:1.3.2) with AarToClassTransform
Transforming appcompat-resources-1.6.1.aar (androidx.appcompat:appcompat-resources:1.6.1) with JetifyTransform
Transforming appcompat-resources-1.6.1.aar (androidx.appcompat:appcompat-resources:1.6.1) with AarToClassTransform
Transforming drawerlayout-1.1.1.aar (androidx.drawerlayout:drawerlayout:1.1.1) with JetifyTransform
Transforming drawerlayout-1.1.1.aar (androidx.drawerlayout:drawerlayout:1.1.1) with AarToClassTransform
Transforming coordinatorlayout-1.1.0.aar (androidx.coordinatorlayout:coordinatorlayout:1.1.0) with JetifyTransform
Transforming coordinatorlayout-1.1.0.aar (androidx.coordinatorlayout:coordinatorlayout:1.1.0) with AarToClassTransform
Transforming dynamicanimation-1.0.0.aar (androidx.dynamicanimation:dynamicanimation:1.0.0) with JetifyTransform
Transforming dynamicanimation-1.0.0.aar (androidx.dynamicanimation:dynamicanimation:1.0.0) with AarToClassTransform
Transforming transition-1.5.0.aar (androidx.transition:transition:1.5.0) with JetifyTransform
Transforming transition-1.5.0.aar (androidx.transition:transition:1.5.0) with AarToClassTransform
Transforming vectordrawable-animated-1.1.0.aar (androidx.vectordrawable:vectordrawable-animated:1.1.0) with JetifyTransform
Transforming vectordrawable-animated-1.1.0.aar (androidx.vectordrawable:vectordrawable-animated:1.1.0) with AarToClassTransform
Transforming vectordrawable-1.1.0.aar (androidx.vectordrawable:vectordrawable:1.1.0) with JetifyTransform
Transforming vectordrawable-1.1.0.aar (androidx.vectordrawable:vectordrawable:1.1.0) with AarToClassTransform
Transforming vectordrawable-1.1.0.aar (androidx.vectordrawable:vectordrawable:1.1.0) with JetifyTransform
Transforming vectordrawable-1.1.0.aar (androidx.vectordrawable:vectordrawable:1.1.0) with AarToClassTransform
Transforming viewpager-1.0.0.aar (androidx.viewpager:viewpager:1.0.0) with JetifyTransform
Transforming viewpager-1.0.0.aar (androidx.viewpager:viewpager:1.0.0) with AarToClassTransform
Transforming customview-1.1.0.aar (androidx.customview:customview:1.1.0) with JetifyTransform
Transforming customview-1.1.0.aar (androidx.customview:customview:1.1.0) with AarToClassTransform
Transforming customview-1.1.0.aar (androidx.customview:customview:1.1.0) with JetifyTransform
Transforming customview-1.1.0.aar (androidx.customview:customview:1.1.0) with AarToClassTransform
Transforming legacy-support-core-utils-1.0.0.aar (androidx.legacy:legacy-support-core-utils:1.0.0) with JetifyTransform
Transforming legacy-support-core-utils-1.0.0.aar (androidx.legacy:legacy-support-core-utils:1.0.0) with AarToClassTransform
Transforming loader-1.0.0.aar (androidx.loader:loader:1.0.0) with JetifyTransform
Transforming loader-1.0.0.aar (androidx.loader:loader:1.0.0) with AarToClassTransform
Transforming loader-1.0.0.aar (androidx.loader:loader:1.0.0) with JetifyTransform
Transforming loader-1.0.0.aar (androidx.loader:loader:1.0.0) with AarToClassTransform
Transforming core-1.13.1.aar (androidx.core:core:1.13.1) with JetifyTransform
Transforming core-1.13.1.aar (androidx.core:core:1.13.1) with AarToClassTransform
Transforming core-1.13.1.aar (androidx.core:core:1.13.1) with JetifyTransform
Transforming core-1.13.1.aar (androidx.core:core:1.13.1) with AarToClassTransform
Transforming lifecycle-common-jvm-2.8.2.jar (androidx.lifecycle:lifecycle-common-jvm:2.8.2) with JetifyTransform
Transforming lifecycle-common-jvm-2.8.2.jar (androidx.lifecycle:lifecycle-common-jvm:2.8.2) with IdentityTransform
Transforming lifecycle-livedata-core-ktx-2.8.2.aar (androidx.lifecycle:lifecycle-livedata-core-ktx:2.8.2) with JetifyTransform
Transforming lifecycle-livedata-core-ktx-2.8.2.aar (androidx.lifecycle:lifecycle-livedata-core-ktx:2.8.2) with AarToClassTransform
Transforming lifecycle-livedata-2.8.2.aar (androidx.lifecycle:lifecycle-livedata:2.8.2) with JetifyTransform
Transforming lifecycle-livedata-2.8.2.aar (androidx.lifecycle:lifecycle-livedata:2.8.2) with AarToClassTransform
Transforming lifecycle-viewmodel-2.8.2.aar (androidx.lifecycle:lifecycle-viewmodel:2.8.2) with JetifyTransform
Transforming lifecycle-viewmodel-2.8.2.aar (androidx.lifecycle:lifecycle-viewmodel:2.8.2) with AarToClassTransform
Transforming lifecycle-viewmodel-release.aar (androidx.lifecycle:lifecycle-viewmodel-android:2.8.2) with JetifyTransform
Transforming lifecycle-viewmodel-release.aar (androidx.lifecycle:lifecycle-viewmodel-android:2.8.2) with AarToClassTransform
Transforming lifecycle-runtime-release.aar (androidx.lifecycle:lifecycle-runtime-android:2.8.2) with JetifyTransform
Transforming lifecycle-runtime-release.aar (androidx.lifecycle:lifecycle-runtime-android:2.8.2) with AarToClassTransform
Transforming lifecycle-livedata-core-2.8.2.aar (androidx.lifecycle:lifecycle-livedata-core:2.8.2) with JetifyTransform
Transforming lifecycle-livedata-core-2.8.2.aar (androidx.lifecycle:lifecycle-livedata-core:2.8.2) with AarToClassTransform
Transforming lifecycle-runtime-ktx-release.aar (androidx.lifecycle:lifecycle-runtime-ktx-android:2.8.2) with JetifyTransform
Transforming lifecycle-runtime-ktx-release.aar (androidx.lifecycle:lifecycle-runtime-ktx-android:2.8.2) with AarToClassTransform
Transforming lifecycle-viewmodel-savedstate-2.8.2.aar (androidx.lifecycle:lifecycle-viewmodel-savedstate:2.8.2) with JetifyTransform
Transforming lifecycle-viewmodel-savedstate-2.8.2.aar (androidx.lifecycle:lifecycle-viewmodel-savedstate:2.8.2) with AarToClassTransform
Transforming core-ktx-1.13.1.aar (androidx.core:core-ktx:1.13.1) with JetifyTransform
Transforming core-ktx-1.13.1.aar (androidx.core:core-ktx:1.13.1) with AarToClassTransform
Transforming room-common-2.6.1.jar (androidx.room:room-common:2.6.1) with JetifyTransform
Transforming room-common-2.6.1.jar (androidx.room:room-common:2.6.1) with IdentityTransform
Transforming room-runtime-2.6.1.aar (androidx.room:room-runtime:2.6.1) with JetifyTransform
Transforming room-runtime-2.6.1.aar (androidx.room:room-runtime:2.6.1) with AarToClassTransform
Transforming room-ktx-2.6.1.aar (androidx.room:room-ktx:2.6.1) with JetifyTransform
Transforming room-ktx-2.6.1.aar (androidx.room:room-ktx:2.6.1) with AarToClassTransform
Transforming media3-exoplayer-1.3.1.aar (androidx.media3:media3-exoplayer:1.3.1) with JetifyTransform
Transforming media3-exoplayer-1.3.1.aar (androidx.media3:media3-exoplayer:1.3.1) with AarToClassTransform
Transforming media3-session-1.3.1.aar (androidx.media3:media3-session:1.3.1) with JetifyTransform
Transforming media3-session-1.3.1.aar (androidx.media3:media3-session:1.3.1) with AarToClassTransform
Transforming media3-common-1.3.1.aar (androidx.media3:media3-common:1.3.1) with JetifyTransform
Transforming media3-common-1.3.1.aar (androidx.media3:media3-common:1.3.1) with AarToClassTransform
Transforming annotation-experimental-1.4.0.aar (androidx.annotation:annotation-experimental:1.4.0) with JetifyTransform
Transforming annotation-experimental-1.4.0.aar (androidx.annotation:annotation-experimental:1.4.0) with AarToClassTransform
Transforming savedstate-1.2.1.aar (androidx.savedstate:savedstate:1.2.1) with JetifyTransform
Transforming savedstate-1.2.1.aar (androidx.savedstate:savedstate:1.2.1) with AarToClassTransform
Transforming localbroadcastmanager-1.1.0.aar (androidx.localbroadcastmanager:localbroadcastmanager:1.1.0) with JetifyTransform
Transforming localbroadcastmanager-1.1.0.aar (androidx.localbroadcastmanager:localbroadcastmanager:1.1.0) with AarToClassTransform
Transforming localbroadcastmanager-1.1.0.aar (androidx.localbroadcastmanager:localbroadcastmanager:1.1.0) with JetifyTransform
Transforming localbroadcastmanager-1.1.0.aar (androidx.localbroadcastmanager:localbroadcastmanager:1.1.0) with AarToClassTransform
Transforming cursoradapter-1.0.0.aar (androidx.cursoradapter:cursoradapter:1.0.0) with JetifyTransform
Transforming cursoradapter-1.0.0.aar (androidx.cursoradapter:cursoradapter:1.0.0) with AarToClassTransform
Transforming cardview-1.0.0.aar (androidx.cardview:cardview:1.0.0) with JetifyTransform
Transforming cardview-1.0.0.aar (androidx.cardview:cardview:1.0.0) with AarToClassTransform
Transforming sqlite-framework-2.4.0.aar (androidx.sqlite:sqlite-framework:2.4.0) with JetifyTransform
Transforming sqlite-framework-2.4.0.aar (androidx.sqlite:sqlite-framework:2.4.0) with AarToClassTransform
Transforming sqlite-2.4.0.aar (androidx.sqlite:sqlite:2.4.0) with JetifyTransform
Transforming sqlite-2.4.0.aar (androidx.sqlite:sqlite:2.4.0) with AarToClassTransform
Transforming gifdecoder-4.16.0.aar (com.github.bumptech.glide:gifdecoder:4.16.0) with JetifyTransform
Transforming gifdecoder-4.16.0.aar (com.github.bumptech.glide:gifdecoder:4.16.0) with AarToClassTransform
Transforming versionedparcelable-1.1.1.aar (androidx.versionedparcelable:versionedparcelable:1.1.1) with JetifyTransform
Transforming versionedparcelable-1.1.1.aar (androidx.versionedparcelable:versionedparcelable:1.1.1) with AarToClassTransform
Transforming collection-1.2.0.jar (androidx.collection:collection:1.2.0) with JetifyTransform
Transforming collection-1.2.0.jar (androidx.collection:collection:1.2.0) with IdentityTransform
Transforming interpolator-1.0.0.aar (androidx.interpolator:interpolator:1.0.0) with JetifyTransform
Transforming interpolator-1.0.0.aar (androidx.interpolator:interpolator:1.0.0) with AarToClassTransform
Transforming documentfile-1.0.0.aar (androidx.documentfile:documentfile:1.0.0) with JetifyTransform
Transforming documentfile-1.0.0.aar (androidx.documentfile:documentfile:1.0.0) with AarToClassTransform
Transforming print-1.0.0.aar (androidx.print:print:1.0.0) with JetifyTransform
Transforming print-1.0.0.aar (androidx.print:print:1.0.0) with AarToClassTransform
Transforming core-runtime-2.2.0.aar (androidx.arch.core:core-runtime:2.2.0) with JetifyTransform
Transforming core-runtime-2.2.0.aar (androidx.arch.core:core-runtime:2.2.0) with AarToClassTransform
Transforming core-common-2.2.0.jar (androidx.arch.core:core-common:2.2.0) with JetifyTransform
Transforming core-common-2.2.0.jar (androidx.arch.core:core-common:2.2.0) with IdentityTransform
Transforming annotation-jvm-1.8.0.jar (androidx.annotation:annotation-jvm:1.8.0) with JetifyTransform
Transforming annotation-jvm-1.8.0.jar (androidx.annotation:annotation-jvm:1.8.0) with IdentityTransform
Transforming kotlinx-coroutines-core-jvm-1.7.3.jar (org.jetbrains.kotlinx:kotlinx-coroutines-core-jvm:1.7.3) with JetifyTransform
Transforming kotlinx-coroutines-core-jvm-1.7.3.jar (org.jetbrains.kotlinx:kotlinx-coroutines-core-jvm:1.7.3) with IdentityTransform
Transforming kotlinx-coroutines-android-1.7.3.jar (org.jetbrains.kotlinx:kotlinx-coroutines-android:1.7.3) with JetifyTransform
Transforming kotlinx-coroutines-android-1.7.3.jar (org.jetbrains.kotlinx:kotlinx-coroutines-android:1.7.3) with IdentityTransform
Transforming kotlin-stdlib-jdk8-1.8.22.jar (org.jetbrains.kotlin:kotlin-stdlib-jdk8:1.8.22) with JetifyTransform
Transforming kotlin-stdlib-jdk8-1.8.22.jar (org.jetbrains.kotlin:kotlin-stdlib-jdk8:1.8.22) with IdentityTransform
Transforming kotlin-stdlib-jdk7-1.8.22.jar (org.jetbrains.kotlin:kotlin-stdlib-jdk7:1.8.22) with JetifyTransform
Transforming kotlin-stdlib-jdk7-1.8.22.jar (org.jetbrains.kotlin:kotlin-stdlib-jdk7:1.8.22) with IdentityTransform
Transforming kotlin-stdlib-1.9.23.jar (org.jetbrains.kotlin:kotlin-stdlib:1.9.23) with JetifyTransform
Transforming kotlin-stdlib-1.9.23.jar (org.jetbrains.kotlin:kotlin-stdlib:1.9.23) with IdentityTransform
Transforming constraintlayout-2.1.4.aar (androidx.constraintlayout:constraintlayout:2.1.4) with JetifyTransform
Transforming constraintlayout-2.1.4.aar (androidx.constraintlayout:constraintlayout:2.1.4) with AarToClassTransform
Transforming media3-exoplayer-hls-1.3.1.aar (androidx.media3:media3-exoplayer-hls:1.3.1) with JetifyTransform
Transforming media3-exoplayer-hls-1.3.1.aar (androidx.media3:media3-exoplayer-hls:1.3.1) with AarToClassTransform
Transforming media3-ui-1.3.1.aar (androidx.media3:media3-ui:1.3.1) with JetifyTransform
Transforming media3-ui-1.3.1.aar (androidx.media3:media3-ui:1.3.1) with AarToClassTransform
Transforming gson-2.10.1.jar (com.google.code.gson:gson:2.10.1) with JetifyTransform
Transforming gson-2.10.1.jar (com.google.code.gson:gson:2.10.1) with IdentityTransform
Transforming annotations-23.0.0.jar (org.jetbrains:annotations:23.0.0) with JetifyTransform
Transforming annotations-23.0.0.jar (org.jetbrains:annotations:23.0.0) with IdentityTransform
Transforming guava-32.1.3-android.jar (com.google.guava:guava:32.1.3-android) with JetifyTransform
Transforming guava-32.1.3-android.jar (com.google.guava:guava:32.1.3-android) with IdentityTransform
Transforming listenablefuture-9999.0-empty-to-avoid-conflict-with-guava.jar (com.google.guava:listenablefuture:9999.0-empty-to-avoid-conflict-with-guava) with JetifyTransform
Transforming listenablefuture-9999.0-empty-to-avoid-conflict-with-guava.jar (com.google.guava:listenablefuture:9999.0-empty-to-avoid-conflict-with-guava) with IdentityTransform
Transforming tracing-1.0.0.aar (androidx.tracing:tracing:1.0.0) with JetifyTransform
Transforming tracing-1.0.0.aar (androidx.tracing:tracing:1.0.0) with AarToClassTransform
Transforming resourceinspection-annotation-1.0.1.jar (androidx.resourceinspection:resourceinspection-annotation:1.0.1) with JetifyTransform
Transforming resourceinspection-annotation-1.0.1.jar (androidx.resourceinspection:resourceinspection-annotation:1.0.1) with IdentityTransform
Transforming exifinterface-1.3.6.aar (androidx.exifinterface:exifinterface:1.3.6) with JetifyTransform
Transforming exifinterface-1.3.6.aar (androidx.exifinterface:exifinterface:1.3.6) with AarToClassTransform
Transforming failureaccess-1.0.1.jar (com.google.guava:failureaccess:1.0.1) with JetifyTransform
Transforming failureaccess-1.0.1.jar (com.google.guava:failureaccess:1.0.1) with IdentityTransform
Transforming media3-container-1.3.1.aar (androidx.media3:media3-container:1.3.1) with JetifyTransform
Transforming media3-container-1.3.1.aar (androidx.media3:media3-container:1.3.1) with AarToClassTransform
Transforming media3-database-1.3.1.aar (androidx.media3:media3-database:1.3.1) with JetifyTransform
Transforming media3-database-1.3.1.aar (androidx.media3:media3-database:1.3.1) with AarToClassTransform
Transforming media3-datasource-1.3.1.aar (androidx.media3:media3-datasource:1.3.1) with JetifyTransform
Transforming media3-datasource-1.3.1.aar (androidx.media3:media3-datasource:1.3.1) with AarToClassTransform
Transforming cronet-api-72.3626.96.aar (org.chromium.net:cronet-api:72.3626.96) with JetifyTransform
Transforming cronet-api-72.3626.96.aar (org.chromium.net:cronet-api:72.3626.96) with AarToClassTransform
Transforming media3-decoder-1.3.1.aar (androidx.media3:media3-decoder:1.3.1) with JetifyTransform
Transforming media3-decoder-1.3.1.aar (androidx.media3:media3-decoder:1.3.1) with AarToClassTransform
Transforming media3-extractor-1.3.1.aar (androidx.media3:media3-extractor:1.3.1) with JetifyTransform
Transforming media3-extractor-1.3.1.aar (androidx.media3:media3-extractor:1.3.1) with AarToClassTransform
Transforming disklrucache-4.16.0.jar (com.github.bumptech.glide:disklrucache:4.16.0) with JetifyTransform
Transforming disklrucache-4.16.0.jar (com.github.bumptech.glide:disklrucache:4.16.0) with IdentityTransform
Transforming annotations-4.16.0.jar (com.github.bumptech.glide:annotations:4.16.0) with JetifyTransform
Transforming annotations-4.16.0.jar (com.github.bumptech.glide:annotations:4.16.0) with IdentityTransform
Transforming R.jar with ClasspathEntrySnapshotTransform
Transforming jetified-viewbinding-8.4.1-api.jar with ClasspathEntrySnapshotTransform
Transforming material-1.12.0-api.jar with ClasspathEntrySnapshotTransform
Transforming appcompat-1.6.1-api.jar with ClasspathEntrySnapshotTransform
Transforming jetified-glide-4.16.0-api.jar with ClasspathEntrySnapshotTransform
Transforming jetified-viewpager2-1.1.0-beta02-api.jar with ClasspathEntrySnapshotTransform
Transforming jetified-media3-datasource-cronet-1.3.1-api.jar with ClasspathEntrySnapshotTransform
Transforming jetified-play-services-cronet-18.0.1-api.jar with ClasspathEntrySnapshotTransform
Transforming jetified-play-services-base-18.0.1-api.jar with ClasspathEntrySnapshotTransform
Transforming jetified-play-services-tasks-18.0.1-api.jar with ClasspathEntrySnapshotTransform
Transforming jetified-play-services-basement-18.0.0-api.jar with ClasspathEntrySnapshotTransform
Transforming fragment-1.3.6-api.jar with ClasspathEntrySnapshotTransform
Transforming jetified-activity-1.8.0-api.jar with ClasspathEntrySnapshotTransform
Transforming browser-1.8.0-api.jar with ClasspathEntrySnapshotTransform
Transforming webkit-1.11.0-api.jar with ClasspathEntrySnapshotTransform
Transforming media-1.7.0-api.jar with ClasspathEntrySnapshotTransform
Transforming recyclerview-1.3.2-api.jar with ClasspathEntrySnapshotTransform
Transforming jetified-appcompat-resources-1.6.1-api.jar with ClasspathEntrySnapshotTransform
Transforming drawerlayout-1.1.1-api.jar with ClasspathEntrySnapshotTransform
Transforming coordinatorlayout-1.1.0-api.jar with ClasspathEntrySnapshotTransform
Transforming dynamicanimation-1.0.0-api.jar with ClasspathEntrySnapshotTransform
Transforming transition-1.5.0-api.jar with ClasspathEntrySnapshotTransform
Transforming vectordrawable-animated-1.1.0-api.jar with ClasspathEntrySnapshotTransform
Transforming vectordrawable-1.1.0-api.jar with ClasspathEntrySnapshotTransform
Transforming viewpager-1.0.0-api.jar with ClasspathEntrySnapshotTransform
Transforming customview-1.1.0-api.jar with ClasspathEntrySnapshotTransform
Transforming legacy-support-core-utils-1.0.0-api.jar with ClasspathEntrySnapshotTransform
Transforming loader-1.0.0-api.jar with ClasspathEntrySnapshotTransform
Transforming core-1.13.1-api.jar with ClasspathEntrySnapshotTransform
Transforming jetified-lifecycle-common-jvm-2.8.2.jar with ClasspathEntrySnapshotTransform
Transforming jetified-lifecycle-livedata-core-ktx-2.8.2-api.jar with ClasspathEntrySnapshotTransform
Transforming lifecycle-livedata-2.8.2-api.jar with ClasspathEntrySnapshotTransform
Transforming lifecycle-viewmodel-2.8.2-api.jar with ClasspathEntrySnapshotTransform
Transforming jetified-lifecycle-viewmodel-release-api.jar with ClasspathEntrySnapshotTransform
Transforming jetified-lifecycle-runtime-release-api.jar with ClasspathEntrySnapshotTransform
Transforming lifecycle-livedata-core-2.8.2-api.jar with ClasspathEntrySnapshotTransform
Transforming jetified-lifecycle-runtime-ktx-release-api.jar with ClasspathEntrySnapshotTransform
Transforming jetified-lifecycle-viewmodel-savedstate-2.8.2-api.jar with ClasspathEntrySnapshotTransform
Transforming jetified-core-ktx-1.13.1-api.jar with ClasspathEntrySnapshotTransform
Transforming room-common-2.6.1.jar with ClasspathEntrySnapshotTransform
Transforming room-runtime-2.6.1-api.jar with ClasspathEntrySnapshotTransform
Transforming jetified-room-ktx-2.6.1-api.jar with ClasspathEntrySnapshotTransform
Transforming jetified-media3-exoplayer-1.3.1-api.jar with ClasspathEntrySnapshotTransform
Transforming jetified-media3-session-1.3.1-api.jar with ClasspathEntrySnapshotTransform
Transforming jetified-media3-common-1.3.1-api.jar with ClasspathEntrySnapshotTransform
Transforming jetified-annotation-experimental-1.4.0-api.jar with ClasspathEntrySnapshotTransform
Transforming jetified-savedstate-1.2.1-api.jar with ClasspathEntrySnapshotTransform
Transforming localbroadcastmanager-1.1.0-api.jar with ClasspathEntrySnapshotTransform
Transforming cursoradapter-1.0.0-api.jar with ClasspathEntrySnapshotTransform
Transforming cardview-1.0.0-api.jar with ClasspathEntrySnapshotTransform
Transforming sqlite-framework-2.4.0-api.jar with ClasspathEntrySnapshotTransform
Transforming sqlite-2.4.0-api.jar with ClasspathEntrySnapshotTransform
Transforming jetified-gifdecoder-4.16.0-api.jar with ClasspathEntrySnapshotTransform
Transforming versionedparcelable-1.1.1-api.jar with ClasspathEntrySnapshotTransform
Transforming collection-1.2.0.jar with ClasspathEntrySnapshotTransform
Transforming interpolator-1.0.0-api.jar with ClasspathEntrySnapshotTransform
Transforming documentfile-1.0.0-api.jar with ClasspathEntrySnapshotTransform
Transforming print-1.0.0-api.jar with ClasspathEntrySnapshotTransform
Transforming core-runtime-2.2.0-api.jar with ClasspathEntrySnapshotTransform
Transforming core-common-2.2.0.jar with ClasspathEntrySnapshotTransform
Transforming jetified-annotation-jvm-1.8.0.jar with ClasspathEntrySnapshotTransform
Transforming jetified-kotlinx-coroutines-core-jvm-1.7.3.jar with ClasspathEntrySnapshotTransform
Transforming jetified-kotlinx-coroutines-android-1.7.3.jar with ClasspathEntrySnapshotTransform
Transforming jetified-kotlin-stdlib-jdk8-1.8.22.jar with ClasspathEntrySnapshotTransform
Transforming jetified-kotlin-stdlib-jdk7-1.8.22.jar with ClasspathEntrySnapshotTransform
Transforming jetified-kotlin-stdlib-1.9.23.jar with ClasspathEntrySnapshotTransform
Transforming constraintlayout-2.1.4-api.jar with ClasspathEntrySnapshotTransform
Transforming jetified-media3-exoplayer-hls-1.3.1-api.jar with ClasspathEntrySnapshotTransform
Transforming jetified-media3-ui-1.3.1-api.jar with ClasspathEntrySnapshotTransform
Transforming jetified-gson-2.10.1.jar with ClasspathEntrySnapshotTransform
Transforming jetified-annotations-23.0.0.jar with ClasspathEntrySnapshotTransform
Transforming jetified-guava-32.1.3-android.jar with ClasspathEntrySnapshotTransform
Transforming jetified-listenablefuture-9999.0-empty-to-avoid-conflict-with-guava.jar with ClasspathEntrySnapshotTransform
Transforming jetified-tracing-1.0.0-api.jar with ClasspathEntrySnapshotTransform
Transforming jetified-resourceinspection-annotation-1.0.1.jar with ClasspathEntrySnapshotTransform
Transforming exifinterface-1.3.6-api.jar with ClasspathEntrySnapshotTransform
Transforming jetified-failureaccess-1.0.1.jar with ClasspathEntrySnapshotTransform
Transforming jetified-media3-container-1.3.1-api.jar with ClasspathEntrySnapshotTransform
Transforming jetified-media3-database-1.3.1-api.jar with ClasspathEntrySnapshotTransform
Transforming jetified-media3-datasource-1.3.1-api.jar with ClasspathEntrySnapshotTransform
Transforming jetified-cronet-api-72.3626.96-api.jar with ClasspathEntrySnapshotTransform
Transforming jetified-media3-decoder-1.3.1-api.jar with ClasspathEntrySnapshotTransform
Transforming jetified-media3-extractor-1.3.1-api.jar with ClasspathEntrySnapshotTransform
Transforming jetified-disklrucache-4.16.0.jar with ClasspathEntrySnapshotTransform
Transforming jetified-annotations-4.16.0.jar with ClasspathEntrySnapshotTransform
Transforming android.jar with ClasspathEntrySnapshotTransform
Transforming core-lambda-stubs.jar with ClasspathEntrySnapshotTransform
Caching disabled for task ':app:kaptGenerateStubsDebugKotlin' because:
  Build cache is disabled
Task ':app:kaptGenerateStubsDebugKotlin' is not up-to-date because:
  Input property 'classpathSnapshotProperties.classpathSnapshot' file /data/user/0/com.itsaky.androidide/files/home/.gradle/caches/transforms-4/67bf404ee84659abf6a2922dfd9eb585/transformed/R_jar-snapshot.bin has been removed.
  Input property 'classpathSnapshotProperties.classpathSnapshot' file /data/user/0/com.itsaky.androidide/files/home/.gradle/caches/transforms-4/2811684e614052480eff038dc98c87e0/transformed/R_jar-snapshot.bin has been added.
  Input property 'classpathSnapshotProperties.classpathSnapshot' file /data/user/0/com.itsaky.androidide/files/home/.gradle/caches/transforms-4/0beed0ca65d72057d6df2295da942f3b/transformed/jetified-media3-datasource-cronet-1_3_1-api_jar-snapshot.bin has been added.
file or directory '/storage/emulated/0/AndroidIDEProjects/Mydownloader/app/src/debug/kotlin', not found
file or directory '/storage/emulated/0/AndroidIDEProjects/Mydownloader/app/src/debug/kotlin', not found
file or directory '/storage/emulated/0/AndroidIDEProjects/Mydownloader/app/src/debug/java', not found
file or directory '/storage/emulated/0/AndroidIDEProjects/Mydownloader/app/src/debug/kotlin', not found
file or directory '/storage/emulated/0/AndroidIDEProjects/Mydownloader/app/src/debug/java', not found
file or directory '/storage/emulated/0/AndroidIDEProjects/Mydownloader/app/src/main/kotlin', not found
file or directory '/storage/emulated/0/AndroidIDEProjects/Mydownloader/app/src/main/kotlin', not found
file or directory '/storage/emulated/0/AndroidIDEProjects/Mydownloader/app/src/main/kotlin', not found
file or directory '/storage/emulated/0/AndroidIDEProjects/Mydownloader/app/src/main/kotlin', not found
file or directory '/storage/emulated/0/AndroidIDEProjects/Mydownloader/app/src/main/kotlin', not found
file or directory '/storage/emulated/0/AndroidIDEProjects/Mydownloader/app/src/main/kotlin', not found
file or directory '/storage/emulated/0/AndroidIDEProjects/Mydownloader/app/src/debug/kotlin', not found
file or directory '/storage/emulated/0/AndroidIDEProjects/Mydownloader/app/src/debug/kotlin', not found
file or directory '/storage/emulated/0/AndroidIDEProjects/Mydownloader/app/src/debug/java', not found
file or directory '/storage/emulated/0/AndroidIDEProjects/Mydownloader/app/src/debug/kotlin', not found
file or directory '/storage/emulated/0/AndroidIDEProjects/Mydownloader/app/src/debug/java', not found
file or directory '/storage/emulated/0/AndroidIDEProjects/Mydownloader/app/src/debug/java', not found
file or directory '/storage/emulated/0/AndroidIDEProjects/Mydownloader/app/src/debug/kotlin', not found
file or directory '/storage/emulated/0/AndroidIDEProjects/Mydownloader/app/src/debug/kotlin', not found
file or directory '/storage/emulated/0/AndroidIDEProjects/Mydownloader/app/src/debug/java', not found
file or directory '/storage/emulated/0/AndroidIDEProjects/Mydownloader/app/src/debug/kotlin', not found
file or directory '/storage/emulated/0/AndroidIDEProjects/Mydownloader/app/src/debug/java', not found
file or directory '/storage/emulated/0/AndroidIDEProjects/Mydownloader/app/src/main/kotlin', not found
file or directory '/storage/emulated/0/AndroidIDEProjects/Mydownloader/app/src/main/kotlin', not found
file or directory '/storage/emulated/0/AndroidIDEProjects/Mydownloader/app/src/main/kotlin', not found
file or directory '/storage/emulated/0/AndroidIDEProjects/Mydownloader/app/src/main/kotlin', not found
file or directory '/storage/emulated/0/AndroidIDEProjects/Mydownloader/app/src/main/kotlin', not found
file or directory '/storage/emulated/0/AndroidIDEProjects/Mydownloader/app/src/main/kotlin', not found
file or directory '/storage/emulated/0/AndroidIDEProjects/Mydownloader/app/src/debug/kotlin', not found
file or directory '/storage/emulated/0/AndroidIDEProjects/Mydownloader/app/src/debug/kotlin', not found
file or directory '/storage/emulated/0/AndroidIDEProjects/Mydownloader/app/src/debug/java', not found
file or directory '/storage/emulated/0/AndroidIDEProjects/Mydownloader/app/src/debug/kotlin', not found
file or directory '/storage/emulated/0/AndroidIDEProjects/Mydownloader/app/src/debug/java', not found
file or directory '/storage/emulated/0/AndroidIDEProjects/Mydownloader/app/src/debug/java', not found
file or directory '/storage/emulated/0/AndroidIDEProjects/Mydownloader/app/src/debug/kotlin', not found
file or directory '/storage/emulated/0/AndroidIDEProjects/Mydownloader/app/src/debug/kotlin', not found
file or directory '/storage/emulated/0/AndroidIDEProjects/Mydownloader/app/src/debug/java', not found
file or directory '/storage/emulated/0/AndroidIDEProjects/Mydownloader/app/src/debug/kotlin', not found
file or directory '/storage/emulated/0/AndroidIDEProjects/Mydownloader/app/src/debug/java', not found
file or directory '/storage/emulated/0/AndroidIDEProjects/Mydownloader/app/src/main/kotlin', not found
file or directory '/storage/emulated/0/AndroidIDEProjects/Mydownloader/app/src/main/kotlin', not found
file or directory '/storage/emulated/0/AndroidIDEProjects/Mydownloader/app/src/main/kotlin', not found
file or directory '/storage/emulated/0/AndroidIDEProjects/Mydownloader/app/src/main/kotlin', not found
file or directory '/storage/emulated/0/AndroidIDEProjects/Mydownloader/app/src/main/kotlin', not found
file or directory '/storage/emulated/0/AndroidIDEProjects/Mydownloader/app/src/main/kotlin', not found
file or directory '/storage/emulated/0/AndroidIDEProjects/Mydownloader/app/src/debug/kotlin', not found
file or directory '/storage/emulated/0/AndroidIDEProjects/Mydownloader/app/src/debug/kotlin', not found
file or directory '/storage/emulated/0/AndroidIDEProjects/Mydownloader/app/src/debug/java', not found
file or directory '/storage/emulated/0/AndroidIDEProjects/Mydownloader/app/src/debug/kotlin', not found
file or directory '/storage/emulated/0/AndroidIDEProjects/Mydownloader/app/src/debug/java', not found
file or directory '/storage/emulated/0/AndroidIDEProjects/Mydownloader/app/src/debug/java', not found
Using Kotlin/JVM incremental compilation
[KOTLIN] Kotlin compilation 'jdkHome' argument: null
i: found daemon on port 17525 (9879132 ms old), trying to connect
i: connected to the daemon
Options for KOTLIN DAEMON: IncrementalCompilationOptions(super=CompilationOptions(compilerMode=INCREMENTAL_COMPILER, targetPlatform=JVM, reportCategories=[0, 3], reportSeverity=2, requestedCompilationResults=[0], kotlinScriptExtensions=[]), areFileChangesKnown=true, modifiedFiles=[/storage/emulated/0/AndroidIDEProjects/Mydownloader/app/src/main/java/com/omymaxz/download/MainActivity.kt, /storage/emulated/0/AndroidIDEProjects/Mydownloader/app/src/main/java/com/omymaxz/download/HlsDownloadHelper.kt, /storage/emulated/0/AndroidIDEProjects/Mydownloader/app/src/main/java/com/omymaxz/download/HlsDownloadService.kt, /data/user/0/com.itsaky.androidide/files/home/.gradle/caches/transforms-4/2811684e614052480eff038dc98c87e0/transformed/R_jar-snapshot.bin, /data/user/0/com.itsaky.androidide/files/home/.gradle/caches/transforms-4/0beed0ca65d72057d6df2295da942f3b/transformed/jetified-media3-datasource-cronet-1_3_1-api_jar-snapshot.bin, /data/user/0/com.itsaky.androidide/files/home/.gradle/caches/transforms-4/3bcd5d36dcdbc5197b6ec17a8a4ec05b/transformed/jetified-play-services-cronet-18_0_1-api_jar-snapshot.bin, /data/user/0/com.itsaky.androidide/files/home/.gradle/caches/transforms-4/92bbe6ac515c691801e68f6ece54894a/transformed/jetified-play-services-base-18_0_1-api_jar-snapshot.bin, /data/user/0/com.itsaky.androidide/files/home/.gradle/caches/transforms-4/0edc6e2144ebf9e015bdcbe2cf6f592c/transformed/jetified-play-services-tasks-18_0_1-api_jar-snapshot.bin, /data/user/0/com.itsaky.androidide/files/home/.gradle/caches/transforms-4/ed885c7c1359389a9ed642c0713f4833/transformed/jetified-play-services-basement-18_0_0-api_jar-snapshot.bin, /data/user/0/com.itsaky.androidide/files/home/.gradle/caches/transforms-4/4c2ecc3c80bae1b53da0c657b624ef0a/transformed/jetified-media3-exoplayer-hls-1_3_1-api_jar-snapshot.bin, /data/user/0/com.itsaky.androidide/files/home/.gradle/caches/transforms-4/51f05ccdc2ac67b95e5af9920671a040/transformed/jetified-cronet-api-72_3626_96-api_jar-snapshot.bin], deletedFiles=[/data/user/0/com.itsaky.androidide/files/home/.gradle/caches/transforms-4/67bf404ee84659abf6a2922dfd9eb585/transformed/R_jar-snapshot.bin], classpathChanges=ToBeComputedByIncrementalCompiler, workingDir=/storage/emulated/0/AndroidIDEProjects/Mydownloader/app/build/kotlin/kaptGenerateStubsDebugKotlin/cacheable, multiModuleICSettings=MultiModuleICSettings(buildHistoryFile=/storage/emulated/0/AndroidIDEProjects/Mydownloader/app/build/kotlin/kaptGenerateStubsDebugKotlin/local-state/build-history.bin, useModuleDetection=true), usePreciseJavaTracking=true, outputFiles=[/storage/emulated/0/AndroidIDEProjects/Mydownloader/app/build/tmp/kapt3/incrementalData/debug, /storage/emulated/0/AndroidIDEProjects/Mydownloader/app/build/tmp/kapt3/stubs/debug, /storage/emulated/0/AndroidIDEProjects/Mydownloader/app/build/kotlin/kaptGenerateStubsDebugKotlin/cacheable, /storage/emulated/0/AndroidIDEProjects/Mydownloader/app/build/kotlin/kaptGenerateStubsDebugKotlin/local-state])
Resolve mutations for :app:kaptDebugKotlin (Thread[Execution worker Thread 3,5,main]) started.
:app:kaptDebugKotlin (Thread[Execution worker Thread 3,5,main]) started.

> Task :app:kaptDebugKotlin
Transforming R.jar with StructureTransformAction
Transforming jetified-viewbinding-8.4.1-api.jar with StructureTransformAction
Transforming material-1.12.0-api.jar with StructureTransformAction
Transforming appcompat-1.6.1-api.jar with StructureTransformAction
Transforming jetified-glide-4.16.0-api.jar with StructureTransformAction
Transforming jetified-viewpager2-1.1.0-beta02-api.jar with StructureTransformAction
Transforming jetified-media3-datasource-cronet-1.3.1-api.jar with StructureTransformAction
Transforming jetified-play-services-cronet-18.0.1-api.jar with StructureTransformAction
Transforming jetified-play-services-base-18.0.1-api.jar with StructureTransformAction
Transforming jetified-play-services-tasks-18.0.1-api.jar with StructureTransformAction
Transforming jetified-play-services-basement-18.0.0-api.jar with StructureTransformAction
Transforming fragment-1.3.6-api.jar with StructureTransformAction
Transforming jetified-activity-1.8.0-api.jar with StructureTransformAction
Transforming browser-1.8.0-api.jar with StructureTransformAction
Transforming webkit-1.11.0-api.jar with StructureTransformAction
Transforming media-1.7.0-api.jar with StructureTransformAction
Transforming recyclerview-1.3.2-api.jar with StructureTransformAction
Transforming jetified-appcompat-resources-1.6.1-api.jar with StructureTransformAction
Transforming drawerlayout-1.1.1-api.jar with StructureTransformAction
Transforming coordinatorlayout-1.1.0-api.jar with StructureTransformAction
Transforming dynamicanimation-1.0.0-api.jar with StructureTransformAction
Transforming transition-1.5.0-api.jar with StructureTransformAction
Transforming vectordrawable-animated-1.1.0-api.jar with StructureTransformAction
Transforming vectordrawable-1.1.0-api.jar with StructureTransformAction
Transforming viewpager-1.0.0-api.jar with StructureTransformAction
Transforming customview-1.1.0-api.jar with StructureTransformAction
Transforming legacy-support-core-utils-1.0.0-api.jar with StructureTransformAction
Transforming loader-1.0.0-api.jar with StructureTransformAction
Transforming core-1.13.1-api.jar with StructureTransformAction
Transforming jetified-lifecycle-common-jvm-2.8.2.jar with StructureTransformAction
Transforming jetified-lifecycle-livedata-core-ktx-2.8.2-api.jar with StructureTransformAction
Transforming lifecycle-livedata-2.8.2-api.jar with StructureTransformAction
Transforming lifecycle-viewmodel-2.8.2-api.jar with StructureTransformAction
Transforming jetified-lifecycle-viewmodel-release-api.jar with StructureTransformAction
Transforming jetified-lifecycle-runtime-release-api.jar with StructureTransformAction
Transforming lifecycle-livedata-core-2.8.2-api.jar with StructureTransformAction
Transforming jetified-lifecycle-runtime-ktx-release-api.jar with StructureTransformAction
Transforming jetified-lifecycle-viewmodel-savedstate-2.8.2-api.jar with StructureTransformAction
Transforming jetified-core-ktx-1.13.1-api.jar with StructureTransformAction
Transforming room-common-2.6.1.jar with StructureTransformAction
Transforming room-runtime-2.6.1-api.jar with StructureTransformAction
Transforming jetified-room-ktx-2.6.1-api.jar with StructureTransformAction
Transforming jetified-media3-exoplayer-1.3.1-api.jar with StructureTransformAction
Transforming jetified-media3-session-1.3.1-api.jar with StructureTransformAction
Transforming jetified-media3-common-1.3.1-api.jar with StructureTransformAction
Transforming jetified-annotation-experimental-1.4.0-api.jar with StructureTransformAction
Transforming jetified-savedstate-1.2.1-api.jar with StructureTransformAction
Transforming localbroadcastmanager-1.1.0-api.jar with StructureTransformAction
Transforming cursoradapter-1.0.0-api.jar with StructureTransformAction
Transforming cardview-1.0.0-api.jar with StructureTransformAction
Transforming sqlite-framework-2.4.0-api.jar with StructureTransformAction
Transforming sqlite-2.4.0-api.jar with StructureTransformAction
Transforming jetified-gifdecoder-4.16.0-api.jar with StructureTransformAction
Transforming versionedparcelable-1.1.1-api.jar with StructureTransformAction
Transforming collection-1.2.0.jar with StructureTransformAction
Transforming interpolator-1.0.0-api.jar with StructureTransformAction
Transforming documentfile-1.0.0-api.jar with StructureTransformAction
Transforming print-1.0.0-api.jar with StructureTransformAction
Transforming core-runtime-2.2.0-api.jar with StructureTransformAction
Transforming core-common-2.2.0.jar with StructureTransformAction
Transforming jetified-annotation-jvm-1.8.0.jar with StructureTransformAction
Transforming jetified-kotlinx-coroutines-core-jvm-1.7.3.jar with StructureTransformAction
Transforming jetified-kotlinx-coroutines-android-1.7.3.jar with StructureTransformAction
Transforming jetified-kotlin-stdlib-jdk8-1.8.22.jar with StructureTransformAction
Transforming jetified-kotlin-stdlib-jdk7-1.8.22.jar with StructureTransformAction
Transforming jetified-kotlin-stdlib-1.9.23.jar with StructureTransformAction
Transforming constraintlayout-2.1.4-api.jar with StructureTransformAction
Transforming jetified-media3-exoplayer-hls-1.3.1-api.jar with StructureTransformAction
Transforming jetified-media3-ui-1.3.1-api.jar with StructureTransformAction
Transforming jetified-gson-2.10.1.jar with StructureTransformAction
Transforming jetified-annotations-23.0.0.jar with StructureTransformAction
Transforming jetified-guava-32.1.3-android.jar with StructureTransformAction
Transforming jetified-listenablefuture-9999.0-empty-to-avoid-conflict-with-guava.jar with StructureTransformAction
Transforming jetified-tracing-1.0.0-api.jar with StructureTransformAction
Transforming jetified-resourceinspection-annotation-1.0.1.jar with StructureTransformAction
Transforming exifinterface-1.3.6-api.jar with StructureTransformAction
Transforming jetified-failureaccess-1.0.1.jar with StructureTransformAction
Transforming jetified-media3-container-1.3.1-api.jar with StructureTransformAction
Transforming jetified-media3-database-1.3.1-api.jar with StructureTransformAction
Transforming jetified-media3-datasource-1.3.1-api.jar with StructureTransformAction
Transforming jetified-cronet-api-72.3626.96-api.jar with StructureTransformAction
Transforming jetified-media3-decoder-1.3.1-api.jar with StructureTransformAction
Transforming jetified-media3-extractor-1.3.1-api.jar with StructureTransformAction
Transforming jetified-disklrucache-4.16.0.jar with StructureTransformAction
Transforming jetified-annotations-4.16.0.jar with StructureTransformAction
Transforming android.jar with StructureTransformAction
Transforming core-lambda-stubs.jar with StructureTransformAction
file or directory '/storage/emulated/0/AndroidIDEProjects/Mydownloader/app/src/debug/kotlin', not found
file or directory '/storage/emulated/0/AndroidIDEProjects/Mydownloader/app/src/debug/kotlin', not found
file or directory '/storage/emulated/0/AndroidIDEProjects/Mydownloader/app/src/debug/java', not found
file or directory '/storage/emulated/0/AndroidIDEProjects/Mydownloader/app/src/debug/kotlin', not found
file or directory '/storage/emulated/0/AndroidIDEProjects/Mydownloader/app/src/debug/java', not found
file or directory '/storage/emulated/0/AndroidIDEProjects/Mydownloader/app/src/main/kotlin', not found
file or directory '/storage/emulated/0/AndroidIDEProjects/Mydownloader/app/src/main/kotlin', not found
file or directory '/storage/emulated/0/AndroidIDEProjects/Mydownloader/app/src/main/kotlin', not found
file or directory '/storage/emulated/0/AndroidIDEProjects/Mydownloader/app/src/main/kotlin', not found
file or directory '/storage/emulated/0/AndroidIDEProjects/Mydownloader/app/src/main/kotlin', not found
file or directory '/storage/emulated/0/AndroidIDEProjects/Mydownloader/app/src/main/kotlin', not found
file or directory '/storage/emulated/0/AndroidIDEProjects/Mydownloader/app/src/debug/kotlin', not found
file or directory '/storage/emulated/0/AndroidIDEProjects/Mydownloader/app/src/debug/kotlin', not found
file or directory '/storage/emulated/0/AndroidIDEProjects/Mydownloader/app/src/debug/java', not found
file or directory '/storage/emulated/0/AndroidIDEProjects/Mydownloader/app/src/debug/kotlin', not found
file or directory '/storage/emulated/0/AndroidIDEProjects/Mydownloader/app/src/debug/java', not found
file or directory '/storage/emulated/0/AndroidIDEProjects/Mydownloader/app/src/debug/java', not found
Caching disabled for task ':app:kaptDebugKotlin' because:
  Build cache is disabled
Task ':app:kaptDebugKotlin' is not up-to-date because:
  Input property 'classpathStructure' file /data/user/0/com.itsaky.androidide/files/home/.gradle/caches/transforms-4/7313d14bd51da8f1c00af09b0d80895e/transformed/output.bin has been added.
  Input property 'classpathStructure' file /data/user/0/com.itsaky.androidide/files/home/.gradle/caches/transforms-4/9d1805481357cc88fe4fe904a2a9de3c/transformed/output.bin has been added.
  Input property 'classpathStructure' file /data/user/0/com.itsaky.androidide/files/home/.gradle/caches/transforms-4/fdbf47b057fa0090838361085ccd3d9b/transformed/output.bin has been added.
Running kapt annotation processing using the Gradle Worker API
Unable to use existing data, re-initializing classpath information for KAPT. Took 257ms.
Using workers NONE isolation mode to run kapt
warning: Current JDK version 17-internal+0-adhoc.root.src has a bug (https://bugs.openjdk.java.net/browse/JDK-8007720) that prevents Room from being incremental. Consider using JDK 11+ or the embedded JDK shipped with Android Studio 3.5+.
[WARN] Incremental annotation processing requested, but support is disabled because the following processors are not incremental: androidx.room.RoomProcessor (DYNAMIC).
Resolve mutations for :app:compileDebugKotlin (Thread[Execution worker Thread 3,5,main]) started.
:app:compileDebugKotlin (Thread[Execution worker Thread 3,5,main]) started.

> Task :app:compileDebugKotlin
Transforming R.jar with ClasspathEntrySnapshotTransform
Transforming jetified-viewbinding-8.4.1-api.jar with ClasspathEntrySnapshotTransform
Transforming material-1.12.0-api.jar with ClasspathEntrySnapshotTransform
Transforming appcompat-1.6.1-api.jar with ClasspathEntrySnapshotTransform
Transforming jetified-glide-4.16.0-api.jar with ClasspathEntrySnapshotTransform
Transforming jetified-viewpager2-1.1.0-beta02-api.jar with ClasspathEntrySnapshotTransform
Transforming jetified-media3-datasource-cronet-1.3.1-api.jar with ClasspathEntrySnapshotTransform
Transforming jetified-play-services-cronet-18.0.1-api.jar with ClasspathEntrySnapshotTransform
Transforming jetified-play-services-base-18.0.1-api.jar with ClasspathEntrySnapshotTransform
Transforming jetified-play-services-tasks-18.0.1-api.jar with ClasspathEntrySnapshotTransform
Transforming jetified-play-services-basement-18.0.0-api.jar with ClasspathEntrySnapshotTransform
Transforming fragment-1.3.6-api.jar with ClasspathEntrySnapshotTransform
Transforming jetified-activity-1.8.0-api.jar with ClasspathEntrySnapshotTransform
Transforming browser-1.8.0-api.jar with ClasspathEntrySnapshotTransform
Transforming webkit-1.11.0-api.jar with ClasspathEntrySnapshotTransform
Transforming media-1.7.0-api.jar with ClasspathEntrySnapshotTransform
Transforming recyclerview-1.3.2-api.jar with ClasspathEntrySnapshotTransform
Transforming jetified-appcompat-resources-1.6.1-api.jar with ClasspathEntrySnapshotTransform
Transforming drawerlayout-1.1.1-api.jar with ClasspathEntrySnapshotTransform
Transforming coordinatorlayout-1.1.0-api.jar with ClasspathEntrySnapshotTransform
Transforming dynamicanimation-1.0.0-api.jar with ClasspathEntrySnapshotTransform
Transforming transition-1.5.0-api.jar with ClasspathEntrySnapshotTransform
Transforming vectordrawable-animated-1.1.0-api.jar with ClasspathEntrySnapshotTransform
Transforming vectordrawable-1.1.0-api.jar with ClasspathEntrySnapshotTransform
Transforming viewpager-1.0.0-api.jar with ClasspathEntrySnapshotTransform
Transforming customview-1.1.0-api.jar with ClasspathEntrySnapshotTransform
Transforming legacy-support-core-utils-1.0.0-api.jar with ClasspathEntrySnapshotTransform
Transforming loader-1.0.0-api.jar with ClasspathEntrySnapshotTransform
Transforming core-1.13.1-api.jar with ClasspathEntrySnapshotTransform
Transforming jetified-lifecycle-common-jvm-2.8.2.jar with ClasspathEntrySnapshotTransform
Transforming jetified-lifecycle-livedata-core-ktx-2.8.2-api.jar with ClasspathEntrySnapshotTransform
Transforming lifecycle-livedata-2.8.2-api.jar with ClasspathEntrySnapshotTransform
Transforming lifecycle-viewmodel-2.8.2-api.jar with ClasspathEntrySnapshotTransform
Transforming jetified-lifecycle-viewmodel-release-api.jar with ClasspathEntrySnapshotTransform
Transforming jetified-lifecycle-runtime-release-api.jar with ClasspathEntrySnapshotTransform
Transforming lifecycle-livedata-core-2.8.2-api.jar with ClasspathEntrySnapshotTransform
Transforming jetified-lifecycle-runtime-ktx-release-api.jar with ClasspathEntrySnapshotTransform
Transforming jetified-lifecycle-viewmodel-savedstate-2.8.2-api.jar with ClasspathEntrySnapshotTransform
Transforming jetified-core-ktx-1.13.1-api.jar with ClasspathEntrySnapshotTransform
Transforming room-common-2.6.1.jar with ClasspathEntrySnapshotTransform
Transforming room-runtime-2.6.1-api.jar with ClasspathEntrySnapshotTransform
Transforming jetified-room-ktx-2.6.1-api.jar with ClasspathEntrySnapshotTransform
Transforming jetified-media3-exoplayer-1.3.1-api.jar with ClasspathEntrySnapshotTransform
Transforming jetified-media3-session-1.3.1-api.jar with ClasspathEntrySnapshotTransform
Transforming jetified-media3-common-1.3.1-api.jar with ClasspathEntrySnapshotTransform
Transforming jetified-annotation-experimental-1.4.0-api.jar with ClasspathEntrySnapshotTransform
Transforming jetified-savedstate-1.2.1-api.jar with ClasspathEntrySnapshotTransform
Transforming localbroadcastmanager-1.1.0-api.jar with ClasspathEntrySnapshotTransform
Transforming cursoradapter-1.0.0-api.jar with ClasspathEntrySnapshotTransform
Transforming cardview-1.0.0-api.jar with ClasspathEntrySnapshotTransform
Transforming sqlite-framework-2.4.0-api.jar with ClasspathEntrySnapshotTransform
Transforming sqlite-2.4.0-api.jar with ClasspathEntrySnapshotTransform
Transforming jetified-gifdecoder-4.16.0-api.jar with ClasspathEntrySnapshotTransform
Transforming versionedparcelable-1.1.1-api.jar with ClasspathEntrySnapshotTransform
Transforming collection-1.2.0.jar with ClasspathEntrySnapshotTransform
Transforming interpolator-1.0.0-api.jar with ClasspathEntrySnapshotTransform
Transforming documentfile-1.0.0-api.jar with ClasspathEntrySnapshotTransform
Transforming print-1.0.0-api.jar with ClasspathEntrySnapshotTransform
Transforming core-runtime-2.2.0-api.jar with ClasspathEntrySnapshotTransform
Transforming core-common-2.2.0.jar with ClasspathEntrySnapshotTransform
Transforming jetified-annotation-jvm-1.8.0.jar with ClasspathEntrySnapshotTransform
Transforming jetified-kotlinx-coroutines-core-jvm-1.7.3.jar with ClasspathEntrySnapshotTransform
Transforming jetified-kotlinx-coroutines-android-1.7.3.jar with ClasspathEntrySnapshotTransform
Transforming jetified-kotlin-stdlib-jdk8-1.8.22.jar with ClasspathEntrySnapshotTransform
Transforming jetified-kotlin-stdlib-jdk7-1.8.22.jar with ClasspathEntrySnapshotTransform
Transforming jetified-kotlin-stdlib-1.9.23.jar with ClasspathEntrySnapshotTransform
Transforming constraintlayout-2.1.4-api.jar with ClasspathEntrySnapshotTransform
Transforming jetified-media3-exoplayer-hls-1.3.1-api.jar with ClasspathEntrySnapshotTransform
Transforming jetified-media3-ui-1.3.1-api.jar with ClasspathEntrySnapshotTransform
Transforming jetified-gson-2.10.1.jar with ClasspathEntrySnapshotTransform
Transforming jetified-annotations-23.0.0.jar with ClasspathEntrySnapshotTransform
Transforming jetified-guava-32.1.3-android.jar with ClasspathEntrySnapshotTransform
Transforming jetified-listenablefuture-9999.0-empty-to-avoid-conflict-with-guava.jar with ClasspathEntrySnapshotTransform
Transforming jetified-tracing-1.0.0-api.jar with ClasspathEntrySnapshotTransform
Transforming jetified-resourceinspection-annotation-1.0.1.jar with ClasspathEntrySnapshotTransform
Transforming exifinterface-1.3.6-api.jar with ClasspathEntrySnapshotTransform
Transforming jetified-failureaccess-1.0.1.jar with ClasspathEntrySnapshotTransform
Transforming jetified-media3-container-1.3.1-api.jar with ClasspathEntrySnapshotTransform
Transforming jetified-media3-database-1.3.1-api.jar with ClasspathEntrySnapshotTransform
Transforming jetified-media3-datasource-1.3.1-api.jar with ClasspathEntrySnapshotTransform
Transforming jetified-cronet-api-72.3626.96-api.jar with ClasspathEntrySnapshotTransform
Transforming jetified-media3-decoder-1.3.1-api.jar with ClasspathEntrySnapshotTransform
Transforming jetified-media3-extractor-1.3.1-api.jar with ClasspathEntrySnapshotTransform
Transforming jetified-disklrucache-4.16.0.jar with ClasspathEntrySnapshotTransform
Transforming jetified-annotations-4.16.0.jar with ClasspathEntrySnapshotTransform
Transforming android.jar with ClasspathEntrySnapshotTransform
Transforming core-lambda-stubs.jar with ClasspathEntrySnapshotTransform
Transforming debug with ClasspathEntrySnapshotTransform
Caching disabled for task ':app:compileDebugKotlin' because:
  Build cache is disabled
Task ':app:compileDebugKotlin' is not up-to-date because:
  Input property 'classpathSnapshotProperties.classpathSnapshot' file /data/user/0/com.itsaky.androidide/files/home/.gradle/caches/transforms-4/67bf404ee84659abf6a2922dfd9eb585/transformed/R_jar-snapshot.bin has been removed.
  Input property 'classpathSnapshotProperties.classpathSnapshot' file /data/user/0/com.itsaky.androidide/files/home/.gradle/caches/transforms-4/2811684e614052480eff038dc98c87e0/transformed/R_jar-snapshot.bin has been added.
  Input property 'classpathSnapshotProperties.classpathSnapshot' file /data/user/0/com.itsaky.androidide/files/home/.gradle/caches/transforms-4/0beed0ca65d72057d6df2295da942f3b/transformed/jetified-media3-datasource-cronet-1_3_1-api_jar-snapshot.bin has been added.
file or directory '/storage/emulated/0/AndroidIDEProjects/Mydownloader/app/src/debug/kotlin', not found
file or directory '/storage/emulated/0/AndroidIDEProjects/Mydownloader/app/src/debug/kotlin', not found
file or directory '/storage/emulated/0/AndroidIDEProjects/Mydownloader/app/src/debug/java', not found
file or directory '/storage/emulated/0/AndroidIDEProjects/Mydownloader/app/src/debug/kotlin', not found
file or directory '/storage/emulated/0/AndroidIDEProjects/Mydownloader/app/src/debug/java', not found
file or directory '/storage/emulated/0/AndroidIDEProjects/Mydownloader/app/src/debug/kotlin', not found
file or directory '/storage/emulated/0/AndroidIDEProjects/Mydownloader/app/src/debug/kotlin', not found
file or directory '/storage/emulated/0/AndroidIDEProjects/Mydownloader/app/src/debug/java', not found
file or directory '/storage/emulated/0/AndroidIDEProjects/Mydownloader/app/src/debug/kotlin', not found
file or directory '/storage/emulated/0/AndroidIDEProjects/Mydownloader/app/src/debug/java', not found
file or directory '/storage/emulated/0/AndroidIDEProjects/Mydownloader/app/src/main/kotlin', not found
file or directory '/storage/emulated/0/AndroidIDEProjects/Mydownloader/app/src/main/kotlin', not found
file or directory '/storage/emulated/0/AndroidIDEProjects/Mydownloader/app/src/main/kotlin', not found
file or directory '/storage/emulated/0/AndroidIDEProjects/Mydownloader/app/src/main/kotlin', not found
file or directory '/storage/emulated/0/AndroidIDEProjects/Mydownloader/app/src/main/kotlin', not found
file or directory '/storage/emulated/0/AndroidIDEProjects/Mydownloader/app/src/main/kotlin', not found
file or directory '/storage/emulated/0/AndroidIDEProjects/Mydownloader/app/src/debug/java', not found
file or directory '/storage/emulated/0/AndroidIDEProjects/Mydownloader/app/src/debug/kotlin', not found
file or directory '/storage/emulated/0/AndroidIDEProjects/Mydownloader/app/src/debug/kotlin', not found
file or directory '/storage/emulated/0/AndroidIDEProjects/Mydownloader/app/src/debug/java', not found
file or directory '/storage/emulated/0/AndroidIDEProjects/Mydownloader/app/src/debug/kotlin', not found
file or directory '/storage/emulated/0/AndroidIDEProjects/Mydownloader/app/src/debug/java', not found
file or directory '/storage/emulated/0/AndroidIDEProjects/Mydownloader/app/src/debug/kotlin', not found
file or directory '/storage/emulated/0/AndroidIDEProjects/Mydownloader/app/src/debug/kotlin', not found
file or directory '/storage/emulated/0/AndroidIDEProjects/Mydownloader/app/src/debug/java', not found
file or directory '/storage/emulated/0/AndroidIDEProjects/Mydownloader/app/src/debug/kotlin', not found
file or directory '/storage/emulated/0/AndroidIDEProjects/Mydownloader/app/src/debug/java', not found
file or directory '/storage/emulated/0/AndroidIDEProjects/Mydownloader/app/src/main/kotlin', not found
file or directory '/storage/emulated/0/AndroidIDEProjects/Mydownloader/app/src/main/kotlin', not found
file or directory '/storage/emulated/0/AndroidIDEProjects/Mydownloader/app/src/main/kotlin', not found
file or directory '/storage/emulated/0/AndroidIDEProjects/Mydownloader/app/src/main/kotlin', not found
file or directory '/storage/emulated/0/AndroidIDEProjects/Mydownloader/app/src/main/kotlin', not found
file or directory '/storage/emulated/0/AndroidIDEProjects/Mydownloader/app/src/main/kotlin', not found
file or directory '/storage/emulated/0/AndroidIDEProjects/Mydownloader/app/src/debug/java', not found
file or directory '/storage/emulated/0/AndroidIDEProjects/Mydownloader/app/src/debug/kotlin', not found
file or directory '/storage/emulated/0/AndroidIDEProjects/Mydownloader/app/src/debug/kotlin', not found
file or directory '/storage/emulated/0/AndroidIDEProjects/Mydownloader/app/src/debug/java', not found
file or directory '/storage/emulated/0/AndroidIDEProjects/Mydownloader/app/src/debug/kotlin', not found
file or directory '/storage/emulated/0/AndroidIDEProjects/Mydownloader/app/src/debug/java', not found
file or directory '/storage/emulated/0/AndroidIDEProjects/Mydownloader/app/src/debug/kotlin', not found
file or directory '/storage/emulated/0/AndroidIDEProjects/Mydownloader/app/src/debug/kotlin', not found
file or directory '/storage/emulated/0/AndroidIDEProjects/Mydownloader/app/src/debug/java', not found
file or directory '/storage/emulated/0/AndroidIDEProjects/Mydownloader/app/src/debug/kotlin', not found
file or directory '/storage/emulated/0/AndroidIDEProjects/Mydownloader/app/src/debug/java', not found
file or directory '/storage/emulated/0/AndroidIDEProjects/Mydownloader/app/src/main/kotlin', not found
file or directory '/storage/emulated/0/AndroidIDEProjects/Mydownloader/app/src/main/kotlin', not found
file or directory '/storage/emulated/0/AndroidIDEProjects/Mydownloader/app/src/main/kotlin', not found
file or directory '/storage/emulated/0/AndroidIDEProjects/Mydownloader/app/src/main/kotlin', not found
file or directory '/storage/emulated/0/AndroidIDEProjects/Mydownloader/app/src/main/kotlin', not found
file or directory '/storage/emulated/0/AndroidIDEProjects/Mydownloader/app/src/main/kotlin', not found
file or directory '/storage/emulated/0/AndroidIDEProjects/Mydownloader/app/src/debug/java', not found
file or directory '/storage/emulated/0/AndroidIDEProjects/Mydownloader/app/src/debug/kotlin', not found
file or directory '/storage/emulated/0/AndroidIDEProjects/Mydownloader/app/src/debug/kotlin', not found
file or directory '/storage/emulated/0/AndroidIDEProjects/Mydownloader/app/src/debug/java', not found
file or directory '/storage/emulated/0/AndroidIDEProjects/Mydownloader/app/src/debug/kotlin', not found
file or directory '/storage/emulated/0/AndroidIDEProjects/Mydownloader/app/src/debug/java', not found
file or directory '/storage/emulated/0/AndroidIDEProjects/Mydownloader/app/src/debug/kotlin', not found
file or directory '/storage/emulated/0/AndroidIDEProjects/Mydownloader/app/src/debug/kotlin', not found
file or directory '/storage/emulated/0/AndroidIDEProjects/Mydownloader/app/src/debug/java', not found
file or directory '/storage/emulated/0/AndroidIDEProjects/Mydownloader/app/src/debug/kotlin', not found
file or directory '/storage/emulated/0/AndroidIDEProjects/Mydownloader/app/src/debug/java', not found
file or directory '/storage/emulated/0/AndroidIDEProjects/Mydownloader/app/src/main/kotlin', not found
file or directory '/storage/emulated/0/AndroidIDEProjects/Mydownloader/app/src/main/kotlin', not found
file or directory '/storage/emulated/0/AndroidIDEProjects/Mydownloader/app/src/main/kotlin', not found
file or directory '/storage/emulated/0/AndroidIDEProjects/Mydownloader/app/src/main/kotlin', not found
file or directory '/storage/emulated/0/AndroidIDEProjects/Mydownloader/app/src/main/kotlin', not found
file or directory '/storage/emulated/0/AndroidIDEProjects/Mydownloader/app/src/main/kotlin', not found
file or directory '/storage/emulated/0/AndroidIDEProjects/Mydownloader/app/src/debug/java', not found
Kotlin source files: /storage/emulated/0/AndroidIDEProjects/Mydownloader/app/src/main/java/com/omymaxz/download/AdBlockerJSInterface.kt, /storage/emulated/0/AndroidIDEProjects/Mydownloader/app/src/main/java/com/omymaxz/download/UserScriptManagerActivity.kt, /storage/emulated/0/AndroidIDEProjects/Mydownloader/app/src/main/java/com/omymaxz/download/HistoryItem.kt, /storage/emulated/0/AndroidIDEProjects/Mydownloader/app/src/main/java/com/omymaxz/download/MainActivity.kt, /storage/emulated/0/AndroidIDEProjects/Mydownloader/app/src/main/java/com/omymaxz/download/MediaForegroundService.kt, /storage/emulated/0/AndroidIDEProjects/Mydownloader/app/src/main/java/com/omymaxz/download/BookmarkDao.kt, /storage/emulated/0/AndroidIDEProjects/Mydownloader/app/src/main/java/com/omymaxz/download/Bookmark.kt, /storage/emulated/0/AndroidIDEProjects/Mydownloader/app/src/main/java/com/omymaxz/download/Converter.kt, /storage/emulated/0/AndroidIDEProjects/Mydownloader/app/src/main/java/com/omymaxz/download/Tab.kt, /storage/emulated/0/AndroidIDEProjects/Mydownloader/app/src/main/java/com/omymaxz/download/BookmarkAdapter.kt, /storage/emulated/0/AndroidIDEProjects/Mydownloader/app/src/main/java/com/omymaxz/download/AppDatabase.kt, /storage/emulated/0/AndroidIDEProjects/Mydownloader/app/src/main/java/com/omymaxz/download/MediaListAdapter.kt, /storage/emulated/0/AndroidIDEProjects/Mydownloader/app/src/main/java/com/omymaxz/download/MediaModels.kt, /storage/emulated/0/AndroidIDEProjects/Mydownloader/app/src/main/java/com/omymaxz/download/VideoFormat.kt, /storage/emulated/0/AndroidIDEProjects/Mydownloader/app/src/main/java/com/omymaxz/download/HistoryAdapter.kt, /storage/emulated/0/AndroidIDEProjects/Mydownloader/app/src/main/java/com/omymaxz/download/HistoryActivity.kt, /storage/emulated/0/AndroidIDEProjects/Mydownloader/app/src/main/java/com/omymaxz/download/UserScriptDao.kt, /storage/emulated/0/AndroidIDEProjects/Mydownloader/app/src/main/java/com/omymaxz/download/UserScript.kt, /storage/emulated/0/AndroidIDEProjects/Mydownloader/app/src/main/java/com/omymaxz/download/TabAdapter.kt, /storage/emulated/0/AndroidIDEProjects/Mydownloader/app/src/main/java/com/omymaxz/download/GMApi.kt, /storage/emulated/0/AndroidIDEProjects/Mydownloader/app/src/main/java/com/omymaxz/download/AddEditScriptActivity.kt, /storage/emulated/0/AndroidIDEProjects/Mydownloader/app/src/main/java/com/omymaxz/download/UserScriptAdapter.kt, /storage/emulated/0/AndroidIDEProjects/Mydownloader/app/src/main/java/com/omymaxz/download/WebViewForegroundService.kt, /storage/emulated/0/AndroidIDEProjects/Mydownloader/app/src/main/java/com/omymaxz/download/WebViewManager.kt, /storage/emulated/0/AndroidIDEProjects/Mydownloader/app/src/main/java/com/omymaxz/download/MediaDetectionService.kt, /storage/emulated/0/AndroidIDEProjects/Mydownloader/app/src/main/java/com/omymaxz/download/BackupRestoreManager.kt, /storage/emulated/0/AndroidIDEProjects/Mydownloader/app/src/main/java/com/omymaxz/download/UserscriptInterface.kt, /storage/emulated/0/AndroidIDEProjects/Mydownloader/app/src/main/java/com/omymaxz/download/RedirectLogic.kt, /storage/emulated/0/AndroidIDEProjects/Mydownloader/app/src/main/java/com/omymaxz/download/HlsDownloadHelper.kt, /storage/emulated/0/AndroidIDEProjects/Mydownloader/app/src/main/java/com/omymaxz/download/HlsDownloadService.kt
Java source files: /storage/emulated/0/AndroidIDEProjects/Mydownloader/app/build/generated/data_binding_base_class_source_out/debug/out/com/omymaxz/download/databinding/ActivityAddEditScriptBinding.java, /storage/emulated/0/AndroidIDEProjects/Mydownloader/app/build/generated/data_binding_base_class_source_out/debug/out/com/omymaxz/download/databinding/ActivityHistoryBinding.java, /storage/emulated/0/AndroidIDEProjects/Mydownloader/app/build/generated/data_binding_base_class_source_out/debug/out/com/omymaxz/download/databinding/ActivityMainBinding.java, /storage/emulated/0/AndroidIDEProjects/Mydownloader/app/build/generated/data_binding_base_class_source_out/debug/out/com/omymaxz/download/databinding/ActivityUserScriptManagerBinding.java, /storage/emulated/0/AndroidIDEProjects/Mydownloader/app/build/generated/data_binding_base_class_source_out/debug/out/com/omymaxz/download/databinding/DialogMediaListBinding.java, /storage/emulated/0/AndroidIDEProjects/Mydownloader/app/build/generated/data_binding_base_class_source_out/debug/out/com/omymaxz/download/databinding/DialogTabsBinding.java, /storage/emulated/0/AndroidIDEProjects/Mydownloader/app/build/generated/data_binding_base_class_source_out/debug/out/com/omymaxz/download/databinding/ItemBookmarkBinding.java, /storage/emulated/0/AndroidIDEProjects/Mydownloader/app/build/generated/data_binding_base_class_source_out/debug/out/com/omymaxz/download/databinding/ItemHistoryBinding.java, /storage/emulated/0/AndroidIDEProjects/Mydownloader/app/build/generated/data_binding_base_class_source_out/debug/out/com/omymaxz/download/databinding/ItemTabBinding.java, /storage/emulated/0/AndroidIDEProjects/Mydownloader/app/build/generated/data_binding_base_class_source_out/debug/out/com/omymaxz/download/databinding/ItemUserScriptBinding.java, /storage/emulated/0/AndroidIDEProjects/Mydownloader/app/build/generated/data_binding_base_class_source_out/debug/out/com/omymaxz/download/databinding/ListItemMediaBinding.java, /storage/emulated/0/AndroidIDEProjects/Mydownloader/app/build/generated/source/kapt/debug/com/omymaxz/download/BookmarkDao_Impl.java, /storage/emulated/0/AndroidIDEProjects/Mydownloader/app/build/generated/source/kapt/debug/com/omymaxz/download/UserScriptDao_Impl.java, /storage/emulated/0/AndroidIDEProjects/Mydownloader/app/build/generated/source/kapt/debug/com/omymaxz/download/AppDatabase_Impl.java
Script source files: 
Script file extensions: 
Using Kotlin/JVM incremental compilation
[KOTLIN] Kotlin compilation 'jdkHome' argument: null
i: found daemon on port 17525 (9889508 ms old), trying to connect
i: connected to the daemon
Options for KOTLIN DAEMON: IncrementalCompilationOptions(super=CompilationOptions(compilerMode=INCREMENTAL_COMPILER, targetPlatform=JVM, reportCategories=[0, 3], reportSeverity=2, requestedCompilationResults=[0], kotlinScriptExtensions=[]), areFileChangesKnown=true, modifiedFiles=[/storage/emulated/0/AndroidIDEProjects/Mydownloader/app/src/main/java/com/omymaxz/download/MainActivity.kt, /storage/emulated/0/AndroidIDEProjects/Mydownloader/app/src/main/java/com/omymaxz/download/HlsDownloadHelper.kt, /storage/emulated/0/AndroidIDEProjects/Mydownloader/app/src/main/java/com/omymaxz/download/HlsDownloadService.kt, /data/user/0/com.itsaky.androidide/files/home/.gradle/caches/transforms-4/2811684e614052480eff038dc98c87e0/transformed/R_jar-snapshot.bin, /data/user/0/com.itsaky.androidide/files/home/.gradle/caches/transforms-4/0beed0ca65d72057d6df2295da942f3b/transformed/jetified-media3-datasource-cronet-1_3_1-api_jar-snapshot.bin, /data/user/0/com.itsaky.androidide/files/home/.gradle/caches/transforms-4/3bcd5d36dcdbc5197b6ec17a8a4ec05b/transformed/jetified-play-services-cronet-18_0_1-api_jar-snapshot.bin, /data/user/0/com.itsaky.androidide/files/home/.gradle/caches/transforms-4/92bbe6ac515c691801e68f6ece54894a/transformed/jetified-play-services-base-18_0_1-api_jar-snapshot.bin, /data/user/0/com.itsaky.androidide/files/home/.gradle/caches/transforms-4/0edc6e2144ebf9e015bdcbe2cf6f592c/transformed/jetified-play-services-tasks-18_0_1-api_jar-snapshot.bin, /data/user/0/com.itsaky.androidide/files/home/.gradle/caches/transforms-4/ed885c7c1359389a9ed642c0713f4833/transformed/jetified-play-services-basement-18_0_0-api_jar-snapshot.bin, /data/user/0/com.itsaky.androidide/files/home/.gradle/caches/transforms-4/4c2ecc3c80bae1b53da0c657b624ef0a/transformed/jetified-media3-exoplayer-hls-1_3_1-api_jar-snapshot.bin, /data/user/0/com.itsaky.androidide/files/home/.gradle/caches/transforms-4/51f05ccdc2ac67b95e5af9920671a040/transformed/jetified-cronet-api-72_3626_96-api_jar-snapshot.bin], deletedFiles=[/data/user/0/com.itsaky.androidide/files/home/.gradle/caches/transforms-4/67bf404ee84659abf6a2922dfd9eb585/transformed/R_jar-snapshot.bin], classpathChanges=ToBeComputedByIncrementalCompiler, workingDir=/storage/emulated/0/AndroidIDEProjects/Mydownloader/app/build/kotlin/compileDebugKotlin/cacheable, multiModuleICSettings=MultiModuleICSettings(buildHistoryFile=/storage/emulated/0/AndroidIDEProjects/Mydownloader/app/build/kotlin/compileDebugKotlin/local-state/build-history.bin, useModuleDetection=true), usePreciseJavaTracking=true, outputFiles=[/storage/emulated/0/AndroidIDEProjects/Mydownloader/app/build/tmp/kotlin-classes/debug, /storage/emulated/0/AndroidIDEProjects/Mydownloader/app/build/kotlin/compileDebugKotlin/cacheable, /storage/emulated/0/AndroidIDEProjects/Mydownloader/app/build/kotlin/compileDebugKotlin/local-state])
e: file:///storage/emulated/0/AndroidIDEProjects/Mydownloader/app/src/main/java/com/omymaxz/download/HlsDownloadHelper.kt:157:21 Unresolved reference: Util
Restoring task outputs to pre-compilation state

> Task :app:compileDebugKotlin FAILED
AAPT2 .androidide Daemon #0: shutdown

FAILURE: Build failed with an exception.

* What went wrong:
Execution failed for task ':app:compileDebugKotlin'.
> A failure occurred while executing org.jetbrains.kotlin.compilerRunner.GradleCompilerRunnerWithWorkers$GradleKotlinCompilerWorkAction
   > Compilation error. See log for more details

* Try:
> Run with --stacktrace option to get the stack trace.
> Run with --debug option to get more log output.
> Run with --scan to get full insights.
> Get more help at https://help.gradle.org.

BUILD FAILED in 38s
32 actionable tasks: 17 executed, 15 up-to-date
